 quake3

 Timestamp is 4440be4a (Sat Apr 15 02:35:06 2006)

 Preferred load address is 00400000

 Start         Length     Name                   Class
 0001:00000000 00160dbdH .text                   CODE
 0001:00160dbd 00098403H .textbss                CODE
 0002:00000000 0001e5deH .rdata                  DATA
 0002:0001e5de 00000000H .edata                  DATA
 0003:00000000 00000104H .CRT$XCA                DATA
 0003:00000104 00000104H .CRT$XCZ                DATA
 0003:00000208 00000104H .CRT$XIA                DATA
 0003:0000030c 0000010eH .CRT$XIC                DATA
 0003:0000041c 00000104H .CRT$XIZ                DATA
 0003:00000520 00000104H .CRT$XPA                DATA
 0003:00000624 00000104H .CRT$XPX                DATA
 0003:00000728 00000104H .CRT$XPZ                DATA
 0003:0000082c 00000104H .CRT$XTA                DATA
 0003:00000930 00000104H .CRT$XTZ                DATA
 0003:00000a40 0000750eH .data                   DATA
 0003:00007f50 008fd760H .bss                    DATA
 0004:00000000 0000008cH .idata$2                DATA
 0004:0000008c 00000014H .idata$3                DATA
 0004:000000a0 000004d0H .idata$4                DATA
 0004:00000570 000004d0H .idata$5                DATA
 0004:00000a40 00000e9cH .idata$6                DATA
 0005:00000000 00000216H .rsrc$01                DATA
 0005:00000220 000004d3H .rsrc$02                DATA

  Address         Publics by Value              Rva+Base     Lib:Object

 0001:00002900       _CL_GetGameState           00403900 f   cl_cgame.obj
 0001:00002940       _CL_GetGlconfig            00403940 f   cl_cgame.obj
 0001:00002980       _CL_GetUserCmd             00403980 f   cl_cgame.obj
 0001:00002a20       _CL_GetCurrentCmdNumber    00403a20 f   cl_cgame.obj
 0001:00002a50       _CL_GetParseEntityState    00403a50 f   cl_cgame.obj
 0001:00002b00       _CL_GetCurrentSnapshotNumber 00403b00 f   cl_cgame.obj
 0001:00002b50       _CL_GetSnapshot            00403b50 f   cl_cgame.obj
 0001:00002d50       _CL_SetUserCmdValue        00403d50 f   cl_cgame.obj
 0001:00002d90       _CL_AddCgameCommand        00403d90 f   cl_cgame.obj
 0001:00002de0       _CL_CgameError             00403de0 f   cl_cgame.obj
 0001:00002e30       _CL_ConfigstringModified   00403e30 f   cl_cgame.obj
 0001:00003050       _CL_GetServerCommand       00404050 f   cl_cgame.obj
 0001:00003410       _CL_CM_LoadMap             00404410 f   cl_cgame.obj
 0001:00003460       _CL_ShutdownCGame          00404460 f   cl_cgame.obj
 0001:00003500       _CL_CgameSystemCalls       00404500 f   cl_cgame.obj
 0001:00004db0       _CL_InitCGame              00405db0 f   cl_cgame.obj
 0001:00004f60       _CL_GameCommand            00405f60 f   cl_cgame.obj
 0001:00004fc0       _CL_CGameRendering         00405fc0 f   cl_cgame.obj
 0001:00005030       _CL_AdjustTimeDelta        00406030 f   cl_cgame.obj
 0001:00005210       _CL_FirstSnapshot          00406210 f   cl_cgame.obj
 0001:000052e0       _CL_SetCGameTime           004062e0 f   cl_cgame.obj
 0001:00005570       _CIN_CloseAllVideos        00406570 f   cl_cin.obj
 0001:000055f0       _RllDecodeMonoToMono       004065f0 f   cl_cin.obj
 0001:000056b0       _RllDecodeMonoToStereo     004066b0 f   cl_cin.obj
 0001:00005780       _RllDecodeStereoToStereo   00406780 f   cl_cin.obj
 0001:000058d0       _RllDecodeStereoToMono     004068d0 f   cl_cin.obj
 0001:00005a00       _CIN_StopCinematic         00406a00 f   cl_cin.obj
 0001:00005cf0       _CIN_RunCinematic          00406cf0 f   cl_cin.obj
 0001:0000a7b0       _CIN_PlayCinematic         0040b7b0 f   cl_cin.obj
 0001:0000bed0       _CIN_SetExtents            0040ced0 f   cl_cin.obj
 0001:0000bf90       _CIN_SetLooping            0040cf90 f   cl_cin.obj
 0001:0000c000       _CIN_DrawCinematic         0040d000 f   cl_cin.obj
 0001:0000c5e0       _CL_PlayCinematic_f        0040d5e0 f   cl_cin.obj
 0001:0000c760       _SCR_DrawCinematic         0040d760 f   cl_cin.obj
 0001:0000c7c0       _SCR_RunCinematic          0040d7c0 f   cl_cin.obj
 0001:0000c820       _SCR_StopCinematic         0040d820 f   cl_cin.obj
 0001:0000c890       _CIN_UploadCinematic       0040d890 f   cl_cin.obj
 0001:0000ca50       _Con_ToggleConsole_f       0040da50 f   cl_console.obj
 0001:0000cae0       _Con_MessageMode_f         0040dae0 f   cl_console.obj
 0001:0000cb60       _Con_MessageMode2_f        0040db60 f   cl_console.obj
 0001:0000cbe0       _Con_MessageMode3_f        0040dbe0 f   cl_console.obj
 0001:0000cc90       _Con_MessageMode4_f        0040dc90 f   cl_console.obj
 0001:0000cd40       _Con_Clear_f               0040dd40 f   cl_console.obj
 0001:0000cdb0       _Con_Dump_f                0040ddb0 f   cl_console.obj
 0001:0000d060       _Con_ClearNotify           0040e060 f   cl_console.obj
 0001:0000d0c0       _Con_CheckResize           0040e0c0 f   cl_console.obj
 0001:0000d310       _Con_Init                  0040e310 f   cl_console.obj
 0001:0000d4a0       _Con_Linefeed              0040e4a0 f   cl_console.obj
 0001:0000d5c0       _CL_ConsolePrint           0040e5c0 f   cl_console.obj
 0001:0000d8e0       _Con_DrawInput             0040e8e0 f   cl_console.obj
 0001:0000d9c0       _Con_DrawNotify            0040e9c0 f   cl_console.obj
 0001:0000dcf0       _Con_DrawSolidConsole      0040ecf0 f   cl_console.obj
 0001:0000e160       _Con_DrawConsole           0040f160 f   cl_console.obj
 0001:0000e210       _Con_RunConsole            0040f210 f   cl_console.obj
 0001:0000e340       _Con_PageUp                0040f340 f   cl_console.obj
 0001:0000e3b0       _Con_PageDown              0040f3b0 f   cl_console.obj
 0001:0000e410       _Con_Top                   0040f410 f   cl_console.obj
 0001:0000e480       _Con_Bottom                0040f480 f   cl_console.obj
 0001:0000e4c0       _Con_Close                 0040f4c0 f   cl_console.obj
 0001:0000e550       _IN_MLookDown              0040f550 f   cl_input.obj
 0001:0000e590       _IN_MLookUp                0040f590 f   cl_input.obj
 0001:0000e5f0       _IN_KeyDown                0040f5f0 f   cl_input.obj
 0001:0000e710       _IN_KeyUp                  0040f710 f   cl_input.obj
 0001:0000e870       _CL_KeyState               0040f870 f   cl_input.obj
 0001:0000e960       _IN_UpDown                 0040f960 f   cl_input.obj
 0001:0000e9b0       _IN_UpUp                   0040f9b0 f   cl_input.obj
 0001:0000ea00       _IN_DownDown               0040fa00 f   cl_input.obj
 0001:0000ea50       _IN_DownUp                 0040fa50 f   cl_input.obj
 0001:0000eaa0       _IN_LeftDown               0040faa0 f   cl_input.obj
 0001:0000eaf0       _IN_LeftUp                 0040faf0 f   cl_input.obj
 0001:0000eb40       _IN_RightDown              0040fb40 f   cl_input.obj
 0001:0000eb90       _IN_RightUp                0040fb90 f   cl_input.obj
 0001:0000ebe0       _IN_ForwardDown            0040fbe0 f   cl_input.obj
 0001:0000ec30       _IN_ForwardUp              0040fc30 f   cl_input.obj
 0001:0000ec80       _IN_BackDown               0040fc80 f   cl_input.obj
 0001:0000ecd0       _IN_BackUp                 0040fcd0 f   cl_input.obj
 0001:0000ed20       _IN_LookupDown             0040fd20 f   cl_input.obj
 0001:0000ed70       _IN_LookupUp               0040fd70 f   cl_input.obj
 0001:0000edc0       _IN_LookdownDown           0040fdc0 f   cl_input.obj
 0001:0000ee10       _IN_LookdownUp             0040fe10 f   cl_input.obj
 0001:0000ee60       _IN_MoveleftDown           0040fe60 f   cl_input.obj
 0001:0000eeb0       _IN_MoveleftUp             0040feb0 f   cl_input.obj
 0001:0000ef00       _IN_MoverightDown          0040ff00 f   cl_input.obj
 0001:0000ef50       _IN_MoverightUp            0040ff50 f   cl_input.obj
 0001:0000efa0       _IN_SpeedDown              0040ffa0 f   cl_input.obj
 0001:0000eff0       _IN_SpeedUp                0040fff0 f   cl_input.obj
 0001:0000f040       _IN_StrafeDown             00410040 f   cl_input.obj
 0001:0000f090       _IN_StrafeUp               00410090 f   cl_input.obj
 0001:0000f0e0       _IN_Button0Down            004100e0 f   cl_input.obj
 0001:0000f130       _IN_Button0Up              00410130 f   cl_input.obj
 0001:0000f180       _IN_Button1Down            00410180 f   cl_input.obj
 0001:0000f1d0       _IN_Button1Up              004101d0 f   cl_input.obj
 0001:0000f220       _IN_Button2Down            00410220 f   cl_input.obj
 0001:0000f270       _IN_Button2Up              00410270 f   cl_input.obj
 0001:0000f2c0       _IN_Button3Down            004102c0 f   cl_input.obj
 0001:0000f310       _IN_Button3Up              00410310 f   cl_input.obj
 0001:0000f360       _IN_Button4Down            00410360 f   cl_input.obj
 0001:0000f3b0       _IN_Button4Up              004103b0 f   cl_input.obj
 0001:0000f400       _IN_Button5Down            00410400 f   cl_input.obj
 0001:0000f450       _IN_Button5Up              00410450 f   cl_input.obj
 0001:0000f4a0       _IN_Button6Down            004104a0 f   cl_input.obj
 0001:0000f4f0       _IN_Button6Up              004104f0 f   cl_input.obj
 0001:0000f540       _IN_Button7Down            00410540 f   cl_input.obj
 0001:0000f590       _IN_Button7Up              00410590 f   cl_input.obj
 0001:0000f5e0       _IN_Button8Down            004105e0 f   cl_input.obj
 0001:0000f630       _IN_Button8Up              00410630 f   cl_input.obj
 0001:0000f680       _IN_Button9Down            00410680 f   cl_input.obj
 0001:0000f6d0       _IN_Button9Up              004106d0 f   cl_input.obj
 0001:0000f720       _IN_Button10Down           00410720 f   cl_input.obj
 0001:0000f770       _IN_Button10Up             00410770 f   cl_input.obj
 0001:0000f7c0       _IN_Button11Down           004107c0 f   cl_input.obj
 0001:0000f810       _IN_Button11Up             00410810 f   cl_input.obj
 0001:0000f860       _IN_Button12Down           00410860 f   cl_input.obj
 0001:0000f8b0       _IN_Button12Up             004108b0 f   cl_input.obj
 0001:0000f900       _IN_Button13Down           00410900 f   cl_input.obj
 0001:0000f950       _IN_Button13Up             00410950 f   cl_input.obj
 0001:0000f9a0       _IN_Button14Down           004109a0 f   cl_input.obj
 0001:0000f9f0       _IN_Button14Up             004109f0 f   cl_input.obj
 0001:0000fa40       _IN_Button15Down           00410a40 f   cl_input.obj
 0001:0000fa90       _IN_Button15Up             00410a90 f   cl_input.obj
 0001:0000fae0       _IN_ButtonDown             00410ae0 f   cl_input.obj
 0001:0000fb30       _IN_ButtonUp               00410b30 f   cl_input.obj
 0001:0000fb80       _IN_CenterView             00410b80 f   cl_input.obj
 0001:0000fbc0       _CL_AdjustAngles           00410bc0 f   cl_input.obj
 0001:0000fd20       _CL_KeyMove                00410d20 f   cl_input.obj
 0001:0000ffa0       _CL_MouseEvent             00410fa0 f   cl_input.obj
 0001:00010080       _CL_JoystickEvent          00411080 f   cl_input.obj
 0001:000100f0       _CL_JoystickMove           004110f0 f   cl_input.obj
 0001:00010270       _CL_MouseMove              00411270 f   cl_input.obj
 0001:00010540       _CL_CmdButtons             00411540 f   cl_input.obj
 0001:00010630       _CL_FinishMove             00411630 f   cl_input.obj
 0001:000106d0       _CL_CreateCmd              004116d0 f   cl_input.obj
 0001:000108a0       _CL_CreateNewCommands      004118a0 f   cl_input.obj
 0001:00010980       _CL_ReadyToSendPacket      00411980 f   cl_input.obj
 0001:00010b30       _CL_WritePacket            00411b30 f   cl_input.obj
 0001:00011000       _CL_SendCmd                00412000 f   cl_input.obj
 0001:000110b0       _CL_InitInput              004120b0 f   cl_input.obj
 0001:00011660       _Field_VariableSizeDraw    00412660 f   cl_keys.obj
 0001:00011910       _Field_Draw                00412910 f   cl_keys.obj
 0001:00011970       _Field_BigDraw             00412970 f   cl_keys.obj
 0001:000119d0       _Field_Paste               004129d0 f   cl_keys.obj
 0001:00011a80       _Field_KeyDownEvent        00412a80 f   cl_keys.obj
 0001:00011ca0       _Field_CharEvent           00412ca0 f   cl_keys.obj
 0001:00011f00       _Console_Key               00412f00 f   cl_keys.obj
 0001:00012390       _Message_Key               00413390 f   cl_keys.obj
 0001:00012520       _Key_GetOverstrikeMode     00413520 f   cl_keys.obj
 0001:00012550       _Key_SetOverstrikeMode     00413550 f   cl_keys.obj
 0001:00012580       _Key_IsDown                00413580 f   cl_keys.obj
 0001:000125d0       _Key_StringToKeynum        004135d0 f   cl_keys.obj
 0001:00012780       _Key_KeynumToString        00413780 f   cl_keys.obj
 0001:000128e0       _Key_SetBinding            004138e0 f   cl_keys.obj
 0001:00012980       _Key_GetBinding            00413980 f   cl_keys.obj
 0001:000129d0       _Key_GetKey                004139d0 f   cl_keys.obj
 0001:00012a70       _Key_Unbind_f              00413a70 f   cl_keys.obj
 0001:00012b20       _Key_Unbindall_f           00413b20 f   cl_keys.obj
 0001:00012ba0       _Key_Bind_f                00413ba0 f   cl_keys.obj
 0001:00012d50       _Key_WriteBindings         00413d50 f   cl_keys.obj
 0001:00012e20       _Key_Bindlist_f            00413e20 f   cl_keys.obj
 0001:00012ee0       _CL_InitKeyCommands        00413ee0 f   cl_keys.obj
 0001:00012f70       _CL_AddKeyUpCommands       00413f70 f   cl_keys.obj
 0001:00013150       _CL_KeyEvent               00414150 f   cl_keys.obj
 0001:00013790       _CL_CharEvent              00414790 f   cl_keys.obj
 0001:00013880       _Key_ClearStates           00414880 f   cl_keys.obj
 0001:00013940       _CL_CDDialog               00414940 f   cl_main.obj
 0001:00013980       _CL_AddReliableCommand     00414980 f   cl_main.obj
 0001:00013a30       _CL_ChangeReliableCommand  00414a30 f   cl_main.obj
 0001:00013b10       _CL_WriteDemoMessage       00414b10 f   cl_main.obj
 0001:00013bd0       _CL_StopRecord_f           00414bd0 f   cl_main.obj
 0001:00013cb0       _CL_DemoFilename           00414cb0 f   cl_main.obj
 0001:00013dc0       _CL_Record_f               00414dc0 f   cl_main.obj
 0001:00014340       _CL_DemoCompleted          00415340 f   cl_main.obj
 0001:00014400       _CL_ReadDemoMessage        00415400 f   cl_main.obj
 0001:00014590       _CL_PlayDemo_f             00415590 f   cl_main.obj
 0001:00014a10       _CL_StartDemoLoop          00415a10 f   cl_main.obj
 0001:00014a60       _CL_NextDemo               00415a60 f   cl_main.obj
 0001:00014b40       _CL_ShutdownAll            00415b40 f   cl_main.obj
 0001:00014be0       _CL_FlushMemory            00415be0 f   cl_main.obj
 0001:00014c50       _CL_MapLoading             00415c50 f   cl_main.obj
 0001:00014dd0       _CL_ClearState             00415dd0 f   cl_main.obj
 0001:00014e20       _CL_Disconnect             00415e20 f   cl_main.obj
 0001:00014fd0       _CL_ForwardCommandToServer 00415fd0 f   cl_main.obj
 0001:00015090       _CL_RequestMotd            00416090 f   cl_main.obj
 0001:000152d0       _CL_RequestAuthorization   004162d0 f   cl_main.obj
 0001:00015430       _CL_ForwardToServer_f      00416430 f   cl_main.obj
 0001:000154b0       _CL_Setenv_f               004164b0 f   cl_main.obj
 0001:00015650       _CL_Disconnect_f           00416650 f   cl_main.obj
 0001:000156d0       _CL_Reconnect_f            004166d0 f   cl_main.obj
 0001:00015780       _CL_Connect_f              00416780 f   cl_main.obj
 0001:000159d0       _CL_Rcon_f                 004169d0 f   cl_main.obj
 0001:00015bb0       _CL_SendPureChecksums      00416bb0 f   cl_main.obj
 0001:00015cd0       _CL_ResetPureClientAtServer 00416cd0 f   cl_main.obj
 0001:00015d20       _CL_Vid_Restart_f          00416d20 f   cl_main.obj
 0001:00015e40       _CL_Snd_Restart_f          00416e40 f   cl_main.obj
 0001:00015e90       _CL_OpenedPK3List_f        00416e90 f   cl_main.obj
 0001:00015ee0       _CL_ReferencedPK3List_f    00416ee0 f   cl_main.obj
 0001:00015f30       _CL_Configstrings_f        00416f30 f   cl_main.obj
 0001:00015fe0       _CL_Clientinfo_f           00416fe0 f   cl_main.obj
 0001:00016090       _CL_DownloadsComplete      00417090 f   cl_main.obj
 0001:00016170       _CL_BeginDownload          00417170 f   cl_main.obj
 0001:000162a0       _CL_NextDownload           004172a0 f   cl_main.obj
 0001:000163f0       _CL_InitDownloads          004173f0 f   cl_main.obj
 0001:000164e0       _CL_CheckForResend         004174e0 f   cl_main.obj
 0001:000167d0       _CL_DisconnectPacket       004177d0 f   cl_main.obj
 0001:000168a0       _CL_MotdPacket             004178a0 f   cl_main.obj
 0001:000169a0       _CL_InitServerInfo         004179a0 f   cl_main.obj
 0001:00016aa0       _CL_ServersResponsePacket  00417aa0 f   cl_main.obj
 0001:000170b0       _CL_ConnectionlessPacket   004180b0 f   cl_main.obj
 0001:00017590       _CL_PacketEvent            00418590 f   cl_main.obj
 0001:00017750       _CL_CheckTimeout           00418750 f   cl_main.obj
 0001:00017840       _CL_CheckUserinfo          00418840 f   cl_main.obj
 0001:000178e0       _CL_Frame                  004188e0 f   cl_main.obj
 0001:00017ad0       _CL_RefPrintf              00418ad0 f   cl_main.obj
 0001:00017bb0       _CL_ShutdownRef            00418bb0 f   cl_main.obj
 0001:00017c20       _CL_InitRenderer           00418c20 f   cl_main.obj
 0001:00017d10       _CL_StartHunkUsers         00418d10 f   cl_main.obj
 0001:00017de0       _CL_RefMalloc              00418de0 f   cl_main.obj
 0001:00017e40       _CL_ScaledMilliseconds     00418e40 f   cl_main.obj
 0001:00017ea0       _CL_InitRef                00418ea0 f   cl_main.obj
 0001:00018040       _CL_SetModel_f             00419040 f   cl_main.obj
 0001:00018100       _CL_Init                   00419100 f   cl_main.obj
 0001:000189d0       _CL_Shutdown               004199d0 f   cl_main.obj
 0001:00018bf0       _CL_ServerInfoPacket       00419bf0 f   cl_main.obj
 0001:00019620       _CL_GetServerStatus        0041a620 f   cl_main.obj
 0001:000197e0       _CL_ServerStatus           0041a7e0 f   cl_main.obj
 0001:00019ac0       _CL_ServerStatusResponse   0041aac0 f   cl_main.obj
 0001:0001a030       _CL_LocalServers_f         0041b030 f   cl_main.obj
 0001:0001a210       _CL_GlobalServers_f        0041b210 f   cl_main.obj
 0001:0001a440       _CL_GetPing                0041b440 f   cl_main.obj
 0001:0001a5d0       _CL_UpdateServerInfo       0041b5d0 f   cl_main.obj
 0001:0001a680       _CL_GetPingInfo            0041b680 f   cl_main.obj
 0001:0001a710       _CL_ClearPing              0041b710 f   cl_main.obj
 0001:0001a760       _CL_GetPingQueueCount      0041b760 f   cl_main.obj
 0001:0001a7f0       _CL_GetFreePing            0041b7f0 f   cl_main.obj
 0001:0001a920       _CL_Ping_f                 0041b920 f   cl_main.obj
 0001:0001aa40       _CL_UpdateVisiblePings_f   0041ba40 f   cl_main.obj
 0001:0001af20       _CL_ServerStatus_f         0041bf20 f   cl_main.obj
 0001:0001b070       _CL_ShowIP_f               0041c070 f   cl_main.obj
 0001:0001b0b0       _CL_CDKeyValidate          0041c0b0 f   cl_main.obj
 0001:0001b270       _CL_Netchan_TransmitNextFragment 0041c270 f   cl_net_chan.obj
 0001:0001b2c0       _CL_Netchan_Transmit       0041c2c0 f   cl_net_chan.obj
 0001:0001b540       _CL_Netchan_Process        0041c540 f   cl_net_chan.obj
 0001:0001b790       _SHOWNET                   0041c790 f   cl_parse.obj
 0001:0001b800       _CL_DeltaEntity            0041c800 f   cl_parse.obj
 0001:0001b8d0       _CL_ParsePacketEntities    0041c8d0 f   cl_parse.obj
 0001:0001bca0       _CL_ParseSnapshot          0041cca0 f   cl_parse.obj
 0001:0001c0c0       _CL_SystemInfoChanged      0041d0c0 f   cl_parse.obj
 0001:0001c300       _CL_ParseGamestate         0041d300 f   cl_parse.obj
 0001:0001c5e0       _CL_ParseDownload          0041d5e0 f   cl_parse.obj
 0001:0001c8c0       _CL_ParseCommandString     0041d8c0 f   cl_parse.obj
 0001:0001c970       _CL_ParseServerMessage     0041d970 f   cl_parse.obj
 0001:0001cbb0       _SCR_DrawNamedPic          0041dbb0 f   cl_scrn.obj
 0001:0001cca0       _SCR_AdjustFrom640         0041dca0 f   cl_scrn.obj
 0001:0001cd50       _SCR_FillRect              0041dd50 f   cl_scrn.obj
 0001:0001ce20       _SCR_DrawPic               0041de20 f   cl_scrn.obj
 0001:0001cec0       _SCR_DrawSmallChar         0041dec0 f   cl_scrn.obj
 0001:0001cfc0       _SCR_DrawStringExt         0041dfc0 f   cl_scrn.obj
 0001:0001d350       _SCR_DrawBigString         0041e350 f   cl_scrn.obj
 0001:0001d3d0       _SCR_DrawBigStringColor    0041e3d0 f   cl_scrn.obj
 0001:0001d430       _SCR_DrawSmallStringExt    0041e430 f   cl_scrn.obj
 0001:0001d590       _SCR_GetBigStringWidth     0041e590 f   cl_scrn.obj
 0001:0001d680       _SCR_DrawDemoRecording     0041e680 f   cl_scrn.obj
 0001:0001d780       _SCR_DebugGraph            0041e780 f   cl_scrn.obj
 0001:0001d7f0       _SCR_DrawDebugGraph        0041e7f0 f   cl_scrn.obj
 0001:0001da40       _SCR_Init                  0041ea40 f   cl_scrn.obj
 0001:0001db30       _SCR_DrawScreenField       0041eb30 f   cl_scrn.obj
 0001:0001de10       _SCR_UpdateScreen          0041ee10 f   cl_scrn.obj
 0001:0001df20       _LAN_LoadCachedServers     0041ef20 f   cl_ui.obj
 0001:0001e0b0       _LAN_SaveServersToCache    0041f0b0 f   cl_ui.obj
 0001:0001e1c0       _LAN_UpdateVisiblePings    0041f1c0 f   cl_ui.obj
 0001:0001e210       _LAN_GetServerStatus       0041f210 f   cl_ui.obj
 0001:0001e260       _Key_GetCatcher            0041f260 f   cl_ui.obj
 0001:0001e290       _Key_SetCatcher            0041f290 f   cl_ui.obj
 0001:0001e2c0       _CL_UISystemCalls          0041f2c0 f   cl_ui.obj
 0001:00021020       _CL_ShutdownUI             00422020 f   cl_ui.obj
 0001:000210c0       _CL_InitUI                 004220c0 f   cl_ui.obj
 0001:00021240       _UI_usesUniqueCDKey        00422240 f   cl_ui.obj
 0001:000212b0       _UI_GameCommand            004222b0 f   cl_ui.obj
 0001:00021310       _CMod_LoadShaders          00422310 f   cm_load.obj
 0001:00021480       _CMod_LoadSubmodels        00422480 f   cm_load.obj
 0001:00021780       _CMod_LoadNodes            00422780 f   cm_load.obj
 0001:00021900       _CM_BoundBrush             00422900 f   cm_load.obj
 0001:000219c0       _CMod_LoadBrushes          004229c0 f   cm_load.obj
 0001:00021b70       _CMod_LoadLeafs            00422b70 f   cm_load.obj
 0001:00021dc0       _CMod_LoadPlanes           00422dc0 f   cm_load.obj
 0001:00022000       _CMod_LoadLeafBrushes      00423000 f   cm_load.obj
 0001:00022120       _CMod_LoadLeafSurfaces     00423120 f   cm_load.obj
 0001:00022230       _CMod_LoadBrushSides       00423230 f   cm_load.obj
 0001:000223d0       _CMod_LoadEntityString     004233d0 f   cm_load.obj
 0001:00022480       _CMod_LoadVisibility       00423480 f   cm_load.obj
 0001:000225d0       _CMod_LoadPatches          004235d0 f   cm_load.obj
 0001:000228c0       _CM_LumpChecksum           004238c0 f   cm_load.obj
 0001:00022920       _CM_Checksum               00423920 f   cm_load.obj
 0001:00022a70       _CM_LoadMap                00423a70 f   cm_load.obj
 0001:00022e10       _CM_ClearMap               00423e10 f   cm_load.obj
 0001:00022e70       _CM_ClipHandleToModel      00423e70 f   cm_load.obj
 0001:00022f50       _CM_InlineModel            00423f50 f   cm_load.obj
 0001:00022fb0       _CM_NumClusters            00423fb0 f   cm_load.obj
 0001:00022fe0       _CM_NumInlineModels        00423fe0 f   cm_load.obj
 0001:00023010       _CM_EntityString           00424010 f   cm_load.obj
 0001:00023040       _CM_LeafCluster            00424040 f   cm_load.obj
 0001:000230b0       _CM_LeafArea               004240b0 f   cm_load.obj
 0001:00023120       _CM_InitBoxHull            00424120 f   cm_load.obj
 0001:00023360       _CM_TempBoxModel           00424360 f   cm_load.obj
 0001:00023560       _CM_ModelBounds            00424560 f   cm_load.obj
 0001:00023600       _CM_ClearLevelPatches      00424600 f   cm_patch.obj
 0001:00023640       _CM_PlaneEqual             00424640 f   cm_patch.obj
 0001:00023850       _CM_SnapVector             00424850 f   cm_patch.obj
 0001:00023990       _CM_FindPlane2             00424990 f   cm_patch.obj
 0001:00023b80       _CM_AddFacetBevels         00424b80 f   cm_patch.obj
 0001:000245b0       _CM_GeneratePatchCollide   004255b0 f   cm_patch.obj
 0001:00027d10       _CM_TracePointThroughPatchCollide 00428d10 f   cm_patch.obj
 0001:000283c0       _CM_CheckFacetPlane        004293c0 f   cm_patch.obj
 0001:000285a0       _CM_TraceThroughPatchCollide 004295a0 f   cm_patch.obj
 0001:00028db0       _CM_PositionTestInPatchCollide 00429db0 f   cm_patch.obj
 0001:000292d0       _CM_DrawDebugSurface       0042a2d0 f   cm_patch.obj
 0001:000299f0       _pw                        0042a9f0 f   cm_polylib.obj
 0001:00029aa0       _AllocWinding              0042aaa0 f   cm_polylib.obj
 0001:00029b80       _FreeWinding               0042ab80 f   cm_polylib.obj
 0001:00029c00       _RemoveColinearPoints      0042ac00 f   cm_polylib.obj
 0001:00029ea0       _WindingPlane              0042aea0 f   cm_polylib.obj
 0001:0002a050       _WindingArea               0042b050 f   cm_polylib.obj
 0001:0002a230       _WindingBounds             0042b230 f   cm_polylib.obj
 0001:0002a360       _WindingCenter             0042b360 f   cm_polylib.obj
 0001:0002a480       _BaseWindingForPlane       0042b480 f   cm_polylib.obj
 0001:0002a860       _CopyWinding               0042b860 f   cm_polylib.obj
 0001:0002a8e0       _ReverseWinding            0042b8e0 f   cm_polylib.obj
 0001:0002a9e0       _ClipWindingEpsilon        0042b9e0 f   cm_polylib.obj
 0001:0002b260       _ChopWindingInPlace        0042c260 f   cm_polylib.obj
 0001:0002b8e0       _ChopWinding               0042c8e0 f   cm_polylib.obj
 0001:0002b970       _CheckWinding              0042c970 f   cm_polylib.obj
 0001:0002bd00       _WindingOnPlaneSide        0042cd00 f   cm_polylib.obj
 0001:0002be40       _AddWindingToConvexHull    0042ce40 f   cm_polylib.obj
 0001:0002c350       _CM_PointLeafnum_r         0042d350 f   cm_test.obj
 0001:0002c460       _CM_PointLeafnum           0042d460 f   cm_test.obj
 0001:0002c4c0       _CM_StoreLeafs             0042d4c0 f   cm_test.obj
 0001:0002c560       _CM_StoreBrushes           0042d560 f   cm_test.obj
 0001:0002c6f0       _CM_BoxLeafnums_r          0042d6f0 f   cm_test.obj
 0001:0002c800       _CM_BoxLeafnums            0042d800 f   cm_test.obj
 0001:0002c8e0       _CM_BoxBrushes             0042d8e0 f   cm_test.obj
 0001:0002c9b0       _CM_PointContents          0042d9b0 f   cm_test.obj
 0001:0002cb90       _CM_TransformedPointContents 0042db90 f   cm_test.obj
 0001:0002cd00       _CM_ClusterPVS             0042dd00 f   cm_test.obj
 0001:0002cd70       _CM_FloodArea_r            0042dd70 f   cm_test.obj
 0001:0002ce70       _CM_FloodAreaConnections   0042de70 f   cm_test.obj
 0001:0002cf30       _CM_AdjustAreaPortalState  0042df30 f   cm_test.obj
 0001:0002d0e0       _CM_AreasConnected         0042e0e0 f   cm_test.obj
 0001:0002d1a0       _CM_WriteAreaBits          0042e1a0 f   cm_test.obj
 0001:0002d2b0       _RotatePoint               0042e2b0 f   cm_trace.obj
 0001:0002d380       _TransposeMatrix           0042e380 f   cm_trace.obj
 0001:0002d420       _CreateRotationMatrix      0042e420 f   cm_trace.obj
 0001:0002d490       _CM_ProjectPointOntoVector 0042e490 f   cm_trace.obj
 0001:0002d5a0       _CM_DistanceFromLineSquared 0042e5a0 f   cm_trace.obj
 0001:0002d870       _CM_VectorDistanceSquared  0042e870 f   cm_trace.obj
 0001:0002d8f0       _SquareRootFloat           0042e8f0 f   cm_trace.obj
 0001:0002d990       _CM_TestBoxInBrush         0042e990 f   cm_trace.obj
 0001:0002dd60       _CM_TestInLeaf             0042ed60 f   cm_trace.obj
 0001:0002df70       _CM_TestCapsuleInCapsule   0042ef70 f   cm_trace.obj
 0001:0002e430       _CM_TestBoundingBoxInCapsule 0042f430 f   cm_trace.obj
 0001:0002e620       _CM_PositionTest           0042f620 f   cm_trace.obj
 0001:0002e870       _CM_TraceThroughPatch      0042f870 f   cm_trace.obj
 0001:0002e920       _CM_TraceThroughBrush      0042f920 f   cm_trace.obj
 0001:0002f0c0       _CM_TraceThroughLeaf       004300c0 f   cm_trace.obj
 0001:0002f2b0       _CM_TraceThroughSphere     004302b0 f   cm_trace.obj
 0001:0002f7b0       _CM_TraceThroughVerticalCylinder 004307b0 f   cm_trace.obj
 0001:0002fd30       _CM_TraceCapsuleThroughCapsule 00430d30 f   cm_trace.obj
 0001:00030190       _CM_TraceBoundingBoxThroughCapsule 00431190 f   cm_trace.obj
 0001:00030380       _CM_TraceThroughTree       00431380 f   cm_trace.obj
 0001:00030870       _CM_Trace                  00431870 f   cm_trace.obj
 0001:000311d0       _CM_BoxTrace               004321d0 f   cm_trace.obj
 0001:00031240       _CM_TransformedBoxTrace    00432240 f   cm_trace.obj
 0001:000316b0       _Cmd_Wait_f                004326b0 f   cmd.obj
 0001:00031720       _Cbuf_Init                 00432720 f   cmd.obj
 0001:00031770       _Cbuf_AddText              00432770 f   cmd.obj
 0001:00031820       _Cbuf_InsertText           00432820 f   cmd.obj
 0001:00031920       _Cbuf_ExecuteText          00432920 f   cmd.obj
 0001:000319e0       _Cbuf_Execute              004329e0 f   cmd.obj
 0001:00031bb0       _Cmd_Exec_f                00432bb0 f   cmd.obj
 0001:00031cd0       _Cmd_Vstr_f                00432cd0 f   cmd.obj
 0001:00031d60       _Cmd_Echo_f                00432d60 f   cmd.obj
 0001:00031df0       _Cmd_Argc                  00432df0 f   cmd.obj
 0001:00031e20       _Cmd_Argv                  00432e20 f   cmd.obj
 0001:00031e70       _Cmd_ArgvBuffer            00432e70 f   cmd.obj
 0001:00031ed0       _Cmd_Args                  00432ed0 f   cmd.obj
 0001:00031f80       _Cmd_ArgsFrom              00432f80 f   cmd.obj
 0001:00032040       _Cmd_ArgsBuffer            00433040 f   cmd.obj
 0001:00032090       _Cmd_Cmd                   00433090 f   cmd.obj
 0001:000320c0       _Cmd_TokenizeString        004330c0 f   cmd.obj
 0001:000323e0       _Cmd_AddCommand            004333e0 f   cmd.obj
 0001:000324e0       _Cmd_RemoveCommand         004334e0 f   cmd.obj
 0001:000325a0       _Cmd_CommandCompletion     004335a0 f   cmd.obj
 0001:00032610       _Cmd_ExecuteString         00433610 f   cmd.obj
 0001:00032790       _Cmd_List_f                00433790 f   cmd.obj
 0001:00032880       _Cmd_Init                  00433880 f   cmd.obj
 0001:00032930       _Com_BeginRedirect         00433930 f   common.obj
 0001:000329a0       _Com_EndRedirect           004339a0 f   common.obj
 0001:00032a30       _Com_Printf                00433a30 f   common.obj
 0001:00032cc0       _Com_DPrintf               00433cc0 f   common.obj
 0001:00032d70       _Com_Error                 00433d70 f   common.obj
 0001:00033040       _Com_Quit_f                00434040 f   common.obj
 0001:000330b0       _Com_ParseCommandLine      004340b0 f   common.obj
 0001:000331b0       _Com_SafeMode              004341b0 f   common.obj
 0001:00033290       _Com_StartupVariable       00434290 f   common.obj
 0001:000333b0       _Com_AddStartupCommands    004343b0 f   common.obj
 0001:000334a0       _Info_Print                004344a0 f   common.obj
 0001:000336b0       _Com_StringContains        004346b0 f   common.obj
 0001:000337f0       _Com_Filter                004347f0 f   common.obj
 0001:00033c80       _Com_FilterPath            00434c80 f   common.obj
 0001:00033de0       _Com_HashKey               00434de0 f   common.obj
 0001:00033e90       _Com_RealTime              00434e90 f   common.obj
 0001:00033f90       _Z_ClearZone               00434f90 f   common.obj
 0001:00034070       _Z_AvailableZoneMemory     00435070 f   common.obj
 0001:000340b0       _Z_AvailableMemory         004350b0 f   common.obj
 0001:00034100       _Z_Free                    00435100 f   common.obj
 0001:00034310       _Z_FreeTags                00435310 f   common.obj
 0001:000343e0       _Z_TagMallocDebug          004353e0 f   common.obj
 0001:00034640       _Z_MallocDebug             00435640 f   common.obj
 0001:000346c0       _S_MallocDebug             004356c0 f   common.obj
 0001:00034720       _Z_CheckHeap               00435720 f   common.obj
 0001:00034810       _Z_LogZoneHeap             00435810 f   common.obj
 0001:00034b80       _Z_LogHeap                 00435b80 f   common.obj
 0001:00034bf0       _CopyString                00435bf0 f   common.obj
 0001:00034cd0       _Com_Meminfo_f             00435cd0 f   common.obj
 0001:00035130       _Com_TouchMemory           00436130 f   common.obj
 0001:000352d0       _Com_InitSmallZoneMemory   004362d0 f   common.obj
 0001:00035380       _Com_InitZoneMemory        00436380 f   common.obj
 0001:00035470       _Hunk_Log                  00436470 f   common.obj
 0001:000356b0       _Hunk_SmallLog             004366b0 f   common.obj
 0001:000359d0       _Com_InitHunkMemory        004369d0 f   common.obj
 0001:00035bb0       _Hunk_MemoryRemaining      00436bb0 f   common.obj
 0001:00035c50       _Hunk_SetMark              00436c50 f   common.obj
 0001:00035ca0       _Hunk_ClearToMark          00436ca0 f   common.obj
 0001:00035d00       _Hunk_CheckMark            00436d00 f   common.obj
 0001:00035d50       _Hunk_Clear                00436d50 f   common.obj
 0001:00035e40       _Hunk_AllocDebug           00436e40 f   common.obj
 0001:00036100       _Hunk_AllocateTempMemory   00437100 f   common.obj
 0001:000362a0       _Hunk_FreeTempMemory       004372a0 f   common.obj
 0001:000363e0       _Hunk_ClearTempMemory      004373e0 f   common.obj
 0001:00036430       _Hunk_Trash                00437430 f   common.obj
 0001:000364b0       _Com_InitJournaling        004374b0 f   common.obj
 0001:00036620       _Com_GetRealEvent          00437620 f   common.obj
 0001:000367e0       _Com_InitPushEvent         004377e0 f   common.obj
 0001:00036850       _Com_PushEvent             00437850 f   common.obj
 0001:00036940       _Com_GetEvent              00437940 f   common.obj
 0001:000369f0       _Com_RunAndTimeServerPacket 004379f0 f   common.obj
 0001:00036ab0       _Com_EventLoop             00437ab0 f   common.obj
 0001:00036e10       _Com_Milliseconds          00437e10 f   common.obj
 0001:00036e90       _Com_ReadCDKey             00437e90 f   common.obj
 0001:00036ed0       _Com_AppendCDKey           00437ed0 f   common.obj
 0001:00036ff0       _Com_Init                  00437ff0 f   common.obj
 0001:00037780       _Com_WriteConfigToFile     00438780 f   common.obj
 0001:00037830       _Com_WriteConfiguration    00438830 f   common.obj
 0001:00037a60       _Com_WriteConfig_f         00438a60 f   common.obj
 0001:00037b20       _Com_ModifyMsec            00438b20 f   common.obj
 0001:00037c70       _Com_Frame                 00438c70 f   common.obj
 0001:00038090       _Com_Shutdown              00439090 f   common.obj
 0001:00038120       __copyDWord                00439120 f   common.obj
 0001:00038200       _Com_Memcpy                00439200 f   common.obj
 0001:00038370       _Com_Memset                00439370 f   common.obj
 0001:00038480       _Com_Memcmp                00439480 f   common.obj
 0001:000385e0       _Com_Prefetch              004395e0 f   common.obj
 0001:00038670       _Q_acos                    00439670 f   common.obj
 0001:00038700       _Field_Clear               00439700 f   common.obj
 0001:00038770       _Field_CompleteCommand     00439770 f   common.obj
 0001:00038d70       _Cvar_VariableValue        00439d70 f   cvar.obj
 0001:00038f20       _Cvar_VariableIntegerValue 00439f20 f   cvar.obj
 0001:00038f80       _Cvar_VariableString       00439f80 f   cvar.obj
 0001:00038fe0       _Cvar_VariableStringBuffer 00439fe0 f   cvar.obj
 0001:00039060       _Cvar_CommandCompletion    0043a060 f   cvar.obj
 0001:000390d0       _Cvar_Get                  0043a0d0 f   cvar.obj
 0001:000394c0       _Cvar_Set2                 0043a4c0 f   cvar.obj
 0001:00039860       _Cvar_Set                  0043a860 f   cvar.obj
 0001:000398b0       _Cvar_SetLatched           0043a8b0 f   cvar.obj
 0001:00039900       _Cvar_SetValue             0043a900 f   cvar.obj
 0001:000399b0       _Cvar_Reset                0043a9b0 f   cvar.obj
 0001:00039a00       _Cvar_SetCheatState        0043aa00 f   cvar.obj
 0001:00039ad0       _Cvar_Command              0043aad0 f   cvar.obj
 0001:00039bc0       _Cvar_Toggle_f             0043abc0 f   cvar.obj
 0001:00039c80       _Cvar_Set_f                0043ac80 f   cvar.obj
 0001:00039dd0       _Cvar_SetU_f               0043add0 f   cvar.obj
 0001:00039e70       _Cvar_SetS_f               0043ae70 f   cvar.obj
 0001:00039f10       _Cvar_SetA_f               0043af10 f   cvar.obj
 0001:00039fb0       _Cvar_Reset_f              0043afb0 f   cvar.obj
 0001:0003a020       _Cvar_WriteVariables       0043b020 f   cvar.obj
 0001:0003a150       _Cvar_List_f               0043b150 f   cvar.obj
 0001:0003a3d0       _Cvar_Restart_f            0043b3d0 f   cvar.obj
 0001:0003a540       _Cvar_InfoString           0043b540 f   cvar.obj
 0001:0003a5e0       _Cvar_InfoString_Big       0043b5e0 f   cvar.obj
 0001:0003a680       _Cvar_InfoStringBuffer     0043b680 f   cvar.obj
 0001:0003a6e0       _Cvar_Register             0043b6e0 f   cvar.obj
 0001:0003a770       _Cvar_Update               0043b770 f   cvar.obj
 0001:0003a8e0       _Cvar_Init                 0043b8e0 f   cvar.obj
 0001:0003a9f0       _FS_Initialized            0043b9f0 f   files.obj
 0001:0003aa30       _FS_PakIsPure              0043ba30 f   files.obj
 0001:0003aac0       _FS_LoadStack              0043bac0 f   files.obj
 0001:0003aaf0       _FS_ForceFlush             0043baf0 f   files.obj
 0001:0003ac10       _FS_filelength             0043bc10 f   files.obj
 0001:0003acb0       _FS_BuildOSPath            0043bcb0 f   files.obj
 0001:0003ae10       _FS_FileExists             0043be10 f   files.obj
 0001:0003aeb0       _FS_SV_FileExists          0043beb0 f   files.obj
 0001:0003af60       _FS_SV_FOpenFileWrite      0043bf60 f   files.obj
 0001:0003b270       _FS_SV_FOpenFileRead       0043c270 f   files.obj
 0001:0003b5d0       _FS_SV_Rename              0043c5d0 f   files.obj
 0001:0003b940       _FS_Rename                 0043c940 f   files.obj
 0001:0003ba50       _FS_FCloseFile             0043ca50 f   files.obj
 0001:0003bbc0       _FS_FOpenFileWrite         0043cbc0 f   files.obj
 0001:0003bd30       _FS_FOpenFileAppend        0043cd30 f   files.obj
 0001:0003bea0       _FS_FilenameCompare        0043cea0 f   files.obj
 0001:0003bf80       _FS_ShiftedStrStr          0043cf80 f   files.obj
 0001:0003c050       _FS_FOpenFileRead          0043d050 f   files.obj
 0001:0003cca0       _FS_Read2                  0043dca0 f   files.obj
 0001:0003cd90       _FS_Read                   0043dd90 f   files.obj
 0001:0003cf00       _FS_Write                  0043df00 f   files.obj
 0001:0003d050       _FS_Printf                 0043e050 f   files.obj
 0001:0003d100       _FS_Seek                   0043e100 f   files.obj
 0001:0003d390       _FS_FileIsInPAK            0043e390 f   files.obj
 0001:0003d580       _FS_ReadFile               0043e580 f   files.obj
 0001:0003d9b0       _FS_FreeFile               0043e9b0 f   files.obj
 0001:0003da50       _FS_WriteFile              0043ea50 f   files.obj
 0001:0003db20       _FS_ListFilteredFiles      0043eb20 f   files.obj
 0001:0003e250       _FS_ListFiles              0043f250 f   files.obj
 0001:0003e2a0       _FS_FreeFileList           0043f2a0 f   files.obj
 0001:0003e350       _FS_GetFileList            0043f350 f   files.obj
 0001:0003e4a0       _FS_GetModList             0043f4a0 f   files.obj
 0001:0003ec50       _FS_Dir_f                  0043fc50 f   files.obj
 0001:0003eda0       _FS_ConvertPath            0043fda0 f   files.obj
 0001:0003ee10       _FS_PathCmp                0043fe10 f   files.obj
 0001:0003ef00       _FS_SortFileList           0043ff00 f   files.obj
 0001:0003f080       _FS_NewDir_f               00440080 f   files.obj
 0001:0003f1c0       _FS_Path_f                 004401c0 f   files.obj
 0001:0003f350       _FS_TouchFile_f            00440350 f   files.obj
 0001:0003f3e0       _FS_idPak                  004403e0 f   files.obj
 0001:0003f480       _FS_ComparePaks            00440480 f   files.obj
 0001:0003f7f0       _FS_Shutdown               004407f0 f   files.obj
 0001:0003f960       _FS_GamePureChecksum       00440960 f   files.obj
 0001:0003fa20       _FS_LoadedPakChecksums     00440a20 f   files.obj
 0001:0003fad0       _FS_LoadedPakNames         00440ad0 f   files.obj
 0001:0003fb90       _FS_LoadedPakPureChecksums 00440b90 f   files.obj
 0001:0003fc40       _FS_ReferencedPakChecksums 00440c40 f   files.obj
 0001:0003fd40       _FS_ReferencedPakPureChecksums 00440d40 f   files.obj
 0001:0003ff50       _FS_ReferencedPakNames     00440f50 f   files.obj
 0001:000400b0       _FS_ClearPakReferences     004410b0 f   files.obj
 0001:00040140       _FS_PureServerSetLoadedPaks 00441140 f   files.obj
 0001:00040330       _FS_PureServerSetReferencedPaks 00441330 f   files.obj
 0001:000404d0       _FS_InitFilesystem         004414d0 f   files.obj
 0001:00041820       _FS_Restart                00442820 f   files.obj
 0001:000419e0       _FS_ConditionalRestart     004429e0 f   files.obj
 0001:00041a50       _FS_FOpenFileByMode        00442a50 f   files.obj
 0001:00041ca0       _FS_FTell                  00442ca0 f   files.obj
 0001:00041d40       _FS_Flush                  00442d40 f   files.obj
 0001:00041da0       _Huff_putBit               00442da0 f   huffman.obj
 0001:00041e50       _Huff_getBit               00442e50 f   huffman.obj
 0001:00041ee0       _Huff_addRef               00442ee0 f   huffman.obj
 0001:00042700       _Huff_Receive              00443700 f   huffman.obj
 0001:00042810       _Huff_offsetReceive        00443810 f   huffman.obj
 0001:000428d0       _Huff_transmit             004438d0 f   huffman.obj
 0001:00042ad0       _Huff_offsetTransmit       00443ad0 f   huffman.obj
 0001:00042b40       _Huff_Decompress           00443b40 f   huffman.obj
 0001:00042e20       _Huff_Compress             00443e20 f   huffman.obj
 0001:00043070       _Huff_Init                 00444070 f   huffman.obj
 0001:000432c0       _MD4Init                   004442c0 f   md4.obj
 0001:00043330       _MD4Update                 00444330 f   md4.obj
 0001:000434a0       _MD4Final                  004444a0 f   md4.obj
 0001:00044330       _Com_BlockChecksum         00445330 f   md4.obj
 0001:000443d0       _Com_BlockChecksumKey      004453d0 f   md4.obj
 0001:00044480       _MSG_Init                  00445480 f   msg.obj
 0001:000444f0       _MSG_InitOOB               004454f0 f   msg.obj
 0001:00044570       _MSG_Clear                 00445570 f   msg.obj
 0001:000445c0       _MSG_Bitstream             004455c0 f   msg.obj
 0001:00044600       _MSG_BeginReading          00445600 f   msg.obj
 0001:00044650       _MSG_BeginReadingOOB       00445650 f   msg.obj
 0001:000446a0       _MSG_Copy                  004456a0 f   msg.obj
 0001:00044740       _MSG_WriteBits             00445740 f   msg.obj
 0001:00044a90       _MSG_ReadBits              00445a90 f   msg.obj
 0001:00044d50       _MSG_WriteChar             00445d50 f   msg.obj
 0001:00044da0       _MSG_WriteByte             00445da0 f   msg.obj
 0001:00044df0       _MSG_WriteData             00445df0 f   msg.obj
 0001:00044e70       _MSG_WriteShort            00445e70 f   msg.obj
 0001:00044ec0       _MSG_WriteLong             00445ec0 f   msg.obj
 0001:00044f10       _MSG_WriteFloat            00445f10 f   msg.obj
 0001:00044f70       _MSG_WriteString           00445f70 f   msg.obj
 0001:000450b0       _MSG_WriteBigString        004460b0 f   msg.obj
 0001:000451f0       _MSG_WriteAngle            004461f0 f   msg.obj
 0001:00045260       _MSG_WriteAngle16          00446260 f   msg.obj
 0001:000452d0       _MSG_ReadChar              004462d0 f   msg.obj
 0001:00045340       _MSG_ReadByte              00446340 f   msg.obj
 0001:000453b0       _MSG_ReadShort             004463b0 f   msg.obj
 0001:00045420       _MSG_ReadLong              00446420 f   msg.obj
 0001:00045490       _MSG_ReadFloat             00446490 f   msg.obj
 0001:00045500       _MSG_ReadString            00446500 f   msg.obj
 0001:000455c0       _MSG_ReadBigString         004465c0 f   msg.obj
 0001:00045670       _MSG_ReadStringLine        00446670 f   msg.obj
 0001:00045720       _MSG_ReadAngle16           00446720 f   msg.obj
 0001:00045780       _MSG_ReadData              00446780 f   msg.obj
 0001:000457f0       _MSG_WriteDelta            004467f0 f   msg.obj
 0001:00045870       _MSG_ReadDelta             00446870 f   msg.obj
 0001:000458e0       _MSG_WriteDeltaFloat       004468e0 f   msg.obj
 0001:00045970       _MSG_ReadDeltaFloat        00446970 f   msg.obj
 0001:000459e0       _MSG_WriteDeltaKey         004469e0 f   msg.obj
 0001:00045a70       _MSG_ReadDeltaKey          00446a70 f   msg.obj
 0001:00045af0       _MSG_WriteDeltaKeyFloat    00446af0 f   msg.obj
 0001:00045b80       _MSG_ReadDeltaKeyFloat     00446b80 f   msg.obj
 0001:00045bf0       _MSG_WriteDeltaUsercmd     00446bf0 f   msg.obj
 0001:00045dd0       _MSG_ReadDeltaUsercmd      00446dd0 f   msg.obj
 0001:00045f70       _MSG_WriteDeltaUsercmdKey  00446f70 f   msg.obj
 0001:00046270       _MSG_ReadDeltaUsercmdKey   00447270 f   msg.obj
 0001:000464e0       _MSG_ReportChangeVectors_f 004474e0 f   msg.obj
 0001:00046570       _MSG_WriteDeltaEntity      00447570 f   msg.obj
 0001:000469a0       _MSG_ReadDeltaEntity       004479a0 f   msg.obj
 0001:00046e10       _MSG_WriteDeltaPlayerstate 00447e10 f   msg.obj
 0001:00047630       _MSG_ReadDeltaPlayerstate  00448630 f   msg.obj
 0001:00047c50       _MSG_initHuffman           00448c50 f   msg.obj
 0001:00047d20       _Netchan_Init              00448d20 f   net_chan.obj
 0001:00047de0       _Netchan_Setup             00448de0 f   net_chan.obj
 0001:00047e70       _Netchan_TransmitNextFragment 00448e70 f   net_chan.obj
 0001:000480b0       _Netchan_Transmit          004490b0 f   net_chan.obj
 0001:00048290       _Netchan_Process           00449290 f   net_chan.obj
 0001:00048750       _NET_CompareBaseAdr        00449750 f   net_chan.obj
 0001:00048870       _NET_AdrToString           00449870 f   net_chan.obj
 0001:00048a60       _NET_CompareAdr            00449a60 f   net_chan.obj
 0001:00048bc0       _NET_IsLocalAddress        00449bc0 f   net_chan.obj
 0001:00048c00       _NET_GetLoopPacket         00449c00 f   net_chan.obj
 0001:00048d60       _NET_SendLoopPacket        00449d60 f   net_chan.obj
 0001:00048e20       _NET_SendPacket            00449e20 f   net_chan.obj
 0001:00048ef0       _NET_OutOfBandPrint        00449ef0 f   net_chan.obj
 0001:00048fd0       _NET_OutOfBandData         00449fd0 f   net_chan.obj
 0001:000490f0       _NET_StringToAdr           0044a0f0 f   net_chan.obj
 0001:000492d0       _Q_rand                    0044a2d0 f   q_math.obj
 0001:00049320       _Q_random                  0044a320 f   q_math.obj
 0001:00049380       _Q_crandom                 0044a380 f   q_math.obj
 0001:000493d0       _ClampChar                 0044a3d0 f   q_math.obj
 0001:00049420       _ClampShort                0044a420 f   q_math.obj
 0001:00049480       _DirToByte                 0044a480 f   q_math.obj
 0001:00049560       _ByteToDir                 0044a560 f   q_math.obj
 0001:00049610       _ColorBytes3               0044a610 f   q_math.obj
 0001:00049680       _ColorBytes4               0044a680 f   q_math.obj
 0001:00049700       _NormalizeColor            0044a700 f   q_math.obj
 0001:000497f0       _PlaneFromPoints           0044a7f0 f   q_math.obj
 0001:000499b0       _RotatePointAroundVector   0044a9b0 f   q_math.obj
 0001:00049c90       _RotateAroundDirection     0044ac90 f   q_math.obj
 0001:00049d60       _vectoangles               0044ad60 f   q_math.obj
 0001:00049f50       _AnglesToAxis              0044af50 f   q_math.obj
 0001:00049fe0       _AxisClear                 0044afe0 f   q_math.obj
 0001:0004a080       _AxisCopy                  0044b080 f   q_math.obj
 0001:0004a130       _ProjectPointOnPlane       0044b130 f   q_math.obj
 0001:0004a290       _MakeNormalVectors         0044b290 f   q_math.obj
 0001:0004a3a0       _VectorRotate              0044b3a0 f   q_math.obj
 0001:0004a470       _Q_rsqrt                   0044b470 f   q_math.obj
 0001:0004a4f0       _Q_fabs                    0044b4f0 f   q_math.obj
 0001:0004a540       _LerpAngle                 0044b540 f   q_math.obj
 0001:0004a5d0       _AngleSubtract             0044b5d0 f   q_math.obj
 0001:0004a650       _AnglesSubtract            0044b650 f   q_math.obj
 0001:0004a6f0       _AngleMod                  0044b6f0 f   q_math.obj
 0001:0004a750       _AngleNormalize360         0044b750 f   q_math.obj
 0001:0004a7b0       _AngleNormalize180         0044b7b0 f   q_math.obj
 0001:0004a820       _AngleDelta                0044b820 f   q_math.obj
 0001:0004a870       _SetPlaneSignbits          0044b870 f   q_math.obj
 0001:0004a900       _BoxOnPlaneSide            0044b900 f   q_math.obj
 0001:0004abd0       _RadiusFromBounds          0044bbd0 f   q_math.obj
 0001:0004ad30       _ClearBounds               0044bd30 f   q_math.obj
 0001:0004ada0       _AddPointToBounds          0044bda0 f   q_math.obj
 0001:0004aeb0       _VectorNormalize           0044beb0 f   q_math.obj
 0001:0004af90       _VectorNormalize2          0044bf90 f   q_math.obj
 0001:0004b090       __VectorMA                 0044c090 f   q_math.obj
 0001:0004b110       __DotProduct               0044c110 f   q_math.obj
 0001:0004b170       __VectorSubtract           0044c170 f   q_math.obj
 0001:0004b1e0       __VectorAdd                0044c1e0 f   q_math.obj
 0001:0004b250       __VectorCopy               0044c250 f   q_math.obj
 0001:0004b2b0       __VectorScale              0044c2b0 f   q_math.obj
 0001:0004b310       _Vector4Scale              0044c310 f   q_math.obj
 0001:0004b380       _Q_log2                    0044c380 f   q_math.obj
 0001:0004b3e0       _MatrixMultiply            0044c3e0 f   q_math.obj
 0001:0004b610       _AngleVectors              0044c610 f   q_math.obj
 0001:0004b890       _PerpendicularVector       0044c890 f   q_math.obj
 0001:0004b9a0       _Com_Clamp                 0044c9a0 f   q_shared.obj
 0001:0004ba00       _COM_SkipPath              0044ca00 f   q_shared.obj
 0001:0004ba70       _COM_StripExtension        0044ca70 f   q_shared.obj
 0001:0004bae0       _COM_DefaultExtension      0044cae0 f   q_shared.obj
 0001:0004bbb0       _ShortSwap                 0044cbb0 f   q_shared.obj
 0001:0004bc20       _ShortNoSwap               0044cc20 f   q_shared.obj
 0001:0004bc50       _LongSwap                  0044cc50 f   q_shared.obj
 0001:0004bd00       _LongNoSwap                0044cd00 f   q_shared.obj
 0001:0004bd30       _Long64Swap                0044cd30 f   q_shared.obj
 0001:0004bda0       _Long64NoSwap              0044cda0 f   q_shared.obj
 0001:0004bdd0       _FloatSwap                 0044cdd0 f   q_shared.obj
 0001:0004be30       _FloatNoSwap               0044ce30 f   q_shared.obj
 0001:0004be60       _COM_BeginParseSession     0044ce60 f   q_shared.obj
 0001:0004bed0       _COM_GetCurrentParseLine   0044ced0 f   q_shared.obj
 0001:0004bf00       _COM_Parse                 0044cf00 f   q_shared.obj
 0001:0004bf50       _COM_ParseError            0044cf50 f   q_shared.obj
 0001:0004bfe0       _COM_ParseWarning          0044cfe0 f   q_shared.obj
 0001:0004c070       _COM_Compress              0044d070 f   q_shared.obj
 0001:0004c310       _COM_ParseExt              0044d310 f   q_shared.obj
 0001:0004c670       _COM_MatchToken            0044d670 f   q_shared.obj
 0001:0004c6f0       _SkipBracedSection         0044d6f0 f   q_shared.obj
 0001:0004c7a0       _SkipRestOfLine            0044d7a0 f   q_shared.obj
 0001:0004c820       _Parse1DMatrix             0044d820 f   q_shared.obj
 0001:0004c8d0       _Parse2DMatrix             0044d8d0 f   q_shared.obj
 0001:0004c980       _Parse3DMatrix             0044d980 f   q_shared.obj
 0001:0004ca30       _Q_isprint                 0044da30 f   q_shared.obj
 0001:0004ca80       _Q_islower                 0044da80 f   q_shared.obj
 0001:0004cad0       _Q_isupper                 0044dad0 f   q_shared.obj
 0001:0004cb20       _Q_isalpha                 0044db20 f   q_shared.obj
 0001:0004cb70       _Q_strrchr                 0044db70 f   q_shared.obj
 0001:0004cc00       _Q_strncpyz                0044dc00 f   q_shared.obj
 0001:0004ccb0       _Q_stricmpn                0044dcb0 f   q_shared.obj
 0001:0004cdd0       _Q_strncmp                 0044ddd0 f   q_shared.obj
 0001:0004ce70       _Q_stricmp                 0044de70 f   q_shared.obj
 0001:0004cee0       _Q_strlwr                  0044dee0 f   q_shared.obj
 0001:0004cf60       _Q_strupr                  0044df60 f   q_shared.obj
 0001:0004cfe0       _Q_strcat                  0044dfe0 f   q_shared.obj
 0001:0004d070       _Q_PrintStrlen             0044e070 f   q_shared.obj
 0001:0004d120       _Q_CleanStr                0044e120 f   q_shared.obj
 0001:0004d1f0       _Com_sprintf               0044e1f0 f   q_shared.obj
 0001:0004d2d0       _va                        0044e2d0 f   q_shared.obj
 0001:0004d360       _Info_ValueForKey          0044e360 f   q_shared.obj
 0001:0004d570       _Info_NextPair             0044e570 f   q_shared.obj
 0001:0004d690       _Info_RemoveKey            0044e690 f   q_shared.obj
 0001:0004d880       _Info_RemoveKey_Big        0044e880 f   q_shared.obj
 0001:0004da70       _Info_Validate             0044ea70 f   q_shared.obj
 0001:0004dae0       _Info_SetValueForKey       0044eae0 f   q_shared.obj
 0001:0004dcf0       _Info_SetValueForKey_Big   0044ecf0 f   q_shared.obj
 0001:0004dee0       _S_AdpcmEncode             0044eee0 f   snd_adpcm.obj
 0001:0004e170       _S_AdpcmDecode             0044f170 f   snd_adpcm.obj
 0001:0004e390       _S_AdpcmMemoryNeeded       0044f390 f   snd_adpcm.obj
 0001:0004e440       _S_AdpcmGetSamples         0044f440 f   snd_adpcm.obj
 0001:0004e4c0       _S_AdpcmEncodeSound        0044f4c0 f   snd_adpcm.obj
 0001:0004e5f0       _S_SoundInfo_f             0044f5f0 f   snd_dma.obj
 0001:0004e750       _S_Init                    0044f750 f   snd_dma.obj
 0001:0004e9f0       _S_ChannelFree             0044f9f0 f   snd_dma.obj
 0001:0004ea40       _S_ChannelMalloc           0044fa40 f   snd_dma.obj
 0001:0004eab0       _S_ChannelSetup            0044fab0 f   snd_dma.obj
 0001:0004eb70       _S_Shutdown                0044fb70 f   snd_dma.obj
 0001:0004ec20       _S_DefaultSound            0044fc20 f   snd_dma.obj
 0001:0004ecc0       _S_DisableSounds           0044fcc0 f   snd_dma.obj
 0001:0004ed10       _S_BeginRegistration       0044fd10 f   snd_dma.obj
 0001:0004edc0       _S_RegisterSound           0044fdc0 f   snd_dma.obj
 0001:0004f1b0       _S_memoryLoad              004501b0 f   snd_dma.obj
 0001:0004f210       _S_SpatializeOrigin        00450210 f   snd_dma.obj
 0001:0004f3f0       _S_StartSound              004503f0 f   snd_dma.obj
 0001:0004f860       _S_StartLocalSound         00450860 f   snd_dma.obj
 0001:0004f900       _S_ClearSoundBuffer        00450900 f   snd_dma.obj
 0001:0004fa00       _S_StopAllSounds           00450a00 f   snd_dma.obj
 0001:0004fa50       _S_StopLoopingSound        00450a50 f   snd_dma.obj
 0001:0004faa0       _S_ClearLoopingSounds      00450aa0 f   snd_dma.obj
 0001:0004fb70       _S_AddLoopingSound         00450b70 f   snd_dma.obj
 0001:0004fff0       _S_AddRealLoopingSound     00450ff0 f   snd_dma.obj
 0001:000501a0       _S_AddLoopSounds           004511a0 f   snd_dma.obj
 0001:00050470       _S_ByteSwapRawSamples      00451470 f   snd_dma.obj
 0001:00050500       _S_GetRawSamplePointer     00451500 f   snd_dma.obj
 0001:00050530       _S_RawSamples              00451530 f   snd_dma.obj
 0001:000509c0       _S_UpdateEntityPosition    004519c0 f   snd_dma.obj
 0001:00050a60       _S_Respatialize            00451a60 f   snd_dma.obj
 0001:00050c90       _S_ScanChannelStarts       00451c90 f   snd_dma.obj
 0001:00050d70       _S_Update                  00451d70 f   snd_dma.obj
 0001:00050eb0       _S_GetSoundtime            00451eb0 f   snd_dma.obj
 0001:00050fd0       _S_Update_                 00451fd0 f   snd_dma.obj
 0001:00051180       _S_Play_f                  00452180 f   snd_dma.obj
 0001:000512a0       _S_Music_f                 004522a0 f   snd_dma.obj
 0001:00051360       _S_SoundList_f             00452360 f   snd_dma.obj
 0001:000514e0       _FGetLittleLong            004524e0 f   snd_dma.obj
 0001:00051530       _FGetLittleShort           00452530 f   snd_dma.obj
 0001:00051580       _S_FindWavChunk            00452580 f   snd_dma.obj
 0001:00051650       _S_StopBackgroundTrack     00452650 f   snd_dma.obj
 0001:000516d0       _S_StartBackgroundTrack    004526d0 f   snd_dma.obj
 0001:00051a40       _S_UpdateBackgroundTrack   00452a40 f   snd_dma.obj
 0001:00051d10       _S_FreeOldestSound         00452d10 f   snd_dma.obj
 0001:00051e40       _SND_free                  00452e40 f   snd_mem.obj
 0001:00051ea0       _SND_malloc                00452ea0 f   snd_mem.obj
 0001:00051f40       _SND_setup                 00452f40 f   snd_mem.obj
 0001:00052080       _S_LoadSound               00453080 f   snd_mem.obj
 0001:000529f0       _S_DisplayFreeMemory       004539f0 f   snd_mem.obj
 0001:00052a50       _S_WriteLinearBlastStereo16 00453a50 f   snd_mix.obj
 0001:00052af0       _S_TransferStereo16        00453af0 f   snd_mix.obj
 0001:00052c00       _S_TransferPaintBuffer     00453c00 f   snd_mix.obj
 0001:00052ea0       _S_PaintChannelFromWavelet 00453ea0 f   snd_mix.obj
 0001:00053090       _S_PaintChannelFromADPCM   00454090 f   snd_mix.obj
 0001:000532a0       _S_PaintChannelFromMuLaw   004542a0 f   snd_mix.obj
 0001:00053530       _S_PaintChannels           00454530 f   snd_mix.obj
 0001:00053dd0       _daub4                     00454dd0 f   snd_wavelet.obj
 0001:00054370       _wt1                       00455370 f   snd_wavelet.obj
 0001:00054440       _MuLawEncode               00455440 f   snd_wavelet.obj
 0001:00054530       _MuLawDecode               00455530 f   snd_wavelet.obj
 0001:000545f0       _NXPutc                    004555f0 f   snd_wavelet.obj
 0001:00054640       _encodeWavelet             00455640 f   snd_wavelet.obj
 0001:00054960       _decodeWavelet             00455960 f   snd_wavelet.obj
 0001:00054ac0       _encodeMuLaw               00455ac0 f   snd_wavelet.obj
 0001:00054cb0       _decodeMuLaw               00455cb0 f   snd_wavelet.obj
 0001:00054d40       _SV_BotAllocateClient      00455d40 f   sv_bot.obj
 0001:00054e50       _SV_BotFreeClient          00455e50 f   sv_bot.obj
 0001:00054f20       _BotDrawDebugPolygons      00455f20 f   sv_bot.obj
 0001:00055190       _BotImport_Print           00456190 f   sv_bot.obj
 0001:00055300       _BotImport_Trace           00456300 f   sv_bot.obj
 0001:00055430       _BotImport_EntityTrace     00456430 f   sv_bot.obj
 0001:00055560       _BotImport_PointContents   00456560 f   sv_bot.obj
 0001:000555b0       _BotImport_inPVS           004565b0 f   sv_bot.obj
 0001:00055600       _BotImport_BSPEntityData   00456600 f   sv_bot.obj
 0001:00055640       _BotImport_BSPModelMinsMaxsOrigin 00456640 f   sv_bot.obj
 0001:000557c0       _BotImport_GetMemory       004567c0 f   sv_bot.obj
 0001:00055830       _BotImport_FreeMemory      00456830 f   sv_bot.obj
 0001:00055880       _BotImport_HunkAlloc       00456880 f   sv_bot.obj
 0001:00055900       _BotImport_DebugPolygonCreate 00456900 f   sv_bot.obj
 0001:00055a00       _BotImport_DebugPolygonShow 00456a00 f   sv_bot.obj
 0001:00055aa0       _BotImport_DebugPolygonDelete 00456aa0 f   sv_bot.obj
 0001:00055af0       _BotImport_DebugLineCreate 00456af0 f   sv_bot.obj
 0001:00055b40       _BotImport_DebugLineDelete 00456b40 f   sv_bot.obj
 0001:00055b90       _BotImport_DebugLineShow   00456b90 f   sv_bot.obj
 0001:00055ec0       _BotClientCommand          00456ec0 f   sv_bot.obj
 0001:00055f20       _SV_BotFrame               00456f20 f   sv_bot.obj
 0001:00055f90       _SV_BotLibSetup            00456f90 f   sv_bot.obj
 0001:00056010       _SV_BotLibShutdown         00457010 f   sv_bot.obj
 0001:00056070       _SV_BotInitCvars           00457070 f   sv_bot.obj
 0001:000563c0       _SV_BotInitBotLib          004573c0 f   sv_bot.obj
 0001:000565c0       _SV_BotGetConsoleMessage   004575c0 f   sv_bot.obj
 0001:000566c0       _SV_BotGetSnapshotEntity   004576c0 f   sv_bot.obj
 0001:00056770       _SV_Heartbeat_f            00457770 f   sv_ccmds.obj
 0001:000567b0       _SV_AddOperatorCommands    004577b0 f   sv_ccmds.obj
 0001:00058070       _SV_RemoveOperatorCommands 00459070 f   sv_ccmds.obj
 0001:000580a0       _SV_GetChallenge           004590a0 f   sv_client.obj
 0001:00058580       _SV_AuthorizeIpPacket      00459580 f   sv_client.obj
 0001:00058980       _SV_DirectConnect          00459980 f   sv_client.obj
 0001:00059640       _SV_DropClient             0045a640 f   sv_client.obj
 0001:000598c0       _SV_SendClientGameState    0045a8c0 f   sv_client.obj
 0001:00059ba0       _SV_ClientEnterWorld       0045aba0 f   sv_client.obj
 0001:00059d90       _SV_StopDownload_f         0045ad90 f   sv_client.obj
 0001:00059e20       _SV_DoneDownload_f         0045ae20 f   sv_client.obj
 0001:00059e80       _SV_NextDownload_f         0045ae80 f   sv_client.obj
 0001:00059fd0       _SV_BeginDownload_f        0045afd0 f   sv_client.obj
 0001:0005a040       _SV_WriteDownloadToClient  0045b040 f   sv_client.obj
 0001:0005af30       _SV_UserinfoChanged        0045bf30 f   sv_client.obj
 0001:0005b310       _SV_ExecuteClientCommand   0045c310 f   sv_client.obj
 0001:0005b450       _SV_ClientThink            0045c450 f   sv_client.obj
 0001:0005b4e0       _SV_ExecuteClientMessage   0045c4e0 f   sv_client.obj
 0001:0005bc90       _SV_GameError              0045cc90 f   sv_game.obj
 0001:0005bce0       _SV_GamePrint              0045cce0 f   sv_game.obj
 0001:0005bd30       _SV_NumForGentity          0045cd30 f   sv_game.obj
 0001:0005bd80       _SV_GentityNum             0045cd80 f   sv_game.obj
 0001:0005bdd0       _SV_GameClientNum          0045cdd0 f   sv_game.obj
 0001:0005be20       _SV_SvEntityForGentity     0045ce20 f   sv_game.obj
 0001:0005bea0       _SV_GEntityForSvEntity     0045cea0 f   sv_game.obj
 0001:0005bf00       _SV_GameSendServerCommand  0045cf00 f   sv_game.obj
 0001:0005bfa0       _SV_GameDropClient         0045cfa0 f   sv_game.obj
 0001:0005c020       _SV_SetBrushModel          0045d020 f   sv_game.obj
 0001:0005c170       _SV_inPVS                  0045d170 f   sv_game.obj
 0001:0005c280       _SV_inPVSIgnorePortals     0045d280 f   sv_game.obj
 0001:0005c380       _SV_AdjustAreaPortalState  0045d380 f   sv_game.obj
 0001:0005c400       _SV_EntityContact          0045d400 f   sv_game.obj
 0001:0005c4b0       _SV_GetServerinfo          0045d4b0 f   sv_game.obj
 0001:0005c530       _SV_LocateGameData         0045d530 f   sv_game.obj
 0001:0005c590       _SV_GetUsercmd             0045d590 f   sv_game.obj
 0001:0005c620       _SV_GameSystemCalls        0045d620 f   sv_game.obj
 0001:0005fe00       _SV_ShutdownGameProgs      00460e00 f   sv_game.obj
 0001:0005fe80       _SV_RestartGameProgs       00460e80 f   sv_game.obj
 0001:0005ffe0       _SV_InitGameProgs          00460fe0 f   sv_game.obj
 0001:000600c0       _SV_GameCommand            004610c0 f   sv_game.obj
 0001:00060120       _SV_SetConfigstring        00461120 f   sv_init.obj
 0001:000603b0       _SV_GetConfigstring        004613b0 f   sv_init.obj
 0001:00060470       _SV_SetUserinfo            00461470 f   sv_init.obj
 0001:00060550       _SV_GetUserinfo            00461550 f   sv_init.obj
 0001:00060600       _SV_CreateBaseline         00461600 f   sv_init.obj
 0001:000606b0       _SV_BoundMaxClients        004616b0 f   sv_init.obj
 0001:00060780       _SV_Startup                00461780 f   sv_init.obj
 0001:00060890       _SV_ChangeMaxClients       00461890 f   sv_init.obj
 0001:00060b50       _SV_ClearServer            00461b50 f   sv_init.obj
 0001:00060bf0       _SV_TouchCGame             00461bf0 f   sv_init.obj
 0001:00060c80       _SV_SpawnServer            00461c80 f   sv_init.obj
 0001:000613b0       _SV_Init                   004623b0 f   sv_init.obj
 0001:000618c0       _SV_FinalMessage           004628c0 f   sv_init.obj
 0001:000619d0       _SV_Shutdown               004629d0 f   sv_init.obj
 0001:00061b00       _SV_ExpandNewlines         00462b00 f   sv_main.obj
 0001:00061bd0       _SV_ReplacePendingServerCommands 00462bd0 f   sv_main.obj
 0001:00061d10       _SV_AddServerCommand       00462d10 f   sv_main.obj
 0001:00061e70       _SV_SendServerCommand      00462e70 f   sv_main.obj
 0001:00061ff0       _SV_MasterHeartbeat        00462ff0 f   sv_main.obj
 0001:00062310       _SV_MasterShutdown         00463310 f   sv_main.obj
 0001:00062370       _SVC_Status                00463370 f   sv_main.obj
 0001:00062640       _SVC_Info                  00463640 f   sv_main.obj
 0001:000629a0       _SV_FlushRedirect          004639a0 f   sv_main.obj
 0001:00062a00       _SVC_RemoteCommand         00463a00 f   sv_main.obj
 0001:00062cb0       _SV_ConnectionlessPacket   00463cb0 f   sv_main.obj
 0001:00062f60       _SV_PacketEvent            00463f60 f   sv_main.obj
 0001:00063170       _SV_CalcPings              00464170 f   sv_main.obj
 0001:00063380       _SV_CheckTimeouts          00464380 f   sv_main.obj
 0001:00063520       _SV_CheckPaused            00464520 f   sv_main.obj
 0001:00063640       _SV_Frame                  00464640 f   sv_main.obj
 0001:00063980       _SV_Netchan_TransmitNextFragment 00464980 f   sv_net_chan.obj
 0001:00063cc0       _SV_Netchan_Transmit       00464cc0 f   sv_net_chan.obj
 0001:00063e10       _SV_Netchan_Process        00464e10 f   sv_net_chan.obj
 0001:00064080       _SV_UpdateServerCommandsToClient 00465080 f   sv_snapshot.obj
 0001:00064150       _SV_SendMessageToClient    00465150 f   sv_snapshot.obj
 0001:00064410       _SV_SendClientSnapshot     00465410 f   sv_snapshot.obj
 0001:00065400       _SV_SendClientMessages     00466400 f   sv_snapshot.obj
 0001:00065510       _SV_ClipHandleForEntity    00466510 f   sv_world.obj
 0001:000655d0       _SV_SectorList_f           004665d0 f   sv_world.obj
 0001:00065690       _SV_CreateworldSector      00466690 f   sv_world.obj
 0001:000658b0       _SV_ClearWorld             004668b0 f   sv_world.obj
 0001:00065950       _SV_UnlinkEntity           00466950 f   sv_world.obj
 0001:00065a40       _SV_LinkEntity             00466a40 f   sv_world.obj
 0001:000662e0       _SV_AreaEntities_r         004672e0 f   sv_world.obj
 0001:00066500       _SV_AreaEntities           00467500 f   sv_world.obj
 0001:00066580       _SV_ClipToEntity           00467580 f   sv_world.obj
 0001:000666b0       _SV_ClipMoveToEntities     004676b0 f   sv_world.obj
 0001:000669e0       _SV_Trace                  004679e0 f   sv_world.obj
 0001:00066c30       _SV_PointContents          00467c30 f   sv_world.obj
 0001:00066de0       _unzStringFileNameCompare  00467de0 f   unzip.obj
 0001:00066f60       _unzlocal_SearchCentralDir 00467f60 f   unzip.obj
 0001:000671a0       _unzReOpen                 004681a0 f   unzip.obj
 0001:00067250       _unzOpen                   00468250 f   unzip.obj
 0001:00067660       _unzClose                  00468660 f   unzip.obj
 0001:000676f0       _unzGetGlobalInfo          004686f0 f   unzip.obj
 0001:00067750       _unzGetCurrentFileInfo     00468750 f   unzip.obj
 0001:00067e00       _unzGoToFirstFile          00468e00 f   unzip.obj
 0001:00067ec0       _unzGoToNextFile           00468ec0 f   unzip.obj
 0001:00067fd0       _unzGetCurrentFileInfoPosition 00468fd0 f   unzip.obj
 0001:00068020       _unzSetCurrentFileInfoPosition 00469020 f   unzip.obj
 0001:000680c0       _unzLocateFile             004690c0 f   unzip.obj
 0001:00068210       _unzOpenCurrentFile        00469210 f   unzip.obj
 0001:00068820       _unzReadCurrentFile        00469820 f   unzip.obj
 0001:00068bc0       _unztell                   00469bc0 f   unzip.obj
 0001:00068c30       _unzeof                    00469c30 f   unzip.obj
 0001:00068ca0       _unzGetLocalExtrafield     00469ca0 f   unzip.obj
 0001:00068dc0       _unzCloseCurrentFile       00469dc0 f   unzip.obj
 0001:00068eb0       _unzGetGlobalComment       00469eb0 f   unzip.obj
 0001:0006e660       _VM_VM2C                   0046f660 f   vm.obj
 0001:0006e690       _VM_Debug                  0046f690 f   vm.obj
 0001:0006e6c0       _VM_Init                   0046f6c0 f   vm.obj
 0001:0006e790       _VM_ValueToSymbol          0046f790 f   vm.obj
 0001:0006e860       _VM_ValueToFunctionSymbol  0046f860 f   vm.obj
 0001:0006e8d0       _VM_SymbolToValue          0046f8d0 f   vm.obj
 0001:0006e950       _VM_SymbolForCompiledPointer 0046f950 f   vm.obj
 0001:0006ea20       _ParseHex                  0046fa20 f   vm.obj
 0001:0006eaf0       _VM_LoadSymbols            0046faf0 f   vm.obj
 0001:0006ee40       _VM_DllSyscall             0046fe40 f   vm.obj
 0001:0006eea0       _VM_Restart                0046fea0 f   vm.obj
 0001:0006f160       _VM_Create                 00470160 f   vm.obj
 0001:0006f6c0       _VM_Free                   004706c0 f   vm.obj
 0001:0006f760       _VM_Clear                  00470760 f   vm.obj
 0001:0006f830       _VM_ArgPtr                 00470830 f   vm.obj
 0001:0006f8b0       _VM_ExplicitArgPtr         004708b0 f   vm.obj
 0001:0006f930       _VM_Call                   00470930 f   vm.obj
 0001:0006faf0       _VM_VmProfile_f            00470af0 f   vm.obj
 0001:0006fd40       _VM_VmInfo_f               00470d40 f   vm.obj
 0001:0006fe90       _VM_LogSyscalls            00470e90 f   vm.obj
 0001:0006ff60       _VM_Indent                 00470f60 f   vm_interpreted.obj
 0001:0006ffc0       _VM_StackTrace             00470fc0 f   vm_interpreted.obj
 0001:00070070       _VM_PrepareInterpreter     00471070 f   vm_interpreted.obj
 0001:00070360       _VM_CallInterpreted        00471360 f   vm_interpreted.obj
 0001:00071970       _AsmCall                   00472970 f   vm_x86.obj
 0001:00071a30       _EmitMovEBXEDI             00472a30 f   vm_x86.obj
 0001:00071e40       _VM_Compile                00472e40 f   vm_x86.obj
 0001:00074570       _VM_CallCompiled           00475570 f   vm_x86.obj
 0001:00074830       _IN_InitWin32Mouse         00475830 f   win_input.obj
 0001:00074860       _IN_ShutdownWin32Mouse     00475860 f   win_input.obj
 0001:00074890       _IN_ActivateWin32Mouse     00475890 f   win_input.obj
 0001:00074a00       _IN_DeactivateWin32Mouse   00475a00 f   win_input.obj
 0001:00074a80       _IN_Win32Mouse             00475a80 f   win_input.obj
 0001:00074b20       _IN_InitDIMouse            00475b20 f   win_input.obj
 0001:00074e00       _IN_ShutdownDIMouse        00475e00 f   win_input.obj
 0001:00074eb0       _IN_ActivateDIMouse        00475eb0 f   win_input.obj
 0001:00074f50       _IN_DeactivateDIMouse      00475f50 f   win_input.obj
 0001:00074fc0       _IN_DIMouse                00475fc0 f   win_input.obj
 0001:00075350       _IN_ActivateMouse          00476350 f   win_input.obj
 0001:000753f0       _IN_DeactivateMouse        004763f0 f   win_input.obj
 0001:00075460       _IN_StartupMouse           00476460 f   win_input.obj
 0001:000755a0       _IN_MouseEvent             004765a0 f   win_input.obj
 0001:000756d0       _IN_MouseMove              004766d0 f   win_input.obj
 0001:00075770       _IN_Startup                00476770 f   win_input.obj
 0001:00075800       _IN_Shutdown               00476800 f   win_input.obj
 0001:00075860       _IN_Init                   00476860 f   win_input.obj
 0001:000759f0       _IN_Activate               004769f0 f   win_input.obj
 0001:00075a40       _IN_Frame                  00476a40 f   win_input.obj
 0001:00075b40       _IN_ClearStates            00476b40 f   win_input.obj
 0001:00075b80       _IN_StartupJoystick        00476b80 f   win_input.obj
 0001:00075e50       _JoyToF                    00476e50 f   win_input.obj
 0001:00075ed0       _JoyToI                    00476ed0 f   win_input.obj
 0001:00075f10       _IN_JoyMove                00476f10 f   win_input.obj
 0001:00076a10       _Spk_Open                  00477a10 f   win_main.obj
 0001:00076a70       _Spk_Close                 00477a70 f   win_main.obj
 0001:00076ad0       _Spk_Printf                00477ad0 f   win_main.obj
 0001:00076b90       _Sys_LowPhysicalMemory     00477b90 f   win_main.obj
 0001:00076bf0       _Sys_BeginProfiling        00477bf0 f   win_main.obj
 0001:00076c20       _Sys_Error                 00477c20 f   win_main.obj
 0001:00076d80       _Sys_Quit                  00477d80 f   win_main.obj
 0001:00076de0       _Sys_Print                 00477de0 f   win_main.obj
 0001:00076e30       _Sys_Mkdir                 00477e30 f   win_main.obj
 0001:00076e80       _Sys_Cwd                   00477e80 f   win_main.obj
 0001:00076ee0       _Sys_DefaultCDPath         00477ee0 f   win_main.obj
 0001:00076f10       _Sys_DefaultBasePath       00477f10 f   win_main.obj
 0001:00076f50       _Sys_ListFilteredFiles     00477f50 f   win_main.obj
 0001:000771f0       _Sys_ListFiles             004781f0 f   win_main.obj
 0001:000777c0       _Sys_FreeFileList          004787c0 f   win_main.obj
 0001:00077850       _Sys_ScanForCD             00478850 f   win_main.obj
 0001:00077a00       _Sys_CheckCD               00478a00 f   win_main.obj
 0001:00077a30       _Sys_GetClipboardData      00478a30 f   win_main.obj
 0001:00077b90       _Sys_UnloadDll             00478b90 f   win_main.obj
 0001:00077c00       _Sys_LoadDll               00478c00 f   win_main.obj
 0001:00077eb0       _Sys_InitStreamThread      00478eb0 f   win_main.obj
 0001:00077ee0       _Sys_ShutdownStreamThread  00478ee0 f   win_main.obj
 0001:00077f10       _Sys_BeginStreamedFile     00478f10 f   win_main.obj
 0001:00077f40       _Sys_EndStreamedFile       00478f40 f   win_main.obj
 0001:00077f70       _Sys_StreamedRead          00478f70 f   win_main.obj
 0001:00077fd0       _Sys_StreamSeek            00478fd0 f   win_main.obj
 0001:00078020       _Sys_QueEvent              00479020 f   win_main.obj
 0001:00078130       _Sys_GetEvent              00479130 f   win_main.obj
 0001:00078440       _Sys_In_Restart_f          00479440 f   win_main.obj
 0001:00078480       _Sys_Net_Restart_f         00479480 f   win_main.obj
 0001:000784c0       _Sys_Init                  004794c0 f   win_main.obj
 0001:00078a50       _WinMain@16                00479a50 f   win_main.obj
 0001:00078c10       _NET_ErrorString           00479c10 f   win_net.obj
 0001:00079050       _NetadrToSockadr           0047a050 f   win_net.obj
 0001:000791d0       _SockadrToNetadr           0047a1d0 f   win_net.obj
 0001:000792b0       _Sys_StringToSockaddr      0047a2b0 f   win_net.obj
 0001:000796a0       _Sys_StringToAdr           0047a6a0 f   win_net.obj
 0001:00079710       _Sys_GetPacket             0047a710 f   win_net.obj
 0001:000799e0       _Sys_SendPacket            0047a9e0 f   win_net.obj
 0001:00079bb0       _Sys_IsLANAddress          0047abb0 f   win_net.obj
 0001:00079ee0       _Sys_ShowIP                0047aee0 f   win_net.obj
 0001:00079f90       _NET_IPSocket              0047af90 f   win_net.obj
 0001:0007a1a0       _NET_OpenSocks             0047b1a0 f   win_net.obj
 0001:0007a7e0       _NET_GetLocalAddress       0047b7e0 f   win_net.obj
 0001:0007aa70       _NET_OpenIP                0047ba70 f   win_net.obj
 0001:0007aba0       _NET_IPXSocket             0047bba0 f   win_net.obj
 0001:0007ad50       _NET_OpenIPX               0047bd50 f   win_net.obj
 0001:0007add0       _NET_Config                0047bdd0 f   win_net.obj
 0001:0007b1a0       _NET_Init                  0047c1a0 f   win_net.obj
 0001:0007b240       _NET_Shutdown              0047c240 f   win_net.obj
 0001:0007b2a0       _NET_Sleep                 0047c2a0 f   win_net.obj
 0001:0007b2d0       _NET_Restart               0047c2d0 f   win_net.obj
 0001:0007b320       _Sys_Milliseconds          0047c320 f   win_shared.obj
 0001:0007b3b0       _fastftol                  0047c3b0 f   win_shared.obj
 0001:0007b400       _Sys_SnapVector            0047c400 f   win_shared.obj
 0001:0007b4a0       _Sys_GetProcessorId        0047c4a0 f   win_shared.obj
 0001:0007b7f0       _Sys_GetCurrentUser        0047c7f0 f   win_shared.obj
 0001:0007b890       _Sys_DefaultHomePath       0047c890 f   win_shared.obj
 0001:0007b8c0       _Sys_DefaultInstallPath    0047c8c0 f   win_shared.obj
 0001:0007b900       _SNDDMA_Shutdown           0047c900 f   win_snd.obj
 0001:0007bb50       _SNDDMA_Init               0047cb50 f   win_snd.obj
 0001:0007bbf0       _SNDDMA_InitDS             0047cbf0 f   win_snd.obj
 0001:0007c0f0       _SNDDMA_GetDMAPos          0047d0f0 f   win_snd.obj
 0001:0007c1a0       _SNDDMA_BeginPainting      0047d1a0 f   win_snd.obj
 0001:0007c400       _SNDDMA_Submit             0047d400 f   win_snd.obj
 0001:0007c480       _SNDDMA_Activate           0047d480 f   win_snd.obj
 0001:0007c510       _InputLineWndProc@16       0047d510 f   win_syscon.obj
 0001:0007c6c0       _Sys_CreateConsole         0047d6c0 f   win_syscon.obj
 0001:0007d290       _Sys_DestroyConsole        0047e290 f   win_syscon.obj
 0001:0007d330       _Sys_ShowConsole           0047e330 f   win_syscon.obj
 0001:0007d460       _Sys_ConsoleInput          0047e460 f   win_syscon.obj
 0001:0007d4d0       _Conbuf_AppendText         0047e4d0 f   win_syscon.obj
 0001:0007d880       _Sys_SetErrorText          0047e880 f   win_syscon.obj
 0001:0007d9a0       _MainWndProc@16            0047e9a0 f   win_wndproc.obj
 0001:0007e676       _GetProcAddress@8          0047f676 f   kernel32:KERNEL32.dll
 0001:0007e67c       _LoadLibraryA@4            0047f67c f   kernel32:KERNEL32.dll
 0001:0007e682       _GlobalMemoryStatus@4      0047f682 f   kernel32:KERNEL32.dll
 0001:0007e688       _GetDriveTypeA@4           0047f688 f   kernel32:KERNEL32.dll
 0001:0007e68e       _GlobalUnlock@4            0047f68e f   kernel32:KERNEL32.dll
 0001:0007e694       _GlobalSize@4              0047f694 f   kernel32:KERNEL32.dll
 0001:0007e69a       _GlobalLock@4              0047f69a f   kernel32:KERNEL32.dll
 0001:0007e6a0       _FreeLibrary@4             0047f6a0 f   kernel32:KERNEL32.dll
 0001:0007e6a6       _GetVersionExA@4           0047f6a6 f   kernel32:KERNEL32.dll
 0001:0007e6ac       _Sleep@4                   0047f6ac f   kernel32:KERNEL32.dll
 0001:0007e6b2       _SetErrorMode@4            0047f6b2 f   kernel32:KERNEL32.dll
[...]
 0003:00903e94       _qglLockArraysEXT          00f1de94     <common>
 0003:00903e98       _r_simpleMipMaps           00f1de98     <common>
 0003:00903e9c       _r_fullbright              00f1de9c     <common>
 0003:00903ea0       _r_drawworld               00f1dea0     <common>
 0003:00903ea4       _r_lockpvs                 00f1dea4     <common>
 0003:00903ea8       _r_ignore                  00f1dea8     <common>
 0003:00903eac       _qglUnlockArraysEXT        00f1deac     <common>
 0003:00903eb0       ___alternate_form          00f1deb0     <common>
 0003:00903ec0       ___no_lead_zeros           00f1dec0     <common>
 0003:00903ec4       ___mbcodepage              00f1dec4     <common>
 0003:00903f40       ___mbulinfo                00f1df40     <common>
 0003:00903f4c       ___ismbcodepage            00f1df4c     <common>
 0003:00903f60       __mbcasemap                00f1df60     <common>
 0003:00904060       __mbctype                  00f1e060     <common>
 0003:00904164       ___mblcid                  00f1e164     <common>
 0003:00904180       ___pioinfo                 00f1e180     <common>
 0003:009042bc       __nhandle                  00f1e2bc     <common>
 0003:009042c0       ___sbh_sizeHeaderList      00f1e2c0     <common>
 0003:009042d0       ___sbh_indGroupDefer       00f1e2d0     <common>
 0003:009042d4       ___sbh_pHeaderScan         00f1e2d4     <common>
 0003:009042d8       ___sbh_pHeaderDefer        00f1e2d8     <common>
 0003:009042dc       ___sbh_cntHeaderList       00f1e2dc     <common>
 0003:009042e0       ___sbh_pHeaderList         00f1e2e0     <common>
 0003:009042e4       __crtheap                  00f1e2e4     <common>
 0003:009042f0       ___setlc_active            00f1e2f0     <common>
 0003:00904300       ___unguarded_readlc_active 00f1e300     <common>
 0003:00904304       ___piob                    00f1e304     <common>
 0003:00904660       __bufin                    00f1e660     <common>
 0003:00905660       __nstream                  00f1f660     <common>
 0003:00905664       __pfnReportHook            00f1f664     <common>
 0003:00905670       __acmdln                   00f1f670     <common>
 0003:0090567c       ___env_initialized         00f1f67c     <common>
 0003:0090568c       ___mbctype_initialized     00f1f68c     <common>
 0003:00905690       ___onexitend               00f1f690     <common>
 0003:00905694       ___onexitbegin             00f1f694     <common>
 0003:00905698       __pfnDumpClient            00f1f698     <common>
 0003:009056a4       __setjmpexused             00f1f6a4     <common>
 0004:00000000       __IMPORT_DESCRIPTOR_KERNEL32 00f20000     kernel32:KERNEL32.dll
 0004:00000014       __IMPORT_DESCRIPTOR_USER32 00f20014     user32:USER32.dll
 0004:00000028       __IMPORT_DESCRIPTOR_GDI32  00f20028     gdi32:GDI32.dll
 0004:0000003c       __IMPORT_DESCRIPTOR_ADVAPI32 00f2003c     advapi32:ADVAPI32.dll
 0004:00000050       __IMPORT_DESCRIPTOR_ole32  00f20050     ole32:ole32.dll
 0004:00000064       __IMPORT_DESCRIPTOR_WINMM  00f20064     winmm:WINMM.dll
 0004:00000078       __IMPORT_DESCRIPTOR_WSOCK32 00f20078     wsock32:WSOCK32.dll
 0004:0000008c       __NULL_IMPORT_DESCRIPTOR   00f2008c     kernel32:KERNEL32.dll
 0004:00000570       __imp__GetUserNameA@8      00f20570     advapi32:ADVAPI32.dll
 0004:00000574       \177ADVAPI32_NULL_THUNK_DATA 00f20574     advapi32:ADVAPI32.dll
 0004:000005a0       __imp__CreateFontA@56      00f205a0     gdi32:GDI32.dll
 0004:000005a4       __imp__SetDeviceGammaRamp@8 00f205a4     gdi32:GDI32.dll
 0004:000005a8       __imp__GetDeviceGammaRamp@8 00f205a8     gdi32:GDI32.dll
 0004:000005ac       __imp__SetTextColor@8      00f205ac     gdi32:GDI32.dll
 0004:000005b0       __imp__SetBkColor@8        00f205b0     gdi32:GDI32.dll
 0004:000005b4       __imp__CreateSolidBrush@4  00f205b4     gdi32:GDI32.dll
 0004:000005b8       __imp__GetDeviceCaps@8     00f205b8     gdi32:GDI32.dll
 0004:000005bc       __imp__DescribePixelFormat@16 00f205bc     gdi32:GDI32.dll
 0004:000005c0       __imp__SwapBuffers@4       00f205c0     gdi32:GDI32.dll
 0004:000005c4       __imp__SetPixelFormat@12   00f205c4     gdi32:GDI32.dll
 0004:000005c8       \177GDI32_NULL_THUNK_DATA  00f205c8     gdi32:GDI32.dll
 0004:000005fc       __imp__GlobalLock@4        00f205fc     kernel32:KERNEL32.dll
 0004:00000600       __imp__MulDiv@12           00f20600     kernel32:KERNEL32.dll
 0004:00000604       __imp__SetErrorMode@4      00f20604     kernel32:KERNEL32.dll
 0004:00000608       __imp__Sleep@4             00f20608     kernel32:KERNEL32.dll
 0004:0000060c       __imp__GetVersionExA@4     00f2060c     kernel32:KERNEL32.dll
 0004:00000610       __imp__GlobalMemoryStatus@4 00f20610     kernel32:KERNEL32.dll
 0004:00000614       __imp__LoadLibraryA@4      00f20614     kernel32:KERNEL32.dll
 0004:00000618       __imp__FreeLibrary@4       00f20618     kernel32:KERNEL32.dll
 0004:0000061c       __imp__GetDriveTypeA@4     00f2061c     kernel32:KERNEL32.dll
 0004:00000620       __imp__GlobalSize@4        00f20620     kernel32:KERNEL32.dll
 0004:00000624       __imp__GlobalUnlock@4      00f20624     kernel32:KERNEL32.dll
 0004:00000628       __imp__GetSystemDirectoryA@8 00f20628     kernel32:KERNEL32.dll
 0004:0000062c       __imp__IsBadReadPtr@8      00f2062c     kernel32:KERNEL32.dll
 0004:00000630       __imp__HeapValidate@12     00f20630     kernel32:KERNEL32.dll
 0004:00000634       __imp__SetFilePointer@16   00f20634     kernel32:KERNEL32.dll
 0004:00000638       __imp__VirtualAlloc@16     00f20638     kernel32:KERNEL32.dll
 0004:0000063c       __imp__RtlUnwind@16        00f2063c     kernel32:KERNEL32.dll
 0004:00000640       __imp__GetCurrentThread@0  00f20640     kernel32:KERNEL32.dll
 0004:00000644       __imp__TlsGetValue@4       00f20644     kernel32:KERNEL32.dll
 0004:00000648       __imp__SetLastError@4      00f20648     kernel32:KERNEL32.dll
 0004:0000064c       __imp__TlsFree@4           00f2064c     kernel32:KERNEL32.dll
 0004:00000650       __imp__TlsAlloc@0          00f20650     kernel32:KERNEL32.dll
 0004:00000654       __imp__TlsSetValue@8       00f20654     kernel32:KERNEL32.dll
 0004:00000658       __imp__GetCurrentThreadId@0 00f20658     kernel32:KERNEL32.dll
 0004:0000065c       __imp__LCMapStringW@24     00f2065c     kernel32:KERNEL32.dll
 0004:00000660       __imp__LCMapStringA@24     00f20660     kernel32:KERNEL32.dll
 0004:00000664       __imp__WideCharToMultiByte@32 00f20664     kernel32:KERNEL32.dll
 0004:00000668       __imp__FatalAppExitA@8     00f20668     kernel32:KERNEL32.dll
 0004:0000066c       __imp__DeleteCriticalSection@4 00f2066c     kernel32:KERNEL32.dll
 0004:00000670       __imp__InitializeCriticalSection@4 00f20670     kernel32:KERNEL32.dll
 0004:00000674       __imp__RaiseException@16   00f20674     kernel32:KERNEL32.dll
 0004:00000678       __imp__LeaveCriticalSection@4 00f20678     kernel32:KERNEL32.dll
 0004:0000067c       __imp__EnterCriticalSection@4 00f2067c     kernel32:KERNEL32.dll
 0004:00000680       __imp__SetConsoleCtrlHandler@8 00f20680     kernel32:KERNEL32.dll
 0004:00000684       __imp__OutputDebugStringA@4 00f20684     kernel32:KERNEL32.dll
 0004:00000688       __imp__WriteFile@20        00f20688     kernel32:KERNEL32.dll
 0004:0000068c       __imp__GetStdHandle@4      00f2068c     kernel32:KERNEL32.dll
 0004:00000690       __imp__DebugBreak@0        00f20690     kernel32:KERNEL32.dll
 0004:00000694       __imp__MultiByteToWideChar@24 00f20694     kernel32:KERNEL32.dll
 0004:00000698       __imp__GetSystemTimeAsFileTime@4 00f20698     kernel32:KERNEL32.dll
 0004:0000069c       __imp__GetVersion@0        00f2069c     kernel32:KERNEL32.dll
 0004:000006a0       __imp__GetCommandLineA@0   00f206a0     kernel32:KERNEL32.dll
 0004:000006a4       __imp__GetStartupInfoA@4   00f206a4     kernel32:KERNEL32.dll
 0004:000006a8       __imp__GetModuleHandleA@4  00f206a8     kernel32:KERNEL32.dll
 0004:000006ac       __imp__FileTimeToLocalFileTime@8 00f206ac     kernel32:KERNEL32.dll
 0004:000006b0       __imp__FileTimeToSystemTime@8 00f206b0     kernel32:KERNEL32.dll
 0004:000006b4       __imp__FindClose@4         00f206b4     kernel32:KERNEL32.dll
 0004:000006b8       __imp__FindNextFileA@8     00f206b8     kernel32:KERNEL32.dll
 0004:000006bc       __imp__FindFirstFileA@8    00f206bc     kernel32:KERNEL32.dll
 0004:000006c0       __imp__GetFullPathNameA@16 00f206c0     kernel32:KERNEL32.dll
 0004:000006c4       __imp__GetCurrentDirectoryA@8 00f206c4     kernel32:KERNEL32.dll
 0004:000006c8       __imp__GetLocaleInfoW@16   00f206c8     kernel32:KERNEL32.dll
 0004:000006cc       __imp__SetEndOfFile@4      00f206cc     kernel32:KERNEL32.dll
 0004:000006d0       __imp__CreateFileA@28      00f206d0     kernel32:KERNEL32.dll
 0004:000006d4       __imp__GetOEMCP@0          00f206d4     kernel32:KERNEL32.dll
 0004:000006d8       __imp__GetACP@0            00f206d8     kernel32:KERNEL32.dll
 0004:000006dc       __imp__CompareStringW@24   00f206dc     kernel32:KERNEL32.dll
 0004:000006e0       __imp__CompareStringA@24   00f206e0     kernel32:KERNEL32.dll
 0004:000006e4       __imp__GetUserDefaultLCID@0 00f206e4     kernel32:KERNEL32.dll
 0004:000006e8       __imp__EnumSystemLocalesA@8 00f206e8     kernel32:KERNEL32.dll
 0004:000006ec       __imp__GetLocaleInfoA@16   00f206ec     kernel32:KERNEL32.dll
 0004:000006f0       __imp__IsValidCodePage@4   00f206f0     kernel32:KERNEL32.dll
 0004:000006f4       __imp__IsValidLocale@8     00f206f4     kernel32:KERNEL32.dll
 0004:000006f8       __imp__GetCPInfo@8         00f206f8     kernel32:KERNEL32.dll
 0004:000006fc       __imp__GetStringTypeW@16   00f206fc     kernel32:KERNEL32.dll
 0004:00000700       __imp__GetStringTypeA@20   00f20700     kernel32:KERNEL32.dll
 0004:00000704       __imp__SetEnvironmentVariableA@8 00f20704     kernel32:KERNEL32.dll
 0004:00000708       __imp__SetEnvironmentVariableW@8 00f20708     kernel32:KERNEL32.dll
 0004:0000070c       __imp__GetEnvironmentStringsW@0 00f2070c     kernel32:KERNEL32.dll
 0004:00000710       __imp__GetEnvironmentStrings@0 00f20710     kernel32:KERNEL32.dll
 0004:00000714       __imp__FreeEnvironmentStringsW@4 00f20714     kernel32:KERNEL32.dll
 0004:00000718       __imp__FreeEnvironmentStringsA@4 00f20718     kernel32:KERNEL32.dll
 0004:0000071c       __imp__UnhandledExceptionFilter@4 00f2071c     kernel32:KERNEL32.dll
 0004:00000720       __imp__SetStdHandle@8      00f20720     kernel32:KERNEL32.dll
 0004:00000724       __imp__ReadFile@20         00f20724     kernel32:KERNEL32.dll
 0004:00000728       __imp__CloseHandle@4       00f20728     kernel32:KERNEL32.dll
 0004:0000072c       __imp__GetFileType@4       00f2072c     kernel32:KERNEL32.dll
 0004:00000730       __imp__SetHandleCount@4    00f20730     kernel32:KERNEL32.dll
 0004:00000734       __imp__GetCurrentProcess@0 00f20734     kernel32:KERNEL32.dll
 0004:00000738       __imp__CreateDirectoryA@8  00f20738     kernel32:KERNEL32.dll
 0004:0000073c       __imp__VirtualFree@12      00f2073c     kernel32:KERNEL32.dll
 0004:00000740       __imp__HeapCreate@12       00f20740     kernel32:KERNEL32.dll
 0004:00000744       __imp__HeapDestroy@4       00f20744     kernel32:KERNEL32.dll
 0004:00000748       __imp__HeapFree@12         00f20748     kernel32:KERNEL32.dll
 0004:0000074c       __imp__HeapReAlloc@16      00f2074c     kernel32:KERNEL32.dll
 0004:00000750       __imp__HeapAlloc@12        00f20750     kernel32:KERNEL32.dll
 0004:00000754       __imp__GetProcAddress@8    00f20754     kernel32:KERNEL32.dll
 0004:00000758       __imp__CreateThread@24     00f20758     kernel32:KERNEL32.dll
 0004:0000075c       __imp__CreateEventA@16     00f2075c     kernel32:KERNEL32.dll
 0004:00000760       __imp__WaitForSingleObject@8 00f20760     kernel32:KERNEL32.dll
 0004:00000764       __imp__SetEvent@4          00f20764     kernel32:KERNEL32.dll
 0004:00000768       __imp__ResetEvent@4        00f20768     kernel32:KERNEL32.dll
 0004:0000076c       __imp__GetModuleFileNameA@12 00f2076c     kernel32:KERNEL32.dll
 0004:00000770       __imp__InterlockedDecrement@4 00f20770     kernel32:KERNEL32.dll
 0004:00000774       __imp__InterlockedIncrement@4 00f20774     kernel32:KERNEL32.dll
 0004:00000778       __imp__GetTimeZoneInformation@4 00f20778     kernel32:KERNEL32.dll
 0004:0000077c       __imp__GetSystemTime@4     00f2077c     kernel32:KERNEL32.dll
 0004:00000780       __imp__GetLocalTime@4      00f20780     kernel32:KERNEL32.dll
 0004:00000784       __imp__IsBadWritePtr@8     00f20784     kernel32:KERNEL32.dll
 0004:00000788       __imp__ExitProcess@4       00f20788     kernel32:KERNEL32.dll
 0004:0000078c       __imp__GetLastError@0      00f2078c     kernel32:KERNEL32.dll
 0004:00000790       __imp__MoveFileA@8         00f20790     kernel32:KERNEL32.dll
 0004:00000794       __imp__DeleteFileA@4       00f20794     kernel32:KERNEL32.dll
 0004:00000798       __imp__FlushFileBuffers@4  00f20798     kernel32:KERNEL32.dll
 0004:0000079c       __imp__TerminateProcess@8  00f2079c     kernel32:KERNEL32.dll
 0004:000007a0       \177KERNEL32_NULL_THUNK_DATA 00f207a0     kernel32:KERNEL32.dll
 0004:00000820       __imp__CallWindowProcA@20  00f20820     user32:USER32.dll
 0004:00000824       __imp__OpenClipboard@4     00f20824     user32:USER32.dll
 0004:00000828       __imp__GetSystemMetrics@4  00f20828     user32:USER32.dll
 0004:0000082c       __imp__ReleaseCapture@0    00f2082c     user32:USER32.dll
 0004:00000830       __imp__GetCursorPos@4      00f20830     user32:USER32.dll
 0004:00000834       __imp__DispatchMessageA@4  00f20834     user32:USER32.dll
 0004:00000838       __imp__TranslateMessage@4  00f20838     user32:USER32.dll
 0004:0000083c       __imp__GetMessageA@16      00f2083c     user32:USER32.dll
 0004:00000840       __imp__CloseClipboard@0    00f20840     user32:USER32.dll
 0004:00000844       __imp__GetClipboardData@4  00f20844     user32:USER32.dll
 0004:00000848       __imp__UnregisterHotKey@8  00f20848     user32:USER32.dll
 0004:0000084c       __imp__RegisterHotKey@16   00f2084c     user32:USER32.dll
 0004:00000850       __imp__SystemParametersInfoA@16 00f20850     user32:USER32.dll
 0004:00000854       __imp__RegisterWindowMessageA@4 00f20854     user32:USER32.dll
 0004:00000858       __imp__GetWindowLongA@8    00f20858     user32:USER32.dll
 0004:0000085c       __imp__CloseWindow@4       00f2085c     user32:USER32.dll
 0004:00000860       __imp__DestroyWindow@4     00f20860     user32:USER32.dll
 0004:00000864       __imp__PostQuitMessage@4   00f20864     user32:USER32.dll
 0004:00000868       __imp__SetTimer@16         00f20868     user32:USER32.dll
 0004:0000086c       __imp__DefWindowProcA@16   00f2086c     user32:USER32.dll
 0004:00000870       __imp__InvalidateRect@12   00f20870     user32:USER32.dll
 0004:00000874       __imp__LoadIconA@8         00f20874     user32:USER32.dll
 0004:00000878       __imp__LoadCursorA@8       00f20878     user32:USER32.dll
 0004:0000087c       __imp__RegisterClassA@4    00f2087c     user32:USER32.dll
 0004:00000880       __imp__AdjustWindowRect@12 00f20880     user32:USER32.dll
 0004:00000884       __imp__GetDesktopWindow@0  00f20884     user32:USER32.dll
 0004:00000888       __imp__GetDC@4             00f20888     user32:USER32.dll
 0004:0000088c       __imp__ReleaseDC@8         00f2088c     user32:USER32.dll
 0004:00000890       __imp__CreateWindowExA@48  00f20890     user32:USER32.dll
 0004:00000894       __imp__SendMessageA@16     00f20894     user32:USER32.dll
 0004:00000898       __imp__SetWindowLongA@12   00f20898     user32:USER32.dll
 0004:0000089c       __imp__ShowWindow@8        00f2089c     user32:USER32.dll
 0004:000008a0       __imp__UpdateWindow@4      00f208a0     user32:USER32.dll
 0004:000008a4       __imp__SetForegroundWindow@4 00f208a4     user32:USER32.dll
 0004:000008a8       __imp__SetFocus@4          00f208a8     user32:USER32.dll
 0004:000008ac       __imp__GetWindowTextA@12   00f208ac     user32:USER32.dll
 0004:000008b0       __imp__SetWindowTextA@8    00f208b0     user32:USER32.dll
 0004:000008b4       __imp__PeekMessageA@20     00f208b4     user32:USER32.dll
 0004:000008b8       __imp__ShowCursor@4        00f208b8     user32:USER32.dll
 0004:000008bc       __imp__ClipCursor@4        00f208bc     user32:USER32.dll
 0004:000008c0       __imp__SetCapture@4        00f208c0     user32:USER32.dll
 0004:000008c4       __imp__SetCursorPos@8      00f208c4     user32:USER32.dll
 0004:000008c8       __imp__GetWindowRect@8     00f208c8     user32:USER32.dll
 0004:000008cc       __imp__MessageBoxA@16      00f208cc     user32:USER32.dll
 0004:000008d0       __imp__ChangeDisplaySettingsA@8 00f208d0     user32:USER32.dll
 0004:000008d4       __imp__EnumDisplaySettingsA@12 00f208d4     user32:USER32.dll
 0004:000008d8       \177USER32_NULL_THUNK_DATA 00f208d8     user32:USER32.dll
 0004:00000928       __imp__timeGetTime@0       00f20928     winmm:WINMM.dll
 0004:0000092c       __imp__midiInOpen@20       00f2092c     winmm:WINMM.dll
 0004:00000930       __imp__timeBeginPeriod@4   00f20930     winmm:WINMM.dll
 0004:00000934       __imp__joyGetDevCapsA@12   00f20934     winmm:WINMM.dll
 0004:00000938       __imp__joyGetPosEx@8       00f20938     winmm:WINMM.dll
 0004:0000093c       __imp__joyGetNumDevs@0     00f2093c     winmm:WINMM.dll
 0004:00000940       __imp__midiInStart@4       00f20940     winmm:WINMM.dll
 0004:00000944       __imp__midiInClose@4       00f20944     winmm:WINMM.dll
 0004:00000948       __imp__timeEndPeriod@4     00f20948     winmm:WINMM.dll
 0004:0000094c       __imp__midiInGetDevCapsA@12 00f2094c     winmm:WINMM.dll
 0004:00000950       __imp__midiInGetNumDevs@0  00f20950     winmm:WINMM.dll
 0004:00000954       \177WINMM_NULL_THUNK_DATA  00f20954     winmm:WINMM.dll
 0004:00000988       __imp__sendto@24           00f20988     wsock32:WSOCK32.dll
 0004:0000098c       __imp__inet_addr@4         00f2098c     wsock32:WSOCK32.dll
 0004:00000990       __imp__WSAGetLastError@0   00f20990     wsock32:WSOCK32.dll
 0004:00000994       __imp__gethostbyname@4     00f20994     wsock32:WSOCK32.dll
 0004:00000998       __imp__recvfrom@24         00f20998     wsock32:WSOCK32.dll
 0004:0000099c       __imp__closesocket@4       00f2099c     wsock32:WSOCK32.dll
 0004:000009a0       __imp__setsockopt@20       00f209a0     wsock32:WSOCK32.dll
 0004:000009a4       __imp__bind@12             00f209a4     wsock32:WSOCK32.dll
 0004:000009a8       __imp__htons@4             00f209a8     wsock32:WSOCK32.dll
 0004:000009ac       __imp__ioctlsocket@12      00f209ac     wsock32:WSOCK32.dll
 0004:000009b0       __imp__send@16             00f209b0     wsock32:WSOCK32.dll
 0004:000009b4       __imp__recv@16             00f209b4     wsock32:WSOCK32.dll
 0004:000009b8       __imp__ntohl@4             00f209b8     wsock32:WSOCK32.dll
 0004:000009bc       __imp__socket@12           00f209bc     wsock32:WSOCK32.dll
 0004:000009c0       __imp__WSAStartup@8        00f209c0     wsock32:WSOCK32.dll
 0004:000009c4       __imp__WSACleanup@0        00f209c4     wsock32:WSOCK32.dll
 0004:000009c8       __imp__connect@12          00f209c8     wsock32:WSOCK32.dll
 0004:000009cc       __imp__gethostname@8       00f209cc     wsock32:WSOCK32.dll
 0004:000009d0       \177WSOCK32_NULL_THUNK_DATA 00f209d0     wsock32:WSOCK32.dll
 0004:00000a08       __imp__CoUninitialize@0    00f20a08     ole32:ole32.dll
 0004:00000a0c       __imp__CoInitialize@4      00f20a0c     ole32:ole32.dll
 0004:00000a10       __imp__CoCreateInstance@20 00f20a10     ole32:ole32.dll
 0004:00000a14       \177ole32_NULL_THUNK_DATA  00f20a14     ole32:ole32.dll

 entry point at        0001:001195f0

