 cgamex86

 Timestamp is 447039d8 (Sun May 21 02:58:48 2006)

 Preferred load address is 30000000

 Start         Length     Name                   Class
 0001:00000000 00028d5aH .text                   CODE
 0002:00000000 000000acH .idata$5                DATA
 0002:000000b0 000009efH .rdata                  DATA
 0002:00000aa0 00000014H .idata$2                DATA
 0002:00000ab4 00000014H .idata$3                DATA
 0002:00000ac8 000000acH .idata$4                DATA
 0002:00000b74 000002e4H .idata$6                DATA
 0002:00000e60 00000059H .edata                  DATA
 0003:00000000 00000004H .CRT$XCA                DATA
 0003:00000004 00000004H .CRT$XCZ                DATA
 0003:00000008 00000004H .CRT$XIA                DATA
 0003:0000000c 00000008H .CRT$XIC                DATA
 0003:00000014 00000004H .CRT$XIZ                DATA
 0003:00000018 00000004H .CRT$XPA                DATA
 0003:0000001c 00000004H .CRT$XPX                DATA
 0003:00000020 00000004H .CRT$XPZ                DATA
 0003:00000024 00000004H .CRT$XTA                DATA
 0003:00000028 00000004H .CRT$XTZ                DATA
 0003:00000030 0000939cH .data                   DATA
 0003:000093d0 002eac90H .bss                    DATA

  Address         Publics by Value              Rva+Base     Lib:Object

 0001:00000000       _BG_FindItemForPowerup     30001000 f   bg_misc.obj
 0001:00000050       _BG_FindItemForHoldable    30001050 f   bg_misc.obj
 0001:000000a0       _BG_PlayerTouchesItem      300010a0 f   bg_misc.obj
 0001:00000140       _BG_CanItemBeGrabbed       30001140 f   bg_misc.obj
 0001:000002e0       _BG_EvaluateTrajectory     300012e0 f   bg_misc.obj
 0001:00000420       _BG_EvaluateTrajectoryDelta 30001420 f   bg_misc.obj
 0001:00000510       _BG_AddPredictableEventToPlayerstate 30001510 f   bg_misc.obj
 0001:00000540       _BG_TouchJumpPad           30001540 f   bg_misc.obj
 0001:000005e0       _BG_PlayerStateToEntityState 300015e0 f   bg_misc.obj
 0001:000007d0       _PM_AddEvent               300017d0 f   bg_pmove.obj
 0001:000007f0       _PM_AddTouchEnt            300017f0 f   bg_pmove.obj
 0001:00000830       _PM_ClipVelocity           30001830 f   bg_pmove.obj
 0001:00000890       _PM_UpdateViewAngles       30001890 f   bg_pmove.obj
 0001:00000920       _CheckLadder               30001920 f   bg_pmove.obj
 0001:000009e0       _PmoveSingle               300019e0 f   bg_pmove.obj
 0001:00003280       _Pmove                     30004280 f   bg_pmove.obj
 0001:00003310       _PM_SlideMove              30004310 f   bg_slidemove.obj
 0001:000039f0       _PM_StepSlideMove          300049f0 f   bg_slidemove.obj
 0001:00003d30       _CG_TargetCommand_f        30004d30 f   cg_consolecmds.obj
 0001:000040b0       _CG_ConsoleCommand         300050b0 f   cg_consolecmds.obj
 0001:00004100       _CG_InitConsoleCommands    30005100 f   cg_consolecmds.obj
 0001:00004240       _CG_Draw3DModel            30005240 f   cg_draw.obj
 0001:000043a0       _CG_DrawHead               300053a0 f   cg_draw.obj
 0001:000044c0       _CG_DrawFlagModel          300054c0 f   cg_draw.obj
 0001:00004630       _CG_DrawTeamBackground     30005630 f   cg_draw.obj
 0001:000046d0       _CG_AddLagometerFrameInfo  300056d0 f   cg_draw.obj
 0001:00004700       _CG_AddLagometerSnapshotInfo 30005700 f   cg_draw.obj
 0001:00004750       _CG_CenterPrint            30005750 f   cg_draw.obj
 0001:000047c0       _CG_DrawActive             300057c0 f   cg_draw.obj
 0001:00007420       _CG_AdjustFrom640          30008420 f   cg_drawtools.obj
 0001:00007460       _CG_FillRect               30008460 f   cg_drawtools.obj
 0001:000074c0       _CG_DrawPic                300084c0 f   cg_drawtools.obj
 0001:00007510       _CG_DrawChar               30008510 f   cg_drawtools.obj
 0001:000075e0       _CG_DrawStringExt          300085e0 f   cg_drawtools.obj
 0001:00007760       _CG_DrawBigString          30008760 f   cg_drawtools.obj
 0001:000077b0       _CG_DrawBigStringColor     300087b0 f   cg_drawtools.obj
 0001:000077e0       _CG_DrawSmallString        300087e0 f   cg_drawtools.obj
 0001:00007830       _CG_DrawSmallStringColor   30008830 f   cg_drawtools.obj
 0001:00007860       _CG_DrawStrlen             30008860 f   cg_drawtools.obj
 0001:00007890       _CG_TileClear              30008890 f   cg_drawtools.obj
 0001:000079d0       _CG_FadeColor              300089d0 f   cg_drawtools.obj
 0001:00007a40       _CG_GetColorForHealth      30008a40 f   cg_drawtools.obj
 0001:00007af0       _CG_ColorForHealth         30008af0 f   cg_drawtools.obj
 0001:00007b20       _UI_ProportionalStringWidth 30008b20 f   cg_drawtools.obj
 0001:00007b50       _UI_ProportionalSizeScale  30008b50 f   cg_drawtools.obj
 0001:00007b70       _UI_DrawProportionalString 30008b70 f   cg_drawtools.obj
 0001:00007ec0       _CG_BubbleTrail            30008ec0 f   cg_effects.obj
 0001:00008170       _CG_SmokePuff              30009170 f   cg_effects.obj
 0001:00008300       _CG_SpawnEffect            30009300 f   cg_effects.obj
 0001:000083c0       _CG_ScorePlum              300093c0 f   cg_effects.obj
 0001:000084f0       _CG_MakeExplosion          300094f0 f   cg_effects.obj
 0001:00008690       _CG_Bleed                  30009690 f   cg_effects.obj
 0001:00008740       _CG_LaunchGib              30009740 f   cg_effects.obj
 0001:00008830       _CG_GibPlayer              30009830 f   cg_effects.obj
 0001:00008f30       _CG_GibPlayerHeadshot      30009f30 f   cg_effects.obj
 0001:00009220       _CG_PositionEntityOnTag    3000a220 f   cg_ents.obj
 0001:000092d0       _CG_PositionRotatedEntityOnTag 3000a2d0 f   cg_ents.obj
 0001:00009380       _CG_SetEntitySoundPosition 3000a380 f   cg_ents.obj
 0001:00009400       _CG_Beam                   3000a400 f   cg_ents.obj
 0001:00009480       _CG_AdjustPositionForMover 3000a480 f   cg_ents.obj
 0001:00009570       _CG_AddPacketEntities      3000a570 f   cg_ents.obj
 0001:0000a870       _CG_PlaceString            3000b870 f   cg_event.obj
 0001:0000a940       _CG_PainEvent              3000b940 f   cg_event.obj
 0001:0000a9c0       _CG_EntityEvent            3000b9c0 f   cg_event.obj
 0001:0000c4f0       _CG_CheckEvents            3000d4f0 f   cg_event.obj
 0001:0000c580       _CG_LoadingString          3000d580 f   cg_info.obj
 0001:0000c5a0       _CG_LoadingItem            3000d5a0 f   cg_info.obj
 0001:0000c600       _CG_LoadingClient          3000d600 f   cg_info.obj
 0001:0000c790       _CG_DrawInformation        3000d790 f   cg_info.obj
 0001:0000cbd0       _CG_InitLocalEntities      3000dbd0 f   cg_localents.obj
 0001:0000cc20       _CG_FreeLocalEntity        3000dc20 f   cg_localents.obj
 0001:0000cc60       _CG_AllocLocalEntity       3000dc60 f   cg_localents.obj
 0001:0000ccc0       _CG_BloodTrail             3000dcc0 f   cg_localents.obj
 0001:0000cd90       _CG_FragmentBounceMark     3000dd90 f   cg_localents.obj
 0001:0000ce90       _CG_FragmentBounceSound    3000de90 f   cg_localents.obj
 0001:0000cef0       _CG_ReflectVelocity        3000def0 f   cg_localents.obj
 0001:0000d010       _CG_AddFragment            3000e010 f   cg_localents.obj
 0001:0000d1e0       _CG_AddFadeRGB             3000e1e0 f   cg_localents.obj
 0001:0000d250       _CG_AddScorePlum           3000e250 f   cg_localents.obj
 0001:0000d4f0       _CG_AddLocalEntities       3000e4f0 f   cg_localents.obj
 0001:0000da00       _vmMain                    3000ea00 f   cg_main.obj
 0001:0000dad0       _CG_RegisterCvars          3000ead0 f   cg_main.obj
 0001:0000dba0       _CG_UpdateCvars            3000eba0 f   cg_main.obj
 0001:0000dcc0       _CG_CrosshairPlayer        3000ecc0 f   cg_main.obj
 0001:0000dce0       _CG_LastAttacker           3000ece0 f   cg_main.obj
 0001:0000dd00       _CG_Printf                 3000ed00 f   cg_main.obj
 0001:0000dd30       _CG_Error                  3000ed30 f   cg_main.obj
 0001:0000dd60       _Com_Error                 3000ed60 f   cg_main.obj
 0001:0000dda0       _Com_Printf                3000eda0 f   cg_main.obj
 0001:0000dde0       _CG_Argv                   3000ede0 f   cg_main.obj
 0001:0000de00       _CG_BuildSpectatorString   3000ee00 f   cg_main.obj
 0001:0000de80       _CG_ConfigString           3000ee80 f   cg_main.obj
 0001:0000deb0       _CG_StartMusic             3000eeb0 f   cg_main.obj
 0001:0000df20       _CG_Init                   3000ef20 f   cg_main.obj
 0001:0000f070       _CG_KeyEvent               30010070 f   cg_main.obj
 0001:0000f070       _CG_PlayBufferedVoiceChats 30010070 f   cg_main.obj
 0001:0000f070       _CG_MouseEvent             30010070 f   cg_main.obj
 0001:0000f070       _CG_Shutdown               30010070 f   cg_main.obj
 0001:0000f070       _CG_EventHandling          30010070 f   cg_main.obj
 0001:0000f070       _CG_VoiceChat              30010070 f   cg_main.obj
 0001:0000f080       _CG_InitMarkPolys          30010080 f   cg_marks.obj
 0001:0000f0d0       _CG_FreeMarkPoly           300100d0 f   cg_marks.obj
 0001:0000f110       _CG_AllocMark              30010110 f   cg_marks.obj
 0001:0000f180       _CG_ImpactMark             30010180 f   cg_marks.obj
 0001:0000f520       _CG_AddMarks               30010520 f   cg_marks.obj
 0001:0000f6c0       _CG_ClearParticles         300106c0 f   cg_marks.obj
 0001:0000f7b0       _CG_AddParticleToScene     300107b0 f   cg_marks.obj
 0001:00011380       _CG_AddParticles           30012380 f   cg_marks.obj
 0001:00011660       _CG_ParticleExplosion      30012660 f   cg_marks.obj
 0001:000117b0       _CG_CustomSound            300127b0 f   cg_players.obj
 0001:00011870       _CG_NewClientInfo          30012870 f   cg_players.obj
 0001:00013060       _CG_LoadDeferredPlayers    30014060 f   cg_players.obj
 0001:000130d0       _CG_AddRefEntityWithPowerups 300140d0 f   cg_players.obj
 0001:00013190       _CG_Player                 30014190 f   cg_players.obj
 0001:00014860       _CG_ResetPlayerEntity      30015860 f   cg_players.obj
 0001:00014a20       _CG_CheckAmmo              30015a20 f   cg_playerstate.obj
 0001:00014ab0       _CG_DamageFeedback         30015ab0 f   cg_playerstate.obj
 0001:00014d90       _CG_Respawn                30015d90 f   cg_playerstate.obj
 0001:00014dc0       _CG_CheckPlayerstateEvents 30015dc0 f   cg_playerstate.obj
 0001:00014ea0       _CG_CheckLocalSounds       30015ea0 f   cg_playerstate.obj
 0001:000152b0       _CG_TransitionPlayerState  300162b0 f   cg_playerstate.obj
 0001:000153a0       _CG_BuildSolidList         300163a0 f   cg_predict.obj
 0001:00015460       _CG_Trace                  30016460 f   cg_predict.obj
 0001:000156e0       _CG_PointContents          300166e0 f   cg_predict.obj
 0001:00015760       _CG_PredictPlayerState     30016760 f   cg_predict.obj
 0001:00016730       _CG_DrawOldScoreboard      30017730 f   cg_scoreboard.obj
 0001:00017090       _CG_DrawOldTourneyScoreboard 30018090 f   cg_scoreboard.obj
 0001:00017360       _CG_ParseServerinfo        30018360 f   cg_servercmds.obj
 0001:000174d0       _CG_SetConfigValues        300184d0 f   cg_servercmds.obj
 0001:00017550       _CG_ShaderStateChanged     30018550 f   cg_servercmds.obj
 0001:00017630       _CG_ExecuteNewServerCommands 30018630 f   cg_servercmds.obj
 0001:000182d0       _CG_TransitionEntity       300192d0 f   cg_snapshot.obj
 0001:000183a0       _CG_SetInitialSnapshot     300193a0 f   cg_snapshot.obj
 0001:00018470       _CG_ProcessSnapshots       30019470 f   cg_snapshot.obj
 0001:00018980       _dllEntry                  30019980 f   cg_syscalls.obj
 0001:00018990       _PASSFLOAT                 30019990 f   cg_syscalls.obj
 0001:000189a0       _trap_Print                300199a0 f   cg_syscalls.obj
 0001:000189c0       _trap_Error                300199c0 f   cg_syscalls.obj
 0001:000189e0       _trap_Milliseconds         300199e0 f   cg_syscalls.obj
 0001:000189f0       _trap_Cvar_Register        300199f0 f   cg_syscalls.obj
 0001:00018a10       _trap_Cvar_Update          30019a10 f   cg_syscalls.obj
 0001:00018a30       _trap_Cvar_Set             30019a30 f   cg_syscalls.obj
 0001:00018a50       _trap_Cvar_VariableStringBuffer 30019a50 f   cg_syscalls.obj
 0001:00018a70       _trap_Argc                 30019a70 f   cg_syscalls.obj
 0001:00018a80       _trap_Argv                 30019a80 f   cg_syscalls.obj
 0001:00018aa0       _trap_Args                 30019aa0 f   cg_syscalls.obj
 0001:00018ac0       _trap_FS_FOpenFile         30019ac0 f   cg_syscalls.obj
 0001:00018ae0       _trap_FS_Read              30019ae0 f   cg_syscalls.obj
 0001:00018b00       _trap_FS_FCloseFile        30019b00 f   cg_syscalls.obj
 0001:00018b20       _trap_SendConsoleCommand   30019b20 f   cg_syscalls.obj
 0001:00018b40       _trap_AddCommand           30019b40 f   cg_syscalls.obj
 0001:00018b60       _trap_SendClientCommand    30019b60 f   cg_syscalls.obj
 0001:00018b80       _trap_UpdateScreen         30019b80 f   cg_syscalls.obj
 0001:00018b90       _trap_CM_LoadMap           30019b90 f   cg_syscalls.obj
 0001:00018bb0       _trap_CM_NumInlineModels   30019bb0 f   cg_syscalls.obj
 0001:00018bc0       _trap_CM_InlineModel       30019bc0 f   cg_syscalls.obj
 0001:00018be0       _trap_CM_TempBoxModel      30019be0 f   cg_syscalls.obj
 0001:00018c00       _trap_CM_PointContents     30019c00 f   cg_syscalls.obj
 0001:00018c20       _trap_CM_TransformedPointContents 30019c20 f   cg_syscalls.obj
 0001:00018c40       _trap_CM_BoxTrace          30019c40 f   cg_syscalls.obj
 0001:00018c70       _trap_CM_TransformedBoxTrace 30019c70 f   cg_syscalls.obj
 0001:00018cb0       _trap_CM_MarkFragments     30019cb0 f   cg_syscalls.obj
 0001:00018ce0       _trap_S_StartSound         30019ce0 f   cg_syscalls.obj
 0001:00018d00       _trap_S_StartLocalSound    30019d00 f   cg_syscalls.obj
 0001:00018d20       _trap_S_ClearLoopingSounds 30019d20 f   cg_syscalls.obj
 0001:00018d40       _trap_S_AddLoopingSound    30019d40 f   cg_syscalls.obj
 0001:00018d60       _trap_S_AddRealLoopingSound 30019d60 f   cg_syscalls.obj
 0001:00018d80       _trap_S_StopLoopingSound   30019d80 f   cg_syscalls.obj
 0001:00018da0       _trap_S_UpdateEntityPosition 30019da0 f   cg_syscalls.obj
 0001:00018dc0       _trap_S_Respatialize       30019dc0 f   cg_syscalls.obj
 0001:00018de0       _trap_S_RegisterSound      30019de0 f   cg_syscalls.obj
 0001:00018e00       _trap_S_StartBackgroundTrack 30019e00 f   cg_syscalls.obj
 0001:00018e20       _trap_R_LoadWorldMap       30019e20 f   cg_syscalls.obj
 0001:00018e40       _trap_R_RegisterModel      30019e40 f   cg_syscalls.obj
 0001:00018e60       _trap_R_RegisterSkin       30019e60 f   cg_syscalls.obj
 0001:00018e80       _trap_R_RegisterShader     30019e80 f   cg_syscalls.obj
 0001:00018ea0       _trap_R_RegisterShaderNoMip 30019ea0 f   cg_syscalls.obj
 0001:00018ec0       _trap_R_ClearScene         30019ec0 f   cg_syscalls.obj
 0001:00018ed0       _trap_R_AddRefEntityToScene 30019ed0 f   cg_syscalls.obj
 0001:00018ef0       _trap_R_AddPolyToScene     30019ef0 f   cg_syscalls.obj
 0001:00018f10       _trap_R_AddLightToScene    30019f10 f   cg_syscalls.obj
 0001:00018f60       _trap_R_RenderScene        30019f60 f   cg_syscalls.obj
 0001:00018f80       _trap_R_SetColor           30019f80 f   cg_syscalls.obj
 0001:00018fa0       _trap_R_DrawStretchPic     30019fa0 f   cg_syscalls.obj
 0001:00019030       _trap_R_ModelBounds        3001a030 f   cg_syscalls.obj
 0001:00019050       _trap_R_LerpTag            3001a050 f   cg_syscalls.obj
 0001:00019090       _trap_R_RemapShader        3001a090 f   cg_syscalls.obj
 0001:000190b0       _trap_GetGlconfig          3001a0b0 f   cg_syscalls.obj
 0001:000190d0       _trap_GetGameState         3001a0d0 f   cg_syscalls.obj
 0001:000190f0       _trap_GetCurrentSnapshotNumber 3001a0f0 f   cg_syscalls.obj
 0001:00019110       _trap_GetSnapshot          3001a110 f   cg_syscalls.obj
 0001:00019130       _trap_GetServerCommand     3001a130 f   cg_syscalls.obj
 0001:00019150       _trap_GetCurrentCmdNumber  3001a150 f   cg_syscalls.obj
 0001:00019160       _trap_GetUserCmd           3001a160 f   cg_syscalls.obj
 0001:00019180       _trap_SetUserCmdValue      3001a180 f   cg_syscalls.obj
 0001:000191a0       _trap_MemoryRemaining      3001a1a0 f   cg_syscalls.obj
 0001:000191b0       _trap_PC_ReadToken         3001a1b0 f   cg_syscalls.obj
 0001:000191d0       _trap_PC_SourceFileAndLine 3001a1d0 f   cg_syscalls.obj
 0001:000191f0       _trap_SnapVector           3001a1f0 f   cg_syscalls.obj
 0001:00019210       _CG_PredictWeaponEffects   3001a210 f   cg_unlagged.obj
 0001:00019990       _CG_AddBoundingBox         3001a990 f   cg_unlagged.obj
 0001:0001a020       _CG_Cvar_ClampInt          3001b020 f   cg_unlagged.obj
 0001:0001a0d0       _CG_TestModel_f            3001b0d0 f   cg_view.obj
 0001:0001a1f0       _CG_TestGun_f              3001b1f0 f   cg_view.obj
 0001:0001a210       _CG_TestModelNextFrame_f   3001b210 f   cg_view.obj
 0001:0001a230       _CG_TestModelPrevFrame_f   3001b230 f   cg_view.obj
 0001:0001a260       _CG_TestModelNextSkin_f    3001b260 f   cg_view.obj
 0001:0001a280       _CG_TestModelPrevSkin_f    3001b280 f   cg_view.obj
 0001:0001a2b0       _CG_ZoomDown_f             3001b2b0 f   cg_view.obj
 0001:0001a300       _CG_ZoomUp_f               3001b300 f   cg_view.obj
 0001:0001a320       _CG_AddBufferedSound       3001b320 f   cg_view.obj
 0001:0001a360       _CG_DrawActiveFrame        3001b360 f   cg_view.obj
 0001:0001b4a0       _CG_RailTrail              3001c4a0 f   cg_weapons.obj
 0001:0001b900       _CG_GrappleTrail           3001c900 f   cg_weapons.obj
 0001:0001ba80       _CG_RegisterWeapon         3001ca80 f   cg_weapons.obj
 0001:0001cbe0       _CG_RegisterItemVisuals    3001dbe0 f   cg_weapons.obj
 0001:0001cc90       _CG_AddPlayerWeapon        3001dc90 f   cg_weapons.obj
 0001:0001d6a0       _CG_AddViewWeapon          3001e6a0 f   cg_weapons.obj
 0001:0001dad0       _CG_DrawWeaponSelect       3001ead0 f   cg_weapons.obj
 0001:0001dc90       _CG_NextWeapon_f           3001ec90 f   cg_weapons.obj
 0001:0001dd30       _CG_PrevWeapon_f           3001ed30 f   cg_weapons.obj
 0001:0001dda0       _CG_Weapon_f               3001eda0 f   cg_weapons.obj
 0001:0001de00       _CG_OutOfAmmoChange        3001ee00 f   cg_weapons.obj
 0001:0001de30       _CG_FireWeapon2            3001ee30 f   cg_weapons.obj
 0001:0001de30       _CG_FireWeapon             3001ee30 f   cg_weapons.obj
 0001:0001def0       _CG_MissileHitWall         3001eef0 f   cg_weapons.obj
 0001:0001e2a0       _CG_MissileHitPlayer       3001f2a0 f   cg_weapons.obj
 0001:0001e2e0       _CG_ShotgunPattern         3001f2e0 f   cg_weapons.obj
 0001:0001e560       _CG_ShotgunFire            3001f560 f   cg_weapons.obj
 0001:0001e680       _CG_Tracer                 3001f680 f   cg_weapons.obj
 0001:0001ea00       _CG_Bullet                 3001fa00 f   cg_weapons.obj
 0001:0001eca0       _Q_rand                    3001fca0 f   q_math.obj
 0001:0001ecc0       _Q_random                  3001fcc0 f   q_math.obj
 0001:0001ecf0       _Q_crandom                 3001fcf0 f   q_math.obj
 0001:0001ed10       _ByteToDir                 3001fd10 f   q_math.obj
 0001:0001ed70       _tonextint                 3001fd70 f   q_math.obj
 0001:0001ede0       _RotatePointAroundVector   3001fde0 f   q_math.obj
 0001:0001efa0       _RotateAroundDirection     3001ffa0 f   q_math.obj
 0001:0001f030       _vectoangles               30020030 f   q_math.obj
 0001:0001f140       _AnglesToAxis              30020140 f   q_math.obj
 0001:0001f190       _AxisClear                 30020190 f   q_math.obj
 0001:0001f1c0       _AxisCopy                  300201c0 f   q_math.obj
 0001:0001f200       _ProjectPointOnPlane       30020200 f   q_math.obj
 0001:0001f290       _LerpAngle                 30020290 f   q_math.obj
 0001:0001f2e0       _AngleSubtract             300202e0 f   q_math.obj
 0001:0001f330       _AnglesSubtract            30020330 f   q_math.obj
 0001:0001f380       _AngleNormalize360         30020380 f   q_math.obj
 0001:0001f380       _AngleMod                  30020380 f   q_math.obj
 0001:0001f3b0       _AngleNormalize180         300203b0 f   q_math.obj
 0001:0001f3e0       _VectorNormalize           300203e0 f   q_math.obj
 0001:0001f430       _VectorNormalize2          30020430 f   q_math.obj
 0001:0001f4a0       _MatrixMultiply            300204a0 f   q_math.obj
 0001:0001f590       _AngleVectors              30020590 f   q_math.obj
 0001:0001f6e0       _PerpendicularVector       300206e0 f   q_math.obj
 0001:0001f760       _COM_StripExtension        30020760 f   q_shared.obj
 0001:0001f790       _COM_Parse                 30020790 f   q_shared.obj
 0001:0001f7a0       _COM_ParseExt              300207a0 f   q_shared.obj
 0001:0001f910       _Q_strrchr                 30020910 f   q_shared.obj
 0001:0001f940       _Q_strncpyz                30020940 f   q_shared.obj
 0001:0001f9a0       _Q_stricmpn                300209a0 f   q_shared.obj
 0001:0001fa30       _Q_stricmp                 30020a30 f   q_shared.obj
 0001:0001fa60       _Q_strcat                  30020a60 f   q_shared.obj
 0001:0001fab0       _Q_PrintStrlen             30020ab0 f   q_shared.obj
 0001:0001faf0       _Q_CleanStr                30020af0 f   q_shared.obj
 0001:0001fb40       _Com_sprintf               30020b40 f   q_shared.obj
 0001:0001fbc0       _va                        30020bc0 f   q_shared.obj
 0001:0001fc00       _Info_ValueForKey          30020c00 f   q_shared.obj
 0001:0001fcf0       _SnapVectorTowards         30020cf0 f   q_shared.obj
 0001:0001fd40       _UI_Alloc                  30020d40 f   ui_shared.obj
 0001:0001fd90       _String_Alloc              30020d90 f   ui_shared.obj
 0001:0001ff00       _PC_SourceError            30020f00 f   ui_shared.obj
 0001:0001ff70       _Float_Parse               30020f70 f   ui_shared.obj
 0001:0001ffa0       _PC_Float_Parse            30020fa0 f   ui_shared.obj
 0001:00020050       _Color_Parse               30021050 f   ui_shared.obj
 0001:00020090       _PC_Color_Parse            30021090 f   ui_shared.obj
 0001:000200d0       _Int_Parse                 300210d0 f   ui_shared.obj
 0001:00020100       _PC_Int_Parse              30021100 f   ui_shared.obj
 0001:000201a0       _Rect_Parse                300211a0 f   ui_shared.obj
 0001:00020200       _PC_Rect_Parse             30021200 f   ui_shared.obj
 0001:00020260       _String_Parse              30021260 f   ui_shared.obj
 0001:00020290       _PC_String_Parse           30021290 f   ui_shared.obj
 0001:000202e0       _PC_Script_Parse           300212e0 f   ui_shared.obj
 0001:00020400       _Window_Init               30021400 f   ui_shared.obj
 0001:00020430       _Item_SetScreenCoords      30021430 f   ui_shared.obj
 0001:00020480       _Item_UpdatePosition       30021480 f   ui_shared.obj
 0001:000204e0       _Menu_ClearFocus           300214e0 f   ui_shared.obj
 0001:00020550       _Menu_ItemsMatchingGroup   30021550 f   ui_shared.obj
 0001:000205c0       _Menu_GetMatchingItemByNumber 300215c0 f   ui_shared.obj
 0001:00020640       _Script_SetColor           30021640 f   ui_shared.obj
 0001:00020710       _Script_SetAsset           30021710 f   ui_shared.obj
 0001:00020730       _Script_SetBackground      30021730 f   ui_shared.obj
 0001:00020760       _Menu_FindItemByName       30021760 f   ui_shared.obj
 0001:000207c0       _Script_SetTeamColor       300217c0 f   ui_shared.obj
 0001:00020810       _Script_SetItemColor       30021810 f   ui_shared.obj
 0001:00020930       _Menu_ShowItemByName       30021930 f   ui_shared.obj
 0001:000209b0       _Menu_FadeItemByName       300219b0 f   ui_shared.obj
 0001:00020a10       _Menus_FindByName          30021a10 f   ui_shared.obj
 0001:00020a60       _Menus_OpenByName          30021a60 f   ui_shared.obj
 0001:00020a70       _Menus_CloseByName         30021a70 f   ui_shared.obj
 0001:00020ae0       _Script_Show               30021ae0 f   ui_shared.obj
 0001:00020b20       _Script_Hide               30021b20 f   ui_shared.obj
 0001:00020b60       _Script_FadeIn             30021b60 f   ui_shared.obj
 0001:00020ba0       _Script_FadeOut            30021ba0 f   ui_shared.obj
 0001:00020be0       _Script_Open               30021be0 f   ui_shared.obj
 0001:00020c10       _Script_ConditionalOpen    30021c10 f   ui_shared.obj
 0001:00020c90       _Script_Close              30021c90 f   ui_shared.obj
 0001:00020cc0       _Menu_TransitionItemByName 30021cc0 f   ui_shared.obj
 0001:00020e10       _Script_Transition         30021e10 f   ui_shared.obj
 0001:00020ef0       _Menu_OrbitItemByName      30021ef0 f   ui_shared.obj
 0001:00020f60       _Script_Orbit              30021f60 f   ui_shared.obj
 0001:00021010       _Script_SetFocus           30022010 f   ui_shared.obj
 0001:000210a0       _Script_SetPlayerModel     300220a0 f   ui_shared.obj
 0001:000210d0       _Script_SetPlayerHead      300220d0 f   ui_shared.obj
 0001:00021100       _Script_SetCvar            30022100 f   ui_shared.obj
 0001:00021150       _Script_Exec               30022150 f   ui_shared.obj
 0001:00021190       _Script_Play               30022190 f   ui_shared.obj
 0001:000211d0       _Script_playLooped         300221d0 f   ui_shared.obj
 0001:00021210       _Item_RunScript            30022210 f   ui_shared.obj
 0001:00021300       _Menus_Activate            30022300 f   ui_shared.obj
 0001:00021440       _Menu_GetFocused           30022440 f   ui_shared.obj
 0001:00021480       _Menus_ActivateByName      30022480 f   ui_shared.obj
 0001:00021500       _Item_Init                 30022500 f   ui_shared.obj
 0001:00021530       _Item_ValidateTypeData     30022530 f   ui_shared.obj
 0001:00021600       _KeywordHash_Key           30022600 f   ui_shared.obj
 0001:00021670       _KeywordHash_Find          30022670 f   ui_shared.obj
 0001:000216b0       _ItemParse_name            300226b0 f   ui_shared.obj
 0001:000216d0       _ItemParse_focusSound      300226d0 f   ui_shared.obj
 0001:00021710       _ItemParse_group           30022710 f   ui_shared.obj
 0001:00021730       _ItemParse_asset_model     30022730 f   ui_shared.obj
 0001:00021790       _ItemParse_asset_shader    30022790 f   ui_shared.obj
 0001:000217d0       _ItemParse_model_origin    300227d0 f   ui_shared.obj
 0001:00021830       _ItemParse_model_fovy      30022830 f   ui_shared.obj
 0001:00021830       _ItemParse_elementheight   30022830 f   ui_shared.obj
 0001:00021860       _ItemParse_model_rotation  30022860 f   ui_shared.obj
 0001:00021890       _ItemParse_model_angle     30022890 f   ui_shared.obj
 0001:000218c0       _ItemParse_rect            300228c0 f   ui_shared.obj
 0001:000218e0       _ItemParse_decoration      300228e0 f   ui_shared.obj
 0001:000218f0       _ItemParse_notselectable   300228f0 f   ui_shared.obj
 0001:00021930       _ItemParse_wrapped         30022930 f   ui_shared.obj
 0001:00021950       _ItemParse_autowrapped     30022950 f   ui_shared.obj
 0001:00021970       _ItemParse_horizontalscroll 30022970 f   ui_shared.obj
 0001:00021990       _ItemParse_type            30022990 f   ui_shared.obj
 0001:000219c0       _ItemParse_model_fovx      300229c0 f   ui_shared.obj
 0001:000219c0       _ItemParse_elementwidth    300229c0 f   ui_shared.obj
 0001:000219f0       _ItemParse_elementtype     300229f0 f   ui_shared.obj
 0001:00021a30       _ItemParse_columns         30022a30 f   ui_shared.obj
 0001:00021b00       _ItemParse_visible         30022b00 f   ui_shared.obj
 0001:00021b00       _MenuParse_visible         30022b00 f   ui_shared.obj
 0001:00021b30       _ItemParse_ownerdraw       30022b30 f   ui_shared.obj
 0001:00021b60       _ItemParse_textalign       30022b60 f   ui_shared.obj
 0001:00021b80       _ItemParse_textaligny      30022b80 f   ui_shared.obj
 0001:00021ba0       _ItemParse_textscale       30022ba0 f   ui_shared.obj
 0001:00021bc0       _ItemParse_textstyle       30022bc0 f   ui_shared.obj
 0001:00021be0       _MenuParse_backcolor       30022be0 f   ui_shared.obj
 0001:00021be0       _ItemParse_backcolor       30022be0 f   ui_shared.obj
 0001:00021c30       _ItemParse_bordercolor     30022c30 f   ui_shared.obj
 0001:00021c30       _MenuParse_bordercolor     30022c30 f   ui_shared.obj
 0001:00021c80       _MenuParse_background      30022c80 f   ui_shared.obj
 0001:00021c80       _ItemParse_background      30022c80 f   ui_shared.obj
 0001:00021cc0       _ItemParse_doubleClick     30022cc0 f   ui_shared.obj
 0001:00021d00       _ItemParse_onFocus         30022d00 f   ui_shared.obj
 0001:00021d20       _ItemParse_leaveFocus      30022d20 f   ui_shared.obj
 0001:00021d40       _ItemParse_mouseEnter      30022d40 f   ui_shared.obj
 0001:00021d60       _ItemParse_mouseExit       30022d60 f   ui_shared.obj
 0001:00021d80       _ItemParse_mouseEnterText  30022d80 f   ui_shared.obj
 0001:00021da0       _ItemParse_mouseExitText   30022da0 f   ui_shared.obj
 0001:00021dc0       _ItemParse_action          30022dc0 f   ui_shared.obj
 0001:00021de0       _ItemParse_special         30022de0 f   ui_shared.obj
 0001:00021de0       _ItemParse_feeder          30022de0 f   ui_shared.obj
 0001:00021e00       _ItemParse_cvarTest        30022e00 f   ui_shared.obj
 0001:00021e20       _ItemParse_cvar            30022e20 f   ui_shared.obj
 0001:00021e70       _ItemParse_maxChars        30022e70 f   ui_shared.obj
 0001:00021ec0       _ItemParse_maxPaintChars   30022ec0 f   ui_shared.obj
 0001:00021f10       _ItemParse_cvarFloat       30022f10 f   ui_shared.obj
 0001:00021f80       _ItemParse_cvarStrList     30022f80 f   ui_shared.obj
 0001:00022080       _ItemParse_cvarFloatList   30023080 f   ui_shared.obj
 0001:00022170       _ItemParse_addColorRange   30023170 f   ui_shared.obj
 0001:000221f0       _ItemParse_enableCvar      300231f0 f   ui_shared.obj
 0001:00022220       _ItemParse_disableCvar     30023220 f   ui_shared.obj
 0001:00022260       _ItemParse_showCvar        30023260 f   ui_shared.obj
 0001:000222a0       _ItemParse_hideCvar        300232a0 f   ui_shared.obj
 0001:000222e0       _Item_Parse                300232e0 f   ui_shared.obj
 0001:000223b0       _Item_InitControls         300233b0 f   ui_shared.obj
 0001:000223e0       _MenuParse_font            300233e0 f   ui_shared.obj
 0001:00022440       _MenuParse_name            30023440 f   ui_shared.obj
 0001:00022480       _MenuParse_fullscreen      30023480 f   ui_shared.obj
 0001:000224a0       _MenuParse_rect            300234a0 f   ui_shared.obj
 0001:000224c0       _ItemParse_style           300234c0 f   ui_shared.obj
 0001:000224c0       _MenuParse_style           300234c0 f   ui_shared.obj
 0001:000224e0       _MenuParse_onOpen          300234e0 f   ui_shared.obj
 0001:00022500       _MenuParse_onClose         30023500 f   ui_shared.obj
 0001:00022520       _MenuParse_onESC           30023520 f   ui_shared.obj
 0001:00022540       _MenuParse_border          30023540 f   ui_shared.obj
 0001:00022540       _ItemParse_border          30023540 f   ui_shared.obj
 0001:00022560       _ItemParse_bordersize      30023560 f   ui_shared.obj
 0001:00022560       _MenuParse_borderSize      30023560 f   ui_shared.obj
 0001:00022580       _MenuParse_forecolor       30023580 f   ui_shared.obj
 0001:00022580       _ItemParse_forecolor       30023580 f   ui_shared.obj
 0001:000225d0       _MenuParse_focuscolor      300235d0 f   ui_shared.obj
 0001:00022620       _MenuParse_disablecolor    30023620 f   ui_shared.obj
 0001:00022670       _ItemParse_outlinecolor    30023670 f   ui_shared.obj
 0001:00022670       _MenuParse_outlinecolor    30023670 f   ui_shared.obj
 0001:00022690       _MenuParse_cinematic       30023690 f   ui_shared.obj
 0001:00022690       _ItemParse_cinematic       30023690 f   ui_shared.obj
 0001:000226b0       _MenuParse_ownerdrawFlag   300236b0 f   ui_shared.obj
 0001:000226b0       _ItemParse_ownerdrawFlag   300236b0 f   ui_shared.obj
 0001:000226e0       _MenuParse_ownerdraw       300236e0 f   ui_shared.obj
 0001:00022700       _MenuParse_popup           30023700 f   ui_shared.obj
 0001:00022720       _MenuParse_outOfBounds     30023720 f   ui_shared.obj
 0001:00022740       _ItemParse_text            30023740 f   ui_shared.obj
 0001:00022740       _MenuParse_soundLoop       30023740 f   ui_shared.obj
 0001:00022760       _MenuParse_fadeClamp       30023760 f   ui_shared.obj
 0001:00022780       _MenuParse_fadeAmount      30023780 f   ui_shared.obj
 0001:00022780       _ItemParse_textalignx      30023780 f   ui_shared.obj
 0001:000227a0       _ItemParse_align           300237a0 f   ui_shared.obj
 0001:000227a0       _MenuParse_fadeCycle       300237a0 f   ui_shared.obj
 0001:000227c0       _MenuParse_itemDef         300237c0 f   ui_shared.obj
 0001:00022860       __fpmath                   30023860 f   LIBC:fpinit.obj
 0001:00022877       __fpclear                  30023877 f   LIBC:fpinit.obj
 0001:00022878       __cfltcvt_init             30023878 f   LIBC:fpinit.obj
 0001:000228b0       __ftol                     300238b0 f   LIBC:ftol.obj
 0001:000228d7       _atol                      300238d7 f   LIBC:atox.obj
 0001:00022962       _atoi                      30023962 f   LIBC:atox.obj
 0001:0002296d       _rand                      3002396d f   LIBC:rand.obj
 0001:0002298b       _vsprintf                  3002398b f   LIBC:vsprintf.obj
 0001:000229e0       __chkstk                   300239e0 f   LIBC:chkstk.obj
 0001:000229e0       __alloca_probe             300239e0 f   LIBC:chkstk.obj
 0001:00022a0f       _floor                     30023a0f f   LIBC:floor.obj
 0001:00022ade       _atof                      30023ade f   LIBC:atof.obj
 0001:00022b40       _strchr                    30023b40 f   LIBC:strchr.obj
 0001:00022b46       ___from_strstr_to_strchr   30023b46 f   LIBC:strchr.obj
 0001:00022c00       __CIacos                   30023c00 f   LIBC:acos.obj
 0001:00022c14       _acos                      30023c14 f   LIBC:acos.obj
 0001:00022cd0       _strncpy                   30023cd0 f   LIBC:strncpy.obj
 0001:00022dd0       _strstr                    30023dd0 f   LIBC:strstr.obj
 0001:00022e50       _tolower                   30023e50 f   LIBC:tolower.obj
 0001:00022f20       _memmove                   30023f20 f   LIBC:memmove.obj
 0001:00023255       __CRT_INIT@12              30024255 f   LIBC:dllcrt0.obj
 0001:0002330d       __DllMainCRTStartup@12     3002430d f   LIBC:dllcrt0.obj
 0001:000233aa       __amsg_exit                300243aa f   LIBC:dllcrt0.obj
 0001:000233dd       __setdefaultprecision      300243dd f   LIBC:fp8.obj
 0001:000233ef       __ms_p5_test_fdiv          300243ef f   LIBC:testfdiv.obj
 0001:0002342d       __ms_p5_mp_test_fdiv       3002442d f   LIBC:testfdiv.obj
 0001:00023456       __forcdecpt                30024456 f   LIBC:cvt.obj
 0001:000234b0       __cropzeros                300244b0 f   LIBC:cvt.obj
 0001:000234fe       __positive                 300244fe f   LIBC:cvt.obj
 0001:00023516       __fassign                  30024516 f   LIBC:cvt.obj
 0001:00023554       __cftoe                    30024554 f   LIBC:cvt.obj
 0001:00023658       __cftof                    30024658 f   LIBC:cvt.obj
 0001:00023736       __cftog                    30024736 f   LIBC:cvt.obj
 0001:0002381b       __cfltcvt                  3002481b f   LIBC:cvt.obj
 0001:00023891       __isctype                  30024891 f   LIBC:isctype.obj
 0001:00023910       __allmul                   30024910 f   LIBC:llmul.obj
 0001:00023944       __flsbuf                   30024944 f   LIBC:_flsbuf.obj
 0001:00023a59       __output                   30024a59 f   LIBC:output.obj
 0001:00024263       __handle_qnan1             30025263 f   LIBC:fpexcept.obj
 0001:000242b6       __except1                  300252b6 f   LIBC:fpexcept.obj
 0001:0002434e       __raise_exc                3002534e f   LIBC:fpexcept.obj
 0001:00024601       __handle_exc               30025601 f   LIBC:fpexcept.obj
 0001:00024818       __umatherr                 30025818 f   LIBC:fpexcept.obj
 0001:000248a0       __set_errno                300258a0 f   LIBC:fpexcept.obj
 0001:000248eb       __errcode                  300258eb f   LIBC:fpexcept.obj
 0001:00024918       __frnd                     30025918 f   LIBC:frnd.obj
 0001:0002492a       __set_exp                  3002592a f   LIBC:util.obj
 0001:00024953       __sptype                   30025953 f   LIBC:util.obj
 0001:000249ad       __decomp                   300259ad f   LIBC:util.obj
 0001:00024a6e       __statfp                   30025a6e f   LIBC:fpctrl.obj
 0001:00024a7c       __clrfp                    30025a7c f   LIBC:fpctrl.obj
 0001:00024a8b       __ctrlfp                   30025a8b f   LIBC:fpctrl.obj
 0001:00024aae       __set_statfp               30025aae f   LIBC:fpctrl.obj
 0001:00024b04       __fltin                    30025b04 f   LIBC:cfin.obj
 0001:00024ba0       _strlen                    30025ba0 f   LIBC:strlen.obj
 0001:00024c20       __trandisp1                30025c20 f   LIBC:87disp.obj
 0001:00024c87       __trandisp2                30025c87 f   LIBC:87disp.obj
 0001:00024d13       __rttospopde               30025d13 f   LIBC:87disp.obj
 0001:00024d18       __rttospop                 30025d18 f   LIBC:87disp.obj
 0001:00024d1a       __rtnospop                 30025d1a f   LIBC:87disp.obj
 0001:00024d1c       __rttosnpop                30025d1c f   LIBC:87disp.obj
 0001:00024d1d       __rtnospopde               30025d1d f   LIBC:87disp.obj
 0001:00024d24       __rtzeropop                30025d24 f   LIBC:87disp.obj
 0001:00024d26       __rtzeronpop               30025d26 f   LIBC:87disp.obj
 0001:00024d2b       __rtonepop                 30025d2b f   LIBC:87disp.obj
 0001:00024d2d       __rtonenpop                30025d2d f   LIBC:87disp.obj
 0001:00024d32       __tosnan1                  30025d32 f   LIBC:87disp.obj
 0001:00024d5d       __nosnan2                  30025d5d f   LIBC:87disp.obj
 0001:00024d5f       __tosnan2                  30025d5f f   LIBC:87disp.obj
 0001:00024d87       __nan2                     30025d87 f   LIBC:87disp.obj
 0001:00024dc6       __rtindfpop                30025dc6 f   LIBC:87disp.obj
 0001:00024dc8       __rtindfnpop               30025dc8 f   LIBC:87disp.obj
 0001:00024dd9       __rttosnpopde              30025dd9 f   LIBC:87disp.obj
 0001:00024de3       __rtchsifneg               30025de3 f   LIBC:87disp.obj
 0001:00024df0       __startTwoArgErrorHandling 30025df0 f   LIBC:genexcep.obj
 0001:00024e07       __startOneArgErrorHandling 30025e07 f   LIBC:genexcep.obj
 0001:00024e50       __twoToTOS                 30025e50 f   LIBC:common.obj
 0001:00024e65       __load_CW                  30025e65 f   LIBC:common.obj
 0001:00024e7c       __convertTOStoQNaN         30025e7c f   LIBC:common.obj
 0001:00024e95       __fload_withFB             30025e95 f   LIBC:common.obj
 0001:00024ed8       __checkTOS_withFB          30025ed8 f   LIBC:common.obj
 0001:00024eee       __fast_exit                30025eee f   LIBC:common.obj
 0001:00024efb       __math_exit                30025efb f   LIBC:common.obj
 0001:00024f25       __check_overflow_exit      30025f25 f   LIBC:common.obj
 0001:00024f39       __check_range_exit         30025f39 f   LIBC:common.obj
 0001:00024fdc       ___crtLCMapStringA         30025fdc f   LIBC:a_map.obj
 0001:0002522b       __cinit                    3002622b f   LIBC:crt0dat.obj
 0001:00025258       __exit                     30026258 f   LIBC:crt0dat.obj
 0001:00025269       __cexit                    30026269 f   LIBC:crt0dat.obj
 0001:0002532b       __heap_init                3002632b f   LIBC:heapinit.obj
 0001:00025367       __heap_term                30026367 f   LIBC:heapinit.obj
 0001:000253dc       __ioinit                   300263dc f   LIBC:ioinit.obj
 0001:00025587       __ioterm                   30026587 f   LIBC:ioinit.obj
 0001:000255aa       __setenvp                  300265aa f   LIBC:stdenvp.obj
 0001:00025663       __setargv                  30026663 f   LIBC:stdargv.obj
 0001:000258b0       ___crtGetEnvironmentStringsA 300268b0 f   LIBC:a_env.obj
 0001:000259e2       _DllMain@12                300269e2 f   LIBC:dllmain.obj
 0001:00025a02       __FF_MSGBANNER             30026a02 f   LIBC:crt0msg.obj
 0001:00025a3b       __NMSG_WRITE               30026a3b f   LIBC:crt0msg.obj
 0001:00025b8e       __control87                30026b8e f   LIBC:ieee87.obj
 0001:00025bc3       __controlfp                30026bc3 f   LIBC:ieee87.obj
 0001:00025cf4       __ZeroTail                 30026cf4 f   LIBC:intrncvt.obj
 0001:00025d3d       __IncMan                   30026d3d f   LIBC:intrncvt.obj
 0001:00025d93       __RoundMan                 30026d93 f   LIBC:intrncvt.obj
 0001:00025e1f       __CopyMan                  30026e1f f   LIBC:intrncvt.obj
 0001:00025e3a       __FillZeroMan              30026e3a f   LIBC:intrncvt.obj
 0001:00025e46       __IsZeroMan                30026e46 f   LIBC:intrncvt.obj
 0001:00025e61       __ShrMan                   30026e61 f   LIBC:intrncvt.obj
 0001:00025eee       __ld12cvt                  30026eee f   LIBC:intrncvt.obj
 0001:0002605a       __ld12tod                  3002705a f   LIBC:intrncvt.obj
 0001:00026070       __ld12tof                  30027070 f   LIBC:intrncvt.obj
 0001:00026086       __atodbl                   30027086 f   LIBC:intrncvt.obj
 0001:000260b3       __atoflt                   300270b3 f   LIBC:intrncvt.obj
 0001:000260e0       _strcpy                    300270e0 f   LIBC:strcat.obj
 0001:000260f0       _strcat                    300270f0 f   LIBC:strcat.obj
 0001:000261d0       __fptostr                  300271d0 f   LIBC:_fptostr.obj
 0001:00026247       __fltout                   30027247 f   LIBC:cfout.obj
 0001:000262ab       ___dtold                   300272ab f   LIBC:cfout.obj
 0001:00026370       _memset                    30027370 f   LIBC:memset.obj
 0001:000263c8       __fptrap                   300273c8 f   LIBC:crt0fp.obj
 0001:000263d1       ___crtGetStringTypeA       300273d1 f   LIBC:a_str.obj
 0001:0002651a       __lseek                    3002751a f   LIBC:lseek.obj
 0001:000265b4       __write                    300275b4 f   LIBC:write.obj
 0001:00026761       __getbuf                   30027761 f   LIBC:_getbuf.obj
 0001:000267a5       __isatty                   300277a5 f   LIBC:isatty.obj
 0001:000267cb       ___initstdio               300277cb f   LIBC:_file.obj
 0001:00026870       ___endstdio                30027870 f   LIBC:_file.obj
 0001:00026884       _wctomb                    30027884 f   LIBC:wctomb.obj
 0001:000268f0       __aulldiv                  300278f0 f   LIBC:ulldiv.obj
 0001:00026960       __aullrem                  30027960 f   LIBC:ullrem.obj
 0001:000269d5       __matherr                  300279d5 f   LIBC:matherr.obj
 0001:000269d8       ___strgtold12              300279d8 f   LIBC:strgtold.obj
 0001:00026ea9       __87except                 30027ea9 f   LIBC:87except.obj
 0001:00026f7c       __global_unwind2           30027f7c f   LIBC:exsup.obj
 0001:00026fbe       __local_unwind2            30027fbe f   LIBC:exsup.obj
 0001:00027016       __NLG_Return2              30028016 f   LIBC:exsup.obj
 0001:00027026       __abnormal_termination     30028026 f   LIBC:exsup.obj
 0001:00027049       __NLG_Notify1              30028049 f   LIBC:exsup.obj
 0001:00027052       __NLG_Notify               30028052 f   LIBC:exsup.obj
 0001:00027065       __NLG_Dispatch             30028065 f   LIBC:exsup.obj
 0001:00027074       __except_handler3          30028074 f   LIBC:exsup3.obj
 0001:00027131       __seh_longjmp_unwind@4     30028131 f   LIBC:exsup3.obj
 0001:0002714c       ___sbh_heap_init           3002814c f   LIBC:sbheap.obj
 0001:0002718a       ___sbh_find_block          3002818a f   LIBC:sbheap.obj
 0001:000271b5       ___sbh_free_block          300281b5 f   LIBC:sbheap.obj
 0001:000274e0       ___sbh_alloc_block         300284e0 f   LIBC:sbheap.obj
 0001:000277e9       ___sbh_alloc_new_region    300287e9 f   LIBC:sbheap.obj
 0001:0002789a       ___sbh_alloc_new_group     3002889a f   LIBC:sbheap.obj
 0001:00027995       _malloc                    30028995 f   LIBC:malloc.obj
 0001:000279a7       __nh_malloc                300289a7 f   LIBC:malloc.obj
 0001:000279d3       __heap_alloc               300289d3 f   LIBC:malloc.obj
 0001:00027a09       _free                      30028a09 f   LIBC:free.obj
 0001:00027a38       __setmbcp                  30028a38 f   LIBC:mbctype.obj
 0001:00027dfc       ___initmbctable            30028dfc f   LIBC:mbctype.obj
 0001:00027e20       _memcpy                    30028e20 f   LIBC:memcpy.obj
 0001:00028155       ___crtMessageBoxA          30029155 f   LIBC:crtmbox.obj
 0001:000281de       ___addl                    300291de f   LIBC:mantold.obj
 0001:000281ff       ___add_12                  300291ff f   LIBC:mantold.obj
 0001:0002825d       ___shl_12                  3002925d f   LIBC:mantold.obj
 0001:0002828b       ___shr_12                  3002928b f   LIBC:mantold.obj
 0001:000282b8       ___mtold12                 300292b8 f   LIBC:mantold.obj
 0001:0002837f       _$I10_OUTPUT               3002937f f   LIBC:x10fout.obj
 0001:00028612       __dosmaperr                30029612 f   LIBC:dosmap.obj
 0001:00028679       __free_osfhnd              30029679 f   LIBC:osfinfo.obj
 0001:000286f3       __get_osfhandle            300296f3 f   LIBC:osfinfo.obj
 0001:00028730       _calloc                    30029730 f   LIBC:calloc.obj
 0001:000287ad       __fcloseall                300297ad f   LIBC:closeall.obj
 0001:00028805       _fflush                    30029805 f   LIBC:fflush.obj
 0001:00028840       __flush                    30029840 f   LIBC:fflush.obj
 0001:0002889c       __flushall                 3002989c f   LIBC:fflush.obj
 0001:00028912       ___ld12mul                 30029912 f   LIBC:tenpow.obj
 0001:00028b32       ___multtenpow12            30029b32 f   LIBC:tenpow.obj
 0001:00028bae       __callnewh                 30029bae f   LIBC:handler.obj
 0001:00028bc9       _fclose                    30029bc9 f   LIBC:fclose.obj
 0001:00028c1f       __commit                   30029c1f f   LIBC:commit.obj
 0001:00028c76       __close                    30029c76 f   LIBC:close.obj
 0001:00028d29       __freebuf                  30029d29 f   LIBC:_freebuf.obj
 0001:00028d54       _RtlUnwind@16              30029d54 f   kernel32:KERNEL32.dll
 0002:00000000       __imp__FreeEnvironmentStringsW@4 3002a000     kernel32:KERNEL32.dll
 0002:00000004       __imp__GetVersion@0        3002a004     kernel32:KERNEL32.dll
 0002:00000008       __imp__GetProcAddress@8    3002a008     kernel32:KERNEL32.dll
 0002:0000000c       __imp__GetModuleHandleA@4  3002a00c     kernel32:KERNEL32.dll
 0002:00000010       __imp__RaiseException@16   3002a010     kernel32:KERNEL32.dll
 0002:00000014       __imp__WideCharToMultiByte@32 3002a014     kernel32:KERNEL32.dll
 0002:00000018       __imp__MultiByteToWideChar@24 3002a018     kernel32:KERNEL32.dll
 0002:0000001c       __imp__LCMapStringA@24     3002a01c     kernel32:KERNEL32.dll
 0002:00000020       __imp__LCMapStringW@24     3002a020     kernel32:KERNEL32.dll
 0002:00000024       __imp__ExitProcess@4       3002a024     kernel32:KERNEL32.dll
 0002:00000028       __imp__TerminateProcess@8  3002a028     kernel32:KERNEL32.dll
 0002:0000002c       __imp__GetCurrentProcess@0 3002a02c     kernel32:KERNEL32.dll
 0002:00000030       __imp__HeapDestroy@4       3002a030     kernel32:KERNEL32.dll
 0002:00000034       __imp__HeapCreate@12       3002a034     kernel32:KERNEL32.dll
 0002:00000038       __imp__VirtualFree@12      3002a038     kernel32:KERNEL32.dll
 0002:0000003c       __imp__HeapFree@12         3002a03c     kernel32:KERNEL32.dll
 0002:00000040       __imp__SetHandleCount@4    3002a040     kernel32:KERNEL32.dll
 0002:00000044       __imp__GetStdHandle@4      3002a044     kernel32:KERNEL32.dll
 0002:00000048       __imp__GetFileType@4       3002a048     kernel32:KERNEL32.dll
 0002:0000004c       __imp__GetStartupInfoA@4   3002a04c     kernel32:KERNEL32.dll
 0002:00000050       __imp__GetModuleFileNameA@12 3002a050     kernel32:KERNEL32.dll
 0002:00000054       __imp__FreeEnvironmentStringsA@4 3002a054     kernel32:KERNEL32.dll
 0002:00000058       __imp__GetCommandLineA@0   3002a058     kernel32:KERNEL32.dll
 0002:0000005c       __imp__GetEnvironmentStrings@0 3002a05c     kernel32:KERNEL32.dll
 0002:00000060       __imp__GetEnvironmentStringsW@0 3002a060     kernel32:KERNEL32.dll
 0002:00000064       __imp__DisableThreadLibraryCalls@4 3002a064     kernel32:KERNEL32.dll
 0002:00000068       __imp__WriteFile@20        3002a068     kernel32:KERNEL32.dll
 0002:0000006c       __imp__GetStringTypeA@20   3002a06c     kernel32:KERNEL32.dll
 0002:00000070       __imp__GetStringTypeW@16   3002a070     kernel32:KERNEL32.dll
 0002:00000074       __imp__GetLastError@0      3002a074     kernel32:KERNEL32.dll
 0002:00000078       __imp__SetFilePointer@16   3002a078     kernel32:KERNEL32.dll
 0002:0000007c       __imp__RtlUnwind@16        3002a07c     kernel32:KERNEL32.dll
 0002:00000080       __imp__HeapAlloc@12        3002a080     kernel32:KERNEL32.dll
 0002:00000084       __imp__VirtualAlloc@16     3002a084     kernel32:KERNEL32.dll
 0002:00000088       __imp__HeapReAlloc@16      3002a088     kernel32:KERNEL32.dll
 0002:0000008c       __imp__GetCPInfo@8         3002a08c     kernel32:KERNEL32.dll
 0002:00000090       __imp__GetACP@0            3002a090     kernel32:KERNEL32.dll
 0002:00000094       __imp__GetOEMCP@0          3002a094     kernel32:KERNEL32.dll
 0002:00000098       __imp__LoadLibraryA@4      3002a098     kernel32:KERNEL32.dll
 0002:0000009c       __imp__SetStdHandle@8      3002a09c     kernel32:KERNEL32.dll
 0002:000000a0       __imp__FlushFileBuffers@4  3002a0a0     kernel32:KERNEL32.dll
 0002:000000a4       __imp__CloseHandle@4       3002a0a4     kernel32:KERNEL32.dll
 0002:000000a8       \177KERNEL32_NULL_THUNK_DATA 3002a0a8     kernel32:KERNEL32.dll
 0002:000000b0       __real@4@c0049000000000000000 3002a0b0     bg_misc.obj
 0002:000000b4       __real@4@40049000000000000000 3002a0b4     bg_misc.obj
 0002:000000b8       __real@4@c004c800000000000000 3002a0b8     bg_misc.obj
 0002:000000bc       __real@4@4004b000000000000000 3002a0bc     bg_misc.obj
 0002:000000c0       __real@8@4007c800000000000000 3002a0c0     bg_misc.obj
 0002:000000c8       __real@4@00000000000000000000 3002a0c8     bg_misc.obj
 0002:000000cc       __real@4@4001c90fdb0000000000 3002a0cc     bg_misc.obj
 0002:000000d0       __real@8@3ff583126e978d4fe000 3002a0d0     bg_misc.obj
 0002:000000d8       __real@4@4008c800000000000000 3002a0d8     bg_misc.obj
 0002:000000e0       __real@8@3ffe8000000000000000 3002a0e0     bg_misc.obj
 0002:000000e8       __real@4@4004b400000000000000 3002a0e8     bg_misc.obj
 0002:000000f0       __real@8@3ff7b400000000000000 3002a0f0     bg_pmove.obj
 0002:000000f8       __real@4@3fff8000000000000000 3002a0f8     bg_pmove.obj
 0002:000000fc       __real@4@c004f000000000000000 3002a0fc     bg_pmove.obj
 0002:00000100       __real@8@4005fe00000000000000 3002a100     bg_pmove.obj
 0002:00000108       __real@4@4006c800000000000000 3002a108     bg_pmove.obj
 0002:0000010c       __real@4@40038000000000000000 3002a10c     bg_pmove.obj
 0002:00000110       __real@4@40018000000000000000 3002a110     bg_pmove.obj
 0002:00000114       __real@4@4003f000000000000000 3002a114     bg_pmove.obj
 0002:00000118       __real@4@4002a000000000000000 3002a118     bg_pmove.obj
 0002:0000011c       __real@4@4005c800000000000000 3002a11c     bg_pmove.obj
 0002:00000120       __real@4@c0038000000000000000 3002a120     bg_pmove.obj
 0002:00000128       __real@8@3fff8000000000000000 3002a128     bg_pmove.obj
 0002:00000130       __real@8@3ffdaaaaaaaaaaaaa800 3002a130     bg_pmove.obj
 0002:00000138       __real@4@4003a000000000000000 3002a138     bg_pmove.obj
 0002:00000140       __real@8@3fffc000000000000000 3002a140     bg_pmove.obj
 0002:00000148       __real@4@c006c800000000000000 3002a148     bg_pmove.obj
 0002:0000014c       __real@4@3ffeb333330000000000 3002a14c     bg_pmove.obj
 0002:00000150       __real@8@3ffd8000000000000000 3002a150     bg_pmove.obj
 0002:00000158       __real@4@4001e000000000000000 3002a158     bg_pmove.obj
 0002:0000015c       __real@4@4004a000000000000000 3002a15c     bg_pmove.obj
 0002:00000160       __real@4@4004f000000000000000 3002a160     bg_pmove.obj
 0002:00000168       __real@8@3ff1d1b71758e2196800 3002a168     bg_pmove.obj
 0002:00000170       __real@4@3ffe8000000000000000 3002a170     bg_pmove.obj
 0002:00000174       __real@4@40058000000000000000 3002a174     bg_pmove.obj
 0002:00000178       __real@4@4003c000000000000000 3002a178     bg_pmove.obj
 0002:0000017c       __real@4@4003b800000000000000 3002a17c     bg_pmove.obj
 0002:00000180       __real@4@4001a000000000000000 3002a180     bg_pmove.obj
 0002:00000188       __real@8@3ffec4ec4ec4ec4ec000 3002a188     bg_pmove.obj
 0002:00000190       __real@8@3ffbccccccccccccd000 3002a190     bg_slidemove.obj
 0002:00000198       __real@8@3ffefd70a3d70a3d7000 3002a198     bg_slidemove.obj
 0002:000001a0       __real@4@4002f000000000000000 3002a1a0     bg_slidemove.obj
 0002:000001a4       __real@4@4002b000000000000000 3002a1a4     bg_slidemove.obj
 0002:000001a8       __real@4@40008000000000000000 3002a1a8     bg_slidemove.obj
 0002:000001b0       __real@8@3ffeb333333333333000 3002a1b0     bg_slidemove.obj
 0002:000001b8       __real@4@40039000000000000000 3002a1b8     bg_slidemove.obj
 0002:000001c0       __real@8@4000eece540f4898d000 3002a1c0     cg_draw.obj
 0002:000001c8       __real@8@bffe8000000000000000 3002a1c8     cg_draw.obj
 0002:000001d0       __real@8@4004f000000000000000 3002a1d0     cg_draw.obj
 0002:000001d8       __real@8@3ff483126e978d4fe000 3002a1d8     cg_draw.obj
 0002:000001e0       __real@4@bffe8000000000000000 3002a1e0     cg_draw.obj
 0002:000001e8       __real@8@3ff48000000000000000 3002a1e8     cg_draw.obj
 0002:000001f0       __real@8@4005b400000000000000 3002a1f0     cg_draw.obj
 0002:000001f8       __real@8@4003a000000000000000 3002a1f8     cg_draw.obj
 0002:00000200       __real@4@4007f000000000000000 3002a200     cg_draw.obj
 0002:00000204       __real@4@4000c000000000000000 3002a204     cg_draw.obj
 0002:00000208       __real@4@4009fa00000000000000 3002a208     cg_draw.obj
 0002:00000210       __real@8@4001a000000000000000 3002a210     cg_draw.obj
 0002:00000218       __real@8@4006b400000000000000 3002a218     cg_draw.obj
 0002:00000220       __real@8@4000c90fdb0000000000 3002a220     cg_draw.obj
 0002:00000228       __real@4@3ff08001000200040000 3002a228     cg_draw.obj
 0002:0000022c       __real@4@4006b400000000000000 3002a22c     cg_draw.obj
 0002:00000230       __real@4@3ff683126e978d4fe000 3002a230     cg_draw.obj
 0002:00000234       __real@4@4007fa00000000000000 3002a234     cg_draw.obj
 0002:00000238       __real@4@40028000000000000000 3002a238     cg_draw.obj
 0002:0000023c       __real@4@4008a000000000000000 3002a23c     cg_draw.obj
 0002:00000240       __real@8@4004c000000000000000 3002a240     cg_draw.obj
 0002:00000248       __real@4@3ff7a3d70a3d70a3d800 3002a248     cg_draw.obj
 0002:0000024c       __real@4@3ff583126e978d4fe000 3002a24c     cg_draw.obj
 0002:00000250       __real@4@4004c000000000000000 3002a250     cg_draw.obj
 0002:00000254       __real@4@4007d800000000000000 3002a254     cg_draw.obj
 0002:00000258       __real@4@3ff591a2b3c4d5e6f800 3002a258     cg_draw.obj
 0002:0000025c       __real@4@3ff6da740da740da7800 3002a25c     cg_draw.obj
 0002:00000260       __real@4@3ffdaaaaaaaaaaaaa800 3002a260     cg_draw.obj
 0002:00000264       __real@4@4008fa00000000000000 3002a264     cg_draw.obj
 0002:00000268       __real@4@4007a000000000000000 3002a268     cg_draw.obj
 0002:0000026c       __real@4@40108000000000000000 3002a26c     cg_draw.obj
 0002:00000270       __real@4@3fff8ccccd0000000000 3002a270     cg_draw.obj
 0002:00000274       __real@4@3fffc000000000000000 3002a274     cg_draw.obj
 0002:00000278       __real@4@3ffb8000000000000000 3002a278     cg_drawtools.obj
 0002:00000280       __real@8@3ffb8000000000000000 3002a280     cg_drawtools.obj
 0002:00000288       __real@8@3ff98000000000000000 3002a288     cg_drawtools.obj
 0002:00000290       __real@8@3ff7a3d70a3d70a3d800 3002a290     cg_drawtools.obj
 0002:00000298       __real@8@3ffa8888888888888800 3002a298     cg_drawtools.obj
 0002:000002a0       __real@8@3ff9f83e0f83e0f84000 3002a2a0     cg_drawtools.obj
 0002:000002a8       __real@8@3ffff878787878788000 3002a2a8     cg_drawtools.obj
 0002:000002b0       __real@4@3ff78000000000000000 3002a2b0     cg_drawtools.obj
 0002:000002b4       __real@4@3ffec000000000000000 3002a2b4     cg_drawtools.obj
 0002:000002b8       __real@8@3ffeccccccccccccd000 3002a2b8     cg_drawtools.obj
 0002:000002c0       __real@4@4003d800000000000000 3002a2c0     cg_drawtools.obj
 0002:000002c4       __real@4@3ffbd800000000000000 3002a2c4     cg_drawtools.obj
 0002:000002c8       __real@8@4001c000000000000000 3002a2c8     cg_effects.obj
 0002:000002d0       __real@4@4006fa00000000000000 3002a2d0     cg_effects.obj
 0002:000002d4       __real@4@4006ff00000000000000 3002a2d4     cg_effects.obj
 0002:000002d8       __real@4@4007b400000000000000 3002a2d8     cg_effects.obj
 0002:000002dc       __real@4@400abb80000000000000 3002a2dc     cg_effects.obj
 0002:000002e0       __real@8@4006fa00000000000000 3002a2e0     cg_effects.obj
 0002:000002e8       __real@8@4006c800000000000000 3002a2e8     cg_effects.obj
 0002:000002f0       __real@8@4005c800000000000000 3002a2f0     cg_effects.obj
 0002:000002f8       __real@4@4003c800000000000000 3002a2f8     cg_effects.obj
 0002:000002fc       __real@4@3ff58000000000000000 3002a2fc     cg_ents.obj
 0002:00000300       __real@4@bff58000000000000000 3002a300     cg_ents.obj
 0002:00000304       __real@4@4002c000000000000000 3002a304     cg_ents.obj
 0002:00000308       __real@8@40018000000000000000 3002a308     cg_ents.obj
 0002:00000310       __real@8@3feea7c5ac471b478800 3002a310     cg_ents.obj
 0002:00000318       __real@8@3fffb400000000000000 3002a318     cg_ents.obj
 0002:00000320       __real@4@40048000000000000000 3002a320     cg_event.obj
 0002:00000324       __real@4@c0008000000000000000 3002a324     cg_localents.obj
 0002:00000328       __real@8@40038000000000000000 3002a328     cg_localents.obj
 0002:00000330       __real@8@4002a000000000000000 3002a330     cg_localents.obj
 0002:00000338       __real@4@4005dc00000000000000 3002a338     cg_localents.obj
 0002:0000033c       __real@4@4008ff00000000000000 3002a33c     cg_localents.obj
 0002:00000340       __real@8@40028000000000000000 3002a340     cg_localents.obj
 0002:00000348       __real@8@4003f000000000000000 3002a348     cg_localents.obj
 0002:00000350       __real@8@4004a800000000000000 3002a350     cg_localents.obj
 0002:00000358       __real@8@3ffda8f5c28f5c28f800 3002a358     cg_localents.obj
 0002:00000360       __real@8@3ff68888888888888800 3002a360     cg_main.obj
 0002:00000368       __real@8@3ff5ccccccccccccd000 3002a368     cg_main.obj
 0002:00000370       __real@4@c003a000000000000000 3002a370     cg_marks.obj
 0002:00000378       __real@8@4007e100000000000000 3002a378     cg_marks.obj
 0002:00000380       __real@8@3ff3aec33e1f67152800 3002a380     cg_marks.obj
 0002:00000388       __real@4@400b8000000000000000 3002a388     cg_marks.obj
 0002:0000038c       __real@4@40098000000000000000 3002a38c     cg_marks.obj
 0002:00000390       __real@8@3ffeaaaaaaaaaaaaa800 3002a390     cg_marks.obj
 0002:00000398       __real@4@3ffefff9720000000000 3002a398     cg_marks.obj
 0002:000003a0       __real@8@40008000000000000000 3002a3a0     cg_marks.obj
 0002:000003a8       __real@4@3ff7b60b60b60b60b800 3002a3a8     cg_marks.obj
 0002:000003ac       __real@4@4000c90fdb0000000000 3002a3ac     cg_marks.obj
 0002:000003b0       __real@8@3ffee666666666666800 3002a3b0     cg_marks.obj
 0002:000003b8       __real@8@4004c800000000000000 3002a3b8     cg_marks.obj
 0002:000003c0       __real@8@4006b300000000000000 3002a3c0     cg_marks.obj
 0002:000003c8       __real@8@3ffdccccccccccccd000 3002a3c8     cg_marks.obj
 0002:000003d0       __real@4@3ffacccccd0000000000 3002a3d0     cg_players.obj
 0002:000003d4       __real@4@4005b400000000000000 3002a3d4     cg_players.obj
 0002:000003d8       __real@4@4004e52ee0681e792800 3002a3d8     cg_players.obj
 0002:000003dc       __real@4@bfff8000000000000000 3002a3dc     cg_players.obj
 0002:000003e0       __real@4@40068000000000000000 3002a3e0     cg_players.obj
 0002:000003e8       __real@8@bfff8000000000000000 3002a3e8     cg_playerstate.obj
 0002:000003f0       __real@4@3ffbcccccd0000000000 3002a3f0     cg_playerstate.obj
 0002:000003f8       __real@8@3fffb4b4b4b4b4b4b000 3002a3f8     cg_playerstate.obj
 0002:00000400       __real@8@4004a000000000000000 3002a400     cg_playerstate.obj
 0002:00000408       __real@4@3ff8a3d70b0000000000 3002a408     cg_predict.obj
 0002:00000460       __real@8@400ac800000000000000 3002a460     cg_unlagged.obj
 0002:00000468       __real@4@400c8000000000000000 3002a468     cg_unlagged.obj
 0002:0000046c       __real@4@4002e000000000000000 3002a46c     cg_unlagged.obj
 0002:00000470       __real@4@c0028000000000000000 3002a470     cg_view.obj
 0002:00000478       __real@8@3ff9caa5254a952a5000 3002a478     cg_view.obj
 0002:00000480       __real@8@c004e52ee0681e793000 3002a480     cg_view.obj
 0002:00000488       __real@8@40048000000000000000 3002a488     cg_view.obj
 0002:00000490       __real@4@3ff98efa355555555800 3002a490     cg_view.obj
 0002:00000494       __real@4@40088000000000000000 3002a494     cg_view.obj
 0002:00000498       __real@4@4007e100000000000000 3002a498     cg_view.obj
 0002:0000049c       __real@4@3ff7da740da740da7800 3002a49c     cg_view.obj
 0002:000004a0       __real@4@40069600000000000000 3002a4a0     cg_view.obj
 0002:000004a4       __real@4@4001c000000000000000 3002a4a4     cg_view.obj
 0002:000004a8       __real@4@3ff6a3d70a3d70a3d800 3002a4a8     cg_view.obj
 0002:000004ac       __real@4@3ff8a3d70a3d70a3d800 3002a4ac     cg_view.obj
 0002:000004b0       __real@8@3ff8da740da740da7800 3002a4b0     cg_view.obj
 0002:000004b8       __real@8@3ff6a4b5be76c8b43800 3002a4b8     cg_view.obj
 0002:000004c0       __real@4@4005e52ee0681e792800 3002a4c0     cg_view.obj
 0002:000004c4       __real@4@3ff88efa355555555800 3002a4c4     cg_view.obj
 0002:000004c8       __real@4@4006a000000000000000 3002a4c8     cg_view.obj
 0002:000004d0       __real@8@3ffec000000000000000 3002a4d0     cg_weapons.obj
 0002:000004d8       __real@4@4003d000000000000000 3002a4d8     cg_weapons.obj
 0002:000004e0       __real@8@3ffcccccccccccccd000 3002a4e0     cg_weapons.obj
 0002:000004e8       __real@4@4004fc00000000000000 3002a4e8     cg_weapons.obj
 0002:000004f0       __real@8@4005a000000000000000 3002a4f0     cg_weapons.obj
 0002:000004f8       __real@8@4005f000000000000000 3002a4f8     cg_weapons.obj
 0002:00000500       __real@8@4006ff00000000000000 3002a500     cg_weapons.obj
 0002:00000508       __real@4@3ff4aec33e1f67152800 3002a508     cg_weapons.obj
 0002:0000050c       __real@4@4008c000000000000000 3002a50c     cg_weapons.obj
 0002:00000510       __real@4@c006b400000000000000 3002a510     cg_weapons.obj
 0002:00000518       __real@8@bffcccccccccccccd000 3002a518     cg_weapons.obj
 0002:00000520       __real@8@3ff4da740da740da7800 3002a520     cg_weapons.obj
 0002:00000528       __real@8@3ff5da740da740da7800 3002a528     cg_weapons.obj
 0002:00000530       __real@8@3ff8a3d70a3d70a3d800 3002a530     cg_weapons.obj
 0002:00000538       __real@4@400caf00000000000000 3002a538     cg_weapons.obj
 0002:0000053c       __real@4@4004c800000000000000 3002a53c     cg_weapons.obj
 0002:00000540       __real@4@3fef8000000000000000 3002a540     q_math.obj
 0002:00000548       __real@8@4004e52ee0681e792800 3002a548     q_math.obj
 0002:00000550       __real@4@40078700000000000000 3002a550     q_math.obj
 0002:00000558       __real@8@4006b60b60b60b60b800 3002a558     q_math.obj
 0002:00000560       __real@8@4007b400000000000000 3002a560     q_math.obj
 0002:00000568       __real@4@3ff98efa350000000000 3002a568     q_math.obj
 0002:00000570       __real@8@00000000000000000000 3002a570     ui_shared.obj
 0002:00000578       __real@8@4015800bf60000000000 3002a578     LIBC:testfdiv.obj
 0002:00000580       __real@8@4014bffffc0000000000 3002a580     LIBC:testfdiv.obj
 0002:00000588       ??_C@_0BK@JEGK@IsProcessorFeaturePresent?$AA@ 3002a588     LIBC:testfdiv.obj
 0002:000005a4       ??_C@_08OBID@KERNEL32?$AA@ 3002a5a4     LIBC:testfdiv.obj
 0002:000005b0       ??_C@_05OFLO@e?$CL000?$AA@ 3002a5b0     LIBC:cvt.obj
 0002:000005b8       ___lookuptable             3002a5b8     LIBC:output.obj
 0002:00000614       ??_C@_1O@POHA@?$AA?$CI?$AAn?$AAu?$AAl?$AAl?$AA?$CJ?$AA?$AA@ 3002a614     LIBC:output.obj
 0002:00000624       ??_C@_06ONKE@?$CInull?$CJ?$AA@ 3002a624     LIBC:output.obj
 0002:0000062c       ??_C@_03GAFO@_yn?$AA@      3002a62c     LIBC:fpexcept.obj
 0002:00000630       ??_C@_03GNLD@_y1?$AA@      3002a630     LIBC:fpexcept.obj
 0002:00000634       ??_C@_03MHCE@_y0?$AA@      3002a634     LIBC:fpexcept.obj
 0002:00000638       ??_C@_05PAK@frexp?$AA@     3002a638     LIBC:fpexcept.obj
 0002:00000640       ??_C@_04JKCH@fmod?$AA@     3002a640     LIBC:fpexcept.obj
 0002:00000648       ??_C@_06GGHF@_hypot?$AA@   3002a648     LIBC:fpexcept.obj
 0002:00000650       ??_C@_05JNMC@_cabs?$AA@    3002a650     LIBC:fpexcept.obj
 0002:00000658       ??_C@_05MEKH@ldexp?$AA@    3002a658     LIBC:fpexcept.obj
 0002:00000660       ??_C@_04KAOJ@modf?$AA@     3002a660     LIBC:fpexcept.obj
 0002:00000668       ??_C@_04EHAJ@fabs?$AA@     3002a668     LIBC:fpexcept.obj
 0002:00000670       ??_C@_05MFBN@floor?$AA@    3002a670     LIBC:fpexcept.obj
 0002:00000678       ??_C@_04JJMP@ceil?$AA@     3002a678     LIBC:fpexcept.obj
 0002:00000680       ??_C@_03JLPI@tan?$AA@      3002a680     LIBC:fpexcept.obj
 0002:00000684       ??_C@_03DLFL@cos?$AA@      3002a684     LIBC:fpexcept.obj
 0002:00000688       ??_C@_03JAMN@sin?$AA@      3002a688     LIBC:fpexcept.obj
 0002:0000068c       ??_C@_04LMBE@sqrt?$AA@     3002a68c     LIBC:fpexcept.obj
 0002:00000694       ??_C@_05BFPO@atan2?$AA@    3002a694     LIBC:fpexcept.obj
 0002:0000069c       ??_C@_04EAGN@atan?$AA@     3002a69c     LIBC:fpexcept.obj
 0002:000006a4       ??_C@_04OAMO@acos?$AA@     3002a6a4     LIBC:fpexcept.obj
 0002:000006ac       ??_C@_04ELFI@asin?$AA@     3002a6ac     LIBC:fpexcept.obj
 0002:000006b4       ??_C@_04LFAD@tanh?$AA@     3002a6b4     LIBC:fpexcept.obj
 0002:000006bc       ??_C@_04PFKD@cosh?$AA@     3002a6bc     LIBC:fpexcept.obj
 0002:000006c4       ??_C@_04NPAI@sinh?$AA@     3002a6c4     LIBC:fpexcept.obj
 0002:000006cc       ??_C@_05IJHH@log10?$AA@    3002a6cc     LIBC:fpexcept.obj
 0002:000006d4       ??_C@_03BGKD@log?$AA@      3002a6d4     LIBC:fpexcept.obj
 0002:000006d8       ??_C@_03EGFG@pow?$AA@      3002a6d8     LIBC:fpexcept.obj
 0002:000006dc       ??_C@_03CDGJ@exp?$AA@      3002a6dc     LIBC:fpexcept.obj
 0002:000006e8       __DEFAULT_CW_in_mem        3002a6e8     LIBC:common.obj
 0002:000006ea       __pi_by_2_to_61            3002a6ea     LIBC:common.obj
 0002:00000724       ??_C@_01A@?$AA?$AA@        3002a724     LIBC:a_map.obj
 0002:00000728       ??_C@_13A@?$AA?$AA?$AA?$AA@ 3002a728     LIBC:a_map.obj
 0002:00000748       ??_C@_0P@GGKG@runtime?5error?5?$AA@ 3002a748     LIBC:crt0msg.obj
 0002:00000758       ??_C@_02PIMC@?$AN?6?$AA@   3002a758     LIBC:crt0msg.obj
 0002:0000075c       ??_C@_0O@DELO@TLOSS?5error?$AN?6?$AA@ 3002a75c     LIBC:crt0msg.obj
 0002:0000076c       ??_C@_0N@OMLL@SING?5error?$AN?6?$AA@ 3002a76c     LIBC:crt0msg.obj
 0002:0000077c       ??_C@_0P@OJAK@DOMAIN?5error?$AN?6?$AA@ 3002a77c     LIBC:crt0msg.obj
 0002:0000078c       ??_C@_0CF@EANP@R6028?$AN?6?9?5unable?5to?5initialize?5he@ 3002a78c     LIBC:crt0msg.obj
 0002:000007b4       ??_C@_0DF@ECGN@R6027?$AN?6?9?5not?5enough?5space?5for?5lo@ 3002a7b4     LIBC:crt0msg.obj
 0002:000007ec       ??_C@_0DF@FKAC@R6026?$AN?6?9?5not?5enough?5space?5for?5st@ 3002a7ec     LIBC:crt0msg.obj
 0002:00000824       ??_C@_0CG@DPMN@R6025?$AN?6?9?5pure?5virtual?5function?5c@ 3002a824     LIBC:crt0msg.obj
 0002:0000084c       ??_C@_0DF@CKIP@R6024?$AN?6?9?5not?5enough?5space?5for?5_o@ 3002a84c     LIBC:crt0msg.obj
 0002:00000884       ??_C@_0CJ@GGOE@R6019?$AN?6?9?5unable?5to?5open?5console?5@ 3002a884     LIBC:crt0msg.obj
 0002:000008b0       ??_C@_0CB@LBOB@R6018?$AN?6?9?5unexpected?5heap?5error?$AN?6@ 3002a8b0     LIBC:crt0msg.obj
 0002:000008d4       ??_C@_0CN@FPEG@R6017?$AN?6?9?5unexpected?5multithread?5@ 3002a8d4     LIBC:crt0msg.obj
 0002:00000904       ??_C@_0CM@OBIC@R6016?$AN?6?9?5not?5enough?5space?5for?5th@ 3002a904     LIBC:crt0msg.obj
 0002:00000930       ??_C@_0CB@HPAL@?$AN?6abnormal?5program?5termination?$AN?6@ 3002a930     LIBC:crt0msg.obj
 0002:00000954       ??_C@_0CM@JOOB@R6009?$AN?6?9?5not?5enough?5space?5for?5en@ 3002a954     LIBC:crt0msg.obj
 0002:00000980       ??_C@_0CK@OIBL@R6008?$AN?6?9?5not?5enough?5space?5for?5ar@ 3002a980     LIBC:crt0msg.obj
 0002:000009ac       ??_C@_0CF@LKPB@R6002?$AN?6?9?5floating?5point?5not?5load@ 3002a9ac     LIBC:crt0msg.obj
 0002:000009d4       ??_C@_0CF@JPDF@Microsoft?5Visual?5C?$CL?$CL?5Runtime?5Lib@ 3002a9d4     LIBC:crt0msg.obj
 0002:000009fc       ??_C@_02JJJH@?6?6?$AA@     3002a9fc     LIBC:crt0msg.obj
 0002:00000a00       ??_C@_0BK@DEOK@Runtime?5Error?$CB?6?6Program?3?5?$AA@ 3002aa00     LIBC:crt0msg.obj
 0002:00000a1c       ??_C@_03NAME@?4?4?4?$AA@   3002aa1c     LIBC:crt0msg.obj
 0002:00000a20       ??_C@_0BH@NNCD@?$DMprogram?5name?5unknown?$DO?$AA@ 3002aa20     LIBC:crt0msg.obj
 0002:00000a44       ??_C@_0BD@NJFP@GetLastActivePopup?$AA@ 3002aa44     LIBC:crtmbox.obj
 0002:00000a58       ??_C@_0BA@GILI@GetActiveWindow?$AA@ 3002aa58     LIBC:crtmbox.obj
 0002:00000a68       ??_C@_0M@PKCK@MessageBoxA?$AA@ 3002aa68     LIBC:crtmbox.obj
 0002:00000a74       ??_C@_0L@HKL@user32?4dll?$AA@ 3002aa74     LIBC:crtmbox.obj
 0002:00000a80       ??_C@_06PAPI@1?$CDQNAN?$AA@ 3002aa80     LIBC:x10fout.obj
 0002:00000a88       ??_C@_05BGNL@1?$CDINF?$AA@ 3002aa88     LIBC:x10fout.obj
 0002:00000a90       ??_C@_05EDPF@1?$CDIND?$AA@ 3002aa90     LIBC:x10fout.obj
 0002:00000a98       ??_C@_06LKFM@1?$CDSNAN?$AA@ 3002aa98     LIBC:x10fout.obj
 0002:00000aa0       __IMPORT_DESCRIPTOR_KERNEL32 3002aaa0     kernel32:KERNEL32.dll
 0002:00000ab4       __NULL_IMPORT_DESCRIPTOR   3002aab4     kernel32:KERNEL32.dll
 0003:00000000       ___xc_a                    3002b000     LIBC:crt0init.obj
 0003:00000004       ___xc_z                    3002b004     LIBC:crt0init.obj
 0003:00000008       ___xi_a                    3002b008     LIBC:crt0init.obj
 0003:00000014       ___xi_z                    3002b014     LIBC:crt0init.obj
 0003:00000018       ___xp_a                    3002b018     LIBC:crt0init.obj
 0003:00000020       ___xp_z                    3002b020     LIBC:crt0init.obj
 0003:00000024       ___xt_a                    3002b024     LIBC:crt0init.obj
 0003:00000028       ___xt_z                    3002b028     LIBC:crt0init.obj
 0003:00000030       _bg_itemlist               3002b030     bg_misc.obj
 0003:000007b4       _bg_numItems               3002b7b4     bg_misc.obj
 0003:000007b8       _eventnames                3002b7b8     bg_misc.obj
 0003:000008cc       ??_C@_08DFDJ@EV_TAUNT?$AA@ 3002b8cc     bg_misc.obj
 0003:000008d8       ??_C@_0BE@BDJC@EV_STOPLOOPINGSOUND?$AA@ 3002b8d8     bg_misc.obj
 0003:000008ec       ??_C@_0O@BDBB@EV_DEBUG_LINE?$AA@ 3002b8ec     bg_misc.obj
 0003:000008fc       ??_C@_0N@CDHP@EV_SCOREPLUM?$AA@ 3002b8fc     bg_misc.obj
 0003:0000090c       ??_C@_0O@CIDG@EV_GIB_PLAYER?$AA@ 3002b90c     bg_misc.obj
 0003:0000091c       ??_C@_0BB@LKNF@EV_POWERUP_REGEN?$AA@ 3002b91c     bg_misc.obj
 0003:00000930       ??_C@_0BG@KJJ@EV_POWERUP_BATTLESUIT?$AA@ 3002b930     bg_misc.obj
 0003:00000948       ??_C@_0BA@EMDG@EV_POWERUP_QUAD?$AA@ 3002b948     bg_misc.obj
 0003:00000958       ??_C@_0M@MMOI@EV_OBITUARY?$AA@ 3002b958     bg_misc.obj
 0003:00000964       ??_C@_09EH@EV_DEATH3?$AA@  3002b964     bg_misc.obj
 0003:00000970       ??_C@_09KKNA@EV_DEATH2?$AA@ 3002b970     bg_misc.obj
 0003:0000097c       ??_C@_09FFGJ@EV_DEATH1?$AA@ 3002b97c     bg_misc.obj
 0003:00000988       ??_C@_07MFPI@EV_PAIN?$AA@  3002b988     bg_misc.obj
 0003:00000990       ??_C@_09PBG@EV_BULLET?$AA@ 3002b990     bg_misc.obj
 0003:0000099c       ??_C@_0L@PELA@EV_SHOTGUN?$AA@ 3002b99c     bg_misc.obj
 0003:000009a8       ??_C@_0N@FBDJ@EV_RAILTRAIL?$AA@ 3002b9a8     bg_misc.obj
 0003:000009b8       ??_C@_0BG@KLM@EV_MISSILE_MISS_METAL?$AA@ 3002b9b8     bg_misc.obj
 0003:000009d0       ??_C@_0BA@FHCK@EV_MISSILE_MISS?$AA@ 3002b9d0     bg_misc.obj
 0003:000009e0       ??_C@_0P@GMEB@EV_MISSILE_HIT?$AA@ 3002b9e0     bg_misc.obj
 0003:000009f0       ??_C@_0BD@FCGB@EV_BULLET_HIT_WALL?$AA@ 3002b9f0     bg_misc.obj
 0003:00000a04       ??_C@_0BE@OJNL@EV_BULLET_HIT_FLESH?$AA@ 3002ba04     bg_misc.obj
 0003:00000a18       ??_C@_0BF@GBCB@EV_GLOBAL_TEAM_SOUND?$AA@ 3002ba18     bg_misc.obj
 0003:00000a30       ??_C@_0BA@DICP@EV_GLOBAL_SOUND?$AA@ 3002ba30     bg_misc.obj
 0003:00000a40       ??_C@_0BB@PHBP@EV_GENERAL_SOUND?$AA@ 3002ba40     bg_misc.obj
 0003:00000a54       ??_C@_0BC@MNAB@EV_GRENADE_BOUNCE?$AA@ 3002ba54     bg_misc.obj
 0003:00000a68       ??_C@_0BH@CBAJ@EV_PLAYER_TELEPORT_OUT?$AA@ 3002ba68     bg_misc.obj
 0003:00000a80       ??_C@_0BG@JACO@EV_PLAYER_TELEPORT_IN?$AA@ 3002ba80     bg_misc.obj
 0003:00000a98       ??_C@_0M@FEGJ@EV_ITEM_POP?$AA@ 3002ba98     bg_misc.obj
 0003:00000aa4       ??_C@_0BA@KOE@EV_ITEM_RESPAWN?$AA@ 3002baa4     bg_misc.obj
 0003:00000ab4       ??_C@_0O@PBJJ@EV_USE_ITEM15?$AA@ 3002bab4     bg_misc.obj
 0003:00000ac4       ??_C@_0O@FLAO@EV_USE_ITEM14?$AA@ 3002bac4     bg_misc.obj
 0003:00000ad4       ??_C@_0O@OOL@EV_USE_ITEM13?$AA@ 3002bad4     bg_misc.obj
 0003:00000ae4       ??_C@_0O@KEHM@EV_USE_ITEM12?$AA@ 3002bae4     bg_misc.obj
 0003:00000af4       ??_C@_0O@FLMF@EV_USE_ITEM11?$AA@ 3002baf4     bg_misc.obj
 0003:00000b04       ??_C@_0O@PBFC@EV_USE_ITEM10?$AA@ 3002bb04     bg_misc.obj
 0003:00000b14       ??_C@_0N@JGCE@EV_USE_ITEM9?$AA@ 3002bb14     bg_misc.obj
 0003:00000b24       ??_C@_0N@DMLD@EV_USE_ITEM8?$AA@ 3002bb24     bg_misc.obj
 0003:00000b34       ??_C@_0N@DNOO@EV_USE_ITEM7?$AA@ 3002bb34     bg_misc.obj
 0003:00000b44       ??_C@_0N@JHHJ@EV_USE_ITEM6?$AA@ 3002bb44     bg_misc.obj
 0003:00000b54       ??_C@_0N@GIMA@EV_USE_ITEM5?$AA@ 3002bb54     bg_misc.obj
 0003:00000b64       ??_C@_0N@MCFH@EV_USE_ITEM4?$AA@ 3002bb64     bg_misc.obj
 0003:00000b74       ??_C@_0N@JHLC@EV_USE_ITEM3?$AA@ 3002bb74     bg_misc.obj
 0003:00000b84       ??_C@_0N@DNCF@EV_USE_ITEM2?$AA@ 3002bb84     bg_misc.obj
 0003:00000b94       ??_C@_0N@MCJM@EV_USE_ITEM1?$AA@ 3002bb94     bg_misc.obj
 0003:00000ba4       ??_C@_0N@GIAL@EV_USE_ITEM0?$AA@ 3002bba4     bg_misc.obj
 0003:00000bb4       ??_C@_0P@HOLG@EV_FIRE_WEAPON?$AA@ 3002bbb4     bg_misc.obj
 0003:00000bc4       ??_C@_0BB@OKAK@EV_CHANGE_WEAPON?$AA@ 3002bbc4     bg_misc.obj
 0003:00000bd8       ??_C@_09MIBL@EV_NOAMMO?$AA@ 3002bbd8     bg_misc.obj
 0003:00000be4       ??_C@_0BG@LBJI@EV_GLOBAL_ITEM_PICKUP?$AA@ 3002bbe4     bg_misc.obj
 0003:00000bfc       ??_C@_0P@DDBJ@EV_ITEM_PICKUP?$AA@ 3002bbfc     bg_misc.obj
 0003:00000c0c       ??_C@_0P@HGEE@EV_WATER_CLEAR?$AA@ 3002bc0c     bg_misc.obj
 0003:00000c1c       ??_C@_0P@PGNG@EV_WATER_UNDER?$AA@ 3002bc1c     bg_misc.obj
 0003:00000c2c       ??_C@_0P@KHGF@EV_WATER_LEAVE?$AA@ 3002bc2c     bg_misc.obj
 0003:00000c3c       ??_C@_0P@NPME@EV_WATER_TOUCH?$AA@ 3002bc3c     bg_misc.obj
 0003:00000c4c       ??_C@_07MBMN@EV_JUMP?$AA@  3002bc4c     bg_misc.obj
 0003:00000c54       ??_C@_0M@ONMG@EV_JUMP_PAD?$AA@ 3002bc54     bg_misc.obj
 0003:00000c60       ??_C@_0M@FCFB@EV_FALL_FAR?$AA@ 3002bc60     bg_misc.obj
 0003:00000c6c       ??_C@_0P@DAAM@EV_FALL_MEDIUM?$AA@ 3002bc6c     bg_misc.obj
 0003:00000c7c       ??_C@_0O@MOHH@EV_FALL_SHORT?$AA@ 3002bc7c     bg_misc.obj
 0003:00000c8c       ??_C@_0L@BPHB@EV_STEP_16?$AA@ 3002bc8c     bg_misc.obj
 0003:00000c98       ??_C@_0L@LFCN@EV_STEP_12?$AA@ 3002bc98     bg_misc.obj
 0003:00000ca4       ??_C@_09GNLK@EV_STEP_8?$AA@ 3002bca4     bg_misc.obj
 0003:00000cb0       ??_C@_09JDFO@EV_STEP_4?$AA@ 3002bcb0     bg_misc.obj
 0003:00000cbc       ??_C@_07JIKK@EV_SWIM?$AA@  3002bcbc     bg_misc.obj
 0003:00000cc4       ??_C@_0M@FIHK@EV_FOOTWADE?$AA@ 3002bcc4     bg_misc.obj
 0003:00000cd0       ??_C@_0O@KHFI@EV_FOOTSPLASH?$AA@ 3002bcd0     bg_misc.obj
 0003:00000ce0       ??_C@_0BC@OEIA@EV_FOOTSTEP_METAL?$AA@ 3002bce0     bg_misc.obj
 0003:00000cf4       ??_C@_0M@EJAF@EV_FOOTSTEP?$AA@ 3002bcf4     bg_misc.obj
 0003:00000d00       ??_C@_07NDDD@EV_NONE?$AA@  3002bd00     bg_misc.obj
 0003:00000d08       ??_C@_09DHIB@Blue?5Flag?$AA@ 3002bd08     bg_misc.obj
 0003:00000d14       ??_C@_0BB@NLLL@icons?1iconf_blu1?$AA@ 3002bd14     bg_misc.obj
 0003:00000d28       ??_C@_0BI@ILPD@models?1flags?1b_flag?4md3?$AA@ 3002bd28     bg_misc.obj
 0003:00000d40       ??_C@_0BC@GPLF@team_CTF_blueflag?$AA@ 3002bd40     bg_misc.obj
 0003:00000d54       ??_C@_08CLEI@Red?5Flag?$AA@ 3002bd54     bg_misc.obj
 0003:00000d60       ??_C@_0BB@DADK@icons?1iconf_red1?$AA@ 3002bd60     bg_misc.obj
 0003:00000d74       ??_C@_0BI@HHNH@models?1flags?1r_flag?4md3?$AA@ 3002bd74     bg_misc.obj
 0003:00000d8c       ??_C@_0BB@FOCB@team_CTF_redflag?$AA@ 3002bd8c     bg_misc.obj
 0003:00000da0       ??_C@_06CPDM@Flight?$AA@   3002bda0     bg_misc.obj
 0003:00000da8       ??_C@_0N@DFIJ@icons?1flight?$AA@ 3002bda8     bg_misc.obj
 0003:00000db8       ??_C@_0CI@PHJ@models?1powerups?1instant?1flight_r@ 3002bdb8     bg_misc.obj
 0003:00000de0       ??_C@_0CD@MKAO@models?1powerups?1instant?1flight?4m@ 3002bde0     bg_misc.obj
 0003:00000e04       ??_C@_0BH@FEAN@sound?1items?1flight?4wav?$AA@ 3002be04     bg_misc.obj
 0003:00000e1c       ??_C@_0M@NKLB@item_flight?$AA@ 3002be1c     bg_misc.obj
 0003:00000e28       ??_C@_0BG@JFPE@sound?1items?1regen?4wav?$AA@ 3002be28     bg_misc.obj
 0003:00000e40       ??_C@_0N@KKJF@Regeneration?$AA@ 3002be40     bg_misc.obj
 0003:00000e50       ??_C@_0M@KGFF@icons?1regen?$AA@ 3002be50     bg_misc.obj
 0003:00000e5c       ??_C@_0CH@LMHA@models?1powerups?1instant?1regen_ri@ 3002be5c     bg_misc.obj
 0003:00000e84       ??_C@_0CC@JDKK@models?1powerups?1instant?1regen?4md@ 3002be84     bg_misc.obj
 0003:00000ea8       ??_C@_0BN@ELHM@sound?1items?1regeneration?4wav?$AA@ 3002bea8     bg_misc.obj
 0003:00000ec8       ??_C@_0L@JOKD@item_regen?$AA@ 3002bec8     bg_misc.obj
 0003:00000ed4       ??_C@_0N@PHMD@Invisibility?$AA@ 3002bed4     bg_misc.obj
[...]
 0001:0001c700       _CG_RocketTrail            3001d700 f   cg_weapons.obj
 0001:0001c860       _CG_PlasmaTrail            3001d860 f   cg_weapons.obj
 0001:0001cbc0       _CG_GrenadeTrail           3001dbc0 f   cg_weapons.obj
 0001:0001d130       _CG_LightningBolt          3001e130 f   cg_weapons.obj
 0001:0001d510       _CG_SpawnRailTrail         3001e510 f   cg_weapons.obj
 0001:0001d570       _CG_MachinegunSpinAngle    3001e570 f   cg_weapons.obj
 0001:0001d630       _CG_AddWeaponWithPowerups  3001e630 f   cg_weapons.obj
 0001:0001d950       _CG_MapTorsoToWeaponFrame  3001e950 f   cg_weapons.obj
 0001:0001d9b0       _CG_CalculateWeaponPosition 3001e9b0 f   cg_weapons.obj
 0001:0001dd00       _CG_WeaponSelectable       3001ed00 f   cg_weapons.obj
 0001:0001e420       _CG_ShotgunPellet          3001f420 f   cg_weapons.obj
 0001:0001eb40       _CG_CalcMuzzlePoint        3001fb40 f   cg_weapons.obj
 0001:0001a5e0       _CG_AddTestModel           3001b5e0 f   cg_view.obj
 0001:0001a6f0       _CG_DamageBlendBlob        3001b6f0 f   cg_view.obj
 0001:0001a890       _CG_CalcViewValues         3001b890 f   cg_view.obj
 0001:0001aac0       _CG_CalcVrect              3001bac0 f   cg_view.obj
 0001:0001ab80       _CG_OffsetThirdPersonView  3001bb80 f   cg_view.obj
 0001:0001ae40       _CG_OffsetFirstPersonView  3001be40 f   cg_view.obj
 0001:0001b140       _CG_StepOffset             3001c140 f   cg_view.obj
 0001:0001b180       _CG_CalcFov                3001c180 f   cg_view.obj
 0001:0001b3a0       _CG_PowerupTimerSounds     3001c3a0 f   cg_view.obj
 0001:0001b430       _CG_PlayBufferedSounds     3001c430 f   cg_view.obj
 0001:00018320       _CG_ResetEntity            30019320 f   cg_snapshot.obj
 0001:000185c0       _CG_TransitionSnapshot     300195c0 f   cg_snapshot.obj
 0001:00018750       _CG_SetNextSnap            30019750 f   cg_snapshot.obj
 0001:00018880       _CG_ReadNextSnapshot       30019880 f   cg_snapshot.obj
 0001:00017670       _CG_ServerCommand          30018670 f   cg_servercmds.obj
 0001:00017b60       _CG_ParseScores            30018b60 f   cg_servercmds.obj
 0001:00017d30       _CG_ParseTeamInfo          30018d30 f   cg_servercmds.obj
 0001:00017e10       _CG_ConfigStringModified   30018e10 f   cg_servercmds.obj
 0001:00018060       _CG_ParseWarmup            30019060 f   cg_servercmds.obj
 0001:000180c0       _CG_AddToTeamChat          300190c0 f   cg_servercmds.obj
 0001:00018200       _CG_MapRestart             30019200 f   cg_servercmds.obj
 0001:000182a0       _CG_RemoveChatEscapeChar   300192a0 f   cg_servercmds.obj
 0001:00016bb0       _CG_DrawClientScore        30017bb0 f   cg_scoreboard.obj
 0001:00016fe0       _CG_TeamScoreboard         30017fe0 f   cg_scoreboard.obj
 0001:000172e0       _CG_CenterGiantLine        300182e0 f   cg_scoreboard.obj
 0001:000154f0       _CG_ClipMoveToEntities     300164f0 f   cg_predict.obj
 0001:00015f50       _CG_InterpolatePlayerState 30016f50 f   cg_predict.obj
 0001:000160a0       _CG_TouchTriggerPrediction 300170a0 f   cg_predict.obj
 0001:000161b0       _CG_TouchItem              300171b0 f   cg_predict.obj
 0001:000162a0       _IsUnacceptableError       300172a0 f   cg_predict.obj
 0001:00015270       _pushReward                30016270 f   cg_playerstate.obj
 0001:00011cc0       _CG_ColorFromString        30012cc0 f   cg_players.obj
 0001:00011d10       _CG_LoadClientInfo         30012d10 f   cg_players.obj
 0001:00011f40       _CG_RegisterClientModelname 30012f40 f   cg_players.obj
 0001:000122e0       _CG_ParseAnimationFile     300132e0 f   cg_players.obj
 0001:00012820       _CG_FindClientHeadFile     30013820 f   cg_players.obj
 0001:000129f0       _CG_FileExists             300139f0 f   cg_players.obj
 0001:00012a10       _CG_RegisterClientSkin     30013a10 f   cg_players.obj
 0001:00012b60       _CG_FindClientModelFile    30013b60 f   cg_players.obj
 0001:00012d10       _CG_ScanForExistingClientInfo 30013d10 f   cg_players.obj
 0001:00012e30       _CG_CopyClientInfoModel    30013e30 f   cg_players.obj
 0001:00012f00       _CG_SetDeferredClientInfo  30013f00 f   cg_players.obj
 0001:000134b0       _CG_PlayerAnimation        300144b0 f   cg_players.obj
 0001:000135d0       _CG_RunLerpFrame           300145d0 f   cg_players.obj
 0001:00013750       _CG_SetLerpFrameAnimation  30014750 f   cg_players.obj
 0001:000137c0       _CG_PlayerAngles           300147c0 f   cg_players.obj
 0001:00013af0       _CG_SwingAngles            30014af0 f   cg_players.obj
 0001:00013c50       _CG_AddPainTwitch          30014c50 f   cg_players.obj
 0001:00013ca0       _CG_PlayerPowerups         30014ca0 f   cg_players.obj
 0001:00013e90       _CG_HasteTrail             30014e90 f   cg_players.obj
 0001:00013f50       _CG_TrailItem              30014f50 f   cg_players.obj
 0001:00014020       _CG_PlayerFlag             30015020 f   cg_players.obj
 0001:00014350       _CG_PlayerSprites          30015350 f   cg_players.obj
 0001:00014460       _CG_PlayerFloatSprite      30015460 f   cg_players.obj
 0001:00014510       _CG_PlayerShadow           30015510 f   cg_players.obj
 0001:00014660       _CG_PlayerSplash           30015660 f   cg_players.obj
 0001:000149e0       _CG_ClearLerpFrame         300159e0 f   cg_players.obj
 0001:0000dc90       _CG_ForceModelChange       3000ec90 f   cg_main.obj
 0001:0000e130       _CG_RegisterSounds         3000f130 f   cg_main.obj
 0001:0000e830       _CG_RegisterItemSounds     3000f830 f   cg_main.obj
 0001:0000e930       _CG_RegisterGraphics       3000f930 f   cg_main.obj
 0001:0000f010       _CG_RegisterClients        30010010 f   cg_main.obj
 0001:0000d5d0       _CG_AddMoveScaleFade       3000e5d0 f   cg_localents.obj
 0001:0000d6c0       _CG_AddScaleFade           3000e6c0 f   cg_localents.obj
 0001:0000d760       _CG_AddFallScaleFade       3000e760 f   cg_localents.obj
 0001:0000d810       _CG_AddExplosion           3000e810 f   cg_localents.obj
 0001:0000d8b0       _CG_AddSpriteExplosion     3000e8b0 f   cg_localents.obj
 0001:0000cb00       _CG_DrawLoadingIcons       3000db00 f   cg_info.obj
 0001:0000be90       _CG_Obituary               3000ce90 f   cg_event.obj
 0001:0000c3d0       _CG_UseItem                3000d3d0 f   cg_event.obj
 0001:0000c4a0       _CG_ItemPickup             3000d4a0 f   cg_event.obj
 0001:00009770       _CG_CalcEntityLerpPositions 3000a770 f   cg_ents.obj
 0001:00009930       _CG_InterpolateEntityPosition 3000a930 f   cg_ents.obj
 0001:00009a60       _CG_AddCEntity             3000aa60 f   cg_ents.obj
 0001:00009b40       _CG_EntityEffects          3000ab40 f   cg_ents.obj
 0001:00009c00       _CG_General                3000ac00 f   cg_ents.obj
 0001:00009cc0       _CG_Speaker                3000acc0 f   cg_ents.obj
 0001:00009d70       _CG_Item                   3000ad70 f   cg_ents.obj
 0001:0000a270       _CG_Missile                3000b270 f   cg_ents.obj
 0001:0000a4b0       _CG_Grapple                3000b4b0 f   cg_ents.obj
 0001:0000a5a0       _CG_Mover                  3000b5a0 f   cg_ents.obj
 0001:0000a690       _CG_Portal                 3000b690 f   cg_ents.obj
 0001:0000a7c0       _CG_TeamBase               3000b7c0 f   cg_ents.obj
 0001:00007940       _CG_TileClearBox           30008940 f   cg_drawtools.obj
 0001:00007d70       _UI_DrawProportionalString2 30008d70 f   cg_drawtools.obj
 0001:00004900       _CG_Draw2D                 30005900 f   cg_draw.obj
 0001:000049d0       _CG_DrawStatusBar          300059d0 f   cg_draw.obj
 0001:00004d20       _CG_DrawField              30005d20 f   cg_draw.obj
 0001:00004e80       _CG_DrawStatusBarHead      30005e80 f   cg_draw.obj
 0001:00005170       _CG_DrawStatusBarFlag      30006170 f   cg_draw.obj
 0001:000051a0       _CG_DrawUpperRight         300061a0 f   cg_draw.obj
 0001:00005240       _CG_DrawAttacker           30006240 f   cg_draw.obj
 0001:00005340       _CG_DrawSnapshot           30006340 f   cg_draw.obj
 0001:000053b0       _CG_DrawFPS                300063b0 f   cg_draw.obj
 0001:00005470       _CG_DrawTimer              30006470 f   cg_draw.obj
 0001:00005520       _CG_DrawTeamOverlay        30006520 f   cg_draw.obj
 0001:00005990       _CG_DrawLowerRight         30006990 f   cg_draw.obj
 0001:000059e0       _CG_DrawScores             300069e0 f   cg_draw.obj
 0001:00005f80       _CG_DrawPowerups           30006f80 f   cg_draw.obj
 0001:000061a0       _CG_DrawLowerLeft          300071a0 f   cg_draw.obj
 0001:000061e0       _CG_DrawPickupItem         300071e0 f   cg_draw.obj
 0001:00006290       _CG_DrawTeamInfo           30007290 f   cg_draw.obj
 0001:00006450       _CG_DrawHoldableItem       30007450 f   cg_draw.obj
 0001:00006490       _CG_DrawReward             30007490 f   cg_draw.obj
 0001:00006630       _CG_DrawLagometer          30007630 f   cg_draw.obj
 0001:000069a0       _CG_DrawDisconnect         300079a0 f   cg_draw.obj
 0001:00006a40       _CG_DrawCenterString       30007a40 f   cg_draw.obj
 0001:00006b70       _CG_DrawCrosshair          30007b70 f   cg_draw.obj
 0001:00006ce0       _CG_DrawCrosshairNames     30007ce0 f   cg_draw.obj
 0001:00006da0       _CG_ScanForCrosshairEntity 30007da0 f   cg_draw.obj
 0001:00006e80       _CG_DrawSpectator          30007e80 f   cg_draw.obj
 0001:00006ef0       _CG_DrawVote               30007ef0 f   cg_draw.obj
 0001:00006f80       _CG_DrawTeamVote           30007f80 f   cg_draw.obj
 0001:00007040       _CG_DrawScoreboard         30008040 f   cg_draw.obj
 0001:00007050       _CG_DrawIntermission       30008050 f   cg_draw.obj
 0001:00007080       _CG_DrawFollow             30008080 f   cg_draw.obj
 0001:00007140       _CG_DrawAmmoWarning        30008140 f   cg_draw.obj
 0001:00007190       _CG_DrawWarmup             30008190 f   cg_draw.obj
 0001:00007410       _CG_DrawTourneyScoreboard  30008410 f   cg_draw.obj
 0001:00003d70       _CG_SizeUp_f               30004d70 f   cg_consolecmds.obj
 0001:00003da0       _CG_SizeDown_f             30004da0 f   cg_consolecmds.obj
 0001:00003dd0       _CG_Viewpos_f              30004dd0 f   cg_consolecmds.obj
 0001:00003e10       _CG_ScoresDown_f           30004e10 f   cg_consolecmds.obj
 0001:00003e60       _CG_ScoresUp_f             30004e60 f   cg_consolecmds.obj
 0001:00003e80       _CG_TellTarget_f           30004e80 f   cg_consolecmds.obj
 0001:00003ee0       _CG_TellAttacker_f         30004ee0 f   cg_consolecmds.obj
 0001:00003f40       _CG_VoiceTellTarget_f      30004f40 f   cg_consolecmds.obj
 0001:00003fa0       _CG_VoiceTellAttacker_f    30004fa0 f   cg_consolecmds.obj
 0001:00004000       _CG_StartOrbit_f           30005000 f   cg_consolecmds.obj
 0001:00000d50       _PM_WaterJumpMove          30001d50 f   bg_pmove.obj
 0001:00000da0       _PM_WaterMove              30001da0 f   bg_pmove.obj
 0001:00000f80       _PM_Friction               30001f80 f   bg_pmove.obj
 0001:000010d0       _PM_Accelerate             300020d0 f   bg_pmove.obj
 0001:00001150       _PM_CmdScale               30002150 f   bg_pmove.obj
 0001:000011e0       _PM_CheckWaterJump         300021e0 f   bg_pmove.obj
 0001:00001340       _PM_FlyMove                30002340 f   bg_pmove.obj
 0001:00001420       _PM_AirMove                30002420 f   bg_pmove.obj
 0001:00001540       _PM_SetMovementDir         30002540 f   bg_pmove.obj
 0001:00001610       _PM_GrappleMove            30002610 f   bg_pmove.obj
 0001:00001750       _PM_WalkMove               30002750 f   bg_pmove.obj
 0001:00001a70       _PM_CheckJump              30002a70 f   bg_pmove.obj
 0001:00001b30       _PM_ForceLegsAnim          30002b30 f   bg_pmove.obj
 0001:00001b50       _PM_StartLegsAnim          30002b50 f   bg_pmove.obj
 0001:00001b80       _PM_DeadMove               30002b80 f   bg_pmove.obj
 0001:00001c40       _PM_NoclipMove             30002c40 f   bg_pmove.obj
 0001:00001e20       _PM_GroundTrace            30002e20 f   bg_pmove.obj
 0001:00002090       _PM_CrashLand              30003090 f   bg_pmove.obj
 0001:00002240       _PM_FootstepForSurface     30003240 f   bg_pmove.obj
 0001:00002260       _PM_CorrectAllSolid        30003260 f   bg_pmove.obj
 0001:00002420       _PM_GroundTraceMissed      30003420 f   bg_pmove.obj
 0001:00002530       _PM_SetWaterLevel          30003530 f   bg_pmove.obj
 0001:00002660       _PM_CheckDuck              30003660 f   bg_pmove.obj
 0001:00002870       _PM_Footsteps              30003870 f   bg_pmove.obj
 0001:00002a40       _PM_ContinueLegsAnim       30003a40 f   bg_pmove.obj
 0001:00002a70       _PM_WaterEvents            30003a70 f   bg_pmove.obj
 0001:00002b00       _PM_TorsoAnimation         30003b00 f   bg_pmove.obj
 0001:00002b30       _PM_ContinueTorsoAnim      30003b30 f   bg_pmove.obj
 0001:00002b60       _PM_StartTorsoAnim         30003b60 f   bg_pmove.obj
 0001:00002b90       _PM_Weapon                 30003b90 f   bg_pmove.obj
 0001:00002f10       _PM_BeginWeaponChange      30003f10 f   bg_pmove.obj
 0001:00002f80       _PM_FinishWeaponChange     30003f80 f   bg_pmove.obj
 0001:00002fe0       _PM_Animate                30003fe0 f   bg_pmove.obj
 0001:00003020       _PM_DropTimers             30004020 f   bg_pmove.obj
 0001:000030b0       _PM_LadderMove             300040b0 f   bg_pmove.obj
 0001:000288a5       _flsall                    300298a5 f   LIBC:fflush.obj
 0001:00027e90       LeadUp1                    30028e90 f   LIBC:memcpy.obj
 0001:00027ebc       LeadUp2                    30028ebc f   LIBC:memcpy.obj
 0001:00027ee0       LeadUp3                    30028ee0 f   LIBC:memcpy.obj
 0001:00027f5f       UnwindUp0                  30028f5f f   LIBC:memcpy.obj
 0001:00027f4c       UnwindUp1                  30028f4c f   LIBC:memcpy.obj
 0001:00027f44       UnwindUp2                  30028f44 f   LIBC:memcpy.obj
 0001:00027f3c       UnwindUp3                  30028f3c f   LIBC:memcpy.obj
 0001:00027f34       UnwindUp4                  30028f34 f   LIBC:memcpy.obj
 0001:00027f2c       UnwindUp5                  30028f2c f   LIBC:memcpy.obj
 0001:00027f24       UnwindUp6                  30028f24 f   LIBC:memcpy.obj
 0001:00027f1c       UnwindUp7                  30028f1c f   LIBC:memcpy.obj
 0001:00027f78       TrailUp0                   30028f78 f   LIBC:memcpy.obj
 0001:00027f80       TrailUp1                   30028f80 f   LIBC:memcpy.obj
 0001:00027f8c       TrailUp2                   30028f8c f   LIBC:memcpy.obj
 0001:00027fa0       TrailUp3                   30028fa0 f   LIBC:memcpy.obj
 0001:00028018       LeadDown1                  30029018 f   LIBC:memcpy.obj
 0001:00028038       LeadDown2                  30029038 f   LIBC:memcpy.obj
 0001:00028060       LeadDown3                  30029060 f   LIBC:memcpy.obj
 0001:000280b4       UnwindDown7                300290b4 f   LIBC:memcpy.obj
 0001:000280bc       UnwindDown6                300290bc f   LIBC:memcpy.obj
 0001:000280c4       UnwindDown5                300290c4 f   LIBC:memcpy.obj
 0001:000280cc       UnwindDown4                300290cc f   LIBC:memcpy.obj
 0001:000280d4       UnwindDown3                300290d4 f   LIBC:memcpy.obj
 0001:000280dc       UnwindDown2                300290dc f   LIBC:memcpy.obj
 0001:000280e4       UnwindDown1                300290e4 f   LIBC:memcpy.obj
 0001:000280f7       UnwindDown0                300290f7 f   LIBC:memcpy.obj
 0001:00028110       TrailDown0                 30029110 f   LIBC:memcpy.obj
 0001:00028118       TrailDown1                 30029118 f   LIBC:memcpy.obj
 0001:00028128       TrailDown2                 30029128 f   LIBC:memcpy.obj
 0001:0002813c       TrailDown3                 3002913c f   LIBC:memcpy.obj
 0001:00027bd1       _getSystemCP               30028bd1 f   LIBC:mbctype.obj
 0001:00027c1b       _CPtoLCID                  30028c1b f   LIBC:mbctype.obj
 0001:00027c4e       _setSBCS                   30028c4e f   LIBC:mbctype.obj
 0001:00027c77       _setSBUpLow                30028c77 f   LIBC:mbctype.obj
 0001:00026f94       _gu_return                 30027f94 f   LIBC:exsup.obj
 0001:00026f9c       __unwind_handler           30027f9c f   LIBC:exsup.obj
 0001:00025bd9       __abstract_cw              30026bd9 f   LIBC:ieee87.obj
 0001:00025c6b       __hw_cw                    30026c6b f   LIBC:ieee87.obj
 0001:000256fc       _parse_cmdline             300266fc f   LIBC:stdargv.obj
 0001:00025278       _doexit                    30026278 f   LIBC:crt0dat.obj
 0001:00025311       __initterm                 30026311 f   LIBC:crt0dat.obj
 0001:00025200       _strncnt                   30026200 f   LIBC:a_map.obj
 0001:000248c6       __get_fname                300258c6 f   LIBC:fpexcept.obj
 0001:0002419a       _write_char                3002519a f   LIBC:output.obj
 0001:000241cf       _write_multi_char          300251cf f   LIBC:output.obj
 0001:00024200       _write_string              30025200 f   LIBC:output.obj
 0001:00024238       _get_int_arg               30025238 f   LIBC:output.obj
 0001:00024245       _get_int64_arg             30025245 f   LIBC:output.obj
 0001:00024255       _get_short_arg             30025255 f   LIBC:output.obj
 0001:000237d1       __cftoe_g                  300247d1 f   LIBC:cvt.obj
 0001:000237f8       __cftof_g                  300247f8 f   LIBC:cvt.obj
 0001:0002386c       __shift                    3002486c f   LIBC:cvt.obj
 0001:00022f90       LeadUp1                    30023f90 f   LIBC:memmove.obj
 0001:00022fbc       LeadUp2                    30023fbc f   LIBC:memmove.obj
 0001:00022fe0       LeadUp3                    30023fe0 f   LIBC:memmove.obj
 0001:0002305f       UnwindUp0                  3002405f f   LIBC:memmove.obj
 0001:0002304c       UnwindUp1                  3002404c f   LIBC:memmove.obj
 0001:00023044       UnwindUp2                  30024044 f   LIBC:memmove.obj
 0001:0002303c       UnwindUp3                  3002403c f   LIBC:memmove.obj
 0001:00023034       UnwindUp4                  30024034 f   LIBC:memmove.obj
 0001:0002302c       UnwindUp5                  3002402c f   LIBC:memmove.obj
 0001:00023024       UnwindUp6                  30024024 f   LIBC:memmove.obj
 0001:0002301c       UnwindUp7                  3002401c f   LIBC:memmove.obj
 0001:00023078       TrailUp0                   30024078 f   LIBC:memmove.obj
 0001:00023080       TrailUp1                   30024080 f   LIBC:memmove.obj
 0001:0002308c       TrailUp2                   3002408c f   LIBC:memmove.obj
 0001:000230a0       TrailUp3                   300240a0 f   LIBC:memmove.obj
 0001:00023118       LeadDown1                  30024118 f   LIBC:memmove.obj
 0001:00023138       LeadDown2                  30024138 f   LIBC:memmove.obj
 0001:00023160       LeadDown3                  30024160 f   LIBC:memmove.obj
 0001:000231b4       UnwindDown7                300241b4 f   LIBC:memmove.obj
 0001:000231bc       UnwindDown6                300241bc f   LIBC:memmove.obj
 0001:000231c4       UnwindDown5                300241c4 f   LIBC:memmove.obj
 0001:000231cc       UnwindDown4                300241cc f   LIBC:memmove.obj
 0001:000231d4       UnwindDown3                300241d4 f   LIBC:memmove.obj
 0001:000231dc       UnwindDown2                300241dc f   LIBC:memmove.obj
 0001:000231e4       UnwindDown1                300241e4 f   LIBC:memmove.obj
 0001:000231f7       UnwindDown0                300241f7 f   LIBC:memmove.obj
 0001:00023210       TrailDown0                 30024210 f   LIBC:memmove.obj
 0001:00023218       TrailDown1                 30024218 f   LIBC:memmove.obj
 0001:00023228       TrailDown2                 30024228 f   LIBC:memmove.obj
 0001:0002323c       TrailDown3                 3002423c f   LIBC:memmove.obj

 1104 bytes saved through ICF

