 cgamex86

 Timestamp is 4467cfab (Sun May 14 17:47:39 2006)

 Preferred load address is 30000000

 Start         Length     Name                   Class
 0001:00000000 000288eaH .text                   CODE
 0002:00000000 000000acH .idata$5                DATA
 0002:000000b0 000009efH .rdata                  DATA
 0002:00000aa0 00000014H .idata$2                DATA
 0002:00000ab4 00000014H .idata$3                DATA
 0002:00000ac8 000000acH .idata$4                DATA
 0002:00000b74 000002e4H .idata$6                DATA
 0002:00000e60 00000059H .edata                  DATA
 0003:00000000 00000004H .CRT$XCA                DATA
 0003:00000004 00000004H .CRT$XCZ                DATA
 0003:00000008 00000004H .CRT$XIA                DATA
 0003:0000000c 00000008H .CRT$XIC                DATA
 0003:00000014 00000004H .CRT$XIZ                DATA
 0003:00000018 00000004H .CRT$XPA                DATA
 0003:0000001c 00000004H .CRT$XPX                DATA
 0003:00000020 00000004H .CRT$XPZ                DATA
 0003:00000024 00000004H .CRT$XTA                DATA
 0003:00000028 00000004H .CRT$XTZ                DATA
 0003:00000030 000092dcH .data                   DATA
 0003:00009310 002e9c70H .bss                    DATA

  Address         Publics by Value              Rva+Base     Lib:Object

 0001:00000000       _BG_FindItemForPowerup     30001000 f   bg_misc.obj
 0001:00000050       _BG_FindItemForHoldable    30001050 f   bg_misc.obj
 0001:000000a0       _BG_PlayerTouchesItem      300010a0 f   bg_misc.obj
 0001:00000140       _BG_CanItemBeGrabbed       30001140 f   bg_misc.obj
 0001:000002e0       _BG_EvaluateTrajectory     300012e0 f   bg_misc.obj
 0001:00000420       _BG_EvaluateTrajectoryDelta 30001420 f   bg_misc.obj
 0001:00000510       _BG_AddPredictableEventToPlayerstate 30001510 f   bg_misc.obj
 0001:00000540       _BG_TouchJumpPad           30001540 f   bg_misc.obj
 0001:000005e0       _BG_PlayerStateToEntityState 300015e0 f   bg_misc.obj
 0001:000007d0       _PM_AddEvent               300017d0 f   bg_pmove.obj
 0001:000007f0       _PM_AddTouchEnt            300017f0 f   bg_pmove.obj
 0001:00000830       _PM_ClipVelocity           30001830 f   bg_pmove.obj
 0001:00000890       _PM_UpdateViewAngles       30001890 f   bg_pmove.obj
 0001:00000920       _CheckLadder               30001920 f   bg_pmove.obj
 0001:000009e0       _PmoveSingle               300019e0 f   bg_pmove.obj
 0001:00003280       _Pmove                     30004280 f   bg_pmove.obj
 0001:00003310       _PM_SlideMove              30004310 f   bg_slidemove.obj
 0001:000039f0       _PM_StepSlideMove          300049f0 f   bg_slidemove.obj
 0001:00003d30       _CG_TargetCommand_f        30004d30 f   cg_consolecmds.obj
 0001:000040b0       _CG_ConsoleCommand         300050b0 f   cg_consolecmds.obj
 0001:00004100       _CG_InitConsoleCommands    30005100 f   cg_consolecmds.obj
 0001:00004240       _CG_Draw3DModel            30005240 f   cg_draw.obj
 0001:000043a0       _CG_DrawHead               300053a0 f   cg_draw.obj
 0001:000044c0       _CG_DrawFlagModel          300054c0 f   cg_draw.obj
 0001:00004630       _CG_DrawTeamBackground     30005630 f   cg_draw.obj
 0001:000046d0       _CG_AddLagometerFrameInfo  300056d0 f   cg_draw.obj
 0001:00004700       _CG_AddLagometerSnapshotInfo 30005700 f   cg_draw.obj
 0001:00004750       _CG_CenterPrint            30005750 f   cg_draw.obj
 0001:000047c0       _CG_DrawActive             300057c0 f   cg_draw.obj
 0001:00007410       _CG_AdjustFrom640          30008410 f   cg_drawtools.obj
 0001:00007450       _CG_FillRect               30008450 f   cg_drawtools.obj
 0001:000074b0       _CG_DrawPic                300084b0 f   cg_drawtools.obj
 0001:00007500       _CG_DrawChar               30008500 f   cg_drawtools.obj
 0001:000075d0       _CG_DrawStringExt          300085d0 f   cg_drawtools.obj
 0001:00007750       _CG_DrawBigString          30008750 f   cg_drawtools.obj
 0001:000077a0       _CG_DrawBigStringColor     300087a0 f   cg_drawtools.obj
 0001:000077d0       _CG_DrawSmallString        300087d0 f   cg_drawtools.obj
 0001:00007820       _CG_DrawSmallStringColor   30008820 f   cg_drawtools.obj
 0001:00007850       _CG_DrawStrlen             30008850 f   cg_drawtools.obj
 0001:00007880       _CG_TileClear              30008880 f   cg_drawtools.obj
 0001:000079c0       _CG_FadeColor              300089c0 f   cg_drawtools.obj
 0001:00007a30       _CG_GetColorForHealth      30008a30 f   cg_drawtools.obj
 0001:00007ae0       _CG_ColorForHealth         30008ae0 f   cg_drawtools.obj
 0001:00007b10       _UI_ProportionalStringWidth 30008b10 f   cg_drawtools.obj
 0001:00007b40       _UI_ProportionalSizeScale  30008b40 f   cg_drawtools.obj
 0001:00007b60       _UI_DrawProportionalString 30008b60 f   cg_drawtools.obj
 0001:00007eb0       _CG_BubbleTrail            30008eb0 f   cg_effects.obj
 0001:00008160       _CG_SmokePuff              30009160 f   cg_effects.obj
 0001:000082f0       _CG_SpawnEffect            300092f0 f   cg_effects.obj
 0001:000083b0       _CG_ScorePlum              300093b0 f   cg_effects.obj
 0001:000084e0       _CG_MakeExplosion          300094e0 f   cg_effects.obj
 0001:00008680       _CG_Bleed                  30009680 f   cg_effects.obj
 0001:00008730       _CG_LaunchGib              30009730 f   cg_effects.obj
 0001:00008820       _CG_GibPlayer              30009820 f   cg_effects.obj
 0001:00008f20       _CG_PositionEntityOnTag    30009f20 f   cg_ents.obj
 0001:00008fd0       _CG_PositionRotatedEntityOnTag 30009fd0 f   cg_ents.obj
 0001:00009080       _CG_SetEntitySoundPosition 3000a080 f   cg_ents.obj
 0001:00009100       _CG_Beam                   3000a100 f   cg_ents.obj
 0001:00009180       _CG_AdjustPositionForMover 3000a180 f   cg_ents.obj
 0001:00009270       _CG_AddPacketEntities      3000a270 f   cg_ents.obj
 0001:0000a570       _CG_PlaceString            3000b570 f   cg_event.obj
 0001:0000a640       _CG_PainEvent              3000b640 f   cg_event.obj
 0001:0000a6c0       _CG_EntityEvent            3000b6c0 f   cg_event.obj
 0001:0000c0e0       _CG_CheckEvents            3000d0e0 f   cg_event.obj
 0001:0000c170       _CG_LoadingString          3000d170 f   cg_info.obj
 0001:0000c190       _CG_LoadingItem            3000d190 f   cg_info.obj
 0001:0000c1f0       _CG_LoadingClient          3000d1f0 f   cg_info.obj
 0001:0000c380       _CG_DrawInformation        3000d380 f   cg_info.obj
 0001:0000c7c0       _CG_InitLocalEntities      3000d7c0 f   cg_localents.obj
 0001:0000c810       _CG_FreeLocalEntity        3000d810 f   cg_localents.obj
 0001:0000c850       _CG_AllocLocalEntity       3000d850 f   cg_localents.obj
 0001:0000c8b0       _CG_BloodTrail             3000d8b0 f   cg_localents.obj
 0001:0000c980       _CG_FragmentBounceMark     3000d980 f   cg_localents.obj
 0001:0000ca80       _CG_FragmentBounceSound    3000da80 f   cg_localents.obj
 0001:0000cae0       _CG_ReflectVelocity        3000dae0 f   cg_localents.obj
 0001:0000cc00       _CG_AddFragment            3000dc00 f   cg_localents.obj
 0001:0000cdd0       _CG_AddFadeRGB             3000ddd0 f   cg_localents.obj
 0001:0000ce40       _CG_AddScorePlum           3000de40 f   cg_localents.obj
 0001:0000d0e0       _CG_AddLocalEntities       3000e0e0 f   cg_localents.obj
 0001:0000d5f0       _vmMain                    3000e5f0 f   cg_main.obj
 0001:0000d6c0       _CG_RegisterCvars          3000e6c0 f   cg_main.obj
 0001:0000d790       _CG_UpdateCvars            3000e790 f   cg_main.obj
 0001:0000d8b0       _CG_CrosshairPlayer        3000e8b0 f   cg_main.obj
 0001:0000d8d0       _CG_LastAttacker           3000e8d0 f   cg_main.obj
 0001:0000d8f0       _CG_Printf                 3000e8f0 f   cg_main.obj
 0001:0000d920       _CG_Error                  3000e920 f   cg_main.obj
 0001:0000d950       _Com_Error                 3000e950 f   cg_main.obj
 0001:0000d990       _Com_Printf                3000e990 f   cg_main.obj
 0001:0000d9d0       _CG_Argv                   3000e9d0 f   cg_main.obj
 0001:0000d9f0       _CG_BuildSpectatorString   3000e9f0 f   cg_main.obj
 0001:0000da70       _CG_ConfigString           3000ea70 f   cg_main.obj
 0001:0000daa0       _CG_StartMusic             3000eaa0 f   cg_main.obj
 0001:0000db10       _CG_Init                   3000eb10 f   cg_main.obj
 0001:0000ec60       _CG_InitMarkPolys          3000fc60 f   cg_marks.obj
 0001:0000ecb0       _CG_FreeMarkPoly           3000fcb0 f   cg_marks.obj
 0001:0000ecf0       _CG_AllocMark              3000fcf0 f   cg_marks.obj
 0001:0000ed60       _CG_ImpactMark             3000fd60 f   cg_marks.obj
 0001:0000f100       _CG_AddMarks               30010100 f   cg_marks.obj
 0001:0000f2a0       _CG_ClearParticles         300102a0 f   cg_marks.obj
 0001:0000f390       _CG_AddParticleToScene     30010390 f   cg_marks.obj
 0001:00010f60       _CG_AddParticles           30011f60 f   cg_marks.obj
 0001:00011240       _CG_ParticleExplosion      30012240 f   cg_marks.obj
 0001:00011390       _CG_CustomSound            30012390 f   cg_players.obj
 0001:00011450       _CG_NewClientInfo          30012450 f   cg_players.obj
 0001:00012c40       _CG_LoadDeferredPlayers    30013c40 f   cg_players.obj
 0001:00012cb0       _CG_AddRefEntityWithPowerups 30013cb0 f   cg_players.obj
 0001:00012d70       _CG_Player                 30013d70 f   cg_players.obj
 0001:00014420       _CG_ResetPlayerEntity      30015420 f   cg_players.obj
 0001:000145d0       _CG_CheckAmmo              300155d0 f   cg_playerstate.obj
 0001:00014660       _CG_DamageFeedback         30015660 f   cg_playerstate.obj
 0001:00014940       _CG_Respawn                30015940 f   cg_playerstate.obj
 0001:00014970       _CG_CheckPlayerstateEvents 30015970 f   cg_playerstate.obj
 0001:00014a50       _CG_CheckLocalSounds       30015a50 f   cg_playerstate.obj
 0001:00014e60       _CG_TransitionPlayerState  30015e60 f   cg_playerstate.obj
 0001:00014f50       _CG_BuildSolidList         30015f50 f   cg_predict.obj
 0001:00015010       _CG_Trace                  30016010 f   cg_predict.obj
 0001:00015290       _CG_PointContents          30016290 f   cg_predict.obj
 0001:00015310       _CG_PredictPlayerState     30016310 f   cg_predict.obj
 0001:000162e0       _CG_DrawOldScoreboard      300172e0 f   cg_scoreboard.obj
 0001:00016c40       _CG_DrawOldTourneyScoreboard 30017c40 f   cg_scoreboard.obj
 0001:00016f10       _CG_ParseServerinfo        30017f10 f   cg_servercmds.obj
 0001:00017080       _CG_SetConfigValues        30018080 f   cg_servercmds.obj
 0001:00017100       _CG_ShaderStateChanged     30018100 f   cg_servercmds.obj
 0001:000171e0       _CG_PlayBufferedVoiceChats 300181e0 f   cg_servercmds.obj
 0001:000171e0       _CG_Shutdown               300181e0 f   cg_servercmds.obj
 0001:000171e0       _CG_VoiceChat              300181e0 f   cg_servercmds.obj
 0001:000171e0       _CG_MouseEvent             300181e0 f   cg_servercmds.obj
 0001:000171e0       _CG_EventHandling          300181e0 f   cg_servercmds.obj
 0001:000171e0       _CG_KeyEvent               300181e0 f   cg_servercmds.obj
 0001:000171f0       _CG_ExecuteNewServerCommands 300181f0 f   cg_servercmds.obj
 0001:00017e90       _CG_TransitionEntity       30018e90 f   cg_snapshot.obj
 0001:00017f60       _CG_SetInitialSnapshot     30018f60 f   cg_snapshot.obj
 0001:00018030       _CG_ProcessSnapshots       30019030 f   cg_snapshot.obj
 0001:00018530       _dllEntry                  30019530 f   cg_syscalls.obj
 0001:00018540       _PASSFLOAT                 30019540 f   cg_syscalls.obj
 0001:00018550       _trap_Print                30019550 f   cg_syscalls.obj
 0001:00018570       _trap_Error                30019570 f   cg_syscalls.obj
 0001:00018590       _trap_Milliseconds         30019590 f   cg_syscalls.obj
 0001:000185a0       _trap_Cvar_Register        300195a0 f   cg_syscalls.obj
 0001:000185c0       _trap_Cvar_Update          300195c0 f   cg_syscalls.obj
 0001:000185e0       _trap_Cvar_Set             300195e0 f   cg_syscalls.obj
 0001:00018600       _trap_Cvar_VariableStringBuffer 30019600 f   cg_syscalls.obj
 0001:00018620       _trap_Argc                 30019620 f   cg_syscalls.obj
 0001:00018630       _trap_Argv                 30019630 f   cg_syscalls.obj
 0001:00018650       _trap_Args                 30019650 f   cg_syscalls.obj
 0001:00018670       _trap_FS_FOpenFile         30019670 f   cg_syscalls.obj
 0001:00018690       _trap_FS_Read              30019690 f   cg_syscalls.obj
 0001:000186b0       _trap_FS_FCloseFile        300196b0 f   cg_syscalls.obj
 0001:000186d0       _trap_SendConsoleCommand   300196d0 f   cg_syscalls.obj
 0001:000186f0       _trap_AddCommand           300196f0 f   cg_syscalls.obj
 0001:00018710       _trap_SendClientCommand    30019710 f   cg_syscalls.obj
 0001:00018730       _trap_UpdateScreen         30019730 f   cg_syscalls.obj
 0001:00018740       _trap_CM_LoadMap           30019740 f   cg_syscalls.obj
 0001:00018760       _trap_CM_NumInlineModels   30019760 f   cg_syscalls.obj
 0001:00018770       _trap_CM_InlineModel       30019770 f   cg_syscalls.obj
 0001:00018790       _trap_CM_TempBoxModel      30019790 f   cg_syscalls.obj
 0001:000187b0       _trap_CM_PointContents     300197b0 f   cg_syscalls.obj
 0001:000187d0       _trap_CM_TransformedPointContents 300197d0 f   cg_syscalls.obj
 0001:000187f0       _trap_CM_BoxTrace          300197f0 f   cg_syscalls.obj
 0001:00018820       _trap_CM_TransformedBoxTrace 30019820 f   cg_syscalls.obj
 0001:00018860       _trap_CM_MarkFragments     30019860 f   cg_syscalls.obj
 0001:00018890       _trap_S_StartSound         30019890 f   cg_syscalls.obj
 0001:000188b0       _trap_S_StartLocalSound    300198b0 f   cg_syscalls.obj
 0001:000188d0       _trap_S_ClearLoopingSounds 300198d0 f   cg_syscalls.obj
 0001:000188f0       _trap_S_AddLoopingSound    300198f0 f   cg_syscalls.obj
 0001:00018910       _trap_S_AddRealLoopingSound 30019910 f   cg_syscalls.obj
 0001:00018930       _trap_S_StopLoopingSound   30019930 f   cg_syscalls.obj
 0001:00018950       _trap_S_UpdateEntityPosition 30019950 f   cg_syscalls.obj
 0001:00018970       _trap_S_Respatialize       30019970 f   cg_syscalls.obj
 0001:00018990       _trap_S_RegisterSound      30019990 f   cg_syscalls.obj
 0001:000189b0       _trap_S_StartBackgroundTrack 300199b0 f   cg_syscalls.obj
 0001:000189d0       _trap_R_LoadWorldMap       300199d0 f   cg_syscalls.obj
 0001:000189f0       _trap_R_RegisterModel      300199f0 f   cg_syscalls.obj
 0001:00018a10       _trap_R_RegisterSkin       30019a10 f   cg_syscalls.obj
 0001:00018a30       _trap_R_RegisterShader     30019a30 f   cg_syscalls.obj
 0001:00018a50       _trap_R_RegisterShaderNoMip 30019a50 f   cg_syscalls.obj
 0001:00018a70       _trap_R_ClearScene         30019a70 f   cg_syscalls.obj
 0001:00018a80       _trap_R_AddRefEntityToScene 30019a80 f   cg_syscalls.obj
 0001:00018aa0       _trap_R_AddPolyToScene     30019aa0 f   cg_syscalls.obj
 0001:00018ac0       _trap_R_AddLightToScene    30019ac0 f   cg_syscalls.obj
 0001:00018b10       _trap_R_RenderScene        30019b10 f   cg_syscalls.obj
 0001:00018b30       _trap_R_SetColor           30019b30 f   cg_syscalls.obj
 0001:00018b50       _trap_R_DrawStretchPic     30019b50 f   cg_syscalls.obj
 0001:00018be0       _trap_R_ModelBounds        30019be0 f   cg_syscalls.obj
 0001:00018c00       _trap_R_LerpTag            30019c00 f   cg_syscalls.obj
 0001:00018c40       _trap_R_RemapShader        30019c40 f   cg_syscalls.obj
 0001:00018c60       _trap_GetGlconfig          30019c60 f   cg_syscalls.obj
 0001:00018c80       _trap_GetGameState         30019c80 f   cg_syscalls.obj
 0001:00018ca0       _trap_GetCurrentSnapshotNumber 30019ca0 f   cg_syscalls.obj
 0001:00018cc0       _trap_GetSnapshot          30019cc0 f   cg_syscalls.obj
 0001:00018ce0       _trap_GetServerCommand     30019ce0 f   cg_syscalls.obj
 0001:00018d00       _trap_GetCurrentCmdNumber  30019d00 f   cg_syscalls.obj
 0001:00018d10       _trap_GetUserCmd           30019d10 f   cg_syscalls.obj
 0001:00018d30       _trap_SetUserCmdValue      30019d30 f   cg_syscalls.obj
 0001:00018d50       _trap_MemoryRemaining      30019d50 f   cg_syscalls.obj
 0001:00018d60       _trap_PC_ReadToken         30019d60 f   cg_syscalls.obj
 0001:00018d80       _trap_PC_SourceFileAndLine 30019d80 f   cg_syscalls.obj
 0001:00018da0       _trap_SnapVector           30019da0 f   cg_syscalls.obj
 0001:00018dc0       _CG_PredictWeaponEffects   30019dc0 f   cg_unlagged.obj
 0001:00019540       _CG_AddBoundingBox         3001a540 f   cg_unlagged.obj
 0001:00019bd0       _CG_Cvar_ClampInt          3001abd0 f   cg_unlagged.obj
 0001:00019c80       _CG_TestModel_f            3001ac80 f   cg_view.obj
 0001:00019da0       _CG_TestGun_f              3001ada0 f   cg_view.obj
 0001:00019dc0       _CG_TestModelNextFrame_f   3001adc0 f   cg_view.obj
 0001:00019de0       _CG_TestModelPrevFrame_f   3001ade0 f   cg_view.obj
 0001:00019e10       _CG_TestModelNextSkin_f    3001ae10 f   cg_view.obj
 0001:00019e30       _CG_TestModelPrevSkin_f    3001ae30 f   cg_view.obj
 0001:00019e60       _CG_ZoomDown_f             3001ae60 f   cg_view.obj
 0001:00019eb0       _CG_ZoomUp_f               3001aeb0 f   cg_view.obj
 0001:00019ed0       _CG_AddBufferedSound       3001aed0 f   cg_view.obj
 0001:00019f10       _CG_DrawActiveFrame        3001af10 f   cg_view.obj
 0001:0001b050       _CG_RailTrail              3001c050 f   cg_weapons.obj
 0001:0001b4b0       _CG_GrappleTrail           3001c4b0 f   cg_weapons.obj
 0001:0001b620       _CG_RegisterWeapon         3001c620 f   cg_weapons.obj
 0001:0001c780       _CG_RegisterItemVisuals    3001d780 f   cg_weapons.obj
 0001:0001c830       _CG_AddPlayerWeapon        3001d830 f   cg_weapons.obj
 0001:0001d230       _CG_AddViewWeapon          3001e230 f   cg_weapons.obj
 0001:0001d660       _CG_DrawWeaponSelect       3001e660 f   cg_weapons.obj
 0001:0001d820       _CG_NextWeapon_f           3001e820 f   cg_weapons.obj
 0001:0001d8c0       _CG_PrevWeapon_f           3001e8c0 f   cg_weapons.obj
 0001:0001d930       _CG_Weapon_f               3001e930 f   cg_weapons.obj
 0001:0001d990       _CG_OutOfAmmoChange        3001e990 f   cg_weapons.obj
 0001:0001d9c0       _CG_FireWeapon2            3001e9c0 f   cg_weapons.obj
 0001:0001d9c0       _CG_FireWeapon             3001e9c0 f   cg_weapons.obj
 0001:0001da80       _CG_MissileHitWall         3001ea80 f   cg_weapons.obj
 0001:0001de30       _CG_MissileHitPlayer       3001ee30 f   cg_weapons.obj
 0001:0001de70       _CG_ShotgunPattern         3001ee70 f   cg_weapons.obj
 0001:0001e0f0       _CG_ShotgunFire            3001f0f0 f   cg_weapons.obj
 0001:0001e210       _CG_Tracer                 3001f210 f   cg_weapons.obj
 0001:0001e590       _CG_Bullet                 3001f590 f   cg_weapons.obj
 0001:0001e830       _Q_rand                    3001f830 f   q_math.obj
 0001:0001e850       _Q_random                  3001f850 f   q_math.obj
 0001:0001e880       _Q_crandom                 3001f880 f   q_math.obj
 0001:0001e8a0       _ByteToDir                 3001f8a0 f   q_math.obj
 0001:0001e900       _tonextint                 3001f900 f   q_math.obj
 0001:0001e970       _RotatePointAroundVector   3001f970 f   q_math.obj
 0001:0001eb30       _RotateAroundDirection     3001fb30 f   q_math.obj
 0001:0001ebc0       _vectoangles               3001fbc0 f   q_math.obj
 0001:0001ecd0       _AnglesToAxis              3001fcd0 f   q_math.obj
 0001:0001ed20       _AxisClear                 3001fd20 f   q_math.obj
 0001:0001ed50       _AxisCopy                  3001fd50 f   q_math.obj
 0001:0001ed90       _ProjectPointOnPlane       3001fd90 f   q_math.obj
 0001:0001ee20       _LerpAngle                 3001fe20 f   q_math.obj
 0001:0001ee70       _AngleSubtract             3001fe70 f   q_math.obj
 0001:0001eec0       _AnglesSubtract            3001fec0 f   q_math.obj
 0001:0001ef10       _AngleNormalize360         3001ff10 f   q_math.obj
 0001:0001ef10       _AngleMod                  3001ff10 f   q_math.obj
 0001:0001ef40       _AngleNormalize180         3001ff40 f   q_math.obj
 0001:0001ef70       _VectorNormalize           3001ff70 f   q_math.obj
 0001:0001efc0       _VectorNormalize2          3001ffc0 f   q_math.obj
 0001:0001f030       _MatrixMultiply            30020030 f   q_math.obj
 0001:0001f120       _AngleVectors              30020120 f   q_math.obj
 0001:0001f270       _PerpendicularVector       30020270 f   q_math.obj
 0001:0001f2f0       _COM_StripExtension        300202f0 f   q_shared.obj
 0001:0001f320       _COM_Parse                 30020320 f   q_shared.obj
 0001:0001f330       _COM_ParseExt              30020330 f   q_shared.obj
 0001:0001f4a0       _Q_strrchr                 300204a0 f   q_shared.obj
 0001:0001f4d0       _Q_strncpyz                300204d0 f   q_shared.obj
 0001:0001f530       _Q_stricmpn                30020530 f   q_shared.obj
 0001:0001f5c0       _Q_stricmp                 300205c0 f   q_shared.obj
 0001:0001f5f0       _Q_strcat                  300205f0 f   q_shared.obj
 0001:0001f640       _Q_PrintStrlen             30020640 f   q_shared.obj
 0001:0001f680       _Q_CleanStr                30020680 f   q_shared.obj
 0001:0001f6d0       _Com_sprintf               300206d0 f   q_shared.obj
 0001:0001f750       _va                        30020750 f   q_shared.obj
 0001:0001f790       _Info_ValueForKey          30020790 f   q_shared.obj
 0001:0001f880       _SnapVectorTowards         30020880 f   q_shared.obj
 0001:0001f8d0       _UI_Alloc                  300208d0 f   ui_shared.obj
 0001:0001f920       _String_Alloc              30020920 f   ui_shared.obj
 0001:0001fa90       _PC_SourceError            30020a90 f   ui_shared.obj
 0001:0001fb00       _Float_Parse               30020b00 f   ui_shared.obj
 0001:0001fb30       _PC_Float_Parse            30020b30 f   ui_shared.obj
 0001:0001fbe0       _Color_Parse               30020be0 f   ui_shared.obj
 0001:0001fc20       _PC_Color_Parse            30020c20 f   ui_shared.obj
 0001:0001fc60       _Int_Parse                 30020c60 f   ui_shared.obj
 0001:0001fc90       _PC_Int_Parse              30020c90 f   ui_shared.obj
 0001:0001fd30       _Rect_Parse                30020d30 f   ui_shared.obj
 0001:0001fd90       _PC_Rect_Parse             30020d90 f   ui_shared.obj
 0001:0001fdf0       _String_Parse              30020df0 f   ui_shared.obj
 0001:0001fe20       _PC_String_Parse           30020e20 f   ui_shared.obj
 0001:0001fe70       _PC_Script_Parse           30020e70 f   ui_shared.obj
 0001:0001ff90       _Window_Init               30020f90 f   ui_shared.obj
 0001:0001ffc0       _Item_SetScreenCoords      30020fc0 f   ui_shared.obj
 0001:00020010       _Item_UpdatePosition       30021010 f   ui_shared.obj
 0001:00020070       _Menu_ClearFocus           30021070 f   ui_shared.obj
 0001:000200e0       _Menu_ItemsMatchingGroup   300210e0 f   ui_shared.obj
 0001:00020150       _Menu_GetMatchingItemByNumber 30021150 f   ui_shared.obj
 0001:000201d0       _Script_SetColor           300211d0 f   ui_shared.obj
 0001:000202a0       _Script_SetAsset           300212a0 f   ui_shared.obj
 0001:000202c0       _Script_SetBackground      300212c0 f   ui_shared.obj
 0001:000202f0       _Menu_FindItemByName       300212f0 f   ui_shared.obj
 0001:00020350       _Script_SetTeamColor       30021350 f   ui_shared.obj
 0001:000203a0       _Script_SetItemColor       300213a0 f   ui_shared.obj
 0001:000204c0       _Menu_ShowItemByName       300214c0 f   ui_shared.obj
 0001:00020540       _Menu_FadeItemByName       30021540 f   ui_shared.obj
 0001:000205a0       _Menus_FindByName          300215a0 f   ui_shared.obj
 0001:000205f0       _Menus_OpenByName          300215f0 f   ui_shared.obj
 0001:00020600       _Menus_CloseByName         30021600 f   ui_shared.obj
 0001:00020670       _Script_Show               30021670 f   ui_shared.obj
 0001:000206b0       _Script_Hide               300216b0 f   ui_shared.obj
 0001:000206f0       _Script_FadeIn             300216f0 f   ui_shared.obj
 0001:00020730       _Script_FadeOut            30021730 f   ui_shared.obj
 0001:00020770       _Script_Open               30021770 f   ui_shared.obj
 0001:000207a0       _Script_ConditionalOpen    300217a0 f   ui_shared.obj
 0001:00020820       _Script_Close              30021820 f   ui_shared.obj
 0001:00020850       _Menu_TransitionItemByName 30021850 f   ui_shared.obj
 0001:000209a0       _Script_Transition         300219a0 f   ui_shared.obj
 0001:00020a80       _Menu_OrbitItemByName      30021a80 f   ui_shared.obj
 0001:00020af0       _Script_Orbit              30021af0 f   ui_shared.obj
 0001:00020ba0       _Script_SetFocus           30021ba0 f   ui_shared.obj
 0001:00020c30       _Script_SetPlayerModel     30021c30 f   ui_shared.obj
 0001:00020c60       _Script_SetPlayerHead      30021c60 f   ui_shared.obj
 0001:00020c90       _Script_SetCvar            30021c90 f   ui_shared.obj
 0001:00020ce0       _Script_Exec               30021ce0 f   ui_shared.obj
 0001:00020d20       _Script_Play               30021d20 f   ui_shared.obj
 0001:00020d60       _Script_playLooped         30021d60 f   ui_shared.obj
 0001:00020da0       _Item_RunScript            30021da0 f   ui_shared.obj
 0001:00020e90       _Menus_Activate            30021e90 f   ui_shared.obj
 0001:00020fd0       _Menu_GetFocused           30021fd0 f   ui_shared.obj
 0001:00021010       _Menus_ActivateByName      30022010 f   ui_shared.obj
 0001:00021090       _Item_Init                 30022090 f   ui_shared.obj
 0001:000210c0       _Item_ValidateTypeData     300220c0 f   ui_shared.obj
 0001:00021190       _KeywordHash_Key           30022190 f   ui_shared.obj
 0001:00021200       _KeywordHash_Find          30022200 f   ui_shared.obj
 0001:00021240       _ItemParse_name            30022240 f   ui_shared.obj
 0001:00021260       _ItemParse_focusSound      30022260 f   ui_shared.obj
 0001:000212a0       _ItemParse_group           300222a0 f   ui_shared.obj
 0001:000212c0       _ItemParse_asset_model     300222c0 f   ui_shared.obj
 0001:00021320       _ItemParse_asset_shader    30022320 f   ui_shared.obj
 0001:00021360       _ItemParse_model_origin    30022360 f   ui_shared.obj
 0001:000213c0       _ItemParse_model_fovx      300223c0 f   ui_shared.obj
 0001:000213c0       _ItemParse_elementwidth    300223c0 f   ui_shared.obj
 0001:000213f0       _ItemParse_elementheight   300223f0 f   ui_shared.obj
 0001:000213f0       _ItemParse_model_fovy      300223f0 f   ui_shared.obj
 0001:00021420       _ItemParse_model_rotation  30022420 f   ui_shared.obj
 0001:00021450       _ItemParse_model_angle     30022450 f   ui_shared.obj
 0001:00021480       _ItemParse_rect            30022480 f   ui_shared.obj
 0001:000214a0       _ItemParse_decoration      300224a0 f   ui_shared.obj
 0001:000214b0       _ItemParse_notselectable   300224b0 f   ui_shared.obj
 0001:000214f0       _ItemParse_wrapped         300224f0 f   ui_shared.obj
 0001:00021510       _ItemParse_autowrapped     30022510 f   ui_shared.obj
 0001:00021530       _ItemParse_horizontalscroll 30022530 f   ui_shared.obj
 0001:00021550       _ItemParse_type            30022550 f   ui_shared.obj
 0001:00021580       _ItemParse_elementtype     30022580 f   ui_shared.obj
 0001:000215c0       _ItemParse_columns         300225c0 f   ui_shared.obj
 0001:00021690       _MenuParse_visible         30022690 f   ui_shared.obj
 0001:00021690       _ItemParse_visible         30022690 f   ui_shared.obj
 0001:000216c0       _ItemParse_ownerdraw       300226c0 f   ui_shared.obj
 0001:000216f0       _ItemParse_align           300226f0 f   ui_shared.obj
 0001:000216f0       _MenuParse_fadeCycle       300226f0 f   ui_shared.obj
 0001:00021710       _ItemParse_textalign       30022710 f   ui_shared.obj
 0001:00021730       _MenuParse_fadeAmount      30022730 f   ui_shared.obj
 0001:00021730       _ItemParse_textalignx      30022730 f   ui_shared.obj
 0001:00021750       _ItemParse_textaligny      30022750 f   ui_shared.obj
 0001:00021770       _ItemParse_textscale       30022770 f   ui_shared.obj
 0001:00021790       _ItemParse_textstyle       30022790 f   ui_shared.obj
 0001:000217b0       _MenuParse_bordercolor     300227b0 f   ui_shared.obj
 0001:000217b0       _ItemParse_bordercolor     300227b0 f   ui_shared.obj
 0001:00021800       _MenuParse_cinematic       30022800 f   ui_shared.obj
 0001:00021800       _ItemParse_cinematic       30022800 f   ui_shared.obj
 0001:00021820       _ItemParse_doubleClick     30022820 f   ui_shared.obj
 0001:00021860       _ItemParse_onFocus         30022860 f   ui_shared.obj
 0001:00021880       _ItemParse_leaveFocus      30022880 f   ui_shared.obj
 0001:000218a0       _ItemParse_mouseEnter      300228a0 f   ui_shared.obj
 0001:000218c0       _ItemParse_mouseExit       300228c0 f   ui_shared.obj
 0001:000218e0       _ItemParse_mouseEnterText  300228e0 f   ui_shared.obj
 0001:00021900       _ItemParse_mouseExitText   30022900 f   ui_shared.obj
 0001:00021920       _ItemParse_action          30022920 f   ui_shared.obj
 0001:00021940       _ItemParse_special         30022940 f   ui_shared.obj
 0001:00021940       _ItemParse_feeder          30022940 f   ui_shared.obj
 0001:00021960       _ItemParse_cvarTest        30022960 f   ui_shared.obj
 0001:00021980       _ItemParse_cvar            30022980 f   ui_shared.obj
 0001:000219d0       _ItemParse_maxChars        300229d0 f   ui_shared.obj
 0001:00021a20       _ItemParse_maxPaintChars   30022a20 f   ui_shared.obj
 0001:00021a70       _ItemParse_cvarFloat       30022a70 f   ui_shared.obj
 0001:00021ae0       _ItemParse_cvarStrList     30022ae0 f   ui_shared.obj
 0001:00021be0       _ItemParse_cvarFloatList   30022be0 f   ui_shared.obj
 0001:00021cd0       _ItemParse_addColorRange   30022cd0 f   ui_shared.obj
 0001:00021d50       _ItemParse_enableCvar      30022d50 f   ui_shared.obj
 0001:00021d80       _ItemParse_disableCvar     30022d80 f   ui_shared.obj
 0001:00021dc0       _ItemParse_showCvar        30022dc0 f   ui_shared.obj
 0001:00021e00       _ItemParse_hideCvar        30022e00 f   ui_shared.obj
 0001:00021e40       _Item_Parse                30022e40 f   ui_shared.obj
 0001:00021f10       _Item_InitControls         30022f10 f   ui_shared.obj
 0001:00021f40       _MenuParse_font            30022f40 f   ui_shared.obj
 0001:00021fa0       _MenuParse_name            30022fa0 f   ui_shared.obj
 0001:00021fe0       _MenuParse_fullscreen      30022fe0 f   ui_shared.obj
 0001:00022000       _MenuParse_rect            30023000 f   ui_shared.obj
 0001:00022020       _MenuParse_style           30023020 f   ui_shared.obj
 0001:00022020       _ItemParse_style           30023020 f   ui_shared.obj
 0001:00022040       _MenuParse_onOpen          30023040 f   ui_shared.obj
 0001:00022060       _MenuParse_onClose         30023060 f   ui_shared.obj
 0001:00022080       _MenuParse_onESC           30023080 f   ui_shared.obj
 0001:000220a0       _ItemParse_border          300230a0 f   ui_shared.obj
 0001:000220a0       _MenuParse_border          300230a0 f   ui_shared.obj
 0001:000220c0       _ItemParse_bordersize      300230c0 f   ui_shared.obj
 0001:000220c0       _MenuParse_borderSize      300230c0 f   ui_shared.obj
 0001:000220e0       _ItemParse_backcolor       300230e0 f   ui_shared.obj
 0001:000220e0       _MenuParse_backcolor       300230e0 f   ui_shared.obj
 0001:00022130       _ItemParse_forecolor       30023130 f   ui_shared.obj
 0001:00022130       _MenuParse_forecolor       30023130 f   ui_shared.obj
 0001:00022180       _MenuParse_focuscolor      30023180 f   ui_shared.obj
 0001:000221d0       _MenuParse_disablecolor    300231d0 f   ui_shared.obj
 0001:00022220       _MenuParse_outlinecolor    30023220 f   ui_shared.obj
 0001:00022220       _ItemParse_outlinecolor    30023220 f   ui_shared.obj
 0001:00022240       _MenuParse_background      30023240 f   ui_shared.obj
 0001:00022240       _ItemParse_background      30023240 f   ui_shared.obj
 0001:00022280       _ItemParse_ownerdrawFlag   30023280 f   ui_shared.obj
 0001:00022280       _MenuParse_ownerdrawFlag   30023280 f   ui_shared.obj
 0001:000222b0       _MenuParse_ownerdraw       300232b0 f   ui_shared.obj
 0001:000222d0       _MenuParse_popup           300232d0 f   ui_shared.obj
 0001:000222f0       _MenuParse_outOfBounds     300232f0 f   ui_shared.obj
 0001:00022310       _MenuParse_soundLoop       30023310 f   ui_shared.obj
 0001:00022310       _ItemParse_text            30023310 f   ui_shared.obj
 0001:00022330       _MenuParse_fadeClamp       30023330 f   ui_shared.obj
 0001:00022350       _MenuParse_itemDef         30023350 f   ui_shared.obj
 0001:000223f0       __fpmath                   300233f0 f   LIBC:fpinit.obj
 0001:00022407       __fpclear                  30023407 f   LIBC:fpinit.obj
 0001:00022408       __cfltcvt_init             30023408 f   LIBC:fpinit.obj
 0001:00022440       __ftol                     30023440 f   LIBC:ftol.obj
 0001:00022467       _atol                      30023467 f   LIBC:atox.obj
 0001:000224f2       _atoi                      300234f2 f   LIBC:atox.obj
 0001:000224fd       _rand                      300234fd f   LIBC:rand.obj
 0001:0002251b       _vsprintf                  3002351b f   LIBC:vsprintf.obj
 0001:00022570       __alloca_probe             30023570 f   LIBC:chkstk.obj
 0001:00022570       __chkstk                   30023570 f   LIBC:chkstk.obj
 0001:0002259f       _floor                     3002359f f   LIBC:floor.obj
 0001:0002266e       _atof                      3002366e f   LIBC:atof.obj
 0001:000226d0       _strchr                    300236d0 f   LIBC:strchr.obj
 0001:000226d6       ___from_strstr_to_strchr   300236d6 f   LIBC:strchr.obj
 0001:00022790       __CIacos                   30023790 f   LIBC:acos.obj
 0001:000227a4       _acos                      300237a4 f   LIBC:acos.obj
 0001:00022860       _strncpy                   30023860 f   LIBC:strncpy.obj
 0001:00022960       _strstr                    30023960 f   LIBC:strstr.obj
 0001:000229e0       _tolower                   300239e0 f   LIBC:tolower.obj
 0001:00022ab0       _memmove                   30023ab0 f   LIBC:memmove.obj
 0001:00022de5       __CRT_INIT@12              30023de5 f   LIBC:dllcrt0.obj
 0001:00022e9d       __DllMainCRTStartup@12     30023e9d f   LIBC:dllcrt0.obj
 0001:00022f3a       __amsg_exit                30023f3a f   LIBC:dllcrt0.obj
 0001:00022f6d       __setdefaultprecision      30023f6d f   LIBC:fp8.obj
 0001:00022f7f       __ms_p5_test_fdiv          30023f7f f   LIBC:testfdiv.obj
 0001:00022fbd       __ms_p5_mp_test_fdiv       30023fbd f   LIBC:testfdiv.obj
 0001:00022fe6       __forcdecpt                30023fe6 f   LIBC:cvt.obj
 0001:00023040       __cropzeros                30024040 f   LIBC:cvt.obj
 0001:0002308e       __positive                 3002408e f   LIBC:cvt.obj
 0001:000230a6       __fassign                  300240a6 f   LIBC:cvt.obj
 0001:000230e4       __cftoe                    300240e4 f   LIBC:cvt.obj
 0001:000231e8       __cftof                    300241e8 f   LIBC:cvt.obj
 0001:000232c6       __cftog                    300242c6 f   LIBC:cvt.obj
 0001:000233ab       __cfltcvt                  300243ab f   LIBC:cvt.obj
 0001:00023421       __isctype                  30024421 f   LIBC:isctype.obj
 0001:000234a0       __allmul                   300244a0 f   LIBC:llmul.obj
 0001:000234d4       __flsbuf                   300244d4 f   LIBC:_flsbuf.obj
 0001:000235e9       __output                   300245e9 f   LIBC:output.obj
 0001:00023df3       __handle_qnan1             30024df3 f   LIBC:fpexcept.obj
 0001:00023e46       __except1                  30024e46 f   LIBC:fpexcept.obj
 0001:00023ede       __raise_exc                30024ede f   LIBC:fpexcept.obj
 0001:00024191       __handle_exc               30025191 f   LIBC:fpexcept.obj
 0001:000243a8       __umatherr                 300253a8 f   LIBC:fpexcept.obj
 0001:00024430       __set_errno                30025430 f   LIBC:fpexcept.obj
 0001:0002447b       __errcode                  3002547b f   LIBC:fpexcept.obj
 0001:000244a8       __frnd                     300254a8 f   LIBC:frnd.obj
 0001:000244ba       __set_exp                  300254ba f   LIBC:util.obj
 0001:000244e3       __sptype                   300254e3 f   LIBC:util.obj
 0001:0002453d       __decomp                   3002553d f   LIBC:util.obj
 0001:000245fe       __statfp                   300255fe f   LIBC:fpctrl.obj
 0001:0002460c       __clrfp                    3002560c f   LIBC:fpctrl.obj
 0001:0002461b       __ctrlfp                   3002561b f   LIBC:fpctrl.obj
 0001:0002463e       __set_statfp               3002563e f   LIBC:fpctrl.obj
 0001:00024694       __fltin                    30025694 f   LIBC:cfin.obj
 0001:00024730       _strlen                    30025730 f   LIBC:strlen.obj
 0001:000247b0       __trandisp1                300257b0 f   LIBC:87disp.obj
 0001:00024817       __trandisp2                30025817 f   LIBC:87disp.obj
 0001:000248a3       __rttospopde               300258a3 f   LIBC:87disp.obj
 0001:000248a8       __rttospop                 300258a8 f   LIBC:87disp.obj
 0001:000248aa       __rtnospop                 300258aa f   LIBC:87disp.obj
 0001:000248ac       __rttosnpop                300258ac f   LIBC:87disp.obj
 0001:000248ad       __rtnospopde               300258ad f   LIBC:87disp.obj
 0001:000248b4       __rtzeropop                300258b4 f   LIBC:87disp.obj
 0001:000248b6       __rtzeronpop               300258b6 f   LIBC:87disp.obj
 0001:000248bb       __rtonepop                 300258bb f   LIBC:87disp.obj
 0001:000248bd       __rtonenpop                300258bd f   LIBC:87disp.obj
 0001:000248c2       __tosnan1                  300258c2 f   LIBC:87disp.obj
 0001:000248ed       __nosnan2                  300258ed f   LIBC:87disp.obj
 0001:000248ef       __tosnan2                  300258ef f   LIBC:87disp.obj
 0001:00024917       __nan2                     30025917 f   LIBC:87disp.obj
 0001:00024956       __rtindfpop                30025956 f   LIBC:87disp.obj
 0001:00024958       __rtindfnpop               30025958 f   LIBC:87disp.obj
 0001:00024969       __rttosnpopde              30025969 f   LIBC:87disp.obj
 0001:00024973       __rtchsifneg               30025973 f   LIBC:87disp.obj
 0001:00024980       __startTwoArgErrorHandling 30025980 f   LIBC:genexcep.obj
 0001:00024997       __startOneArgErrorHandling 30025997 f   LIBC:genexcep.obj
 0001:000249e0       __twoToTOS                 300259e0 f   LIBC:common.obj
 0001:000249f5       __load_CW                  300259f5 f   LIBC:common.obj
 0001:00024a0c       __convertTOStoQNaN         30025a0c f   LIBC:common.obj
 0001:00024a25       __fload_withFB             30025a25 f   LIBC:common.obj
 0001:00024a68       __checkTOS_withFB          30025a68 f   LIBC:common.obj
 0001:00024a7e       __fast_exit                30025a7e f   LIBC:common.obj
 0001:00024a8b       __math_exit                30025a8b f   LIBC:common.obj
 0001:00024ab5       __check_overflow_exit      30025ab5 f   LIBC:common.obj
 0001:00024ac9       __check_range_exit         30025ac9 f   LIBC:common.obj
 0001:00024b6c       ___crtLCMapStringA         30025b6c f   LIBC:a_map.obj
 0001:00024dbb       __cinit                    30025dbb f   LIBC:crt0dat.obj
 0001:00024de8       __exit                     30025de8 f   LIBC:crt0dat.obj
 0001:00024df9       __cexit                    30025df9 f   LIBC:crt0dat.obj
 0001:00024ebb       __heap_init                30025ebb f   LIBC:heapinit.obj
 0001:00024ef7       __heap_term                30025ef7 f   LIBC:heapinit.obj
 0001:00024f6c       __ioinit                   30025f6c f   LIBC:ioinit.obj
 0001:00025117       __ioterm                   30026117 f   LIBC:ioinit.obj
 0001:0002513a       __setenvp                  3002613a f   LIBC:stdenvp.obj
 0001:000251f3       __setargv                  300261f3 f   LIBC:stdargv.obj
 0001:00025440       ___crtGetEnvironmentStringsA 30026440 f   LIBC:a_env.obj
 0001:00025572       _DllMain@12                30026572 f   LIBC:dllmain.obj
 0001:00025592       __FF_MSGBANNER             30026592 f   LIBC:crt0msg.obj
 0001:000255cb       __NMSG_WRITE               300265cb f   LIBC:crt0msg.obj
 0001:0002571e       __control87                3002671e f   LIBC:ieee87.obj
 0001:00025753       __controlfp                30026753 f   LIBC:ieee87.obj
 0001:00025884       __ZeroTail                 30026884 f   LIBC:intrncvt.obj
 0001:000258cd       __IncMan                   300268cd f   LIBC:intrncvt.obj
 0001:00025923       __RoundMan                 30026923 f   LIBC:intrncvt.obj
 0001:000259af       __CopyMan                  300269af f   LIBC:intrncvt.obj
 0001:000259ca       __FillZeroMan              300269ca f   LIBC:intrncvt.obj
 0001:000259d6       __IsZeroMan                300269d6 f   LIBC:intrncvt.obj
 0001:000259f1       __ShrMan                   300269f1 f   LIBC:intrncvt.obj
 0001:00025a7e       __ld12cvt                  30026a7e f   LIBC:intrncvt.obj
 0001:00025bea       __ld12tod                  30026bea f   LIBC:intrncvt.obj
 0001:00025c00       __ld12tof                  30026c00 f   LIBC:intrncvt.obj
 0001:00025c16       __atodbl                   30026c16 f   LIBC:intrncvt.obj
 0001:00025c43       __atoflt                   30026c43 f   LIBC:intrncvt.obj
 0001:00025c70       _strcpy                    30026c70 f   LIBC:strcat.obj
 0001:00025c80       _strcat                    30026c80 f   LIBC:strcat.obj
 0001:00025d60       __fptostr                  30026d60 f   LIBC:_fptostr.obj
 0001:00025dd7       __fltout                   30026dd7 f   LIBC:cfout.obj
 0001:00025e3b       ___dtold                   30026e3b f   LIBC:cfout.obj
 0001:00025f00       _memset                    30026f00 f   LIBC:memset.obj
 0001:00025f58       __fptrap                   30026f58 f   LIBC:crt0fp.obj
 0001:00025f61       ___crtGetStringTypeA       30026f61 f   LIBC:a_str.obj
 0001:000260aa       __lseek                    300270aa f   LIBC:lseek.obj
 0001:00026144       __write                    30027144 f   LIBC:write.obj
 0001:000262f1       __getbuf                   300272f1 f   LIBC:_getbuf.obj
 0001:00026335       __isatty                   30027335 f   LIBC:isatty.obj
 0001:0002635b       ___initstdio               3002735b f   LIBC:_file.obj
 0001:00026400       ___endstdio                30027400 f   LIBC:_file.obj
 0001:00026414       _wctomb                    30027414 f   LIBC:wctomb.obj
 0001:00026480       __aulldiv                  30027480 f   LIBC:ulldiv.obj
 0001:000264f0       __aullrem                  300274f0 f   LIBC:ullrem.obj
 0001:00026565       __matherr                  30027565 f   LIBC:matherr.obj
 0001:00026568       ___strgtold12              30027568 f   LIBC:strgtold.obj
 0001:00026a39       __87except                 30027a39 f   LIBC:87except.obj
 0001:00026b0c       __global_unwind2           30027b0c f   LIBC:exsup.obj
 0001:00026b4e       __local_unwind2            30027b4e f   LIBC:exsup.obj
 0001:00026ba6       __NLG_Return2              30027ba6 f   LIBC:exsup.obj
 0001:00026bb6       __abnormal_termination     30027bb6 f   LIBC:exsup.obj
 0001:00026bd9       __NLG_Notify1              30027bd9 f   LIBC:exsup.obj
 0001:00026be2       __NLG_Notify               30027be2 f   LIBC:exsup.obj
 0001:00026bf5       __NLG_Dispatch             30027bf5 f   LIBC:exsup.obj
 0001:00026c04       __except_handler3          30027c04 f   LIBC:exsup3.obj
 0001:00026cc1       __seh_longjmp_unwind@4     30027cc1 f   LIBC:exsup3.obj
 0001:00026cdc       ___sbh_heap_init           30027cdc f   LIBC:sbheap.obj
 0001:00026d1a       ___sbh_find_block          30027d1a f   LIBC:sbheap.obj
 0001:00026d45       ___sbh_free_block          30027d45 f   LIBC:sbheap.obj
 0001:00027070       ___sbh_alloc_block         30028070 f   LIBC:sbheap.obj
 0001:00027379       ___sbh_alloc_new_region    30028379 f   LIBC:sbheap.obj
 0001:0002742a       ___sbh_alloc_new_group     3002842a f   LIBC:sbheap.obj
 0001:00027525       _malloc                    30028525 f   LIBC:malloc.obj
 0001:00027537       __nh_malloc                30028537 f   LIBC:malloc.obj
 0001:00027563       __heap_alloc               30028563 f   LIBC:malloc.obj
 0001:00027599       _free                      30028599 f   LIBC:free.obj
 0001:000275c8       __setmbcp                  300285c8 f   LIBC:mbctype.obj
 0001:0002798c       ___initmbctable            3002898c f   LIBC:mbctype.obj
 0001:000279b0       _memcpy                    300289b0 f   LIBC:memcpy.obj
 0001:00027ce5       ___crtMessageBoxA          30028ce5 f   LIBC:crtmbox.obj
 0001:00027d6e       ___addl                    30028d6e f   LIBC:mantold.obj
 0001:00027d8f       ___add_12                  30028d8f f   LIBC:mantold.obj
 0001:00027ded       ___shl_12                  30028ded f   LIBC:mantold.obj
 0001:00027e1b       ___shr_12                  30028e1b f   LIBC:mantold.obj
 0001:00027e48       ___mtold12                 30028e48 f   LIBC:mantold.obj
 0001:00027f0f       _$I10_OUTPUT               30028f0f f   LIBC:x10fout.obj
 0001:000281a2       __dosmaperr                300291a2 f   LIBC:dosmap.obj
 0001:00028209       __free_osfhnd              30029209 f   LIBC:osfinfo.obj
 0001:00028283       __get_osfhandle            30029283 f   LIBC:osfinfo.obj
 0001:000282c0       _calloc                    300292c0 f   LIBC:calloc.obj
 0001:0002833d       __fcloseall                3002933d f   LIBC:closeall.obj
 0001:00028395       _fflush                    30029395 f   LIBC:fflush.obj
 0001:000283d0       __flush                    300293d0 f   LIBC:fflush.obj
 0001:0002842c       __flushall                 3002942c f   LIBC:fflush.obj
 0001:000284a2       ___ld12mul                 300294a2 f   LIBC:tenpow.obj
 0001:000286c2       ___multtenpow12            300296c2 f   LIBC:tenpow.obj
 0001:0002873e       __callnewh                 3002973e f   LIBC:handler.obj
 0001:00028759       _fclose                    30029759 f   LIBC:fclose.obj
 0001:000287af       __commit                   300297af f   LIBC:commit.obj
 0001:00028806       __close                    30029806 f   LIBC:close.obj
 0001:000288b9       __freebuf                  300298b9 f   LIBC:_freebuf.obj
 0001:000288e4       _RtlUnwind@16              300298e4 f   kernel32:KERNEL32.dll
 0002:00000000       __imp__FreeEnvironmentStringsW@4 3002a000     kernel32:KERNEL32.dll
 0002:00000004       __imp__GetVersion@0        3002a004     kernel32:KERNEL32.dll
 0002:00000008       __imp__GetProcAddress@8    3002a008     kernel32:KERNEL32.dll
 0002:0000000c       __imp__GetModuleHandleA@4  3002a00c     kernel32:KERNEL32.dll
 0002:00000010       __imp__RaiseException@16   3002a010     kernel32:KERNEL32.dll
 0002:00000014       __imp__WideCharToMultiByte@32 3002a014     kernel32:KERNEL32.dll
 0002:00000018       __imp__MultiByteToWideChar@24 3002a018     kernel32:KERNEL32.dll
 0002:0000001c       __imp__LCMapStringA@24     3002a01c     kernel32:KERNEL32.dll
 0002:00000020       __imp__LCMapStringW@24     3002a020     kernel32:KERNEL32.dll
 0002:00000024       __imp__ExitProcess@4       3002a024     kernel32:KERNEL32.dll
 0002:00000028       __imp__TerminateProcess@8  3002a028     kernel32:KERNEL32.dll
 0002:0000002c       __imp__GetCurrentProcess@0 3002a02c     kernel32:KERNEL32.dll
 0002:00000030       __imp__HeapDestroy@4       3002a030     kernel32:KERNEL32.dll
 0002:00000034       __imp__HeapCreate@12       3002a034     kernel32:KERNEL32.dll
 0002:00000038       __imp__VirtualFree@12      3002a038     kernel32:KERNEL32.dll
 0002:0000003c       __imp__HeapFree@12         3002a03c     kernel32:KERNEL32.dll
 0002:00000040       __imp__SetHandleCount@4    3002a040     kernel32:KERNEL32.dll
 0002:00000044       __imp__GetStdHandle@4      3002a044     kernel32:KERNEL32.dll
 0002:00000048       __imp__GetFileType@4       3002a048     kernel32:KERNEL32.dll
 0002:0000004c       __imp__GetStartupInfoA@4   3002a04c     kernel32:KERNEL32.dll
 0002:00000050       __imp__GetModuleFileNameA@12 3002a050     kernel32:KERNEL32.dll
 0002:00000054       __imp__FreeEnvironmentStringsA@4 3002a054     kernel32:KERNEL32.dll
 0002:00000058       __imp__GetCommandLineA@0   3002a058     kernel32:KERNEL32.dll
 0002:0000005c       __imp__GetEnvironmentStrings@0 3002a05c     kernel32:KERNEL32.dll
 0002:00000060       __imp__GetEnvironmentStringsW@0 3002a060     kernel32:KERNEL32.dll
 0002:00000064       __imp__DisableThreadLibraryCalls@4 3002a064     kernel32:KERNEL32.dll
 0002:00000068       __imp__WriteFile@20        3002a068     kernel32:KERNEL32.dll
 0002:0000006c       __imp__GetStringTypeA@20   3002a06c     kernel32:KERNEL32.dll
 0002:00000070       __imp__GetStringTypeW@16   3002a070     kernel32:KERNEL32.dll
 0002:00000074       __imp__GetLastError@0      3002a074     kernel32:KERNEL32.dll
 0002:00000078       __imp__SetFilePointer@16   3002a078     kernel32:KERNEL32.dll
 0002:0000007c       __imp__RtlUnwind@16        3002a07c     kernel32:KERNEL32.dll
 0002:00000080       __imp__HeapAlloc@12        3002a080     kernel32:KERNEL32.dll
 0002:00000084       __imp__VirtualAlloc@16     3002a084     kernel32:KERNEL32.dll
 0002:00000088       __imp__HeapReAlloc@16      3002a088     kernel32:KERNEL32.dll
 0002:0000008c       __imp__GetCPInfo@8         3002a08c     kernel32:KERNEL32.dll
 0002:00000090       __imp__GetACP@0            3002a090     kernel32:KERNEL32.dll
 0002:00000094       __imp__GetOEMCP@0          3002a094     kernel32:KERNEL32.dll
 0002:00000098       __imp__LoadLibraryA@4      3002a098     kernel32:KERNEL32.dll
 0002:0000009c       __imp__SetStdHandle@8      3002a09c     kernel32:KERNEL32.dll
 0002:000000a0       __imp__FlushFileBuffers@4  3002a0a0     kernel32:KERNEL32.dll
 0002:000000a4       __imp__CloseHandle@4       3002a0a4     kernel32:KERNEL32.dll
 0002:000000a8       \177KERNEL32_NULL_THUNK_DATA 3002a0a8     kernel32:KERNEL32.dll
 0002:000000b0       __real@4@c0049000000000000000 3002a0b0     bg_misc.obj
 0002:000000b4       __real@4@40049000000000000000 3002a0b4     bg_misc.obj
 0002:000000b8       __real@4@c004c800000000000000 3002a0b8     bg_misc.obj
 0002:000000bc       __real@4@4004b000000000000000 3002a0bc     bg_misc.obj
 0002:000000c0       __real@8@4007c800000000000000 3002a0c0     bg_misc.obj
 0002:000000c8       __real@4@00000000000000000000 3002a0c8     bg_misc.obj
 0002:000000cc       __real@4@4001c90fdb0000000000 3002a0cc     bg_misc.obj
 0002:000000d0       __real@8@3ff583126e978d4fe000 3002a0d0     bg_misc.obj
 0002:000000d8       __real@4@4008c800000000000000 3002a0d8     bg_misc.obj
 0002:000000e0       __real@8@3ffe8000000000000000 3002a0e0     bg_misc.obj
 0002:000000e8       __real@4@4004b400000000000000 3002a0e8     bg_misc.obj
 0002:000000f0       __real@8@3ff7b400000000000000 3002a0f0     bg_pmove.obj
 0002:000000f8       __real@4@3fff8000000000000000 3002a0f8     bg_pmove.obj
 0002:000000fc       __real@4@c004f000000000000000 3002a0fc     bg_pmove.obj
 0002:00000100       __real@8@4005fe00000000000000 3002a100     bg_pmove.obj
 0002:00000108       __real@4@4006c800000000000000 3002a108     bg_pmove.obj
 0002:0000010c       __real@4@40038000000000000000 3002a10c     bg_pmove.obj
 0002:00000110       __real@4@40018000000000000000 3002a110     bg_pmove.obj
 0002:00000114       __real@4@4003f000000000000000 3002a114     bg_pmove.obj
 0002:00000118       __real@4@4002a000000000000000 3002a118     bg_pmove.obj
 0002:0000011c       __real@4@4005c800000000000000 3002a11c     bg_pmove.obj
 0002:00000120       __real@4@c0038000000000000000 3002a120     bg_pmove.obj
 0002:00000128       __real@8@3fff8000000000000000 3002a128     bg_pmove.obj
 0002:00000130       __real@8@3ffdaaaaaaaaaaaaa800 3002a130     bg_pmove.obj
 0002:00000138       __real@4@4003a000000000000000 3002a138     bg_pmove.obj
 0002:00000140       __real@8@3fffc000000000000000 3002a140     bg_pmove.obj
 0002:00000148       __real@4@c006c800000000000000 3002a148     bg_pmove.obj
 0002:0000014c       __real@4@3ffeb333330000000000 3002a14c     bg_pmove.obj
 0002:00000150       __real@8@3ffd8000000000000000 3002a150     bg_pmove.obj
 0002:00000158       __real@4@4001e000000000000000 3002a158     bg_pmove.obj
 0002:0000015c       __real@4@4004a000000000000000 3002a15c     bg_pmove.obj
 0002:00000160       __real@4@4004f000000000000000 3002a160     bg_pmove.obj
 0002:00000168       __real@8@3ff1d1b71758e2196800 3002a168     bg_pmove.obj
 0002:00000170       __real@4@3ffe8000000000000000 3002a170     bg_pmove.obj
 0002:00000174       __real@4@40058000000000000000 3002a174     bg_pmove.obj
 0002:00000178       __real@4@4003c000000000000000 3002a178     bg_pmove.obj
 0002:0000017c       __real@4@4003b800000000000000 3002a17c     bg_pmove.obj
 0002:00000180       __real@4@4001a000000000000000 3002a180     bg_pmove.obj
 0002:00000188       __real@8@3ffec4ec4ec4ec4ec000 3002a188     bg_pmove.obj
 0002:00000190       __real@8@3ffbccccccccccccd000 3002a190     bg_slidemove.obj
 0002:00000198       __real@8@3ffefd70a3d70a3d7000 3002a198     bg_slidemove.obj
 0002:000001a0       __real@4@4002f000000000000000 3002a1a0     bg_slidemove.obj
 0002:000001a4       __real@4@4002b000000000000000 3002a1a4     bg_slidemove.obj
 0002:000001a8       __real@4@40008000000000000000 3002a1a8     bg_slidemove.obj
 0002:000001b0       __real@8@3ffeb333333333333000 3002a1b0     bg_slidemove.obj
 0002:000001b8       __real@4@40039000000000000000 3002a1b8     bg_slidemove.obj
 0002:000001c0       __real@8@4000eece540f4898d000 3002a1c0     cg_draw.obj
 0002:000001c8       __real@8@bffe8000000000000000 3002a1c8     cg_draw.obj
 0002:000001d0       __real@8@4004f000000000000000 3002a1d0     cg_draw.obj
 0002:000001d8       __real@8@3ff483126e978d4fe000 3002a1d8     cg_draw.obj
 0002:000001e0       __real@4@bffe8000000000000000 3002a1e0     cg_draw.obj
 0002:000001e8       __real@8@3ff48000000000000000 3002a1e8     cg_draw.obj
 0002:000001f0       __real@8@4005b400000000000000 3002a1f0     cg_draw.obj
 0002:000001f8       __real@8@4003a000000000000000 3002a1f8     cg_draw.obj
 0002:00000200       __real@4@4007f000000000000000 3002a200     cg_draw.obj
 0002:00000204       __real@4@4000c000000000000000 3002a204     cg_draw.obj
 0002:00000208       __real@4@4009fa00000000000000 3002a208     cg_draw.obj
 0002:00000210       __real@8@4001a000000000000000 3002a210     cg_draw.obj
 0002:00000218       __real@8@4006b400000000000000 3002a218     cg_draw.obj
 0002:00000220       __real@8@4000c90fdb0000000000 3002a220     cg_draw.obj
 0002:00000228       __real@4@3ff08001000200040000 3002a228     cg_draw.obj
 0002:0000022c       __real@4@4006b400000000000000 3002a22c     cg_draw.obj
 0002:00000230       __real@4@3ff683126e978d4fe000 3002a230     cg_draw.obj
 0002:00000234       __real@4@4007fa00000000000000 3002a234     cg_draw.obj
 0002:00000238       __real@4@40028000000000000000 3002a238     cg_draw.obj
 0002:0000023c       __real@4@4008a000000000000000 3002a23c     cg_draw.obj
 0002:00000240       __real@8@4004c000000000000000 3002a240     cg_draw.obj
 0002:00000248       __real@4@3ff7a3d70a3d70a3d800 3002a248     cg_draw.obj
 0002:0000024c       __real@4@3ff583126e978d4fe000 3002a24c     cg_draw.obj
 0002:00000250       __real@4@4004c000000000000000 3002a250     cg_draw.obj
 0002:00000254       __real@4@4007d800000000000000 3002a254     cg_draw.obj
 0002:00000258       __real@4@3ff591a2b3c4d5e6f800 3002a258     cg_draw.obj
 0002:0000025c       __real@4@3ff6da740da740da7800 3002a25c     cg_draw.obj
 0002:00000260       __real@4@3ffdaaaaaaaaaaaaa800 3002a260     cg_draw.obj
 0002:00000264       __real@4@4008fa00000000000000 3002a264     cg_draw.obj
 0002:00000268       __real@4@4007a000000000000000 3002a268     cg_draw.obj
 0002:0000026c       __real@4@40108000000000000000 3002a26c     cg_draw.obj
 0002:00000270       __real@4@3fff8ccccd0000000000 3002a270     cg_draw.obj
 0002:00000274       __real@4@3fffc000000000000000 3002a274     cg_draw.obj
 0002:00000278       __real@4@3ffb8000000000000000 3002a278     cg_drawtools.obj
 0002:00000280       __real@8@3ffb8000000000000000 3002a280     cg_drawtools.obj
 0002:00000288       __real@8@3ff98000000000000000 3002a288     cg_drawtools.obj
 0002:00000290       __real@8@3ff7a3d70a3d70a3d800 3002a290     cg_drawtools.obj
 0002:00000298       __real@8@3ffa8888888888888800 3002a298     cg_drawtools.obj
 0002:000002a0       __real@8@3ff9f83e0f83e0f84000 3002a2a0     cg_drawtools.obj
 0002:000002a8       __real@8@3ffff878787878788000 3002a2a8     cg_drawtools.obj
 0002:000002b0       __real@4@3ff78000000000000000 3002a2b0     cg_drawtools.obj
 0002:000002b4       __real@4@3ffec000000000000000 3002a2b4     cg_drawtools.obj
 0002:000002b8       __real@8@3ffeccccccccccccd000 3002a2b8     cg_drawtools.obj
 0002:000002c0       __real@4@4003d800000000000000 3002a2c0     cg_drawtools.obj
 0002:000002c4       __real@4@3ffbd800000000000000 3002a2c4     cg_drawtools.obj
 0002:000002c8       __real@8@4001c000000000000000 3002a2c8     cg_effects.obj
 0002:000002d0       __real@4@4006fa00000000000000 3002a2d0     cg_effects.obj
 0002:000002d4       __real@4@4006ff00000000000000 3002a2d4     cg_effects.obj
 0002:000002d8       __real@4@4007b400000000000000 3002a2d8     cg_effects.obj
 0002:000002dc       __real@4@400abb80000000000000 3002a2dc     cg_effects.obj
 0002:000002e0       __real@8@4006fa00000000000000 3002a2e0     cg_effects.obj
 0002:000002e8       __real@8@4006c800000000000000 3002a2e8     cg_effects.obj
 0002:000002f0       __real@8@4005c800000000000000 3002a2f0     cg_effects.obj
 0002:000002f8       __real@4@3ff58000000000000000 3002a2f8     cg_ents.obj
 0002:000002fc       __real@4@bff58000000000000000 3002a2fc     cg_ents.obj
 0002:00000300       __real@4@4002c000000000000000 3002a300     cg_ents.obj
 0002:00000308       __real@8@40018000000000000000 3002a308     cg_ents.obj
 0002:00000310       __real@8@3feea7c5ac471b478800 3002a310     cg_ents.obj
 0002:00000318       __real@8@3fffb400000000000000 3002a318     cg_ents.obj
 0002:00000320       __real@4@40048000000000000000 3002a320     cg_event.obj
 0002:00000324       __real@4@c0008000000000000000 3002a324     cg_localents.obj
 0002:00000328       __real@8@40038000000000000000 3002a328     cg_localents.obj
 0002:00000330       __real@8@4002a000000000000000 3002a330     cg_localents.obj
 0002:00000338       __real@4@4005dc00000000000000 3002a338     cg_localents.obj
 0002:0000033c       __real@4@4008ff00000000000000 3002a33c     cg_localents.obj
 0002:00000340       __real@8@40028000000000000000 3002a340     cg_localents.obj
 0002:00000348       __real@8@4003f000000000000000 3002a348     cg_localents.obj
 0002:00000350       __real@8@4004a800000000000000 3002a350     cg_localents.obj
 0002:00000358       __real@8@3ffda8f5c28f5c28f800 3002a358     cg_localents.obj
 0002:00000360       __real@8@3ff68888888888888800 3002a360     cg_main.obj
 0002:00000368       __real@8@3ff5ccccccccccccd000 3002a368     cg_main.obj
 0002:00000370       __real@4@c003a000000000000000 3002a370     cg_marks.obj
 0002:00000378       __real@8@4007e100000000000000 3002a378     cg_marks.obj
 0002:00000380       __real@8@3ff3aec33e1f67152800 3002a380     cg_marks.obj
 0002:00000388       __real@4@400b8000000000000000 3002a388     cg_marks.obj
 0002:0000038c       __real@4@40098000000000000000 3002a38c     cg_marks.obj
 0002:00000390       __real@8@3ffeaaaaaaaaaaaaa800 3002a390     cg_marks.obj
 0002:00000398       __real@4@3ffefff9720000000000 3002a398     cg_marks.obj
 0002:000003a0       __real@8@40008000000000000000 3002a3a0     cg_marks.obj
 0002:000003a8       __real@4@3ff7b60b60b60b60b800 3002a3a8     cg_marks.obj
 0002:000003ac       __real@4@4000c90fdb0000000000 3002a3ac     cg_marks.obj
 0002:000003b0       __real@8@3ffee666666666666800 3002a3b0     cg_marks.obj
 0002:000003b8       __real@8@4004c800000000000000 3002a3b8     cg_marks.obj
 0002:000003c0       __real@8@4006b300000000000000 3002a3c0     cg_marks.obj
 0002:000003c8       __real@8@3ffdccccccccccccd000 3002a3c8     cg_marks.obj
 0002:000003d0       __real@4@3ffacccccd0000000000 3002a3d0     cg_players.obj
 0002:000003d4       __real@4@4005b400000000000000 3002a3d4     cg_players.obj
 0002:000003d8       __real@4@4004e52ee0681e792800 3002a3d8     cg_players.obj
 0002:000003dc       __real@4@bfff8000000000000000 3002a3dc     cg_players.obj
 0002:000003e0       __real@4@40068000000000000000 3002a3e0     cg_players.obj
 0002:000003e8       __real@8@bfff8000000000000000 3002a3e8     cg_playerstate.obj
 0002:000003f0       __real@4@3ffbcccccd0000000000 3002a3f0     cg_playerstate.obj
 0002:000003f8       __real@8@3fffb4b4b4b4b4b4b000 3002a3f8     cg_playerstate.obj
 0002:00000400       __real@8@4004a000000000000000 3002a400     cg_playerstate.obj
 0002:00000408       __real@4@3ff8a3d70b0000000000 3002a408     cg_predict.obj
 0002:00000460       __real@8@400ac800000000000000 3002a460     cg_unlagged.obj
 0002:00000468       __real@4@400c8000000000000000 3002a468     cg_unlagged.obj
 0002:0000046c       __real@4@4002e000000000000000 3002a46c     cg_unlagged.obj
 0002:00000470       __real@4@c0028000000000000000 3002a470     cg_view.obj
 0002:00000478       __real@8@3ff9caa5254a952a5000 3002a478     cg_view.obj
 0002:00000480       __real@8@c004e52ee0681e793000 3002a480     cg_view.obj
 0002:00000488       __real@8@40048000000000000000 3002a488     cg_view.obj
 0002:00000490       __real@4@3ff98efa355555555800 3002a490     cg_view.obj
 0002:00000494       __real@4@40088000000000000000 3002a494     cg_view.obj
 0002:00000498       __real@4@4007e100000000000000 3002a498     cg_view.obj
 0002:0000049c       __real@4@3ff7da740da740da7800 3002a49c     cg_view.obj
 0002:000004a0       __real@4@40069600000000000000 3002a4a0     cg_view.obj
 0002:000004a4       __real@4@4001c000000000000000 3002a4a4     cg_view.obj
 0002:000004a8       __real@4@3ff6a3d70a3d70a3d800 3002a4a8     cg_view.obj
 0002:000004ac       __real@4@3ff8a3d70a3d70a3d800 3002a4ac     cg_view.obj
 0002:000004b0       __real@8@3ff8da740da740da7800 3002a4b0     cg_view.obj
 0002:000004b8       __real@8@3ff6a4b5be76c8b43800 3002a4b8     cg_view.obj
 0002:000004c0       __real@4@4005e52ee0681e792800 3002a4c0     cg_view.obj
 0002:000004c4       __real@4@3ff88efa355555555800 3002a4c4     cg_view.obj
 0002:000004c8       __real@4@4006a000000000000000 3002a4c8     cg_view.obj
 0002:000004d0       __real@8@3ffec000000000000000 3002a4d0     cg_weapons.obj
 0002:000004d8       __real@4@4003d000000000000000 3002a4d8     cg_weapons.obj
 0002:000004e0       __real@8@3ffcccccccccccccd000 3002a4e0     cg_weapons.obj
 0002:000004e8       __real@4@4004fc00000000000000 3002a4e8     cg_weapons.obj
 0002:000004f0       __real@8@4005a000000000000000 3002a4f0     cg_weapons.obj
 0002:000004f8       __real@8@4005f000000000000000 3002a4f8     cg_weapons.obj
 0002:00000500       __real@8@4006ff00000000000000 3002a500     cg_weapons.obj
 0002:00000508       __real@4@3ff4aec33e1f67152800 3002a508     cg_weapons.obj
 0002:0000050c       __real@4@4008c000000000000000 3002a50c     cg_weapons.obj
 0002:00000510       __real@4@c006b400000000000000 3002a510     cg_weapons.obj
 0002:00000518       __real@8@bffcccccccccccccd000 3002a518     cg_weapons.obj
 0002:00000520       __real@8@3ff4da740da740da7800 3002a520     cg_weapons.obj
 0002:00000528       __real@8@3ff5da740da740da7800 3002a528     cg_weapons.obj
 0002:00000530       __real@8@3ff8a3d70a3d70a3d800 3002a530     cg_weapons.obj
 0002:00000538       __real@4@400caf00000000000000 3002a538     cg_weapons.obj
 0002:0000053c       __real@4@4004c800000000000000 3002a53c     cg_weapons.obj
 0002:00000540       __real@4@3fef8000000000000000 3002a540     q_math.obj
 0002:00000548       __real@8@4004e52ee0681e792800 3002a548     q_math.obj
 0002:00000550       __real@4@40078700000000000000 3002a550     q_math.obj
 0002:00000558       __real@8@4006b60b60b60b60b800 3002a558     q_math.obj
 0002:00000560       __real@8@4007b400000000000000 3002a560     q_math.obj
 0002:00000568       __real@4@3ff98efa350000000000 3002a568     q_math.obj
 0002:00000570       __real@8@00000000000000000000 3002a570     ui_shared.obj
 0002:00000578       __real@8@4015800bf60000000000 3002a578     LIBC:testfdiv.obj
 0002:00000580       __real@8@4014bffffc0000000000 3002a580     LIBC:testfdiv.obj
 0002:00000588       ??_C@_0BK@JEGK@IsProcessorFeaturePresent?$AA@ 3002a588     LIBC:testfdiv.obj
 0002:000005a4       ??_C@_08OBID@KERNEL32?$AA@ 3002a5a4     LIBC:testfdiv.obj
 0002:000005b0       ??_C@_05OFLO@e?$CL000?$AA@ 3002a5b0     LIBC:cvt.obj
 0002:000005b8       ___lookuptable             3002a5b8     LIBC:output.obj
 0002:00000614       ??_C@_1O@POHA@?$AA?$CI?$AAn?$AAu?$AAl?$AAl?$AA?$CJ?$AA?$AA@ 3002a614     LIBC:output.obj
 0002:00000624       ??_C@_06ONKE@?$CInull?$CJ?$AA@ 3002a624     LIBC:output.obj
 0002:0000062c       ??_C@_03GAFO@_yn?$AA@      3002a62c     LIBC:fpexcept.obj
 0002:00000630       ??_C@_03GNLD@_y1?$AA@      3002a630     LIBC:fpexcept.obj
 0002:00000634       ??_C@_03MHCE@_y0?$AA@      3002a634     LIBC:fpexcept.obj
 0002:00000638       ??_C@_05PAK@frexp?$AA@     3002a638     LIBC:fpexcept.obj
 0002:00000640       ??_C@_04JKCH@fmod?$AA@     3002a640     LIBC:fpexcept.obj
 0002:00000648       ??_C@_06GGHF@_hypot?$AA@   3002a648     LIBC:fpexcept.obj
 0002:00000650       ??_C@_05JNMC@_cabs?$AA@    3002a650     LIBC:fpexcept.obj
 0002:00000658       ??_C@_05MEKH@ldexp?$AA@    3002a658     LIBC:fpexcept.obj
 0002:00000660       ??_C@_04KAOJ@modf?$AA@     3002a660     LIBC:fpexcept.obj
 0002:00000668       ??_C@_04EHAJ@fabs?$AA@     3002a668     LIBC:fpexcept.obj
 0002:00000670       ??_C@_05MFBN@floor?$AA@    3002a670     LIBC:fpexcept.obj
 0002:00000678       ??_C@_04JJMP@ceil?$AA@     3002a678     LIBC:fpexcept.obj
 0002:00000680       ??_C@_03JLPI@tan?$AA@      3002a680     LIBC:fpexcept.obj
 0002:00000684       ??_C@_03DLFL@cos?$AA@      3002a684     LIBC:fpexcept.obj
 0002:00000688       ??_C@_03JAMN@sin?$AA@      3002a688     LIBC:fpexcept.obj
 0002:0000068c       ??_C@_04LMBE@sqrt?$AA@     3002a68c     LIBC:fpexcept.obj
 0002:00000694       ??_C@_05BFPO@atan2?$AA@    3002a694     LIBC:fpexcept.obj
 0002:0000069c       ??_C@_04EAGN@atan?$AA@     3002a69c     LIBC:fpexcept.obj
 0002:000006a4       ??_C@_04OAMO@acos?$AA@     3002a6a4     LIBC:fpexcept.obj
 0002:000006ac       ??_C@_04ELFI@asin?$AA@     3002a6ac     LIBC:fpexcept.obj
 0002:000006b4       ??_C@_04LFAD@tanh?$AA@     3002a6b4     LIBC:fpexcept.obj
 0002:000006bc       ??_C@_04PFKD@cosh?$AA@     3002a6bc     LIBC:fpexcept.obj
 0002:000006c4       ??_C@_04NPAI@sinh?$AA@     3002a6c4     LIBC:fpexcept.obj
 0002:000006cc       ??_C@_05IJHH@log10?$AA@    3002a6cc     LIBC:fpexcept.obj
 0002:000006d4       ??_C@_03BGKD@log?$AA@      3002a6d4     LIBC:fpexcept.obj
 0002:000006d8       ??_C@_03EGFG@pow?$AA@      3002a6d8     LIBC:fpexcept.obj
 0002:000006dc       ??_C@_03CDGJ@exp?$AA@      3002a6dc     LIBC:fpexcept.obj
 0002:000006e8       __DEFAULT_CW_in_mem        3002a6e8     LIBC:common.obj
 0002:000006ea       __pi_by_2_to_61            3002a6ea     LIBC:common.obj
 0002:00000724       ??_C@_01A@?$AA?$AA@        3002a724     LIBC:a_map.obj
 0002:00000728       ??_C@_13A@?$AA?$AA?$AA?$AA@ 3002a728     LIBC:a_map.obj
 0002:00000748       ??_C@_0P@GGKG@runtime?5error?5?$AA@ 3002a748     LIBC:crt0msg.obj
 0002:00000758       ??_C@_02PIMC@?$AN?6?$AA@   3002a758     LIBC:crt0msg.obj
 0002:0000075c       ??_C@_0O@DELO@TLOSS?5error?$AN?6?$AA@ 3002a75c     LIBC:crt0msg.obj
 0002:0000076c       ??_C@_0N@OMLL@SING?5error?$AN?6?$AA@ 3002a76c     LIBC:crt0msg.obj
 0002:0000077c       ??_C@_0P@OJAK@DOMAIN?5error?$AN?6?$AA@ 3002a77c     LIBC:crt0msg.obj
 0002:0000078c       ??_C@_0CF@EANP@R6028?$AN?6?9?5unable?5to?5initialize?5he@ 3002a78c     LIBC:crt0msg.obj
 0002:000007b4       ??_C@_0DF@ECGN@R6027?$AN?6?9?5not?5enough?5space?5for?5lo@ 3002a7b4     LIBC:crt0msg.obj
 0002:000007ec       ??_C@_0DF@FKAC@R6026?$AN?6?9?5not?5enough?5space?5for?5st@ 3002a7ec     LIBC:crt0msg.obj
 0002:00000824       ??_C@_0CG@DPMN@R6025?$AN?6?9?5pure?5virtual?5function?5c@ 3002a824     LIBC:crt0msg.obj
 0002:0000084c       ??_C@_0DF@CKIP@R6024?$AN?6?9?5not?5enough?5space?5for?5_o@ 3002a84c     LIBC:crt0msg.obj
 0002:00000884       ??_C@_0CJ@GGOE@R6019?$AN?6?9?5unable?5to?5open?5console?5@ 3002a884     LIBC:crt0msg.obj
 0002:000008b0       ??_C@_0CB@LBOB@R6018?$AN?6?9?5unexpected?5heap?5error?$AN?6@ 3002a8b0     LIBC:crt0msg.obj
 0002:000008d4       ??_C@_0CN@FPEG@R6017?$AN?6?9?5unexpected?5multithread?5@ 3002a8d4     LIBC:crt0msg.obj
 0002:00000904       ??_C@_0CM@OBIC@R6016?$AN?6?9?5not?5enough?5space?5for?5th@ 3002a904     LIBC:crt0msg.obj
 0002:00000930       ??_C@_0CB@HPAL@?$AN?6abnormal?5program?5termination?$AN?6@ 3002a930     LIBC:crt0msg.obj
 0002:00000954       ??_C@_0CM@JOOB@R6009?$AN?6?9?5not?5enough?5space?5for?5en@ 3002a954     LIBC:crt0msg.obj
 0002:00000980       ??_C@_0CK@OIBL@R6008?$AN?6?9?5not?5enough?5space?5for?5ar@ 3002a980     LIBC:crt0msg.obj
 0002:000009ac       ??_C@_0CF@LKPB@R6002?$AN?6?9?5floating?5point?5not?5load@ 3002a9ac     LIBC:crt0msg.obj
 0002:000009d4       ??_C@_0CF@JPDF@Microsoft?5Visual?5C?$CL?$CL?5Runtime?5Lib@ 3002a9d4     LIBC:crt0msg.obj
 0002:000009fc       ??_C@_02JJJH@?6?6?$AA@     3002a9fc     LIBC:crt0msg.obj
 0002:00000a00       ??_C@_0BK@DEOK@Runtime?5Error?$CB?6?6Program?3?5?$AA@ 3002aa00     LIBC:crt0msg.obj
 0002:00000a1c       ??_C@_03NAME@?4?4?4?$AA@   3002aa1c     LIBC:crt0msg.obj
 0002:00000a20       ??_C@_0BH@NNCD@?$DMprogram?5name?5unknown?$DO?$AA@ 3002aa20     LIBC:crt0msg.obj
 0002:00000a44       ??_C@_0BD@NJFP@GetLastActivePopup?$AA@ 3002aa44     LIBC:crtmbox.obj
 0002:00000a58       ??_C@_0BA@GILI@GetActiveWindow?$AA@ 3002aa58     LIBC:crtmbox.obj
 0002:00000a68       ??_C@_0M@PKCK@MessageBoxA?$AA@ 3002aa68     LIBC:crtmbox.obj
 0002:00000a74       ??_C@_0L@HKL@user32?4dll?$AA@ 3002aa74     LIBC:crtmbox.obj
 0002:00000a80       ??_C@_06PAPI@1?$CDQNAN?$AA@ 3002aa80     LIBC:x10fout.obj
 0002:00000a88       ??_C@_05BGNL@1?$CDINF?$AA@ 3002aa88     LIBC:x10fout.obj
 0002:00000a90       ??_C@_05EDPF@1?$CDIND?$AA@ 3002aa90     LIBC:x10fout.obj
 0002:00000a98       ??_C@_06LKFM@1?$CDSNAN?$AA@ 3002aa98     LIBC:x10fout.obj
 0002:00000aa0       __IMPORT_DESCRIPTOR_KERNEL32 3002aaa0     kernel32:KERNEL32.dll
 0002:00000ab4       __NULL_IMPORT_DESCRIPTOR   3002aab4     kernel32:KERNEL32.dll
 0003:00000000       ___xc_a                    3002b000     LIBC:crt0init.obj
 0003:00000004       ___xc_z                    3002b004     LIBC:crt0init.obj
 0003:00000008       ___xi_a                    3002b008     LIBC:crt0init.obj
 0003:00000014       ___xi_z                    3002b014     LIBC:crt0init.obj
 0003:00000018       ___xp_a                    3002b018     LIBC:crt0init.obj
 0003:00000020       ___xp_z                    3002b020     LIBC:crt0init.obj
 0003:00000024       ___xt_a                    3002b024     LIBC:crt0init.obj
 0003:00000028       ___xt_z                    3002b028     LIBC:crt0init.obj
 0003:00000030       _bg_itemlist               3002b030     bg_misc.obj
 0003:000007b4       _bg_numItems               3002b7b4     bg_misc.obj
 0003:000007b8       _eventnames                3002b7b8     bg_misc.obj
 0003:000008cc       ??_C@_08DFDJ@EV_TAUNT?$AA@ 3002b8cc     bg_misc.obj
 0003:000008d8       ??_C@_0BE@BDJC@EV_STOPLOOPINGSOUND?$AA@ 3002b8d8     bg_misc.obj
 0003:000008ec       ??_C@_0O@BDBB@EV_DEBUG_LINE?$AA@ 3002b8ec     bg_misc.obj
 0003:000008fc       ??_C@_0N@CDHP@EV_SCOREPLUM?$AA@ 3002b8fc     bg_misc.obj
 0003:0000090c       ??_C@_0O@CIDG@EV_GIB_PLAYER?$AA@ 3002b90c     bg_misc.obj
 0003:0000091c       ??_C@_0BB@LKNF@EV_POWERUP_REGEN?$AA@ 3002b91c     bg_misc.obj
 0003:00000930       ??_C@_0BG@KJJ@EV_POWERUP_BATTLESUIT?$AA@ 3002b930     bg_misc.obj
 0003:00000948       ??_C@_0BA@EMDG@EV_POWERUP_QUAD?$AA@ 3002b948     bg_misc.obj
 0003:00000958       ??_C@_0M@MMOI@EV_OBITUARY?$AA@ 3002b958     bg_misc.obj
 0003:00000964       ??_C@_09EH@EV_DEATH3?$AA@  3002b964     bg_misc.obj
 0003:00000970       ??_C@_09KKNA@EV_DEATH2?$AA@ 3002b970     bg_misc.obj
 0003:0000097c       ??_C@_09FFGJ@EV_DEATH1?$AA@ 3002b97c     bg_misc.obj
 0003:00000988       ??_C@_07MFPI@EV_PAIN?$AA@  3002b988     bg_misc.obj
 0003:00000990       ??_C@_09PBG@EV_BULLET?$AA@ 3002b990     bg_misc.obj
 0003:0000099c       ??_C@_0L@PELA@EV_SHOTGUN?$AA@ 3002b99c     bg_misc.obj
 0003:000009a8       ??_C@_0N@FBDJ@EV_RAILTRAIL?$AA@ 3002b9a8     bg_misc.obj
 0003:000009b8       ??_C@_0BG@KLM@EV_MISSILE_MISS_METAL?$AA@ 3002b9b8     bg_misc.obj
 0003:000009d0       ??_C@_0BA@FHCK@EV_MISSILE_MISS?$AA@ 3002b9d0     bg_misc.obj
 0003:000009e0       ??_C@_0P@GMEB@EV_MISSILE_HIT?$AA@ 3002b9e0     bg_misc.obj
 0003:000009f0       ??_C@_0BD@FCGB@EV_BULLET_HIT_WALL?$AA@ 3002b9f0     bg_misc.obj
 0003:00000a04       ??_C@_0BE@OJNL@EV_BULLET_HIT_FLESH?$AA@ 3002ba04     bg_misc.obj
 0003:00000a18       ??_C@_0BF@GBCB@EV_GLOBAL_TEAM_SOUND?$AA@ 3002ba18     bg_misc.obj
 0003:00000a30       ??_C@_0BA@DICP@EV_GLOBAL_SOUND?$AA@ 3002ba30     bg_misc.obj
 0003:00000a40       ??_C@_0BB@PHBP@EV_GENERAL_SOUND?$AA@ 3002ba40     bg_misc.obj
 0003:00000a54       ??_C@_0BC@MNAB@EV_GRENADE_BOUNCE?$AA@ 3002ba54     bg_misc.obj
 0003:00000a68       ??_C@_0BH@CBAJ@EV_PLAYER_TELEPORT_OUT?$AA@ 3002ba68     bg_misc.obj
 0003:00000a80       ??_C@_0BG@JACO@EV_PLAYER_TELEPORT_IN?$AA@ 3002ba80     bg_misc.obj
 0003:00000a98       ??_C@_0M@FEGJ@EV_ITEM_POP?$AA@ 3002ba98     bg_misc.obj
 0003:00000aa4       ??_C@_0BA@KOE@EV_ITEM_RESPAWN?$AA@ 3002baa4     bg_misc.obj
 0003:00000ab4       ??_C@_0O@PBJJ@EV_USE_ITEM15?$AA@ 3002bab4     bg_misc.obj
 0003:00000ac4       ??_C@_0O@FLAO@EV_USE_ITEM14?$AA@ 3002bac4     bg_misc.obj
 0003:00000ad4       ??_C@_0O@OOL@EV_USE_ITEM13?$AA@ 3002bad4     bg_misc.obj
 0003:00000ae4       ??_C@_0O@KEHM@EV_USE_ITEM12?$AA@ 3002bae4     bg_misc.obj
 0003:00000af4       ??_C@_0O@FLMF@EV_USE_ITEM11?$AA@ 3002baf4     bg_misc.obj
 0003:00000b04       ??_C@_0O@PBFC@EV_USE_ITEM10?$AA@ 3002bb04     bg_misc.obj
 0003:00000b14       ??_C@_0N@JGCE@EV_USE_ITEM9?$AA@ 3002bb14     bg_misc.obj
 0003:00000b24       ??_C@_0N@DMLD@EV_USE_ITEM8?$AA@ 3002bb24     bg_misc.obj
 0003:00000b34       ??_C@_0N@DNOO@EV_USE_ITEM7?$AA@ 3002bb34     bg_misc.obj
 0003:00000b44       ??_C@_0N@JHHJ@EV_USE_ITEM6?$AA@ 3002bb44     bg_misc.obj
 0003:00000b54       ??_C@_0N@GIMA@EV_USE_ITEM5?$AA@ 3002bb54     bg_misc.obj
 0003:00000b64       ??_C@_0N@MCFH@EV_USE_ITEM4?$AA@ 3002bb64     bg_misc.obj
 0003:00000b74       ??_C@_0N@JHLC@EV_USE_ITEM3?$AA@ 3002bb74     bg_misc.obj
 0003:00000b84       ??_C@_0N@DNCF@EV_USE_ITEM2?$AA@ 3002bb84     bg_misc.obj
 0003:00000b94       ??_C@_0N@MCJM@EV_USE_ITEM1?$AA@ 3002bb94     bg_misc.obj
 0003:00000ba4       ??_C@_0N@GIAL@EV_USE_ITEM0?$AA@ 3002bba4     bg_misc.obj
 0003:00000bb4       ??_C@_0P@HOLG@EV_FIRE_WEAPON?$AA@ 3002bbb4     bg_misc.obj
 0003:00000bc4       ??_C@_0BB@OKAK@EV_CHANGE_WEAPON?$AA@ 3002bbc4     bg_misc.obj
 0003:00000bd8       ??_C@_09MIBL@EV_NOAMMO?$AA@ 3002bbd8     bg_misc.obj
 0003:00000be4       ??_C@_0BG@LBJI@EV_GLOBAL_ITEM_PICKUP?$AA@ 3002bbe4     bg_misc.obj
 0003:00000bfc       ??_C@_0P@DDBJ@EV_ITEM_PICKUP?$AA@ 3002bbfc     bg_misc.obj
 0003:00000c0c       ??_C@_0P@HGEE@EV_WATER_CLEAR?$AA@ 3002bc0c     bg_misc.obj
 0003:00000c1c       ??_C@_0P@PGNG@EV_WATER_UNDER?$AA@ 3002bc1c     bg_misc.obj
 0003:00000c2c       ??_C@_0P@KHGF@EV_WATER_LEAVE?$AA@ 3002bc2c     bg_misc.obj
 0003:00000c3c       ??_C@_0P@NPME@EV_WATER_TOUCH?$AA@ 3002bc3c     bg_misc.obj
 0003:00000c4c       ??_C@_07MBMN@EV_JUMP?$AA@  3002bc4c     bg_misc.obj
 0003:00000c54       ??_C@_0M@ONMG@EV_JUMP_PAD?$AA@ 3002bc54     bg_misc.obj
 0003:00000c60       ??_C@_0M@FCFB@EV_FALL_FAR?$AA@ 3002bc60     bg_misc.obj
 0003:00000c6c       ??_C@_0P@DAAM@EV_FALL_MEDIUM?$AA@ 3002bc6c     bg_misc.obj
 0003:00000c7c       ??_C@_0O@MOHH@EV_FALL_SHORT?$AA@ 3002bc7c     bg_misc.obj
 0003:00000c8c       ??_C@_0L@BPHB@EV_STEP_16?$AA@ 3002bc8c     bg_misc.obj
 0003:00000c98       ??_C@_0L@LFCN@EV_STEP_12?$AA@ 3002bc98     bg_misc.obj
 0003:00000ca4       ??_C@_09GNLK@EV_STEP_8?$AA@ 3002bca4     bg_misc.obj
 0003:00000cb0       ??_C@_09JDFO@EV_STEP_4?$AA@ 3002bcb0     bg_misc.obj
 0003:00000cbc       ??_C@_07JIKK@EV_SWIM?$AA@  3002bcbc     bg_misc.obj
 0003:00000cc4       ??_C@_0M@FIHK@EV_FOOTWADE?$AA@ 3002bcc4     bg_misc.obj
 0003:00000cd0       ??_C@_0O@KHFI@EV_FOOTSPLASH?$AA@ 3002bcd0     bg_misc.obj
 0003:00000ce0       ??_C@_0BC@OEIA@EV_FOOTSTEP_METAL?$AA@ 3002bce0     bg_misc.obj
 0003:00000cf4       ??_C@_0M@EJAF@EV_FOOTSTEP?$AA@ 3002bcf4     bg_misc.obj
 0003:00000d00       ??_C@_07NDDD@EV_NONE?$AA@  3002bd00     bg_misc.obj
 0003:00000d08       ??_C@_09DHIB@Blue?5Flag?$AA@ 3002bd08     bg_misc.obj
 0003:00000d14       ??_C@_0BB@NLLL@icons?1iconf_blu1?$AA@ 3002bd14     bg_misc.obj
 0003:00000d28       ??_C@_0BI@ILPD@models?1flags?1b_flag?4md3?$AA@ 3002bd28     bg_misc.obj
 0003:00000d40       ??_C@_0BC@GPLF@team_CTF_blueflag?$AA@ 3002bd40     bg_misc.obj
 0003:00000d54       ??_C@_08CLEI@Red?5Flag?$AA@ 3002bd54     bg_misc.obj
 0003:00000d60       ??_C@_0BB@DADK@icons?1iconf_red1?$AA@ 3002bd60     bg_misc.obj
 0003:00000d74       ??_C@_0BI@HHNH@models?1flags?1r_flag?4md3?$AA@ 3002bd74     bg_misc.obj
 0003:00000d8c       ??_C@_0BB@FOCB@team_CTF_redflag?$AA@ 3002bd8c     bg_misc.obj
 0003:00000da0       ??_C@_06CPDM@Flight?$AA@   3002bda0     bg_misc.obj
 0003:00000da8       ??_C@_0N@DFIJ@icons?1flight?$AA@ 3002bda8     bg_misc.obj
 0003:00000db8       ??_C@_0CI@PHJ@models?1powerups?1instant?1flight_r@ 3002bdb8     bg_misc.obj
 0003:00000de0       ??_C@_0CD@MKAO@models?1powerups?1instant?1flight?4m@ 3002bde0     bg_misc.obj
 0003:00000e04       ??_C@_0BH@FEAN@sound?1items?1flight?4wav?$AA@ 3002be04     bg_misc.obj
 0003:00000e1c       ??_C@_0M@NKLB@item_flight?$AA@ 3002be1c     bg_misc.obj
 0003:00000e28       ??_C@_0BG@JFPE@sound?1items?1regen?4wav?$AA@ 3002be28     bg_misc.obj
 0003:00000e40       ??_C@_0N@KKJF@Regeneration?$AA@ 3002be40     bg_misc.obj
 0003:00000e50       ??_C@_0M@KGFF@icons?1regen?$AA@ 3002be50     bg_misc.obj
 0003:00000e5c       ??_C@_0CH@LMHA@models?1powerups?1instant?1regen_ri@ 3002be5c     bg_misc.obj
 0003:00000e84       ??_C@_0CC@JDKK@models?1powerups?1instant?1regen?4md@ 3002be84     bg_misc.obj
 0003:00000ea8       ??_C@_0BN@ELHM@sound?1items?1regeneration?4wav?$AA@ 3002bea8     bg_misc.obj
 0003:00000ec8       ??_C@_0L@JOKD@item_regen?$AA@ 3002bec8     bg_misc.obj
 0003:00000ed4       ??_C@_0N@PHMD@Invisibility?$AA@ 3002bed4     bg_misc.obj
 0003:00000ee4       ??_C@_0M@GBKC@icons?1invis?$AA@ 3002bee4     bg_misc.obj
[...]
 0001:0001c2a0       _CG_RocketTrail            3001d2a0 f   cg_weapons.obj
 0001:0001c400       _CG_PlasmaTrail            3001d400 f   cg_weapons.obj
 0001:0001c760       _CG_GrenadeTrail           3001d760 f   cg_weapons.obj
 0001:0001ccc0       _CG_LightningBolt          3001dcc0 f   cg_weapons.obj
 0001:0001d0a0       _CG_SpawnRailTrail         3001e0a0 f   cg_weapons.obj
 0001:0001d100       _CG_MachinegunSpinAngle    3001e100 f   cg_weapons.obj
 0001:0001d1c0       _CG_AddWeaponWithPowerups  3001e1c0 f   cg_weapons.obj
 0001:0001d4e0       _CG_MapTorsoToWeaponFrame  3001e4e0 f   cg_weapons.obj
 0001:0001d540       _CG_CalculateWeaponPosition 3001e540 f   cg_weapons.obj
 0001:0001d890       _CG_WeaponSelectable       3001e890 f   cg_weapons.obj
 0001:0001dfb0       _CG_ShotgunPellet          3001efb0 f   cg_weapons.obj
 0001:0001e6d0       _CG_CalcMuzzlePoint        3001f6d0 f   cg_weapons.obj
 0001:0001a190       _CG_AddTestModel           3001b190 f   cg_view.obj
 0001:0001a2a0       _CG_DamageBlendBlob        3001b2a0 f   cg_view.obj
 0001:0001a440       _CG_CalcViewValues         3001b440 f   cg_view.obj
 0001:0001a670       _CG_CalcVrect              3001b670 f   cg_view.obj
 0001:0001a730       _CG_OffsetThirdPersonView  3001b730 f   cg_view.obj
 0001:0001a9f0       _CG_OffsetFirstPersonView  3001b9f0 f   cg_view.obj
 0001:0001acf0       _CG_StepOffset             3001bcf0 f   cg_view.obj
 0001:0001ad30       _CG_CalcFov                3001bd30 f   cg_view.obj
 0001:0001af50       _CG_PowerupTimerSounds     3001bf50 f   cg_view.obj
 0001:0001afe0       _CG_PlayBufferedSounds     3001bfe0 f   cg_view.obj
 0001:00017ee0       _CG_ResetEntity            30018ee0 f   cg_snapshot.obj
 0001:00018180       _CG_TransitionSnapshot     30019180 f   cg_snapshot.obj
 0001:00018300       _CG_SetNextSnap            30019300 f   cg_snapshot.obj
 0001:00018430       _CG_ReadNextSnapshot       30019430 f   cg_snapshot.obj
 0001:00017230       _CG_ServerCommand          30018230 f   cg_servercmds.obj
 0001:00017720       _CG_ParseScores            30018720 f   cg_servercmds.obj
 0001:000178f0       _CG_ParseTeamInfo          300188f0 f   cg_servercmds.obj
 0001:000179d0       _CG_ConfigStringModified   300189d0 f   cg_servercmds.obj
 0001:00017c20       _CG_ParseWarmup            30018c20 f   cg_servercmds.obj
 0001:00017c80       _CG_AddToTeamChat          30018c80 f   cg_servercmds.obj
 0001:00017dc0       _CG_MapRestart             30018dc0 f   cg_servercmds.obj
 0001:00017e60       _CG_RemoveChatEscapeChar   30018e60 f   cg_servercmds.obj
 0001:00016760       _CG_DrawClientScore        30017760 f   cg_scoreboard.obj
 0001:00016b90       _CG_TeamScoreboard         30017b90 f   cg_scoreboard.obj
 0001:00016e90       _CG_CenterGiantLine        30017e90 f   cg_scoreboard.obj
 0001:000150a0       _CG_ClipMoveToEntities     300160a0 f   cg_predict.obj
 0001:00015b00       _CG_InterpolatePlayerState 30016b00 f   cg_predict.obj
 0001:00015c50       _CG_TouchTriggerPrediction 30016c50 f   cg_predict.obj
 0001:00015d60       _CG_TouchItem              30016d60 f   cg_predict.obj
 0001:00015e50       _IsUnacceptableError       30016e50 f   cg_predict.obj
 0001:00014e20       _pushReward                30015e20 f   cg_playerstate.obj
 0001:000118a0       _CG_ColorFromString        300128a0 f   cg_players.obj
 0001:000118f0       _CG_LoadClientInfo         300128f0 f   cg_players.obj
 0001:00011b20       _CG_RegisterClientModelname 30012b20 f   cg_players.obj
 0001:00011ec0       _CG_ParseAnimationFile     30012ec0 f   cg_players.obj
 0001:00012400       _CG_FindClientHeadFile     30013400 f   cg_players.obj
 0001:000125d0       _CG_FileExists             300135d0 f   cg_players.obj
 0001:000125f0       _CG_RegisterClientSkin     300135f0 f   cg_players.obj
 0001:00012740       _CG_FindClientModelFile    30013740 f   cg_players.obj
 0001:000128f0       _CG_ScanForExistingClientInfo 300138f0 f   cg_players.obj
 0001:00012a10       _CG_CopyClientInfoModel    30013a10 f   cg_players.obj
 0001:00012ae0       _CG_SetDeferredClientInfo  30013ae0 f   cg_players.obj
 0001:00013070       _CG_PlayerAnimation        30014070 f   cg_players.obj
 0001:00013190       _CG_RunLerpFrame           30014190 f   cg_players.obj
 0001:00013310       _CG_SetLerpFrameAnimation  30014310 f   cg_players.obj
 0001:00013380       _CG_PlayerAngles           30014380 f   cg_players.obj
 0001:000136b0       _CG_SwingAngles            300146b0 f   cg_players.obj
 0001:00013810       _CG_AddPainTwitch          30014810 f   cg_players.obj
 0001:00013860       _CG_PlayerPowerups         30014860 f   cg_players.obj
 0001:00013a50       _CG_HasteTrail             30014a50 f   cg_players.obj
 0001:00013b10       _CG_TrailItem              30014b10 f   cg_players.obj
 0001:00013be0       _CG_PlayerFlag             30014be0 f   cg_players.obj
 0001:00013f10       _CG_PlayerSprites          30014f10 f   cg_players.obj
 0001:00014020       _CG_PlayerFloatSprite      30015020 f   cg_players.obj
 0001:000140d0       _CG_PlayerShadow           300150d0 f   cg_players.obj
 0001:00014220       _CG_PlayerSplash           30015220 f   cg_players.obj
 0001:00014590       _CG_ClearLerpFrame         30015590 f   cg_players.obj
 0001:0000d880       _CG_ForceModelChange       3000e880 f   cg_main.obj
 0001:0000dd20       _CG_RegisterSounds         3000ed20 f   cg_main.obj
 0001:0000e420       _CG_RegisterItemSounds     3000f420 f   cg_main.obj
 0001:0000e520       _CG_RegisterGraphics       3000f520 f   cg_main.obj
 0001:0000ec00       _CG_RegisterClients        3000fc00 f   cg_main.obj
 0001:0000d1c0       _CG_AddMoveScaleFade       3000e1c0 f   cg_localents.obj
 0001:0000d2b0       _CG_AddScaleFade           3000e2b0 f   cg_localents.obj
 0001:0000d350       _CG_AddFallScaleFade       3000e350 f   cg_localents.obj
 0001:0000d400       _CG_AddExplosion           3000e400 f   cg_localents.obj
 0001:0000d4a0       _CG_AddSpriteExplosion     3000e4a0 f   cg_localents.obj
 0001:0000c6f0       _CG_DrawLoadingIcons       3000d6f0 f   cg_info.obj
 0001:0000bb20       _CG_Obituary               3000cb20 f   cg_event.obj
 0001:0000bfc0       _CG_UseItem                3000cfc0 f   cg_event.obj
 0001:0000c090       _CG_ItemPickup             3000d090 f   cg_event.obj
 0001:00009470       _CG_CalcEntityLerpPositions 3000a470 f   cg_ents.obj
 0001:00009630       _CG_InterpolateEntityPosition 3000a630 f   cg_ents.obj
 0001:00009760       _CG_AddCEntity             3000a760 f   cg_ents.obj
 0001:00009840       _CG_EntityEffects          3000a840 f   cg_ents.obj
 0001:00009900       _CG_General                3000a900 f   cg_ents.obj
 0001:000099c0       _CG_Speaker                3000a9c0 f   cg_ents.obj
 0001:00009a70       _CG_Item                   3000aa70 f   cg_ents.obj
 0001:00009f70       _CG_Missile                3000af70 f   cg_ents.obj
 0001:0000a1b0       _CG_Grapple                3000b1b0 f   cg_ents.obj
 0001:0000a2a0       _CG_Mover                  3000b2a0 f   cg_ents.obj
 0001:0000a390       _CG_Portal                 3000b390 f   cg_ents.obj
 0001:0000a4c0       _CG_TeamBase               3000b4c0 f   cg_ents.obj
 0001:00007930       _CG_TileClearBox           30008930 f   cg_drawtools.obj
 0001:00007d60       _UI_DrawProportionalString2 30008d60 f   cg_drawtools.obj
 0001:00004900       _CG_Draw2D                 30005900 f   cg_draw.obj
 0001:000049d0       _CG_DrawStatusBar          300059d0 f   cg_draw.obj
 0001:00004d10       _CG_DrawField              30005d10 f   cg_draw.obj
 0001:00004e70       _CG_DrawStatusBarHead      30005e70 f   cg_draw.obj
 0001:00005160       _CG_DrawStatusBarFlag      30006160 f   cg_draw.obj
 0001:00005190       _CG_DrawUpperRight         30006190 f   cg_draw.obj
 0001:00005230       _CG_DrawAttacker           30006230 f   cg_draw.obj
 0001:00005330       _CG_DrawSnapshot           30006330 f   cg_draw.obj
 0001:000053a0       _CG_DrawFPS                300063a0 f   cg_draw.obj
 0001:00005460       _CG_DrawTimer              30006460 f   cg_draw.obj
 0001:00005510       _CG_DrawTeamOverlay        30006510 f   cg_draw.obj
 0001:00005980       _CG_DrawLowerRight         30006980 f   cg_draw.obj
 0001:000059d0       _CG_DrawScores             300069d0 f   cg_draw.obj
 0001:00005f70       _CG_DrawPowerups           30006f70 f   cg_draw.obj
 0001:00006190       _CG_DrawLowerLeft          30007190 f   cg_draw.obj
 0001:000061d0       _CG_DrawPickupItem         300071d0 f   cg_draw.obj
 0001:00006280       _CG_DrawTeamInfo           30007280 f   cg_draw.obj
 0001:00006440       _CG_DrawHoldableItem       30007440 f   cg_draw.obj
 0001:00006480       _CG_DrawReward             30007480 f   cg_draw.obj
 0001:00006620       _CG_DrawLagometer          30007620 f   cg_draw.obj
 0001:00006990       _CG_DrawDisconnect         30007990 f   cg_draw.obj
 0001:00006a30       _CG_DrawCenterString       30007a30 f   cg_draw.obj
 0001:00006b60       _CG_DrawCrosshair          30007b60 f   cg_draw.obj
 0001:00006cd0       _CG_DrawCrosshairNames     30007cd0 f   cg_draw.obj
 0001:00006d90       _CG_ScanForCrosshairEntity 30007d90 f   cg_draw.obj
 0001:00006e70       _CG_DrawSpectator          30007e70 f   cg_draw.obj
 0001:00006ee0       _CG_DrawVote               30007ee0 f   cg_draw.obj
 0001:00006f70       _CG_DrawTeamVote           30007f70 f   cg_draw.obj
 0001:00007030       _CG_DrawScoreboard         30008030 f   cg_draw.obj
 0001:00007040       _CG_DrawIntermission       30008040 f   cg_draw.obj
 0001:00007070       _CG_DrawFollow             30008070 f   cg_draw.obj
 0001:00007130       _CG_DrawAmmoWarning        30008130 f   cg_draw.obj
 0001:00007180       _CG_DrawWarmup             30008180 f   cg_draw.obj
 0001:00007400       _CG_DrawTourneyScoreboard  30008400 f   cg_draw.obj
 0001:00003d70       _CG_SizeUp_f               30004d70 f   cg_consolecmds.obj
 0001:00003da0       _CG_SizeDown_f             30004da0 f   cg_consolecmds.obj
 0001:00003dd0       _CG_Viewpos_f              30004dd0 f   cg_consolecmds.obj
 0001:00003e10       _CG_ScoresDown_f           30004e10 f   cg_consolecmds.obj
 0001:00003e60       _CG_ScoresUp_f             30004e60 f   cg_consolecmds.obj
 0001:00003e80       _CG_TellTarget_f           30004e80 f   cg_consolecmds.obj
 0001:00003ee0       _CG_TellAttacker_f         30004ee0 f   cg_consolecmds.obj
 0001:00003f40       _CG_VoiceTellTarget_f      30004f40 f   cg_consolecmds.obj
 0001:00003fa0       _CG_VoiceTellAttacker_f    30004fa0 f   cg_consolecmds.obj
 0001:00004000       _CG_StartOrbit_f           30005000 f   cg_consolecmds.obj
 0001:00000d50       _PM_WaterJumpMove          30001d50 f   bg_pmove.obj
 0001:00000da0       _PM_WaterMove              30001da0 f   bg_pmove.obj
 0001:00000f80       _PM_Friction               30001f80 f   bg_pmove.obj
 0001:000010d0       _PM_Accelerate             300020d0 f   bg_pmove.obj
 0001:00001150       _PM_CmdScale               30002150 f   bg_pmove.obj
 0001:000011e0       _PM_CheckWaterJump         300021e0 f   bg_pmove.obj
 0001:00001340       _PM_FlyMove                30002340 f   bg_pmove.obj
 0001:00001420       _PM_AirMove                30002420 f   bg_pmove.obj
 0001:00001540       _PM_SetMovementDir         30002540 f   bg_pmove.obj
 0001:00001610       _PM_GrappleMove            30002610 f   bg_pmove.obj
 0001:00001750       _PM_WalkMove               30002750 f   bg_pmove.obj
 0001:00001a70       _PM_CheckJump              30002a70 f   bg_pmove.obj
 0001:00001b30       _PM_ForceLegsAnim          30002b30 f   bg_pmove.obj
 0001:00001b50       _PM_StartLegsAnim          30002b50 f   bg_pmove.obj
 0001:00001b80       _PM_DeadMove               30002b80 f   bg_pmove.obj
 0001:00001c40       _PM_NoclipMove             30002c40 f   bg_pmove.obj
 0001:00001e20       _PM_GroundTrace            30002e20 f   bg_pmove.obj
 0001:00002090       _PM_CrashLand              30003090 f   bg_pmove.obj
 0001:00002240       _PM_FootstepForSurface     30003240 f   bg_pmove.obj
 0001:00002260       _PM_CorrectAllSolid        30003260 f   bg_pmove.obj
 0001:00002420       _PM_GroundTraceMissed      30003420 f   bg_pmove.obj
 0001:00002530       _PM_SetWaterLevel          30003530 f   bg_pmove.obj
 0001:00002660       _PM_CheckDuck              30003660 f   bg_pmove.obj
 0001:00002870       _PM_Footsteps              30003870 f   bg_pmove.obj
 0001:00002a40       _PM_ContinueLegsAnim       30003a40 f   bg_pmove.obj
 0001:00002a70       _PM_WaterEvents            30003a70 f   bg_pmove.obj
 0001:00002b00       _PM_TorsoAnimation         30003b00 f   bg_pmove.obj
 0001:00002b30       _PM_ContinueTorsoAnim      30003b30 f   bg_pmove.obj
 0001:00002b60       _PM_StartTorsoAnim         30003b60 f   bg_pmove.obj
 0001:00002b90       _PM_Weapon                 30003b90 f   bg_pmove.obj
 0001:00002f10       _PM_BeginWeaponChange      30003f10 f   bg_pmove.obj
 0001:00002f80       _PM_FinishWeaponChange     30003f80 f   bg_pmove.obj
 0001:00002fe0       _PM_Animate                30003fe0 f   bg_pmove.obj
 0001:00003020       _PM_DropTimers             30004020 f   bg_pmove.obj
 0001:000030b0       _PM_LadderMove             300040b0 f   bg_pmove.obj
 0001:00028435       _flsall                    30029435 f   LIBC:fflush.obj
 0001:00027a20       LeadUp1                    30028a20 f   LIBC:memcpy.obj
 0001:00027a4c       LeadUp2                    30028a4c f   LIBC:memcpy.obj
 0001:00027a70       LeadUp3                    30028a70 f   LIBC:memcpy.obj
 0001:00027aef       UnwindUp0                  30028aef f   LIBC:memcpy.obj
 0001:00027adc       UnwindUp1                  30028adc f   LIBC:memcpy.obj
 0001:00027ad4       UnwindUp2                  30028ad4 f   LIBC:memcpy.obj
 0001:00027acc       UnwindUp3                  30028acc f   LIBC:memcpy.obj
 0001:00027ac4       UnwindUp4                  30028ac4 f   LIBC:memcpy.obj
 0001:00027abc       UnwindUp5                  30028abc f   LIBC:memcpy.obj
 0001:00027ab4       UnwindUp6                  30028ab4 f   LIBC:memcpy.obj
 0001:00027aac       UnwindUp7                  30028aac f   LIBC:memcpy.obj
 0001:00027b08       TrailUp0                   30028b08 f   LIBC:memcpy.obj
 0001:00027b10       TrailUp1                   30028b10 f   LIBC:memcpy.obj
 0001:00027b1c       TrailUp2                   30028b1c f   LIBC:memcpy.obj
 0001:00027b30       TrailUp3                   30028b30 f   LIBC:memcpy.obj
 0001:00027ba8       LeadDown1                  30028ba8 f   LIBC:memcpy.obj
 0001:00027bc8       LeadDown2                  30028bc8 f   LIBC:memcpy.obj
 0001:00027bf0       LeadDown3                  30028bf0 f   LIBC:memcpy.obj
 0001:00027c44       UnwindDown7                30028c44 f   LIBC:memcpy.obj
 0001:00027c4c       UnwindDown6                30028c4c f   LIBC:memcpy.obj
 0001:00027c54       UnwindDown5                30028c54 f   LIBC:memcpy.obj
 0001:00027c5c       UnwindDown4                30028c5c f   LIBC:memcpy.obj
 0001:00027c64       UnwindDown3                30028c64 f   LIBC:memcpy.obj
 0001:00027c6c       UnwindDown2                30028c6c f   LIBC:memcpy.obj
 0001:00027c74       UnwindDown1                30028c74 f   LIBC:memcpy.obj
 0001:00027c87       UnwindDown0                30028c87 f   LIBC:memcpy.obj
 0001:00027ca0       TrailDown0                 30028ca0 f   LIBC:memcpy.obj
 0001:00027ca8       TrailDown1                 30028ca8 f   LIBC:memcpy.obj
 0001:00027cb8       TrailDown2                 30028cb8 f   LIBC:memcpy.obj
 0001:00027ccc       TrailDown3                 30028ccc f   LIBC:memcpy.obj
 0001:00027761       _getSystemCP               30028761 f   LIBC:mbctype.obj
 0001:000277ab       _CPtoLCID                  300287ab f   LIBC:mbctype.obj
 0001:000277de       _setSBCS                   300287de f   LIBC:mbctype.obj
 0001:00027807       _setSBUpLow                30028807 f   LIBC:mbctype.obj
 0001:00026b24       _gu_return                 30027b24 f   LIBC:exsup.obj
 0001:00026b2c       __unwind_handler           30027b2c f   LIBC:exsup.obj
 0001:00025769       __abstract_cw              30026769 f   LIBC:ieee87.obj
 0001:000257fb       __hw_cw                    300267fb f   LIBC:ieee87.obj
 0001:0002528c       _parse_cmdline             3002628c f   LIBC:stdargv.obj
 0001:00024e08       _doexit                    30025e08 f   LIBC:crt0dat.obj
 0001:00024ea1       __initterm                 30025ea1 f   LIBC:crt0dat.obj
 0001:00024d90       _strncnt                   30025d90 f   LIBC:a_map.obj
 0001:00024456       __get_fname                30025456 f   LIBC:fpexcept.obj
 0001:00023d2a       _write_char                30024d2a f   LIBC:output.obj
 0001:00023d5f       _write_multi_char          30024d5f f   LIBC:output.obj
 0001:00023d90       _write_string              30024d90 f   LIBC:output.obj
 0001:00023dc8       _get_int_arg               30024dc8 f   LIBC:output.obj
 0001:00023dd5       _get_int64_arg             30024dd5 f   LIBC:output.obj
 0001:00023de5       _get_short_arg             30024de5 f   LIBC:output.obj
 0001:00023361       __cftoe_g                  30024361 f   LIBC:cvt.obj
 0001:00023388       __cftof_g                  30024388 f   LIBC:cvt.obj
 0001:000233fc       __shift                    300243fc f   LIBC:cvt.obj
 0001:00022b20       LeadUp1                    30023b20 f   LIBC:memmove.obj
 0001:00022b4c       LeadUp2                    30023b4c f   LIBC:memmove.obj
 0001:00022b70       LeadUp3                    30023b70 f   LIBC:memmove.obj
 0001:00022bef       UnwindUp0                  30023bef f   LIBC:memmove.obj
 0001:00022bdc       UnwindUp1                  30023bdc f   LIBC:memmove.obj
 0001:00022bd4       UnwindUp2                  30023bd4 f   LIBC:memmove.obj
 0001:00022bcc       UnwindUp3                  30023bcc f   LIBC:memmove.obj
 0001:00022bc4       UnwindUp4                  30023bc4 f   LIBC:memmove.obj
 0001:00022bbc       UnwindUp5                  30023bbc f   LIBC:memmove.obj
 0001:00022bb4       UnwindUp6                  30023bb4 f   LIBC:memmove.obj
 0001:00022bac       UnwindUp7                  30023bac f   LIBC:memmove.obj
 0001:00022c08       TrailUp0                   30023c08 f   LIBC:memmove.obj
 0001:00022c10       TrailUp1                   30023c10 f   LIBC:memmove.obj
 0001:00022c1c       TrailUp2                   30023c1c f   LIBC:memmove.obj
 0001:00022c30       TrailUp3                   30023c30 f   LIBC:memmove.obj
 0001:00022ca8       LeadDown1                  30023ca8 f   LIBC:memmove.obj
 0001:00022cc8       LeadDown2                  30023cc8 f   LIBC:memmove.obj
 0001:00022cf0       LeadDown3                  30023cf0 f   LIBC:memmove.obj
 0001:00022d44       UnwindDown7                30023d44 f   LIBC:memmove.obj
 0001:00022d4c       UnwindDown6                30023d4c f   LIBC:memmove.obj
 0001:00022d54       UnwindDown5                30023d54 f   LIBC:memmove.obj
 0001:00022d5c       UnwindDown4                30023d5c f   LIBC:memmove.obj
 0001:00022d64       UnwindDown3                30023d64 f   LIBC:memmove.obj
 0001:00022d6c       UnwindDown2                30023d6c f   LIBC:memmove.obj
 0001:00022d74       UnwindDown1                30023d74 f   LIBC:memmove.obj
 0001:00022d87       UnwindDown0                30023d87 f   LIBC:memmove.obj
 0001:00022da0       TrailDown0                 30023da0 f   LIBC:memmove.obj
 0001:00022da8       TrailDown1                 30023da8 f   LIBC:memmove.obj
 0001:00022db8       TrailDown2                 30023db8 f   LIBC:memmove.obj
 0001:00022dcc       TrailDown3                 30023dcc f   LIBC:memmove.obj

 1104 bytes saved through ICF

