 cgamex86

 Timestamp is 44cdb9d5 (Mon Jul 31 01:05:41 2006)

 Preferred load address is 30000000

 Start         Length     Name                   Class
 0001:00000000 00036ccaH .text                   CODE
 0002:00000000 000000acH .idata$5                DATA
 0002:000000b0 00000a77H .rdata                  DATA
 0002:00000b28 00000014H .idata$2                DATA
 0002:00000b3c 00000014H .idata$3                DATA
 0002:00000b50 000000acH .idata$4                DATA
 0002:00000bfc 000002e4H .idata$6                DATA
 0002:00000ee0 00000059H .edata                  DATA
 0003:00000000 00000004H .CRT$XCA                DATA
 0003:00000004 00000004H .CRT$XCZ                DATA
 0003:00000008 00000004H .CRT$XIA                DATA
 0003:0000000c 00000008H .CRT$XIC                DATA
 0003:00000014 00000004H .CRT$XIZ                DATA
 0003:00000018 00000004H .CRT$XPA                DATA
 0003:0000001c 00000004H .CRT$XPX                DATA
 0003:00000020 00000004H .CRT$XPZ                DATA
 0003:00000024 00000004H .CRT$XTA                DATA
 0003:00000028 00000004H .CRT$XTZ                DATA
 0003:00000030 0000bffcH .data                   DATA
 0003:0000c030 00533c90H .bss                    DATA

  Address         Publics by Value              Rva+Base     Lib:Object

 0001:00000000       _BG_FindItemForPowerup     30001000 f   bg_misc.obj
 0001:00000050       _BG_FindItemForHoldable    30001050 f   bg_misc.obj
 0001:000000a0       _BG_PlayerTouchesItem      300010a0 f   bg_misc.obj
 0001:00000140       _BG_CanItemBeGrabbed       30001140 f   bg_misc.obj
 0001:000003f0       _BG_EvaluateTrajectory     300013f0 f   bg_misc.obj
 0001:00000580       _BG_EvaluateTrajectoryDelta 30001580 f   bg_misc.obj
 0001:000006a0       _BG_AddPredictableEventToPlayerstate 300016a0 f   bg_misc.obj
 0001:000006d0       _BG_TouchJumpPad           300016d0 f   bg_misc.obj
 0001:00000770       _BG_PlayerStateToEntityState 30001770 f   bg_misc.obj
 0001:00000960       _PM_AddEvent               30001960 f   bg_pmove.obj
 0001:00000980       _PM_AddTouchEnt            30001980 f   bg_pmove.obj
 0001:000009c0       _PM_ClipVelocity           300019c0 f   bg_pmove.obj
 0001:00000a20       _PM_UpdateViewAngles       30001a20 f   bg_pmove.obj
 0001:00000ab0       _CheckLadder               30001ab0 f   bg_pmove.obj
 0001:00000b70       _PmoveSingle               30001b70 f   bg_pmove.obj
 0001:00003550       _Pmove                     30004550 f   bg_pmove.obj
 0001:000035e0       _PM_SlideMove              300045e0 f   bg_slidemove.obj
 0001:00003cc0       _PM_StepSlideMove          30004cc0 f   bg_slidemove.obj
 0001:00004000       _CG_TargetCommand_f        30005000 f   cg_consolecmds.obj
 0001:000048e0       _CG_ConsoleCommand         300058e0 f   cg_consolecmds.obj
 0001:00004930       _CG_InitConsoleCommands    30005930 f   cg_consolecmds.obj
 0001:00004a70       _CG_Text_Width             30005a70 f   cg_draw.obj
 0001:00004b20       _CG_Text_Height            30005b20 f   cg_draw.obj
 0001:00004bf0       _CG_Text_PaintChar         30005bf0 f   cg_draw.obj
 0001:00004c60       _CG_Text_Paint             30005c60 f   cg_draw.obj
 0001:00004eb0       _CG_Draw3DModel            30005eb0 f   cg_draw.obj
 0001:00005010       _CG_DrawHead               30006010 f   cg_draw.obj
 0001:00005130       _CG_DrawFlagModel          30006130 f   cg_draw.obj
 0001:000052a0       _CG_DrawTeamBackground     300062a0 f   cg_draw.obj
 0001:00005340       _CG_AddLagometerFrameInfo  30006340 f   cg_draw.obj
 0001:00005370       _CG_AddLagometerSnapshotInfo 30006370 f   cg_draw.obj
 0001:000053c0       _CG_CenterPrint            300063c0 f   cg_draw.obj
 0001:00005430       _CG_DrawTimedMenus         30006430 f   cg_draw.obj
 0001:00005470       _CG_DrawActive             30006470 f   cg_draw.obj
 0001:00007030       _CG_AdjustFrom640          30008030 f   cg_drawtools.obj
 0001:00007070       _CG_FillRect               30008070 f   cg_drawtools.obj
 0001:000070d0       _CG_DrawSides              300080d0 f   cg_drawtools.obj
 0001:00007160       _CG_DrawTopBottom          30008160 f   cg_drawtools.obj
 0001:000071f0       _CG_DrawRect               300081f0 f   cg_drawtools.obj
 0001:00007240       _CG_DrawPic                30008240 f   cg_drawtools.obj
 0001:00007290       _CG_DrawChar               30008290 f   cg_drawtools.obj
 0001:00007360       _CG_DrawStringExt          30008360 f   cg_drawtools.obj
 0001:000074e0       _CG_DrawBigString          300084e0 f   cg_drawtools.obj
 0001:00007530       _CG_DrawBigStringColor     30008530 f   cg_drawtools.obj
 0001:00007560       _CG_DrawSmallString        30008560 f   cg_drawtools.obj
 0001:000075b0       _CG_DrawStrlen             300085b0 f   cg_drawtools.obj
 0001:000075e0       _CG_TileClear              300085e0 f   cg_drawtools.obj
 0001:00007720       _CG_FadeColor              30008720 f   cg_drawtools.obj
 0001:00007790       _CG_GetColorForHealth      30008790 f   cg_drawtools.obj
 0001:00007840       _CG_ColorForHealth         30008840 f   cg_drawtools.obj
 0001:00007870       _UI_ProportionalStringWidth 30008870 f   cg_drawtools.obj
 0001:000078a0       _UI_ProportionalSizeScale  300088a0 f   cg_drawtools.obj
 0001:000078c0       _UI_DrawProportionalString 300088c0 f   cg_drawtools.obj
 0001:00007c10       _CG_BubbleTrail            30008c10 f   cg_effects.obj
 0001:00007ec0       _CG_SmokePuff              30008ec0 f   cg_effects.obj
 0001:00008050       _CG_SpawnEffect            30009050 f   cg_effects.obj
 0001:00008100       _CG_LightningBoltBeam      30009100 f   cg_effects.obj
 0001:00008180       _CG_KamikazeEffect         30009180 f   cg_effects.obj
 0001:00008220       _CG_ObeliskExplode         30009220 f   cg_effects.obj
 0001:00008290       _CG_ObeliskPain            30009290 f   cg_effects.obj
 0001:000082f0       _CG_InvulnerabilityImpact  300092f0 f   cg_effects.obj
 0001:000083d0       _CG_InvulnerabilityJuiced  300093d0 f   cg_effects.obj
 0001:000084a0       _CG_ScorePlum              300094a0 f   cg_effects.obj
 0001:000085d0       _CG_MakeExplosion          300095d0 f   cg_effects.obj
 0001:00008770       _CG_Bleed                  30009770 f   cg_effects.obj
 0001:00008820       _CG_LaunchGib              30009820 f   cg_effects.obj
 0001:00008910       _CG_GibPlayer              30009910 f   cg_effects.obj
 0001:00009010       _CG_GibPlayerHeadshot      3000a010 f   cg_effects.obj
 0001:00009300       _CG_PositionEntityOnTag    3000a300 f   cg_ents.obj
 0001:000093b0       _CG_PositionRotatedEntityOnTag 3000a3b0 f   cg_ents.obj
 0001:00009460       _CG_SetEntitySoundPosition 3000a460 f   cg_ents.obj
 0001:000094e0       _CG_Beam                   3000a4e0 f   cg_ents.obj
 0001:00009560       _CG_AdjustPositionForMover 3000a560 f   cg_ents.obj
 0001:00009650       _CG_AddPacketEntities      3000a650 f   cg_ents.obj
 0001:0000afa0       _CG_PlaceString            3000bfa0 f   cg_event.obj
 0001:0000b070       _CG_PainEvent              3000c070 f   cg_event.obj
 0001:0000b0f0       _CG_EntityEvent            3000c0f0 f   cg_event.obj
 0001:0000d160       _CG_CheckEvents            3000e160 f   cg_event.obj
 0001:0000d1f0       _CG_LoadingString          3000e1f0 f   cg_info.obj
 0001:0000d210       _CG_LoadingItem            3000e210 f   cg_info.obj
 0001:0000d270       _CG_LoadingClient          3000e270 f   cg_info.obj
 0001:0000d430       _CG_DrawInformation        3000e430 f   cg_info.obj
 0001:0000d970       _CG_InitLocalEntities      3000e970 f   cg_localents.obj
 0001:0000d9c0       _CG_FreeLocalEntity        3000e9c0 f   cg_localents.obj
 0001:0000da00       _CG_AllocLocalEntity       3000ea00 f   cg_localents.obj
 0001:0000da60       _CG_BloodTrail             3000ea60 f   cg_localents.obj
 0001:0000db30       _CG_FragmentBounceMark     3000eb30 f   cg_localents.obj
 0001:0000dc30       _CG_FragmentBounceSound    3000ec30 f   cg_localents.obj
 0001:0000dc90       _CG_ReflectVelocity        3000ec90 f   cg_localents.obj
 0001:0000ddb0       _CG_AddFragment            3000edb0 f   cg_localents.obj
 0001:0000df80       _CG_AddFadeRGB             3000ef80 f   cg_localents.obj
 0001:0000dff0       _CG_AddKamikaze            3000eff0 f   cg_localents.obj
 0001:0000e4f0       _CG_AddInvulnerabilityImpact 3000f4f0 f   cg_localents.obj
 0001:0000e510       _CG_AddInvulnerabilityJuiced 3000f510 f   cg_localents.obj
 0001:0000e5a0       _CG_AddRefEntity           3000f5a0 f   cg_localents.obj
 0001:0000e5d0       _CG_AddScorePlum           3000f5d0 f   cg_localents.obj
 0001:0000e870       _CG_AddLocalEntities       3000f870 f   cg_localents.obj
 0001:0000edc0       _vmMain                    3000fdc0 f   cg_main.obj
 0001:0000eeb0       _CG_RegisterCvars          3000feb0 f   cg_main.obj
 0001:0000ef80       _CG_UpdateCvars            3000ff80 f   cg_main.obj
 0001:0000f0a0       _CG_CrosshairPlayer        300100a0 f   cg_main.obj
 0001:0000f0c0       _CG_LastAttacker           300100c0 f   cg_main.obj
 0001:0000f0e0       _CG_Printf                 300100e0 f   cg_main.obj
 0001:0000f110       _CG_Error                  30010110 f   cg_main.obj
 0001:0000f140       _Com_Error                 30010140 f   cg_main.obj
 0001:0000f180       _Com_Printf                30010180 f   cg_main.obj
 0001:0000f1c0       _CG_Argv                   300101c0 f   cg_main.obj
 0001:0000f1e0       _CG_BuildSpectatorString   300101e0 f   cg_main.obj
 0001:0000f260       _CG_ConfigString           30010260 f   cg_main.obj
 0001:0000f290       _CG_StartMusic             30010290 f   cg_main.obj
 0001:0000f300       _CG_Asset_Parse            30010300 f   cg_main.obj
 0001:0000f740       _CG_ParseMenu              30010740 f   cg_main.obj
 0001:0000f7e0       _CG_Load_Menu              300107e0 f   cg_main.obj
 0001:0000f840       _CG_LoadMenus              30010840 f   cg_main.obj
 0001:0000f990       _CG_SetScoreSelection      30010990 f   cg_main.obj
 0001:0000fa40       _CG_Text_PaintWithCursor   30010a40 f   cg_main.obj
 0001:0000fa70       _CG_LoadHudMenu            30010a70 f   cg_main.obj
 0001:00010200       _CG_AssetCache             30011200 f   cg_main.obj
 0001:00010310       _CG_Init                   30011310 f   cg_main.obj
 0001:00011cf0       _CG_InitMarkPolys          30012cf0 f   cg_marks.obj
 0001:00011d40       _CG_FreeMarkPoly           30012d40 f   cg_marks.obj
 0001:00011d80       _CG_AllocMark              30012d80 f   cg_marks.obj
 0001:00011df0       _CG_ImpactMark             30012df0 f   cg_marks.obj
 0001:00012190       _CG_AddMarks               30013190 f   cg_marks.obj
 0001:00012330       _CG_ClearParticles         30013330 f   cg_marks.obj
 0001:00012420       _CG_AddParticleToScene     30013420 f   cg_marks.obj
 0001:00013ff0       _CG_AddParticles           30014ff0 f   cg_marks.obj
 0001:000142d0       _CG_ParticleExplosion      300152d0 f   cg_marks.obj
 0001:00014420       _CG_InitTeamChat           30015420 f   cg_newDraw.obj
 0001:00014450       _CG_CheckOrderPending      30015450 f   cg_newDraw.obj
 0001:000145b0       _CG_GetSelectedPlayer      300155b0 f   cg_newDraw.obj
 0001:000145d0       _CG_SelectNextPlayer       300155d0 f   cg_newDraw.obj
 0001:00014690       _CG_SelectPrevPlayer       30015690 f   cg_newDraw.obj
 0001:000146c0       _CG_StatusHandle           300156c0 f   cg_newDraw.obj
 0001:00014720       _CG_GetValue               30015720 f   cg_newDraw.obj
 0001:00014840       _CG_OtherTeamHasFlag       30015840 f   cg_newDraw.obj
 0001:000148c0       _CG_YourTeamHasFlag        300158c0 f   cg_newDraw.obj
 0001:00014940       _CG_OwnerDrawVisible       30015940 f   cg_newDraw.obj
 0001:00014ab0       _CG_GetKillerText          30015ab0 f   cg_newDraw.obj
 0001:00014ae0       _CG_GetGameStatusText      30015ae0 f   cg_newDraw.obj
 0001:00014b70       _CG_GameTypeString         30015b70 f   cg_newDraw.obj
 0001:00014bc0       _CG_DrawNewTeamInfo        30015bc0 f   cg_newDraw.obj
 0001:00015140       _CG_DrawTeamSpectators     30016140 f   cg_newDraw.obj
 0001:00015370       _CG_DrawMedal              30016370 f   cg_newDraw.obj
 0001:00015520       _CG_OwnerDraw              30016520 f   cg_newDraw.obj
 0001:00017990       _CG_MouseEvent             30018990 f   cg_newDraw.obj
 0001:00017a70       _CG_HideTeamMenu           30018a70 f   cg_newDraw.obj
 0001:00017a90       _CG_EventHandling          30018a90 f   cg_newDraw.obj
 0001:00017ab0       _CG_KeyEvent               30018ab0 f   cg_newDraw.obj
 0001:00017b40       _CG_ShowResponseHead       30018b40 f   cg_newDraw.obj
 0001:00017b70       _CG_Shutdown               30018b70 f   cg_newDraw.obj
 0001:00017b70       _CG_RunMenuScript          30018b70 f   cg_newDraw.obj
 0001:00017b70       _Item_StopCapture          30018b70 f   cg_newDraw.obj
 0001:00017b80       _CG_GetTeamColor           30018b80 f   cg_newDraw.obj
 0001:00017bf0       _CG_CustomSound            30018bf0 f   cg_players.obj
 0001:00017ca0       _CG_NewClientInfo          30018ca0 f   cg_players.obj
 0001:00019880       _CG_LoadDeferredPlayers    3001a880 f   cg_players.obj
 0001:000198f0       _CG_AddRefEntityWithPowerups 3001a8f0 f   cg_players.obj
 0001:000199b0       _CG_Player                 3001a9b0 f   cg_players.obj
 0001:0001be60       _CG_ResetPlayerEntity      3001ce60 f   cg_players.obj
 0001:0001c010       _CG_CheckAmmo              3001d010 f   cg_playerstate.obj
 0001:0001c0d0       _CG_DamageFeedback         3001d0d0 f   cg_playerstate.obj
 0001:0001c3b0       _CG_Respawn                3001d3b0 f   cg_playerstate.obj
 0001:0001c3e0       _CG_CheckPlayerstateEvents 3001d3e0 f   cg_playerstate.obj
 0001:0001c4c0       _CG_CheckLocalSounds       3001d4c0 f   cg_playerstate.obj
 0001:0001c930       _CG_TransitionPlayerState  3001d930 f   cg_playerstate.obj
 0001:0001ca20       _CG_BuildSolidList         3001da20 f   cg_predict.obj
 0001:0001cae0       _CG_Trace                  3001dae0 f   cg_predict.obj
 0001:0001cd60       _CG_PointContents          3001dd60 f   cg_predict.obj
 0001:0001cde0       _CG_PredictPlayerState     3001dde0 f   cg_predict.obj
 0001:0001ddd0       _CG_DrawScanner            3001edd0 f   cg_scanner.obj
 0001:0001dfa0       _CG_ParseServerinfo        3001efa0 f   cg_servercmds.obj
 0001:0001e140       _CG_SetConfigValues        3001f140 f   cg_servercmds.obj
 0001:0001e1e0       _CG_ShaderStateChanged     3001f1e0 f   cg_servercmds.obj
 0001:0001e2c0       _CG_ParseVoiceChats        3001f2c0 f   cg_servercmds.obj
 0001:0001e610       _CG_LoadVoiceChats         3001f610 f   cg_servercmds.obj
 0001:0001e6c0       _CG_HeadModelVoiceChats    3001f6c0 f   cg_servercmds.obj
 0001:0001e7b0       _CG_GetVoiceChat           3001f7b0 f   cg_servercmds.obj
 0001:0001e860       _CG_VoiceChatListForClient 3001f860 f   cg_servercmds.obj
 0001:0001eb50       _CG_PlayVoiceChat          3001fb50 f   cg_servercmds.obj
 0001:0001edb0       _CG_PlayBufferedVoiceChats 3001fdb0 f   cg_servercmds.obj
 0001:0001ee20       _CG_AddBufferedVoiceChat   3001fe20 f   cg_servercmds.obj
 0001:0001ee90       _CG_VoiceChatLocal         3001fe90 f   cg_servercmds.obj
 0001:0001efc0       _CG_VoiceChat              3001ffc0 f   cg_servercmds.obj
 0001:0001f140       _CG_ExecuteNewServerCommands 30020140 f   cg_servercmds.obj
 0001:0001feb0       _CG_TransitionEntity       30020eb0 f   cg_snapshot.obj
 0001:0001ff80       _CG_SetInitialSnapshot     30020f80 f   cg_snapshot.obj
 0001:00020050       _CG_ProcessSnapshots       30021050 f   cg_snapshot.obj
 0001:00020560       _dllEntry                  30021560 f   cg_syscalls.obj
 0001:00020570       _PASSFLOAT                 30021570 f   cg_syscalls.obj
 0001:00020580       _trap_Print                30021580 f   cg_syscalls.obj
 0001:000205a0       _trap_Error                300215a0 f   cg_syscalls.obj
 0001:000205c0       _trap_Milliseconds         300215c0 f   cg_syscalls.obj
 0001:000205d0       _trap_Cvar_Register        300215d0 f   cg_syscalls.obj
 0001:000205f0       _trap_Cvar_Update          300215f0 f   cg_syscalls.obj
 0001:00020610       _trap_Cvar_Set             30021610 f   cg_syscalls.obj
 0001:00020630       _trap_Cvar_VariableStringBuffer 30021630 f   cg_syscalls.obj
 0001:00020650       _trap_Argc                 30021650 f   cg_syscalls.obj
 0001:00020660       _trap_Argv                 30021660 f   cg_syscalls.obj
 0001:00020680       _trap_Args                 30021680 f   cg_syscalls.obj
 0001:000206a0       _trap_FS_FOpenFile         300216a0 f   cg_syscalls.obj
 0001:000206c0       _trap_FS_Read              300216c0 f   cg_syscalls.obj
 0001:000206e0       _trap_FS_FCloseFile        300216e0 f   cg_syscalls.obj
 0001:00020700       _trap_SendConsoleCommand   30021700 f   cg_syscalls.obj
 0001:00020720       _trap_AddCommand           30021720 f   cg_syscalls.obj
 0001:00020740       _trap_SendClientCommand    30021740 f   cg_syscalls.obj
 0001:00020760       _trap_UpdateScreen         30021760 f   cg_syscalls.obj
 0001:00020770       _trap_CM_LoadMap           30021770 f   cg_syscalls.obj
 0001:00020790       _trap_CM_NumInlineModels   30021790 f   cg_syscalls.obj
 0001:000207a0       _trap_CM_InlineModel       300217a0 f   cg_syscalls.obj
 0001:000207c0       _trap_CM_TempBoxModel      300217c0 f   cg_syscalls.obj
 0001:000207e0       _trap_CM_PointContents     300217e0 f   cg_syscalls.obj
 0001:00020800       _trap_CM_TransformedPointContents 30021800 f   cg_syscalls.obj
 0001:00020820       _trap_CM_BoxTrace          30021820 f   cg_syscalls.obj
 0001:00020850       _trap_CM_TransformedBoxTrace 30021850 f   cg_syscalls.obj
 0001:00020890       _trap_CM_MarkFragments     30021890 f   cg_syscalls.obj
 0001:000208c0       _trap_S_StartSound         300218c0 f   cg_syscalls.obj
 0001:000208e0       _trap_S_StartLocalSound    300218e0 f   cg_syscalls.obj
 0001:00020900       _trap_S_ClearLoopingSounds 30021900 f   cg_syscalls.obj
 0001:00020920       _trap_S_AddLoopingSound    30021920 f   cg_syscalls.obj
 0001:00020940       _trap_S_AddRealLoopingSound 30021940 f   cg_syscalls.obj
 0001:00020960       _trap_S_StopLoopingSound   30021960 f   cg_syscalls.obj
 0001:00020980       _trap_S_UpdateEntityPosition 30021980 f   cg_syscalls.obj
 0001:000209a0       _trap_S_Respatialize       300219a0 f   cg_syscalls.obj
 0001:000209c0       _trap_S_RegisterSound      300219c0 f   cg_syscalls.obj
 0001:000209e0       _trap_S_StartBackgroundTrack 300219e0 f   cg_syscalls.obj
 0001:00020a00       _trap_R_LoadWorldMap       30021a00 f   cg_syscalls.obj
 0001:00020a20       _trap_R_RegisterModel      30021a20 f   cg_syscalls.obj
 0001:00020a40       _trap_R_RegisterSkin       30021a40 f   cg_syscalls.obj
 0001:00020a60       _trap_R_RegisterShader     30021a60 f   cg_syscalls.obj
 0001:00020a80       _trap_R_RegisterShaderNoMip 30021a80 f   cg_syscalls.obj
 0001:00020aa0       _trap_R_RegisterFont       30021aa0 f   cg_syscalls.obj
 0001:00020ac0       _trap_R_ClearScene         30021ac0 f   cg_syscalls.obj
 0001:00020ad0       _trap_R_AddRefEntityToScene 30021ad0 f   cg_syscalls.obj
 0001:00020af0       _trap_R_AddPolyToScene     30021af0 f   cg_syscalls.obj
 0001:00020b10       _trap_R_AddLightToScene    30021b10 f   cg_syscalls.obj
 0001:00020b60       _trap_R_RenderScene        30021b60 f   cg_syscalls.obj
 0001:00020b80       _trap_R_SetColor           30021b80 f   cg_syscalls.obj
 0001:00020ba0       _trap_R_DrawStretchPic     30021ba0 f   cg_syscalls.obj
 0001:00020c30       _trap_R_ModelBounds        30021c30 f   cg_syscalls.obj
 0001:00020c50       _trap_R_LerpTag            30021c50 f   cg_syscalls.obj
 0001:00020c90       _trap_R_RemapShader        30021c90 f   cg_syscalls.obj
 0001:00020cb0       _trap_GetGlconfig          30021cb0 f   cg_syscalls.obj
 0001:00020cd0       _trap_GetGameState         30021cd0 f   cg_syscalls.obj
 0001:00020cf0       _trap_GetCurrentSnapshotNumber 30021cf0 f   cg_syscalls.obj
 0001:00020d10       _trap_GetSnapshot          30021d10 f   cg_syscalls.obj
 0001:00020d30       _trap_GetServerCommand     30021d30 f   cg_syscalls.obj
 0001:00020d50       _trap_GetCurrentCmdNumber  30021d50 f   cg_syscalls.obj
 0001:00020d60       _trap_GetUserCmd           30021d60 f   cg_syscalls.obj
 0001:00020d80       _trap_SetUserCmdValue      30021d80 f   cg_syscalls.obj
 0001:00020da0       _trap_MemoryRemaining      30021da0 f   cg_syscalls.obj
 0001:00020db0       _trap_Key_SetCatcher       30021db0 f   cg_syscalls.obj
 0001:00020dd0       _trap_PC_LoadSource        30021dd0 f   cg_syscalls.obj
 0001:00020df0       _trap_PC_FreeSource        30021df0 f   cg_syscalls.obj
 0001:00020e10       _trap_PC_ReadToken         30021e10 f   cg_syscalls.obj
 0001:00020e30       _trap_PC_SourceFileAndLine 30021e30 f   cg_syscalls.obj
 0001:00020e50       _trap_S_StopBackgroundTrack 30021e50 f   cg_syscalls.obj
 0001:00020e60       _trap_SnapVector           30021e60 f   cg_syscalls.obj
 0001:00020e80       _trap_CIN_PlayCinematic    30021e80 f   cg_syscalls.obj
 0001:00020eb0       _trap_CIN_StopCinematic    30021eb0 f   cg_syscalls.obj
 0001:00020ed0       _trap_CIN_RunCinematic     30021ed0 f   cg_syscalls.obj
 0001:00020ef0       _trap_CIN_DrawCinematic    30021ef0 f   cg_syscalls.obj
 0001:00020f10       _trap_CIN_SetExtents       30021f10 f   cg_syscalls.obj
 0001:00020f40       _CG_PredictWeaponEffects   30021f40 f   cg_unlagged.obj
 0001:000216c0       _CG_AddBoundingBox         300226c0 f   cg_unlagged.obj
 0001:00021d50       _CG_Cvar_ClampInt          30022d50 f   cg_unlagged.obj
 0001:00021e00       _CG_TestModel_f            30022e00 f   cg_view.obj
 0001:00021f20       _CG_TestGun_f              30022f20 f   cg_view.obj
 0001:00021f40       _CG_TestModelNextFrame_f   30022f40 f   cg_view.obj
 0001:00021f60       _CG_TestModelPrevFrame_f   30022f60 f   cg_view.obj
 0001:00021f90       _CG_TestModelNextSkin_f    30022f90 f   cg_view.obj
 0001:00021fb0       _CG_TestModelPrevSkin_f    30022fb0 f   cg_view.obj
 0001:00021fe0       _CG_ZoomDown_f             30022fe0 f   cg_view.obj
 0001:00022030       _CG_ZoomUp_f               30023030 f   cg_view.obj
 0001:00022050       _CG_AddBufferedSound       30023050 f   cg_view.obj
 0001:00022090       _CG_DrawActiveFrame        30023090 f   cg_view.obj
 0001:000231d0       _CG_RailTrail              300241d0 f   cg_weapons.obj
 0001:00023630       _CG_GrappleTrail           30024630 f   cg_weapons.obj
 0001:000237b0       _CG_RegisterWeapon         300247b0 f   cg_weapons.obj
 0001:00024df0       _CG_RegisterItemVisuals    30025df0 f   cg_weapons.obj
 0001:00024ea0       _CG_AddPlayerWeapon        30025ea0 f   cg_weapons.obj
 0001:000254d0       _CG_AddViewWeapon          300264d0 f   cg_weapons.obj
 0001:00025860       _CG_DrawWeaponSelect       30026860 f   cg_weapons.obj
 0001:00025a20       _CG_NextWeapon_f           30026a20 f   cg_weapons.obj
 0001:00025ab0       _CG_PrevWeapon_f           30026ab0 f   cg_weapons.obj
 0001:00025b20       _CG_Weapon_f               30026b20 f   cg_weapons.obj
 0001:00025b80       _CG_OutOfAmmoChange        30026b80 f   cg_weapons.obj
 0001:00025bb0       _CG_FireWeapon             30026bb0 f   cg_weapons.obj
 0001:00025bb0       _CG_FireWeapon2            30026bb0 f   cg_weapons.obj
 0001:00025c70       _CG_MissileHitWall         30026c70 f   cg_weapons.obj
 0001:00026170       _CG_MissileHitPlayer       30027170 f   cg_weapons.obj
 0001:000261d0       _CG_ShotgunPattern         300271d0 f   cg_weapons.obj
 0001:00026450       _CG_ShotgunFire            30027450 f   cg_weapons.obj
 0001:00026570       _CG_Tracer                 30027570 f   cg_weapons.obj
 0001:000268f0       _CG_Bullet                 300278f0 f   cg_weapons.obj
 0001:00026b90       _CG_ScannerOn_f            30027b90 f   cg_weapons.obj
 0001:00026ba0       _CG_ScannerOff_f           30027ba0 f   cg_weapons.obj
 0001:00026bb0       _Q_rand                    30027bb0 f   q_math.obj
 0001:00026bd0       _Q_random                  30027bd0 f   q_math.obj
 0001:00026c00       _Q_crandom                 30027c00 f   q_math.obj
 0001:00026c20       _ByteToDir                 30027c20 f   q_math.obj
 0001:00026c80       _tonextint                 30027c80 f   q_math.obj
 0001:00026cf0       _RotatePointAroundVector   30027cf0 f   q_math.obj
 0001:00026eb0       _RotateAroundDirection     30027eb0 f   q_math.obj
 0001:00026f40       _vectoangles               30027f40 f   q_math.obj
 0001:00027050       _AnglesToAxis              30028050 f   q_math.obj
 0001:000270a0       _AxisClear                 300280a0 f   q_math.obj
 0001:000270d0       _AxisCopy                  300280d0 f   q_math.obj
 0001:00027110       _ProjectPointOnPlane       30028110 f   q_math.obj
 0001:000271a0       _LerpAngle                 300281a0 f   q_math.obj
 0001:000271f0       _AngleSubtract             300281f0 f   q_math.obj
 0001:00027240       _AnglesSubtract            30028240 f   q_math.obj
 0001:00027290       _AngleMod                  30028290 f   q_math.obj
 0001:00027290       _AngleNormalize360         30028290 f   q_math.obj
 0001:000272c0       _AngleNormalize180         300282c0 f   q_math.obj
 0001:000272f0       _irandom                   300282f0 f   q_math.obj
 0001:00027310       _VectorNormalize           30028310 f   q_math.obj
 0001:00027360       _VectorNormalize2          30028360 f   q_math.obj
 0001:000273d0       _MatrixMultiply            300283d0 f   q_math.obj
 0001:000274c0       _AngleVectors              300284c0 f   q_math.obj
 0001:00027610       _PerpendicularVector       30028610 f   q_math.obj
 0001:00027690       _COM_StripExtension        30028690 f   q_shared.obj
 0001:000276c0       _COM_Parse                 300286c0 f   q_shared.obj
 0001:000276d0       _COM_Compress              300286d0 f   q_shared.obj
 0001:000277c0       _COM_ParseExt              300287c0 f   q_shared.obj
 0001:00027930       _Q_strrchr                 30028930 f   q_shared.obj
 0001:00027960       _Q_strncpyz                30028960 f   q_shared.obj
 0001:000279c0       _Q_stricmpn                300289c0 f   q_shared.obj
 0001:00027a50       _Q_stricmp                 30028a50 f   q_shared.obj
 0001:00027a80       _Q_strupr                  30028a80 f   q_shared.obj
 0001:00027ab0       _Q_strcat                  30028ab0 f   q_shared.obj
 0001:00027b00       _Q_PrintStrlen             30028b00 f   q_shared.obj
 0001:00027b40       _Q_CleanStr                30028b40 f   q_shared.obj
 0001:00027b90       _Com_sprintf               30028b90 f   q_shared.obj
 0001:00027c10       _va                        30028c10 f   q_shared.obj
 0001:00027c50       _Info_ValueForKey          30028c50 f   q_shared.obj
 0001:00027d40       _SnapVectorTowards         30028d40 f   q_shared.obj
 0001:00027d90       _UI_Alloc                  30028d90 f   ui_shared.obj
 0001:00027de0       _UI_InitMemory             30028de0 f   ui_shared.obj
 0001:00027df0       _String_Alloc              30028df0 f   ui_shared.obj
 0001:00027f60       _String_Init               30028f60 f   ui_shared.obj
 0001:00027fc0       _PC_SourceError            30028fc0 f   ui_shared.obj
 0001:00028030       _LerpColor                 30029030 f   ui_shared.obj
 0001:000280a0       _Float_Parse               300290a0 f   ui_shared.obj
 0001:000280d0       _PC_Float_Parse            300290d0 f   ui_shared.obj
 0001:00028180       _Color_Parse               30029180 f   ui_shared.obj
 0001:000281c0       _PC_Color_Parse            300291c0 f   ui_shared.obj
 0001:00028200       _Int_Parse                 30029200 f   ui_shared.obj
 0001:00028230       _PC_Int_Parse              30029230 f   ui_shared.obj
 0001:000282d0       _Rect_Parse                300292d0 f   ui_shared.obj
 0001:00028330       _PC_Rect_Parse             30029330 f   ui_shared.obj
 0001:00028390       _String_Parse              30029390 f   ui_shared.obj
 0001:000283c0       _PC_String_Parse           300293c0 f   ui_shared.obj
 0001:00028410       _PC_Script_Parse           30029410 f   ui_shared.obj
 0001:00028530       _Init_Display              30029530 f   ui_shared.obj
 0001:00028540       _GradientBar_Paint         30029540 f   ui_shared.obj
 0001:00028580       _Window_Init               30029580 f   ui_shared.obj
 0001:000285b0       _Fade                      300295b0 f   ui_shared.obj
 0001:00028630       _Window_Paint              30029630 f   ui_shared.obj
 0001:00028a70       _Item_SetScreenCoords      30029a70 f   ui_shared.obj
 0001:00028ac0       _Item_UpdatePosition       30029ac0 f   ui_shared.obj
 0001:00028b20       _Menu_UpdatePosition       30029b20 f   ui_shared.obj
 0001:00028ba0       _Menu_PostParse            30029ba0 f   ui_shared.obj
 0001:00028be0       _Menu_ClearFocus           30029be0 f   ui_shared.obj
 0001:00028c50       _IsVisible                 30029c50 f   ui_shared.obj
 0001:00028c70       _Rect_ContainsPoint        30029c70 f   ui_shared.obj
 0001:00028cc0       _Menu_ItemsMatchingGroup   30029cc0 f   ui_shared.obj
 0001:00028d30       _Menu_GetMatchingItemByNumber 30029d30 f   ui_shared.obj
 0001:00028db0       _Script_SetColor           30029db0 f   ui_shared.obj
 0001:00028e80       _Script_SetAsset           30029e80 f   ui_shared.obj
 0001:00028ea0       _Script_SetBackground      30029ea0 f   ui_shared.obj
 0001:00028ed0       _Menu_FindItemByName       30029ed0 f   ui_shared.obj
 0001:00028f30       _Script_SetTeamColor       30029f30 f   ui_shared.obj
 0001:00028f80       _Script_SetItemColor       30029f80 f   ui_shared.obj
 0001:000290a0       _Menu_ShowItemByName       3002a0a0 f   ui_shared.obj
 0001:00029120       _Menu_FadeItemByName       3002a120 f   ui_shared.obj
 0001:00029180       _Menus_FindByName          3002a180 f   ui_shared.obj
 0001:000291d0       _Menus_OpenByName          3002a1d0 f   ui_shared.obj
 0001:000291e0       _Menus_CloseByName         3002a1e0 f   ui_shared.obj
 0001:00029250       _Script_Show               3002a250 f   ui_shared.obj
 0001:00029290       _Script_Hide               3002a290 f   ui_shared.obj
 0001:000292d0       _Script_FadeIn             3002a2d0 f   ui_shared.obj
 0001:00029310       _Script_FadeOut            3002a310 f   ui_shared.obj
 0001:00029350       _Script_Open               3002a350 f   ui_shared.obj
 0001:00029380       _Script_ConditionalOpen    3002a380 f   ui_shared.obj
 0001:00029400       _Script_Close              3002a400 f   ui_shared.obj
 0001:00029430       _Menu_TransitionItemByName 3002a430 f   ui_shared.obj
 0001:00029580       _Script_Transition         3002a580 f   ui_shared.obj
 0001:00029660       _Menu_OrbitItemByName      3002a660 f   ui_shared.obj
 0001:000296d0       _Script_Orbit              3002a6d0 f   ui_shared.obj
 0001:00029780       _Script_SetFocus           3002a780 f   ui_shared.obj
 0001:00029810       _Script_SetPlayerModel     3002a810 f   ui_shared.obj
 0001:00029840       _Script_SetPlayerHead      3002a840 f   ui_shared.obj
 0001:00029870       _Script_SetCvar            3002a870 f   ui_shared.obj
 0001:000298c0       _Script_Exec               3002a8c0 f   ui_shared.obj
 0001:00029900       _Script_Play               3002a900 f   ui_shared.obj
 0001:00029940       _Script_playLooped         3002a940 f   ui_shared.obj
 0001:00029980       _Item_RunScript            3002a980 f   ui_shared.obj
 0001:00029a70       _Item_EnableShowViaCvar    3002aa70 f   ui_shared.obj
 0001:00029b90       _Item_SetFocus             3002ab90 f   ui_shared.obj
 0001:00029d30       _Item_ListBox_MaxScroll    3002ad30 f   ui_shared.obj
 0001:00029d90       _Item_ListBox_ThumbPosition 3002ad90 f   ui_shared.obj
 0001:00029e40       _Item_ListBox_ThumbDrawPosition 3002ae40 f   ui_shared.obj
 0001:00029f50       _Item_Slider_ThumbPosition 3002af50 f   ui_shared.obj
 0001:00029fe0       _Item_Slider_OverSlider    3002afe0 f   ui_shared.obj
 0001:0002a040       _Item_ListBox_OverLB       3002b040 f   ui_shared.obj
 0001:0002a2c0       _Item_ListBox_MouseEnter   3002b2c0 f   ui_shared.obj
 0001:0002a3f0       _Item_MouseEnter           3002b3f0 f   ui_shared.obj
 0001:0002a530       _Item_MouseLeave           3002b530 f   ui_shared.obj
 0001:0002a580       _Item_SetMouseOver         3002b580 f   ui_shared.obj
 0001:0002a5b0       _Item_OwnerDraw_HandleKey  3002b5b0 f   ui_shared.obj
 0001:0002a5f0       _Item_ListBox_HandleKey    3002b5f0 f   ui_shared.obj
 0001:0002a9b0       _Item_YesNo_HandleKey      3002b9b0 f   ui_shared.obj
 0001:0002aa60       _Item_Multi_CountSettings  3002ba60 f   ui_shared.obj
 0001:0002aa80       _Item_Multi_FindCvarByValue 3002ba80 f   ui_shared.obj
 0001:0002ab50       _Item_Multi_Setting        3002bb50 f   ui_shared.obj
 0001:0002ac20       _Item_Multi_HandleKey      3002bc20 f   ui_shared.obj
 0001:0002ad70       _Item_TextField_HandleKey  3002bd70 f   ui_shared.obj
 0001:0002b1b0       _Item_StartCapture         3002c1b0 f   ui_shared.obj
 0001:0002b610       _Item_Slider_HandleKey     3002c610 f   ui_shared.obj
 0001:0002b780       _Item_HandleKey            3002c780 f   ui_shared.obj
 0001:0002b8a0       _Item_Action               3002c8a0 f   ui_shared.obj
 0001:0002b8c0       _Menu_SetPrevCursorItem    3002c8c0 f   ui_shared.obj
 0001:0002b9a0       _Menu_SetNextCursorItem    3002c9a0 f   ui_shared.obj
 0001:0002ba80       _Menus_Activate            3002ca80 f   ui_shared.obj
 0001:0002bbc0       _Display_VisibleMenuCount  3002cbc0 f   ui_shared.obj
 0001:0002bbf0       _Menus_HandleOOBClick      3002cbf0 f   ui_shared.obj
 0001:0002bcf0       _Menu_HandleKey            3002ccf0 f   ui_shared.obj
 0001:0002c250       _ToWindowCoords            3002d250 f   ui_shared.obj
 0001:0002c280       _Item_SetTextExtents       3002d280 f   ui_shared.obj
 0001:0002c430       _Item_TextColor            3002d430 f   ui_shared.obj
 0001:0002c610       _Item_Text_AutoWrapped_Paint 3002d610 f   ui_shared.obj
 0001:0002c800       _Item_Text_Wrapped_Paint   3002d800 f   ui_shared.obj
 0001:0002c950       _Item_Text_Paint           3002d950 f   ui_shared.obj
 0001:0002ca30       _Item_TextField_Paint      3002da30 f   ui_shared.obj
 0001:0002cc30       _Item_YesNo_Paint          3002dc30 f   ui_shared.obj
 0001:0002cdf0       _Item_Multi_Paint          3002ddf0 f   ui_shared.obj
 0001:0002cf60       _Controls_GetConfig        3002df60 f   ui_shared.obj
 0001:0002d030       _Controls_SetConfig        3002e030 f   ui_shared.obj
 0001:0002d0a0       _BindingIDFromName         3002e0a0 f   ui_shared.obj
 0001:0002d0f0       _BindingFromName           3002e0f0 f   ui_shared.obj
 0001:0002d1f0       _Item_Slider_Paint         3002e1f0 f   ui_shared.obj
 0001:0002d380       _Item_Bind_Paint           3002e380 f   ui_shared.obj
 0001:0002d550       _Item_Bind_HandleKey       3002e550 f   ui_shared.obj
 0001:0002d770       _AdjustFrom640             3002e770 f   ui_shared.obj
 0001:0002d7c0       _Item_Model_Paint          3002e7c0 f   ui_shared.obj
 0001:0002da30       _Item_ListBox_Paint        3002ea30 f   ui_shared.obj
 0001:0002e170       _Item_OwnerDraw_Paint      3002f170 f   ui_shared.obj
 0001:0002e530       _Item_Paint                3002f530 f   ui_shared.obj
 0001:0002e920       _Menu_Init                 3002f920 f   ui_shared.obj
 0001:0002e980       _Menu_GetFocused           3002f980 f   ui_shared.obj
 0001:0002e9c0       _Menu_ScrollFeeder         3002f9c0 f   ui_shared.obj
 0001:0002ea30       _Menu_SetFeederSelection   3002fa30 f   ui_shared.obj
 0001:0002eaf0       _Menus_ActivateByName      3002faf0 f   ui_shared.obj
 0001:0002eb70       _Item_Init                 3002fb70 f   ui_shared.obj
 0001:0002eba0       _Menu_HandleMouseMove      3002fba0 f   ui_shared.obj
 0001:0002ed30       _Menu_Paint                3002fd30 f   ui_shared.obj
 0001:0002ee50       _Item_ValidateTypeData     3002fe50 f   ui_shared.obj
 0001:0002ef20       _KeywordHash_Key           3002ff20 f   ui_shared.obj
 0001:0002ef90       _KeywordHash_Add           3002ff90 f   ui_shared.obj
 0001:0002efb0       _KeywordHash_Find          3002ffb0 f   ui_shared.obj
 0001:0002eff0       _ItemParse_name            3002fff0 f   ui_shared.obj
 0001:0002f010       _ItemParse_focusSound      30030010 f   ui_shared.obj
 0001:0002f050       _ItemParse_text            30030050 f   ui_shared.obj
 0001:0002f050       _MenuParse_soundLoop       30030050 f   ui_shared.obj
 0001:0002f070       _ItemParse_group           30030070 f   ui_shared.obj
 0001:0002f090       _ItemParse_asset_model     30030090 f   ui_shared.obj
 0001:0002f0f0       _ItemParse_asset_shader    300300f0 f   ui_shared.obj
 0001:0002f130       _ItemParse_model_origin    30030130 f   ui_shared.obj
 0001:0002f190       _ItemParse_model_rotation  30030190 f   ui_shared.obj
 0001:0002f1c0       _ItemParse_model_angle     300301c0 f   ui_shared.obj
 0001:0002f1f0       _ItemParse_rect            300301f0 f   ui_shared.obj
 0001:0002f210       _ItemParse_style           30030210 f   ui_shared.obj
 0001:0002f210       _MenuParse_style           30030210 f   ui_shared.obj
 0001:0002f230       _ItemParse_decoration      30030230 f   ui_shared.obj
 0001:0002f240       _ItemParse_notselectable   30030240 f   ui_shared.obj
 0001:0002f280       _ItemParse_wrapped         30030280 f   ui_shared.obj
 0001:0002f2a0       _ItemParse_autowrapped     300302a0 f   ui_shared.obj
 0001:0002f2c0       _ItemParse_horizontalscroll 300302c0 f   ui_shared.obj
 0001:0002f2e0       _ItemParse_type            300302e0 f   ui_shared.obj
 0001:0002f310       _ItemParse_model_fovx      30030310 f   ui_shared.obj
 0001:0002f310       _ItemParse_elementwidth    30030310 f   ui_shared.obj
 0001:0002f340       _ItemParse_elementheight   30030340 f   ui_shared.obj
 0001:0002f340       _ItemParse_model_fovy      30030340 f   ui_shared.obj
 0001:0002f370       _ItemParse_special         30030370 f   ui_shared.obj
 0001:0002f370       _ItemParse_feeder          30030370 f   ui_shared.obj
 0001:0002f390       _ItemParse_elementtype     30030390 f   ui_shared.obj
 0001:0002f3d0       _ItemParse_columns         300303d0 f   ui_shared.obj
 0001:0002f4a0       _MenuParse_border          300304a0 f   ui_shared.obj
 0001:0002f4a0       _ItemParse_border          300304a0 f   ui_shared.obj
 0001:0002f4c0       _MenuParse_borderSize      300304c0 f   ui_shared.obj
 0001:0002f4c0       _ItemParse_bordersize      300304c0 f   ui_shared.obj
 0001:0002f4e0       _ItemParse_ownerdraw       300304e0 f   ui_shared.obj
 0001:0002f510       _ItemParse_align           30030510 f   ui_shared.obj
 0001:0002f510       _MenuParse_fadeCycle       30030510 f   ui_shared.obj
 0001:0002f530       _ItemParse_textalign       30030530 f   ui_shared.obj
 0001:0002f550       _ItemParse_textalignx      30030550 f   ui_shared.obj
 0001:0002f550       _MenuParse_fadeAmount      30030550 f   ui_shared.obj
 0001:0002f570       _ItemParse_textaligny      30030570 f   ui_shared.obj
 0001:0002f590       _ItemParse_textscale       30030590 f   ui_shared.obj
 0001:0002f5b0       _ItemParse_textstyle       300305b0 f   ui_shared.obj
 0001:0002f5d0       _ItemParse_forecolor       300305d0 f   ui_shared.obj
 0001:0002f5d0       _MenuParse_forecolor       300305d0 f   ui_shared.obj
 0001:0002f620       _ItemParse_bordercolor     30030620 f   ui_shared.obj
 0001:0002f620       _MenuParse_bordercolor     30030620 f   ui_shared.obj
 0001:0002f670       _ItemParse_outlinecolor    30030670 f   ui_shared.obj
 0001:0002f670       _MenuParse_outlinecolor    30030670 f   ui_shared.obj
 0001:0002f690       _ItemParse_cinematic       30030690 f   ui_shared.obj
 0001:0002f690       _MenuParse_cinematic       30030690 f   ui_shared.obj
 0001:0002f6b0       _ItemParse_doubleClick     300306b0 f   ui_shared.obj
 0001:0002f6f0       _ItemParse_onFocus         300306f0 f   ui_shared.obj
 0001:0002f710       _ItemParse_leaveFocus      30030710 f   ui_shared.obj
 0001:0002f730       _ItemParse_mouseEnter      30030730 f   ui_shared.obj
 0001:0002f750       _ItemParse_mouseExit       30030750 f   ui_shared.obj
 0001:0002f770       _ItemParse_mouseEnterText  30030770 f   ui_shared.obj
 0001:0002f790       _ItemParse_mouseExitText   30030790 f   ui_shared.obj
 0001:0002f7b0       _ItemParse_action          300307b0 f   ui_shared.obj
 0001:0002f7d0       _ItemParse_cvarTest        300307d0 f   ui_shared.obj
 0001:0002f7f0       _ItemParse_cvar            300307f0 f   ui_shared.obj
 0001:0002f840       _ItemParse_maxChars        30030840 f   ui_shared.obj
 0001:0002f890       _ItemParse_maxPaintChars   30030890 f   ui_shared.obj
 0001:0002f8e0       _ItemParse_cvarFloat       300308e0 f   ui_shared.obj
 0001:0002f950       _ItemParse_cvarStrList     30030950 f   ui_shared.obj
 0001:0002fa50       _ItemParse_cvarFloatList   30030a50 f   ui_shared.obj
 0001:0002fb40       _ItemParse_addColorRange   30030b40 f   ui_shared.obj
 0001:0002fbc0       _ItemParse_enableCvar      30030bc0 f   ui_shared.obj
 0001:0002fbf0       _ItemParse_disableCvar     30030bf0 f   ui_shared.obj
 0001:0002fc30       _ItemParse_showCvar        30030c30 f   ui_shared.obj
 0001:0002fc70       _ItemParse_hideCvar        30030c70 f   ui_shared.obj
 0001:0002fcb0       _Item_SetupKeywordHash     30030cb0 f   ui_shared.obj
 0001:0002fcf0       _Item_Parse                30030cf0 f   ui_shared.obj
 0001:0002fdc0       _Item_InitControls         30030dc0 f   ui_shared.obj
 0001:0002fdf0       _MenuParse_font            30030df0 f   ui_shared.obj
 0001:0002fe50       _MenuParse_name            30030e50 f   ui_shared.obj
 0001:0002fe90       _MenuParse_fullscreen      30030e90 f   ui_shared.obj
 0001:0002feb0       _MenuParse_rect            30030eb0 f   ui_shared.obj
 0001:0002fed0       _ItemParse_visible         30030ed0 f   ui_shared.obj
 0001:0002fed0       _MenuParse_visible         30030ed0 f   ui_shared.obj
 0001:0002ff00       _MenuParse_onOpen          30030f00 f   ui_shared.obj
 0001:0002ff20       _MenuParse_onClose         30030f20 f   ui_shared.obj
 0001:0002ff40       _MenuParse_onESC           30030f40 f   ui_shared.obj
 0001:0002ff60       _ItemParse_backcolor       30030f60 f   ui_shared.obj
 0001:0002ff60       _MenuParse_backcolor       30030f60 f   ui_shared.obj
 0001:0002ffb0       _MenuParse_focuscolor      30030fb0 f   ui_shared.obj
 0001:00030000       _MenuParse_disablecolor    30031000 f   ui_shared.obj
 0001:00030050       _ItemParse_background      30031050 f   ui_shared.obj
 0001:00030050       _MenuParse_background      30031050 f   ui_shared.obj
 0001:00030090       _ItemParse_ownerdrawFlag   30031090 f   ui_shared.obj
 0001:00030090       _MenuParse_ownerdrawFlag   30031090 f   ui_shared.obj
 0001:000300c0       _MenuParse_ownerdraw       300310c0 f   ui_shared.obj
 0001:000300e0       _MenuParse_popup           300310e0 f   ui_shared.obj
 0001:00030100       _MenuParse_outOfBounds     30031100 f   ui_shared.obj
 0001:00030120       _MenuParse_fadeClamp       30031120 f   ui_shared.obj
 0001:00030140       _MenuParse_itemDef         30031140 f   ui_shared.obj
 0001:000301e0       _Menu_SetupKeywordHash     300311e0 f   ui_shared.obj
 0001:00030220       _Menu_Parse                30031220 f   ui_shared.obj
 0001:00030300       _Menu_New                  30031300 f   ui_shared.obj
 0001:00030350       _Menu_Count                30031350 f   ui_shared.obj
 0001:00030360       _Menu_PaintAll             30031360 f   ui_shared.obj
 0001:00030420       _Menu_Reset                30031420 f   ui_shared.obj
 0001:00030430       _Display_CaptureItem       30031430 f   ui_shared.obj
 0001:000304a0       _Display_MouseMove         300314a0 f   ui_shared.obj
 0001:00030560       _Display_CursorType        30031560 f   ui_shared.obj
 0001:00030600       _Display_HandleKey         30031600 f   ui_shared.obj
 0001:00030700       __fpmath                   30031700 f   LIBC:fpinit.obj
 0001:00030717       __fpclear                  30031717 f   LIBC:fpinit.obj
 0001:00030718       __cfltcvt_init             30031718 f   LIBC:fpinit.obj
 0001:00030750       __ftol                     30031750 f   LIBC:ftol.obj
 0001:00030777       _atol                      30031777 f   LIBC:atox.obj
 0001:00030802       _atoi                      30031802 f   LIBC:atox.obj
 0001:0003080d       _rand                      3003180d f   LIBC:rand.obj
 0001:00030830       __CIacos                   30031830 f   LIBC:acos.obj
 0001:00030844       _acos                      30031844 f   LIBC:acos.obj
 0001:000308fb       _vsprintf                  300318fb f   LIBC:vsprintf.obj
 0001:0003094c       _atof                      3003194c f   LIBC:atof.obj
 0001:000309a0       __chkstk                   300319a0 f   LIBC:chkstk.obj
 0001:000309a0       __alloca_probe             300319a0 f   LIBC:chkstk.obj
 0001:000309cf       _floor                     300319cf f   LIBC:floor.obj
 0001:00030ab0       _strchr                    30031ab0 f   LIBC:strchr.obj
 0001:00030ab6       ___from_strstr_to_strchr   30031ab6 f   LIBC:strchr.obj
 0001:00030b70       _strncpy                   30031b70 f   LIBC:strncpy.obj
 0001:00030c70       _strstr                    30031c70 f   LIBC:strstr.obj
 0001:00030cf0       _tolower                   30031cf0 f   LIBC:tolower.obj
 0001:00030dbb       _toupper                   30031dbb f   LIBC:toupper.obj
 0001:00030e90       _memmove                   30031e90 f   LIBC:memmove.obj
 0001:000311c5       __CRT_INIT@12              300321c5 f   LIBC:dllcrt0.obj
 0001:0003127d       __DllMainCRTStartup@12     3003227d f   LIBC:dllcrt0.obj
 0001:0003131a       __amsg_exit                3003231a f   LIBC:dllcrt0.obj
 0001:0003134d       __setdefaultprecision      3003234d f   LIBC:fp8.obj
 0001:0003135f       __ms_p5_test_fdiv          3003235f f   LIBC:testfdiv.obj
 0001:0003139d       __ms_p5_mp_test_fdiv       3003239d f   LIBC:testfdiv.obj
 0001:000313c6       __forcdecpt                300323c6 f   LIBC:cvt.obj
 0001:00031420       __cropzeros                30032420 f   LIBC:cvt.obj
 0001:0003146e       __positive                 3003246e f   LIBC:cvt.obj
 0001:00031486       __fassign                  30032486 f   LIBC:cvt.obj
 0001:000314c4       __cftoe                    300324c4 f   LIBC:cvt.obj
 0001:000315c8       __cftof                    300325c8 f   LIBC:cvt.obj
 0001:000316a6       __cftog                    300326a6 f   LIBC:cvt.obj
 0001:0003178b       __cfltcvt                  3003278b f   LIBC:cvt.obj
 0001:00031801       __isctype                  30032801 f   LIBC:isctype.obj
 0001:00031880       __allmul                   30032880 f   LIBC:llmul.obj
 0001:000318c0       __trandisp1                300328c0 f   LIBC:87disp.obj
 0001:00031927       __trandisp2                30032927 f   LIBC:87disp.obj
 0001:000319b3       __rttospopde               300329b3 f   LIBC:87disp.obj
 0001:000319b8       __rttospop                 300329b8 f   LIBC:87disp.obj
 0001:000319ba       __rtnospop                 300329ba f   LIBC:87disp.obj
 0001:000319bc       __rttosnpop                300329bc f   LIBC:87disp.obj
 0001:000319bd       __rtnospopde               300329bd f   LIBC:87disp.obj
 0001:000319c4       __rtzeropop                300329c4 f   LIBC:87disp.obj
 0001:000319c6       __rtzeronpop               300329c6 f   LIBC:87disp.obj
 0001:000319cb       __rtonepop                 300329cb f   LIBC:87disp.obj
 0001:000319cd       __rtonenpop                300329cd f   LIBC:87disp.obj
 0001:000319d2       __tosnan1                  300329d2 f   LIBC:87disp.obj
 0001:000319fd       __nosnan2                  300329fd f   LIBC:87disp.obj
 0001:000319ff       __tosnan2                  300329ff f   LIBC:87disp.obj
 0001:00031a27       __nan2                     30032a27 f   LIBC:87disp.obj
 0001:00031a66       __rtindfpop                30032a66 f   LIBC:87disp.obj
 0001:00031a68       __rtindfnpop               30032a68 f   LIBC:87disp.obj
 0001:00031a79       __rttosnpopde              30032a79 f   LIBC:87disp.obj
 0001:00031a83       __rtchsifneg               30032a83 f   LIBC:87disp.obj
 0001:00031a90       __startTwoArgErrorHandling 30032a90 f   LIBC:genexcep.obj
 0001:00031aa7       __startOneArgErrorHandling 30032aa7 f   LIBC:genexcep.obj
 0001:00031af0       __twoToTOS                 30032af0 f   LIBC:common.obj
 0001:00031b05       __load_CW                  30032b05 f   LIBC:common.obj
 0001:00031b1c       __convertTOStoQNaN         30032b1c f   LIBC:common.obj
 0001:00031b35       __fload_withFB             30032b35 f   LIBC:common.obj
 0001:00031b78       __checkTOS_withFB          30032b78 f   LIBC:common.obj
 0001:00031b8e       __fast_exit                30032b8e f   LIBC:common.obj
 0001:00031b9b       __math_exit                30032b9b f   LIBC:common.obj
 0001:00031bc5       __check_overflow_exit      30032bc5 f   LIBC:common.obj
 0001:00031bd9       __check_range_exit         30032bd9 f   LIBC:common.obj
 0001:00031c7c       __flsbuf                   30032c7c f   LIBC:_flsbuf.obj
 0001:00031d91       __output                   30032d91 f   LIBC:output.obj
 0001:0003259b       __fltin                    3003359b f   LIBC:cfin.obj
 0001:00032630       _strlen                    30033630 f   LIBC:strlen.obj
 0001:000326ab       __handle_qnan1             300336ab f   LIBC:fpexcept.obj
 0001:000326fe       __except1                  300336fe f   LIBC:fpexcept.obj
 0001:00032796       __raise_exc                30033796 f   LIBC:fpexcept.obj
 0001:00032a49       __handle_exc               30033a49 f   LIBC:fpexcept.obj
 0001:00032c60       __umatherr                 30033c60 f   LIBC:fpexcept.obj
 0001:00032ce8       __set_errno                30033ce8 f   LIBC:fpexcept.obj
 0001:00032d33       __errcode                  30033d33 f   LIBC:fpexcept.obj
 0001:00032d60       __frnd                     30033d60 f   LIBC:frnd.obj
 0001:00032d72       __set_exp                  30033d72 f   LIBC:util.obj
 0001:00032d9b       __sptype                   30033d9b f   LIBC:util.obj
 0001:00032df5       __decomp                   30033df5 f   LIBC:util.obj
 0001:00032eb6       __statfp                   30033eb6 f   LIBC:fpctrl.obj
 0001:00032ec4       __clrfp                    30033ec4 f   LIBC:fpctrl.obj
 0001:00032ed3       __ctrlfp                   30033ed3 f   LIBC:fpctrl.obj
 0001:00032ef6       __set_statfp               30033ef6 f   LIBC:fpctrl.obj
 0001:00032f4c       ___crtLCMapStringA         30033f4c f   LIBC:a_map.obj
 0001:0003319b       __cinit                    3003419b f   LIBC:crt0dat.obj
 0001:000331c8       __exit                     300341c8 f   LIBC:crt0dat.obj
 0001:000331d9       __cexit                    300341d9 f   LIBC:crt0dat.obj
 0001:0003329b       __heap_init                3003429b f   LIBC:heapinit.obj
 0001:000332d7       __heap_term                300342d7 f   LIBC:heapinit.obj
 0001:0003334c       __ioinit                   3003434c f   LIBC:ioinit.obj
 0001:000334f7       __ioterm                   300344f7 f   LIBC:ioinit.obj
 0001:0003351a       __setenvp                  3003451a f   LIBC:stdenvp.obj
 0001:000335d3       __setargv                  300345d3 f   LIBC:stdargv.obj
 0001:00033820       ___crtGetEnvironmentStringsA 30034820 f   LIBC:a_env.obj
 0001:00033952       _DllMain@12                30034952 f   LIBC:dllmain.obj
 0001:00033972       __FF_MSGBANNER             30034972 f   LIBC:crt0msg.obj
 0001:000339ab       __NMSG_WRITE               300349ab f   LIBC:crt0msg.obj
 0001:00033afe       __control87                30034afe f   LIBC:ieee87.obj
 0001:00033b33       __controlfp                30034b33 f   LIBC:ieee87.obj
 0001:00033c64       __ZeroTail                 30034c64 f   LIBC:intrncvt.obj
 0001:00033cad       __IncMan                   30034cad f   LIBC:intrncvt.obj
 0001:00033d03       __RoundMan                 30034d03 f   LIBC:intrncvt.obj
 0001:00033d8f       __CopyMan                  30034d8f f   LIBC:intrncvt.obj
 0001:00033daa       __FillZeroMan              30034daa f   LIBC:intrncvt.obj
 0001:00033db6       __IsZeroMan                30034db6 f   LIBC:intrncvt.obj
 0001:00033dd1       __ShrMan                   30034dd1 f   LIBC:intrncvt.obj
 0001:00033e5e       __ld12cvt                  30034e5e f   LIBC:intrncvt.obj
 0001:00033fca       __ld12tod                  30034fca f   LIBC:intrncvt.obj
 0001:00033fe0       __ld12tof                  30034fe0 f   LIBC:intrncvt.obj
 0001:00033ff6       __atodbl                   30034ff6 f   LIBC:intrncvt.obj
 0001:00034023       __atoflt                   30035023 f   LIBC:intrncvt.obj
 0001:00034050       _strcpy                    30035050 f   LIBC:strcat.obj
 0001:00034060       _strcat                    30035060 f   LIBC:strcat.obj
 0001:00034140       __fptostr                  30035140 f   LIBC:_fptostr.obj
 0001:000341b7       __fltout                   300351b7 f   LIBC:cfout.obj
 0001:0003421b       ___dtold                   3003521b f   LIBC:cfout.obj
 0001:000342e0       _memset                    300352e0 f   LIBC:memset.obj
 0001:00034338       __fptrap                   30035338 f   LIBC:crt0fp.obj
 0001:00034341       ___crtGetStringTypeA       30035341 f   LIBC:a_str.obj
 0001:0003448a       __87except                 3003548a f   LIBC:87except.obj
 0001:0003455a       __lseek                    3003555a f   LIBC:lseek.obj
 0001:000345f4       __write                    300355f4 f   LIBC:write.obj
 0001:000347a1       __getbuf                   300357a1 f   LIBC:_getbuf.obj
 0001:000347e5       __isatty                   300357e5 f   LIBC:isatty.obj
 0001:0003480b       ___initstdio               3003580b f   LIBC:_file.obj
 0001:000348b0       ___endstdio                300358b0 f   LIBC:_file.obj
 0001:000348c4       _wctomb                    300358c4 f   LIBC:wctomb.obj
 0001:00034930       __aulldiv                  30035930 f   LIBC:ulldiv.obj
 0001:000349a0       __aullrem                  300359a0 f   LIBC:ullrem.obj
 0001:00034a15       ___strgtold12              30035a15 f   LIBC:strgtold.obj
 0001:00034ee6       __matherr                  30035ee6 f   LIBC:matherr.obj
 0001:00034eec       __global_unwind2           30035eec f   LIBC:exsup.obj
 0001:00034f2e       __local_unwind2            30035f2e f   LIBC:exsup.obj
 0001:00034f86       __NLG_Return2              30035f86 f   LIBC:exsup.obj
 0001:00034f96       __abnormal_termination     30035f96 f   LIBC:exsup.obj
 0001:00034fb9       __NLG_Notify1              30035fb9 f   LIBC:exsup.obj
 0001:00034fc2       __NLG_Notify               30035fc2 f   LIBC:exsup.obj
 0001:00034fd5       __NLG_Dispatch             30035fd5 f   LIBC:exsup.obj
 0001:00034fe4       __except_handler3          30035fe4 f   LIBC:exsup3.obj
 0001:000350a1       __seh_longjmp_unwind@4     300360a1 f   LIBC:exsup3.obj
 0001:000350bc       ___sbh_heap_init           300360bc f   LIBC:sbheap.obj
 0001:000350fa       ___sbh_find_block          300360fa f   LIBC:sbheap.obj
 0001:00035125       ___sbh_free_block          30036125 f   LIBC:sbheap.obj
 0001:00035450       ___sbh_alloc_block         30036450 f   LIBC:sbheap.obj
 0001:00035759       ___sbh_alloc_new_region    30036759 f   LIBC:sbheap.obj
 0001:0003580a       ___sbh_alloc_new_group     3003680a f   LIBC:sbheap.obj
 0001:00035905       _malloc                    30036905 f   LIBC:malloc.obj
 0001:00035917       __nh_malloc                30036917 f   LIBC:malloc.obj
 0001:00035943       __heap_alloc               30036943 f   LIBC:malloc.obj
 0001:00035979       _free                      30036979 f   LIBC:free.obj
 0001:000359a8       __setmbcp                  300369a8 f   LIBC:mbctype.obj
 0001:00035d6c       ___initmbctable            30036d6c f   LIBC:mbctype.obj
 0001:00035d90       _memcpy                    30036d90 f   LIBC:memcpy.obj
 0001:000360c5       ___crtMessageBoxA          300370c5 f   LIBC:crtmbox.obj
 0001:0003614e       ___addl                    3003714e f   LIBC:mantold.obj
 0001:0003616f       ___add_12                  3003716f f   LIBC:mantold.obj
 0001:000361cd       ___shl_12                  300371cd f   LIBC:mantold.obj
 0001:000361fb       ___shr_12                  300371fb f   LIBC:mantold.obj
 0001:00036228       ___mtold12                 30037228 f   LIBC:mantold.obj
 0001:000362ef       _$I10_OUTPUT               300372ef f   LIBC:x10fout.obj
 0001:00036582       __dosmaperr                30037582 f   LIBC:dosmap.obj
 0001:000365e9       __free_osfhnd              300375e9 f   LIBC:osfinfo.obj
 0001:00036663       __get_osfhandle            30037663 f   LIBC:osfinfo.obj
 0001:000366a0       _calloc                    300376a0 f   LIBC:calloc.obj
 0001:0003671d       __fcloseall                3003771d f   LIBC:closeall.obj
 0001:00036775       _fflush                    30037775 f   LIBC:fflush.obj
 0001:000367b0       __flush                    300377b0 f   LIBC:fflush.obj
 0001:0003680c       __flushall                 3003780c f   LIBC:fflush.obj
 0001:00036882       ___ld12mul                 30037882 f   LIBC:tenpow.obj
 0001:00036aa2       ___multtenpow12            30037aa2 f   LIBC:tenpow.obj
 0001:00036b1e       __callnewh                 30037b1e f   LIBC:handler.obj
 0001:00036b39       _fclose                    30037b39 f   LIBC:fclose.obj
 0001:00036b8f       __commit                   30037b8f f   LIBC:commit.obj
 0001:00036be6       __close                    30037be6 f   LIBC:close.obj
 0001:00036c99       __freebuf                  30037c99 f   LIBC:_freebuf.obj
 0001:00036cc4       _RtlUnwind@16              30037cc4 f   kernel32:KERNEL32.dll
 0002:00000000       __imp__FreeEnvironmentStringsW@4 30038000     kernel32:KERNEL32.dll
 0002:00000004       __imp__GetVersion@0        30038004     kernel32:KERNEL32.dll
 0002:00000008       __imp__GetProcAddress@8    30038008     kernel32:KERNEL32.dll
 0002:0000000c       __imp__GetModuleHandleA@4  3003800c     kernel32:KERNEL32.dll
 0002:00000010       __imp__RaiseException@16   30038010     kernel32:KERNEL32.dll
 0002:00000014       __imp__WideCharToMultiByte@32 30038014     kernel32:KERNEL32.dll
 0002:00000018       __imp__MultiByteToWideChar@24 30038018     kernel32:KERNEL32.dll
 0002:0000001c       __imp__LCMapStringA@24     3003801c     kernel32:KERNEL32.dll
 0002:00000020       __imp__LCMapStringW@24     30038020     kernel32:KERNEL32.dll
 0002:00000024       __imp__ExitProcess@4       30038024     kernel32:KERNEL32.dll
 0002:00000028       __imp__TerminateProcess@8  30038028     kernel32:KERNEL32.dll
 0002:0000002c       __imp__GetCurrentProcess@0 3003802c     kernel32:KERNEL32.dll
 0002:00000030       __imp__HeapDestroy@4       30038030     kernel32:KERNEL32.dll
 0002:00000034       __imp__HeapCreate@12       30038034     kernel32:KERNEL32.dll
 0002:00000038       __imp__VirtualFree@12      30038038     kernel32:KERNEL32.dll
 0002:0000003c       __imp__HeapFree@12         3003803c     kernel32:KERNEL32.dll
 0002:00000040       __imp__SetHandleCount@4    30038040     kernel32:KERNEL32.dll
 0002:00000044       __imp__GetStdHandle@4      30038044     kernel32:KERNEL32.dll
 0002:00000048       __imp__GetFileType@4       30038048     kernel32:KERNEL32.dll
 0002:0000004c       __imp__GetStartupInfoA@4   3003804c     kernel32:KERNEL32.dll
 0002:00000050       __imp__GetModuleFileNameA@12 30038050     kernel32:KERNEL32.dll
 0002:00000054       __imp__FreeEnvironmentStringsA@4 30038054     kernel32:KERNEL32.dll
 0002:00000058       __imp__GetCommandLineA@0   30038058     kernel32:KERNEL32.dll
 0002:0000005c       __imp__GetEnvironmentStrings@0 3003805c     kernel32:KERNEL32.dll
 0002:00000060       __imp__GetEnvironmentStringsW@0 30038060     kernel32:KERNEL32.dll
 0002:00000064       __imp__DisableThreadLibraryCalls@4 30038064     kernel32:KERNEL32.dll
 0002:00000068       __imp__WriteFile@20        30038068     kernel32:KERNEL32.dll
 0002:0000006c       __imp__GetStringTypeA@20   3003806c     kernel32:KERNEL32.dll
 0002:00000070       __imp__GetStringTypeW@16   30038070     kernel32:KERNEL32.dll
 0002:00000074       __imp__GetLastError@0      30038074     kernel32:KERNEL32.dll
 0002:00000078       __imp__SetFilePointer@16   30038078     kernel32:KERNEL32.dll
 0002:0000007c       __imp__RtlUnwind@16        3003807c     kernel32:KERNEL32.dll
 0002:00000080       __imp__HeapAlloc@12        30038080     kernel32:KERNEL32.dll
 0002:00000084       __imp__VirtualAlloc@16     30038084     kernel32:KERNEL32.dll
 0002:00000088       __imp__HeapReAlloc@16      30038088     kernel32:KERNEL32.dll
 0002:0000008c       __imp__GetCPInfo@8         3003808c     kernel32:KERNEL32.dll
 0002:00000090       __imp__GetACP@0            30038090     kernel32:KERNEL32.dll
 0002:00000094       __imp__GetOEMCP@0          30038094     kernel32:KERNEL32.dll
 0002:00000098       __imp__LoadLibraryA@4      30038098     kernel32:KERNEL32.dll
 0002:0000009c       __imp__SetStdHandle@8      3003809c     kernel32:KERNEL32.dll
 0002:000000a0       __imp__FlushFileBuffers@4  300380a0     kernel32:KERNEL32.dll
 0002:000000a4       __imp__CloseHandle@4       300380a4     kernel32:KERNEL32.dll
 0002:000000a8       \177KERNEL32_NULL_THUNK_DATA 300380a8     kernel32:KERNEL32.dll
 0002:000000b0       __real@4@c0049000000000000000 300380b0     bg_misc.obj
 0002:000000b4       __real@4@40049000000000000000 300380b4     bg_misc.obj
 0002:000000b8       __real@4@c004c800000000000000 300380b8     bg_misc.obj
 0002:000000bc       __real@4@4004b000000000000000 300380bc     bg_misc.obj
 0002:000000c0       __real@8@4004f000000000000000 300380c0     bg_misc.obj
 0002:000000c8       __real@8@4007c800000000000000 300380c8     bg_misc.obj
 0002:000000d0       __real@4@00000000000000000000 300380d0     bg_misc.obj
 0002:000000d4       __real@4@4001c90fdb0000000000 300380d4     bg_misc.obj
 0002:000000d8       __real@8@3ff583126e978d4fe000 300380d8     bg_misc.obj
 0002:000000e0       __real@4@4005f000000000000000 300380e0     bg_misc.obj
 0002:000000e4       __real@4@4008c800000000000000 300380e4     bg_misc.obj
 0002:000000e8       __real@8@3ffe8000000000000000 300380e8     bg_misc.obj
 0002:000000f0       __real@4@4004b400000000000000 300380f0     bg_misc.obj
 0002:000000f8       __real@8@3ff7b400000000000000 300380f8     bg_pmove.obj
 0002:00000100       __real@4@3fff8000000000000000 30038100     bg_pmove.obj
 0002:00000104       __real@4@c004f000000000000000 30038104     bg_pmove.obj
 0002:00000108       __real@8@4005fe00000000000000 30038108     bg_pmove.obj
 0002:00000110       __real@4@4006c800000000000000 30038110     bg_pmove.obj
 0002:00000114       __real@4@40038000000000000000 30038114     bg_pmove.obj
 0002:00000118       __real@4@40018000000000000000 30038118     bg_pmove.obj
 0002:0000011c       __real@4@4003f000000000000000 3003811c     bg_pmove.obj
 0002:00000120       __real@4@4002a000000000000000 30038120     bg_pmove.obj
 0002:00000124       __real@4@4005c800000000000000 30038124     bg_pmove.obj
 0002:00000128       __real@4@c0038000000000000000 30038128     bg_pmove.obj
 0002:00000130       __real@8@3fff8000000000000000 30038130     bg_pmove.obj
 0002:00000138       __real@8@3ffdaaaaaaaaaaaaa800 30038138     bg_pmove.obj
 0002:00000140       __real@4@4003a000000000000000 30038140     bg_pmove.obj
 0002:00000148       __real@8@3fffc000000000000000 30038148     bg_pmove.obj
 0002:00000150       __real@4@c006c800000000000000 30038150     bg_pmove.obj
 0002:00000154       __real@4@3ffeb333330000000000 30038154     bg_pmove.obj
 0002:00000158       __real@8@3ffd8000000000000000 30038158     bg_pmove.obj
 0002:00000160       __real@4@4001e000000000000000 30038160     bg_pmove.obj
 0002:00000164       __real@4@4004a000000000000000 30038164     bg_pmove.obj
 0002:00000168       __real@4@4004f000000000000000 30038168     bg_pmove.obj
 0002:00000170       __real@8@3ff1d1b71758e2196800 30038170     bg_pmove.obj
 0002:00000178       __real@4@3ffe8000000000000000 30038178     bg_pmove.obj
 0002:0000017c       __real@4@40058000000000000000 3003817c     bg_pmove.obj
 0002:00000180       __real@4@4003c000000000000000 30038180     bg_pmove.obj
 0002:00000184       __real@4@4003b800000000000000 30038184     bg_pmove.obj
 0002:00000188       __real@4@4001a000000000000000 30038188     bg_pmove.obj
 0002:00000190       __real@8@3ffec4ec4ec4ec4ec000 30038190     bg_pmove.obj
 0002:00000198       __real@8@3ffbccccccccccccd000 30038198     bg_slidemove.obj
 0002:000001a0       __real@8@3ffefd70a3d70a3d7000 300381a0     bg_slidemove.obj
 0002:000001a8       __real@4@4002f000000000000000 300381a8     bg_slidemove.obj
 0002:000001ac       __real@4@4002b000000000000000 300381ac     bg_slidemove.obj
 0002:000001b0       __real@4@40008000000000000000 300381b0     bg_slidemove.obj
 0002:000001b8       __real@8@3ffeb333333333333000 300381b8     bg_slidemove.obj
 0002:000001c0       __real@4@40039000000000000000 300381c0     bg_slidemove.obj
 0002:000001c8       __real@8@4000eece540f4898d000 300381c8     cg_draw.obj
 0002:000001d0       __real@8@bffe8000000000000000 300381d0     cg_draw.obj
 0002:000001d8       __real@8@3ff483126e978d4fe000 300381d8     cg_draw.obj
 0002:000001e0       __real@4@bffe8000000000000000 300381e0     cg_draw.obj
 0002:000001e4       __real@4@40028000000000000000 300381e4     cg_draw.obj
 0002:000001e8       __real@4@4004c000000000000000 300381e8     cg_draw.obj
 0002:000001ec       __real@4@3ff591a2b3c4d5e6f800 300381ec     cg_draw.obj
 0002:000001f0       __real@4@3ff6da740da740da7800 300381f0     cg_draw.obj
 0002:000001f4       __real@4@3ffdaaaaaaaaaaaaa800 300381f4     cg_draw.obj
 0002:000001f8       __real@4@4008fa00000000000000 300381f8     cg_draw.obj
 0002:000001fc       __real@4@3ff7a3d70a3d70a3d800 300381fc     cg_draw.obj
 0002:00000200       __real@4@4007a000000000000000 30038200     cg_draw.obj
 0002:00000204       __real@4@40108000000000000000 30038204     cg_draw.obj
 0002:00000208       __real@4@3ffb8000000000000000 30038208     cg_drawtools.obj
 0002:00000210       __real@8@3ffb8000000000000000 30038210     cg_drawtools.obj
 0002:00000218       __real@8@3ff98000000000000000 30038218     cg_drawtools.obj
 0002:00000220       __real@8@3ff7a3d70a3d70a3d800 30038220     cg_drawtools.obj
 0002:00000228       __real@8@3ffa8888888888888800 30038228     cg_drawtools.obj
 0002:00000230       __real@8@3ff9f83e0f83e0f84000 30038230     cg_drawtools.obj
 0002:00000238       __real@8@3ffff878787878788000 30038238     cg_drawtools.obj
 0002:00000240       __real@4@3ff78000000000000000 30038240     cg_drawtools.obj
 0002:00000244       __real@4@3ffec000000000000000 30038244     cg_drawtools.obj
 0002:00000248       __real@8@3ffeccccccccccccd000 30038248     cg_drawtools.obj
 0002:00000250       __real@4@4000c000000000000000 30038250     cg_drawtools.obj
 0002:00000254       __real@4@4003d800000000000000 30038254     cg_drawtools.obj
 0002:00000258       __real@4@3ffbd800000000000000 30038258     cg_drawtools.obj
 0002:00000260       __real@8@4001c000000000000000 30038260     cg_effects.obj
 0002:00000268       __real@8@4001a000000000000000 30038268     cg_effects.obj
 0002:00000270       __real@4@3ff583126e978d4fe000 30038270     cg_effects.obj
 0002:00000274       __real@4@4006fa00000000000000 30038274     cg_effects.obj
 0002:00000278       __real@4@3ff08001000200040000 30038278     cg_effects.obj
 0002:0000027c       __real@4@4006ff00000000000000 3003827c     cg_effects.obj
 0002:00000280       __real@4@4007b400000000000000 30038280     cg_effects.obj
 0002:00000284       __real@4@400abb80000000000000 30038284     cg_effects.obj
 0002:00000288       __real@8@4006fa00000000000000 30038288     cg_effects.obj
 0002:00000290       __real@8@4006c800000000000000 30038290     cg_effects.obj
 0002:00000298       __real@8@4005c800000000000000 30038298     cg_effects.obj
 0002:000002a0       __real@4@4003c800000000000000 300382a0     cg_effects.obj
 0002:000002a4       __real@4@3ff58000000000000000 300382a4     cg_ents.obj
 0002:000002a8       __real@8@3ff48000000000000000 300382a8     cg_ents.obj
 0002:000002b0       __real@4@bff58000000000000000 300382b0     cg_ents.obj
 0002:000002b4       __real@4@4002c000000000000000 300382b4     cg_ents.obj
 0002:000002b8       __real@8@40018000000000000000 300382b8     cg_ents.obj
 0002:000002c0       __real@8@3feea7c5ac471b478800 300382c0     cg_ents.obj
 0002:000002c8       __real@8@3fffb400000000000000 300382c8     cg_ents.obj
 0002:000002d0       __real@4@4004e000000000000000 300382d0     cg_ents.obj
 0002:000002d8       __real@8@4008e52ee0681e792800 300382d8     cg_ents.obj
 0002:000002e0       __real@4@40048000000000000000 300382e0     cg_event.obj
 0002:000002e4       __real@4@c0008000000000000000 300382e4     cg_localents.obj
 0002:000002e8       __real@8@40038000000000000000 300382e8     cg_localents.obj
 0002:000002f0       __real@8@4008fa00000000000000 300382f0     cg_localents.obj
 0002:000002f8       __real@4@3ff783126e978d4fe000 300382f8     cg_localents.obj
 0002:000002fc       __real@4@3ff495cbec1aeaa47000 300382fc     cg_localents.obj
 0002:00000300       __real@4@3ff683126e978d4fe000 30038300     cg_localents.obj
 0002:00000304       __real@4@3ff483126e978d4fe000 30038304     cg_localents.obj
 0002:00000308       __real@8@3ff29d495182a9930800 30038308     cg_localents.obj
 0002:00000310       __real@8@4002a000000000000000 30038310     cg_localents.obj
 0002:00000318       __real@8@4003a000000000000000 30038318     cg_localents.obj
 0002:00000320       __real@4@4005dc00000000000000 30038320     cg_localents.obj
 0002:00000324       __real@4@4008ff00000000000000 30038324     cg_localents.obj
 0002:00000328       __real@8@40028000000000000000 30038328     cg_localents.obj
 0002:00000330       __real@8@4003f000000000000000 30038330     cg_localents.obj
 0002:00000338       __real@8@4004a800000000000000 30038338     cg_localents.obj
 0002:00000340       __real@8@3ffda8f5c28f5c28f800 30038340     cg_localents.obj
 0002:00000348       __real@4@4001c000000000000000 30038348     cg_main.obj
 0002:00000350       __real@8@3ff68888888888888800 30038350     cg_main.obj
 0002:00000358       __real@8@3ff5ccccccccccccd000 30038358     cg_main.obj
 0002:00000360       __real@4@c003a000000000000000 30038360     cg_marks.obj
 0002:00000368       __real@8@4007e100000000000000 30038368     cg_marks.obj
 0002:00000370       __real@8@3ff3aec33e1f67152800 30038370     cg_marks.obj
 0002:00000378       __real@4@400b8000000000000000 30038378     cg_marks.obj
 0002:0000037c       __real@4@40098000000000000000 3003837c     cg_marks.obj
 0002:00000380       __real@8@3ffeaaaaaaaaaaaaa800 30038380     cg_marks.obj
 0002:00000388       __real@4@3ffefff9720000000000 30038388     cg_marks.obj
 0002:00000390       __real@8@40008000000000000000 30038390     cg_marks.obj
 0002:00000398       __real@4@3ff7b60b60b60b60b800 30038398     cg_marks.obj
 0002:0000039c       __real@4@4000c90fdb0000000000 3003839c     cg_marks.obj
 0002:000003a0       __real@8@3ffee666666666666800 300383a0     cg_marks.obj
 0002:000003a8       __real@8@4004c800000000000000 300383a8     cg_marks.obj
 0002:000003b0       __real@8@4006b300000000000000 300383b0     cg_marks.obj
 0002:000003b8       __real@8@3ffdccccccccccccd000 300383b8     cg_marks.obj
 0002:000003c0       __real@8@4000c000000000000000 300383c0     cg_marks.obj
 0002:000003c8       __real@4@bfff8000000000000000 300383c8     cg_newDraw.obj
 0002:000003cc       __real@4@40049800000000000000 300383cc     cg_newDraw.obj
 0002:000003d0       __real@4@4004c800000000000000 300383d0     cg_newDraw.obj
 0002:000003d8       __real@8@4005b400000000000000 300383d8     cg_newDraw.obj
 0002:000003e0       __real@4@4009fa00000000000000 300383e0     cg_newDraw.obj
 0002:000003e8       __real@8@4006b400000000000000 300383e8     cg_newDraw.obj
 0002:000003f0       __real@8@4000c90fdb0000000000 300383f0     cg_newDraw.obj
 0002:000003f8       __real@4@4006b400000000000000 300383f8     cg_newDraw.obj
 0002:00000400       __real@8@3fffa000000000000000 30038400     cg_newDraw.obj
 0002:00000408       __real@4@4007fa00000000000000 30038408     cg_newDraw.obj
 0002:00000410       __real@8@3ff5c9a633fcd9673000 30038410     cg_newDraw.obj
 0002:00000418       __real@8@3ffec000000000000000 30038418     cg_newDraw.obj
 0002:00000420       __real@4@4000a333333333333800 30038420     cg_players.obj
 0002:00000424       __real@4@3ffca3d70a3d70a3d800 30038424     cg_players.obj
 0002:00000428       __real@8@3fffc90fdb0000000000 30038428     cg_players.obj
 0002:00000430       __real@4@4005b400000000000000 30038430     cg_players.obj
 0002:00000434       __real@4@4004e52ee0681e792800 30038434     cg_players.obj
 0002:00000438       __real@8@4002f000000000000000 30038438     cg_players.obj
 0002:00000440       __real@4@3ff9c9d9b4b4b4b4b000 30038440     cg_players.obj
 0002:00000444       __real@4@3ffacccccd0000000000 30038444     cg_players.obj
 0002:00000448       __real@4@40068000000000000000 30038448     cg_players.obj
 0002:00000450       __real@8@bfff8000000000000000 30038450     cg_playerstate.obj
 0002:00000458       __real@4@3ffbcccccd0000000000 30038458     cg_playerstate.obj
 0002:00000460       __real@8@3fffb4b4b4b4b4b4b000 30038460     cg_playerstate.obj
 0002:00000468       __real@8@4004a000000000000000 30038468     cg_playerstate.obj
 0002:00000470       __real@4@3ff8a3d70b0000000000 30038470     cg_predict.obj
 0002:00000474       __real@4@c0048000000000000000 30038474     cg_scanner.obj
 0002:00000478       __real@4@4007af00000000000000 30038478     cg_scanner.obj
 0002:0000047c       __real@4@4004dc00000000000000 3003847c     cg_scanner.obj
 0002:00000480       __real@4@3ffaaaaaaaaaaaaaa800 30038480     cg_scanner.obj
 0002:000004d8       __real@8@4009c800000000000000 300384d8     cg_unlagged.obj
 0002:000004e0       __real@4@400c8000000000000000 300384e0     cg_unlagged.obj
 0002:000004e4       __real@4@4002e000000000000000 300384e4     cg_unlagged.obj
 0002:000004e8       __real@4@c0028000000000000000 300384e8     cg_view.obj
 0002:000004f0       __real@8@3ff9caa5254a952a5000 300384f0     cg_view.obj
 0002:000004f8       __real@8@c004e52ee0681e793000 300384f8     cg_view.obj
 0002:00000500       __real@8@40048000000000000000 30038500     cg_view.obj
 0002:00000508       __real@4@3ff98efa355555555800 30038508     cg_view.obj
 0002:0000050c       __real@4@40088000000000000000 3003850c     cg_view.obj
 0002:00000510       __real@4@4007e100000000000000 30038510     cg_view.obj
 0002:00000514       __real@4@3ff7da740da740da7800 30038514     cg_view.obj
 0002:00000518       __real@4@40069600000000000000 30038518     cg_view.obj
 0002:0000051c       __real@4@3ff6a3d70a3d70a3d800 3003851c     cg_view.obj
 0002:00000520       __real@4@3ff8a3d70a3d70a3d800 30038520     cg_view.obj
 0002:00000528       __real@8@3ff8da740da740da7800 30038528     cg_view.obj
 0002:00000530       __real@8@3ff6a4b5be76c8b43800 30038530     cg_view.obj
 0002:00000538       __real@4@4005e52ee0681e792800 30038538     cg_view.obj
 0002:0000053c       __real@4@3ff88efa355555555800 3003853c     cg_view.obj
 0002:00000540       __real@4@4006a000000000000000 30038540     cg_view.obj
 0002:00000544       __real@4@4003d000000000000000 30038544     cg_weapons.obj
 0002:00000548       __real@8@3ffcccccccccccccd000 30038548     cg_weapons.obj
 0002:00000550       __real@4@4004fc00000000000000 30038550     cg_weapons.obj
 0002:00000558       __real@8@4005a000000000000000 30038558     cg_weapons.obj
 0002:00000560       __real@8@4005f000000000000000 30038560     cg_weapons.obj
 0002:00000568       __real@8@4006ff00000000000000 30038568     cg_weapons.obj
 0002:00000570       __real@4@3ff4aec33e1f67152800 30038570     cg_weapons.obj
 0002:00000578       __real@8@bffcccccccccccccd000 30038578     cg_weapons.obj
 0002:00000580       __real@8@3ff4da740da740da7800 30038580     cg_weapons.obj
 0002:00000588       __real@8@3ff5da740da740da7800 30038588     cg_weapons.obj
 0002:00000590       __real@8@3ff8a3d70a3d70a3d800 30038590     cg_weapons.obj
 0002:00000598       __real@4@400caf00000000000000 30038598     cg_weapons.obj
 0002:0000059c       __real@4@3fef8000000000000000 3003859c     q_math.obj
 0002:000005a0       __real@8@4004e52ee0681e792800 300385a0     q_math.obj
 0002:000005a8       __real@4@40078700000000000000 300385a8     q_math.obj
 0002:000005ac       __real@4@c006b400000000000000 300385ac     q_math.obj
 0002:000005b0       __real@8@4006b60b60b60b60b800 300385b0     q_math.obj
 0002:000005b8       __real@8@4007b400000000000000 300385b8     q_math.obj
 0002:000005c0       __real@4@3ff98efa350000000000 300385c0     q_math.obj
 0002:000005c8       __real@8@00000000000000000000 300385c8     ui_shared.obj
 0002:000005d0       __real@8@40038800000000000000 300385d0     ui_shared.obj
 0002:000005d8       __real@8@4005c000000000000000 300385d8     ui_shared.obj
 0002:000005e0       __real@8@3ff8aaaaaaaaaaaaa800 300385e0     ui_shared.obj
 0002:000005e8       __real@4@3ff8aaaaaaaaaaaaa800 300385e8     ui_shared.obj
 0002:000005ec       __real@4@3ffecccccd0000000000 300385ec     ui_shared.obj
 0002:000005f0       __real@8@3ffad677500000000000 300385f0     ui_shared.obj
 0002:000005f8       __real@8@4015800bf60000000000 300385f8     LIBC:testfdiv.obj
 0002:00000600       __real@8@4014bffffc0000000000 30038600     LIBC:testfdiv.obj
 0002:00000608       ??_C@_0BK@JEGK@IsProcessorFeaturePresent?$AA@ 30038608     LIBC:testfdiv.obj
 0002:00000624       ??_C@_08OBID@KERNEL32?$AA@ 30038624     LIBC:testfdiv.obj
 0002:00000630       ??_C@_05OFLO@e?$CL000?$AA@ 30038630     LIBC:cvt.obj
 0002:00000648       __DEFAULT_CW_in_mem        30038648     LIBC:common.obj
 0002:0000064a       __pi_by_2_to_61            3003864a     LIBC:common.obj
 0002:00000684       ___lookuptable             30038684     LIBC:output.obj
 0002:000006e0       ??_C@_1O@POHA@?$AA?$CI?$AAn?$AAu?$AAl?$AAl?$AA?$CJ?$AA?$AA@ 300386e0     LIBC:output.obj
 0002:000006f0       ??_C@_06ONKE@?$CInull?$CJ?$AA@ 300386f0     LIBC:output.obj
 0002:000006f8       ??_C@_03GAFO@_yn?$AA@      300386f8     LIBC:fpexcept.obj
 0002:000006fc       ??_C@_03GNLD@_y1?$AA@      300386fc     LIBC:fpexcept.obj
 0002:00000700       ??_C@_03MHCE@_y0?$AA@      30038700     LIBC:fpexcept.obj
 0002:00000704       ??_C@_05PAK@frexp?$AA@     30038704     LIBC:fpexcept.obj
 0002:0000070c       ??_C@_04JKCH@fmod?$AA@     3003870c     LIBC:fpexcept.obj
 0002:00000714       ??_C@_06GGHF@_hypot?$AA@   30038714     LIBC:fpexcept.obj
 0002:0000071c       ??_C@_05JNMC@_cabs?$AA@    3003871c     LIBC:fpexcept.obj
 0002:00000724       ??_C@_05MEKH@ldexp?$AA@    30038724     LIBC:fpexcept.obj
 0002:0000072c       ??_C@_04KAOJ@modf?$AA@     3003872c     LIBC:fpexcept.obj
 0002:00000734       ??_C@_04EHAJ@fabs?$AA@     30038734     LIBC:fpexcept.obj
[...]
 0001:00015f70       _CG_DrawPlayerAmmoValue    30016f70 f   cg_newDraw.obj
 0001:00016060       _CG_DrawPlayerHead         30017060 f   cg_newDraw.obj
 0001:00016350       _CG_DrawSelectedPlayerHealth 30017350 f   cg_newDraw.obj
 0001:00016430       _CG_DrawSelectedPlayerArmor 30017430 f   cg_newDraw.obj
 0001:00016510       _CG_DrawSelectedPlayerStatus 30017510 f   cg_newDraw.obj
 0001:00016590       _CG_DrawPlayerStatus       30017590 f   cg_newDraw.obj
 0001:000165e0       _CG_DrawSelectedPlayerName 300175e0 f   cg_newDraw.obj
 0001:00016650       _CG_DrawSelectedPlayerLocation 30017650 f   cg_newDraw.obj
 0001:000166c0       _CG_DrawPlayerLocation     300176c0 f   cg_newDraw.obj
 0001:00016730       _CG_DrawSelectedPlayerWeapon 30017730 f   cg_newDraw.obj
 0001:00016790       _CG_DrawPlayerScore        30017790 f   cg_newDraw.obj
 0001:00016850       _CG_DrawPlayerItem         30017850 f   cg_newDraw.obj
 0001:000168a0       _CG_DrawSelectedPlayerPowerup 300178a0 f   cg_newDraw.obj
 0001:00016930       _CG_DrawSelectedPlayerHead 30017930 f   cg_newDraw.obj
 0001:00016aa0       _CG_DrawPlayerHealth       30017aa0 f   cg_newDraw.obj
 0001:00016b60       _CG_DrawRedScore           30017b60 f   cg_newDraw.obj
 0001:00016bf0       _CG_DrawBlueScore          30017bf0 f   cg_newDraw.obj
 0001:00016c80       _CG_DrawRedName            30017c80 f   cg_newDraw.obj
 0001:00016cc0       _CG_DrawBlueName           30017cc0 f   cg_newDraw.obj
 0001:00016d00       _CG_DrawBlueFlagName       30017d00 f   cg_newDraw.obj
 0001:00016d80       _CG_DrawBlueFlagStatus     30017d80 f   cg_newDraw.obj
 0001:00016ea0       _CG_DrawBlueFlagHead       30017ea0 f   cg_newDraw.obj
 0001:00016f30       _CG_DrawRedFlagName        30017f30 f   cg_newDraw.obj
 0001:00016fb0       _CG_DrawRedFlagStatus      30017fb0 f   cg_newDraw.obj
 0001:000170d0       _CG_DrawRedFlagHead        300180d0 f   cg_newDraw.obj
 0001:00017160       _CG_HarvesterSkulls        30018160 f   cg_newDraw.obj
 0001:000172f0       _CG_OneFlagStatus          300182f0 f   cg_newDraw.obj
 0001:000173c0       _CG_DrawCTFPowerUp         300183c0 f   cg_newDraw.obj
 0001:00017410       _CG_DrawTeamColor          30018410 f   cg_newDraw.obj
 0001:00017460       _CG_DrawAreaPowerUp        30018460 f   cg_newDraw.obj
 0001:00017690       _CG_DrawPlayerHasFlag      30018690 f   cg_newDraw.obj
 0001:00017710       _CG_DrawAreaSystemChat     30018710 f   cg_newDraw.obj
 0001:00017740       _CG_DrawAreaTeamChat       30018740 f   cg_newDraw.obj
 0001:00017770       _CG_DrawAreaChat           30018770 f   cg_newDraw.obj
 0001:000177a0       _CG_DrawKiller             300187a0 f   cg_newDraw.obj
 0001:00017820       _CG_DrawCapFragLimit       30018820 f   cg_newDraw.obj
 0001:00017870       _CG_Draw1stPlace           30018870 f   cg_newDraw.obj
 0001:000178c0       _CG_Draw2ndPlace           300188c0 f   cg_newDraw.obj
 0001:00017910       _CG_DrawGameStatus         30018910 f   cg_newDraw.obj
 0001:00017950       _CG_DrawGameType           30018950 f   cg_newDraw.obj
 0001:0000f070       _CG_ForceModelChange       30010070 f   cg_main.obj
 0001:0000fc60       _CG_OwnerDrawHandleKey     30010c60 f   cg_main.obj
 0001:0000fc70       _CG_FeederCount            30010c70 f   cg_main.obj
 0001:0000fcf0       _CG_FeederItemText         30010cf0 f   cg_main.obj
 0001:0000ff80       _CG_InfoFromScoreIndex     30010f80 f   cg_main.obj
 0001:0000fc60       _CG_FeederItemImage        30010c60 f   cg_main.obj
 0001:0000fff0       _CG_FeederSelection        30010ff0 f   cg_main.obj
 0001:00010060       _CG_Cvar_Get               30011060 f   cg_main.obj
 0001:000100a0       _CG_OwnerDrawWidth         300110a0 f   cg_main.obj
 0001:00010160       _CG_PlayCinematic          30011160 f   cg_main.obj
 0001:000101a0       _CG_StopCinematic          300111a0 f   cg_main.obj
 0001:000101b0       _CG_DrawCinematic          300111b0 f   cg_main.obj
 0001:000101f0       _CG_RunCinematicFrame      300111f0 f   cg_main.obj
 0001:00010530       _CG_RegisterSounds         30011530 f   cg_main.obj
 0001:000110a0       _CG_RegisterItemSounds     300120a0 f   cg_main.obj
 0001:000111a0       _CG_RegisterGraphics       300121a0 f   cg_main.obj
 0001:00011c90       _CG_RegisterClients        30012c90 f   cg_main.obj
 0001:0000e990       _CG_AddMoveScaleFade       3000f990 f   cg_localents.obj
 0001:0000ea80       _CG_AddScaleFade           3000fa80 f   cg_localents.obj
 0001:0000eb20       _CG_AddFallScaleFade       3000fb20 f   cg_localents.obj
 0001:0000ebd0       _CG_AddExplosion           3000fbd0 f   cg_localents.obj
 0001:0000ec70       _CG_AddSpriteExplosion     3000fc70 f   cg_localents.obj
 0001:0000d850       _CG_DrawLoadingIcons       3000e850 f   cg_info.obj
 0001:0000ca30       _CG_Obituary               3000da30 f   cg_event.obj
 0001:0000d010       _CG_UseItem                3000e010 f   cg_event.obj
 0001:0000d110       _CG_ItemPickup             3000e110 f   cg_event.obj
 0001:00009850       _CG_CalcEntityLerpPositions 3000a850 f   cg_ents.obj
 0001:00009a10       _CG_InterpolateEntityPosition 3000aa10 f   cg_ents.obj
 0001:00009b40       _CG_AddCEntity             3000ab40 f   cg_ents.obj
 0001:00009c40       _CG_TURRET                 3000ac40 f   cg_ents.obj
 0001:00009d30       _CG_EntityEffects          3000ad30 f   cg_ents.obj
 0001:00009df0       _CG_General                3000adf0 f   cg_ents.obj
 0001:00009eb0       _CG_Speaker                3000aeb0 f   cg_ents.obj
 0001:00009f60       _CG_Item                   3000af60 f   cg_ents.obj
 0001:0000a5b0       _CG_Missile                3000b5b0 f   cg_ents.obj
 0001:0000a7d0       _CG_Grapple                3000b7d0 f   cg_ents.obj
 0001:0000a8c0       _CG_Mover                  3000b8c0 f   cg_ents.obj
 0001:0000a9b0       _CG_Portal                 3000b9b0 f   cg_ents.obj
 0001:0000aae0       _CG_TeamBase               3000bae0 f   cg_ents.obj
 0001:00007690       _CG_TileClearBox           30008690 f   cg_drawtools.obj
 0001:00007ac0       _UI_DrawProportionalString2 30008ac0 f   cg_drawtools.obj
 0001:000055b0       _CG_Draw2D                 300065b0 f   cg_draw.obj
 0001:000056a0       _CG_DrawUpperRight         300066a0 f   cg_draw.obj
 0001:00005740       _CG_DrawAttacker           30006740 f   cg_draw.obj
 0001:00005840       _CG_DrawSnapshot           30006840 f   cg_draw.obj
 0001:000058b0       _CG_DrawFPS                300068b0 f   cg_draw.obj
 0001:00005970       _CG_DrawTimer              30006970 f   cg_draw.obj
 0001:00005a20       _CG_DrawTeamOverlay        30006a20 f   cg_draw.obj
 0001:00005e80       _CG_DrawReward             30006e80 f   cg_draw.obj
 0001:00006020       _CG_DrawLagometer          30007020 f   cg_draw.obj
 0001:00006390       _CG_DrawDisconnect         30007390 f   cg_draw.obj
 0001:00006430       _CG_DrawCenterString       30007430 f   cg_draw.obj
 0001:00006550       _CG_DrawCrosshair          30007550 f   cg_draw.obj
 0001:000066c0       _CG_DrawCrosshairNames     300076c0 f   cg_draw.obj
 0001:00006790       _CG_ScanForCrosshairEntity 30007790 f   cg_draw.obj
 0001:00006870       _CG_DrawSpectator          30007870 f   cg_draw.obj
 0001:000068e0       _CG_DrawVote               300078e0 f   cg_draw.obj
 0001:00006980       _CG_DrawTeamVote           30007980 f   cg_draw.obj
 0001:00006a40       _CG_DrawScoreboard         30007a40 f   cg_draw.obj
 0001:00006b50       _CG_DrawIntermission       30007b50 f   cg_draw.obj
 0001:00006b70       _CG_DrawFollow             30007b70 f   cg_draw.obj
 0001:00006c30       _CG_DrawAmmoWarning        30007c30 f   cg_draw.obj
 0001:00006c80       _CG_DrawProxWarning        30007c80 f   cg_draw.obj
 0001:00006d60       _CG_DrawWarmup             30007d60 f   cg_draw.obj
 0001:00007020       _CG_DrawTourneyScoreboard  30008020 f   cg_draw.obj
 0001:00004040       _CG_SizeUp_f               30005040 f   cg_consolecmds.obj
 0001:00004070       _CG_SizeDown_f             30005070 f   cg_consolecmds.obj
 0001:000040a0       _CG_Viewpos_f              300050a0 f   cg_consolecmds.obj
 0001:000040e0       _CG_ScoresDown_f           300050e0 f   cg_consolecmds.obj
 0001:00004140       _CG_ScoresUp_f             30005140 f   cg_consolecmds.obj
 0001:00004160       _CG_LoadHud_f              30005160 f   cg_consolecmds.obj
 0001:000041c0       _CG_scrollScoresDown_f     300051c0 f   cg_consolecmds.obj
 0001:00004200       _CG_scrollScoresUp_f       30005200 f   cg_consolecmds.obj
 0001:00004240       _CG_spWin_f                30005240 f   cg_consolecmds.obj
 0001:000042b0       _CG_spLose_f               300052b0 f   cg_consolecmds.obj
 0001:00004320       _CG_TellTarget_f           30005320 f   cg_consolecmds.obj
 0001:00004380       _CG_TellAttacker_f         30005380 f   cg_consolecmds.obj
 0001:000043e0       _CG_VoiceTellTarget_f      300053e0 f   cg_consolecmds.obj
 0001:00004440       _CG_VoiceTellAttacker_f    30005440 f   cg_consolecmds.obj
 0001:000044a0       _CG_NextTeamMember_f       300054a0 f   cg_consolecmds.obj
 0001:000044b0       _CG_PrevTeamMember_f       300054b0 f   cg_consolecmds.obj
 0001:000044c0       _CG_NextOrder_f            300054c0 f   cg_consolecmds.obj
 0001:00004560       _CG_ConfirmOrder_f         30005560 f   cg_consolecmds.obj
 0001:000045c0       _CG_DenyOrder_f            300055c0 f   cg_consolecmds.obj
 0001:00004610       _CG_TaskOffense_f          30005610 f   cg_consolecmds.obj
 0001:00004660       _CG_TaskDefense_f          30005660 f   cg_consolecmds.obj
 0001:00004690       _CG_TaskPatrol_f           30005690 f   cg_consolecmds.obj
 0001:000046c0       _CG_TaskCamp_f             300056c0 f   cg_consolecmds.obj
 0001:000046f0       _CG_TaskFollow_f           300056f0 f   cg_consolecmds.obj
 0001:00004720       _CG_TaskRetrieve_f         30005720 f   cg_consolecmds.obj
 0001:00004750       _CG_TaskEscort_f           30005750 f   cg_consolecmds.obj
 0001:00004780       _CG_TaskOwnFlag_f          30005780 f   cg_consolecmds.obj
 0001:000047a0       _CG_TauntKillInsult_f      300057a0 f   cg_consolecmds.obj
 0001:000047b0       _CG_TauntPraise_f          300057b0 f   cg_consolecmds.obj
 0001:000047c0       _CG_TauntTaunt_f           300057c0 f   cg_consolecmds.obj
 0001:000047d0       _CG_TauntDeathInsult_f     300057d0 f   cg_consolecmds.obj
 0001:000047e0       _CG_TauntGauntlet_f        300057e0 f   cg_consolecmds.obj
 0001:000047f0       _CG_TaskSuicide_f          300057f0 f   cg_consolecmds.obj
 0001:00004830       _CG_StartOrbit_f           30005830 f   cg_consolecmds.obj
 0001:00000ef0       _PM_WaterJumpMove          30001ef0 f   bg_pmove.obj
 0001:00000f40       _PM_WaterMove              30001f40 f   bg_pmove.obj
 0001:00001120       _PM_Friction               30002120 f   bg_pmove.obj
 0001:00001270       _PM_Accelerate             30002270 f   bg_pmove.obj
 0001:000012f0       _PM_CmdScale               300022f0 f   bg_pmove.obj
 0001:00001380       _PM_CheckWaterJump         30002380 f   bg_pmove.obj
 0001:000014e0       _PM_InvulnerabilityMove    300024e0 f   bg_pmove.obj
 0001:00001520       _PM_FlyMove                30002520 f   bg_pmove.obj
 0001:00001600       _PM_AirMove                30002600 f   bg_pmove.obj
 0001:00001720       _PM_SetMovementDir         30002720 f   bg_pmove.obj
 0001:000017f0       _PM_GrappleMove            300027f0 f   bg_pmove.obj
 0001:00001930       _PM_WalkMove               30002930 f   bg_pmove.obj
 0001:00001c50       _PM_CheckJump              30002c50 f   bg_pmove.obj
 0001:00001d10       _PM_ForceLegsAnim          30002d10 f   bg_pmove.obj
 0001:00001d30       _PM_StartLegsAnim          30002d30 f   bg_pmove.obj
 0001:00001d60       _PM_DeadMove               30002d60 f   bg_pmove.obj
 0001:00001e20       _PM_NoclipMove             30002e20 f   bg_pmove.obj
 0001:00002000       _PM_GroundTrace            30003000 f   bg_pmove.obj
 0001:00002280       _PM_CrashLand              30003280 f   bg_pmove.obj
 0001:00002430       _PM_FootstepForSurface     30003430 f   bg_pmove.obj
 0001:00002450       _PM_CorrectAllSolid        30003450 f   bg_pmove.obj
 0001:00002610       _PM_GroundTraceMissed      30003610 f   bg_pmove.obj
 0001:00002720       _PM_SetWaterLevel          30003720 f   bg_pmove.obj
 0001:00002850       _PM_CheckDuck              30003850 f   bg_pmove.obj
 0001:00002a60       _PM_Footsteps              30003a60 f   bg_pmove.obj
 0001:00002c30       _PM_ContinueLegsAnim       30003c30 f   bg_pmove.obj
 0001:00002c60       _PM_WaterEvents            30003c60 f   bg_pmove.obj
 0001:00002cf0       _PM_TorsoAnimation         30003cf0 f   bg_pmove.obj
 0001:00002d20       _PM_ContinueTorsoAnim      30003d20 f   bg_pmove.obj
 0001:00002d50       _PM_StartTorsoAnim         30003d50 f   bg_pmove.obj
 0001:00002d80       _PM_Weapon                 30003d80 f   bg_pmove.obj
 0001:00003160       _PM_BeginWeaponChange      30004160 f   bg_pmove.obj
 0001:000031d0       _PM_FinishWeaponChange     300041d0 f   bg_pmove.obj
 0001:00003230       _PM_Animate                30004230 f   bg_pmove.obj
 0001:000032f0       _PM_DropTimers             300042f0 f   bg_pmove.obj
 0001:00003380       _PM_LadderMove             30004380 f   bg_pmove.obj
 0001:00036815       _flsall                    30037815 f   LIBC:fflush.obj
 0001:00035e00       LeadUp1                    30036e00 f   LIBC:memcpy.obj
 0001:00035e2c       LeadUp2                    30036e2c f   LIBC:memcpy.obj
 0001:00035e50       LeadUp3                    30036e50 f   LIBC:memcpy.obj
 0001:00035ecf       UnwindUp0                  30036ecf f   LIBC:memcpy.obj
 0001:00035ebc       UnwindUp1                  30036ebc f   LIBC:memcpy.obj
 0001:00035eb4       UnwindUp2                  30036eb4 f   LIBC:memcpy.obj
 0001:00035eac       UnwindUp3                  30036eac f   LIBC:memcpy.obj
 0001:00035ea4       UnwindUp4                  30036ea4 f   LIBC:memcpy.obj
 0001:00035e9c       UnwindUp5                  30036e9c f   LIBC:memcpy.obj
 0001:00035e94       UnwindUp6                  30036e94 f   LIBC:memcpy.obj
 0001:00035e8c       UnwindUp7                  30036e8c f   LIBC:memcpy.obj
 0001:00035ee8       TrailUp0                   30036ee8 f   LIBC:memcpy.obj
 0001:00035ef0       TrailUp1                   30036ef0 f   LIBC:memcpy.obj
 0001:00035efc       TrailUp2                   30036efc f   LIBC:memcpy.obj
 0001:00035f10       TrailUp3                   30036f10 f   LIBC:memcpy.obj
 0001:00035f88       LeadDown1                  30036f88 f   LIBC:memcpy.obj
 0001:00035fa8       LeadDown2                  30036fa8 f   LIBC:memcpy.obj
 0001:00035fd0       LeadDown3                  30036fd0 f   LIBC:memcpy.obj
 0001:00036024       UnwindDown7                30037024 f   LIBC:memcpy.obj
 0001:0003602c       UnwindDown6                3003702c f   LIBC:memcpy.obj
 0001:00036034       UnwindDown5                30037034 f   LIBC:memcpy.obj
 0001:0003603c       UnwindDown4                3003703c f   LIBC:memcpy.obj
 0001:00036044       UnwindDown3                30037044 f   LIBC:memcpy.obj
 0001:0003604c       UnwindDown2                3003704c f   LIBC:memcpy.obj
 0001:00036054       UnwindDown1                30037054 f   LIBC:memcpy.obj
 0001:00036067       UnwindDown0                30037067 f   LIBC:memcpy.obj
 0001:00036080       TrailDown0                 30037080 f   LIBC:memcpy.obj
 0001:00036088       TrailDown1                 30037088 f   LIBC:memcpy.obj
 0001:00036098       TrailDown2                 30037098 f   LIBC:memcpy.obj
 0001:000360ac       TrailDown3                 300370ac f   LIBC:memcpy.obj
 0001:00035b41       _getSystemCP               30036b41 f   LIBC:mbctype.obj
 0001:00035b8b       _CPtoLCID                  30036b8b f   LIBC:mbctype.obj
 0001:00035bbe       _setSBCS                   30036bbe f   LIBC:mbctype.obj
 0001:00035be7       _setSBUpLow                30036be7 f   LIBC:mbctype.obj
 0001:00034f04       _gu_return                 30035f04 f   LIBC:exsup.obj
 0001:00034f0c       __unwind_handler           30035f0c f   LIBC:exsup.obj
 0001:00033b49       __abstract_cw              30034b49 f   LIBC:ieee87.obj
 0001:00033bdb       __hw_cw                    30034bdb f   LIBC:ieee87.obj
 0001:0003366c       _parse_cmdline             3003466c f   LIBC:stdargv.obj
 0001:000331e8       _doexit                    300341e8 f   LIBC:crt0dat.obj
 0001:00033281       __initterm                 30034281 f   LIBC:crt0dat.obj
 0001:00033170       _strncnt                   30034170 f   LIBC:a_map.obj
 0001:00032d0e       __get_fname                30033d0e f   LIBC:fpexcept.obj
 0001:000324d2       _write_char                300334d2 f   LIBC:output.obj
 0001:00032507       _write_multi_char          30033507 f   LIBC:output.obj
 0001:00032538       _write_string              30033538 f   LIBC:output.obj
 0001:00032570       _get_int_arg               30033570 f   LIBC:output.obj
 0001:0003257d       _get_int64_arg             3003357d f   LIBC:output.obj
 0001:0003258d       _get_short_arg             3003358d f   LIBC:output.obj
 0001:00031741       __cftoe_g                  30032741 f   LIBC:cvt.obj
 0001:00031768       __cftof_g                  30032768 f   LIBC:cvt.obj
 0001:000317dc       __shift                    300327dc f   LIBC:cvt.obj
 0001:00030f00       LeadUp1                    30031f00 f   LIBC:memmove.obj
 0001:00030f2c       LeadUp2                    30031f2c f   LIBC:memmove.obj
 0001:00030f50       LeadUp3                    30031f50 f   LIBC:memmove.obj
 0001:00030fcf       UnwindUp0                  30031fcf f   LIBC:memmove.obj
 0001:00030fbc       UnwindUp1                  30031fbc f   LIBC:memmove.obj
 0001:00030fb4       UnwindUp2                  30031fb4 f   LIBC:memmove.obj
 0001:00030fac       UnwindUp3                  30031fac f   LIBC:memmove.obj
 0001:00030fa4       UnwindUp4                  30031fa4 f   LIBC:memmove.obj
 0001:00030f9c       UnwindUp5                  30031f9c f   LIBC:memmove.obj
 0001:00030f94       UnwindUp6                  30031f94 f   LIBC:memmove.obj
 0001:00030f8c       UnwindUp7                  30031f8c f   LIBC:memmove.obj
 0001:00030fe8       TrailUp0                   30031fe8 f   LIBC:memmove.obj
 0001:00030ff0       TrailUp1                   30031ff0 f   LIBC:memmove.obj
 0001:00030ffc       TrailUp2                   30031ffc f   LIBC:memmove.obj
 0001:00031010       TrailUp3                   30032010 f   LIBC:memmove.obj
 0001:00031088       LeadDown1                  30032088 f   LIBC:memmove.obj
 0001:000310a8       LeadDown2                  300320a8 f   LIBC:memmove.obj
 0001:000310d0       LeadDown3                  300320d0 f   LIBC:memmove.obj
 0001:00031124       UnwindDown7                30032124 f   LIBC:memmove.obj
 0001:0003112c       UnwindDown6                3003212c f   LIBC:memmove.obj
 0001:00031134       UnwindDown5                30032134 f   LIBC:memmove.obj
 0001:0003113c       UnwindDown4                3003213c f   LIBC:memmove.obj
 0001:00031144       UnwindDown3                30032144 f   LIBC:memmove.obj
 0001:0003114c       UnwindDown2                3003214c f   LIBC:memmove.obj
 0001:00031154       UnwindDown1                30032154 f   LIBC:memmove.obj
 0001:00031167       UnwindDown0                30032167 f   LIBC:memmove.obj
 0001:00031180       TrailDown0                 30032180 f   LIBC:memmove.obj
 0001:00031188       TrailDown1                 30032188 f   LIBC:memmove.obj
 0001:00031198       TrailDown2                 30032198 f   LIBC:memmove.obj
 0001:000311ac       TrailDown3                 300321ac f   LIBC:memmove.obj

 1056 bytes saved through ICF

