 cgamex86

 Timestamp is 4462fcb7 (Thu May 11 01:58:31 2006)

 Preferred load address is 30000000

 Start         Length     Name                   Class
 0001:00000000 000360daH .text                   CODE
 0002:00000000 000000acH .idata$5                DATA
 0002:000000b0 00000a67H .rdata                  DATA
 0002:00000b18 00000014H .idata$2                DATA
 0002:00000b2c 00000014H .idata$3                DATA
 0002:00000b40 000000acH .idata$4                DATA
 0002:00000bec 000002e4H .idata$6                DATA
 0002:00000ed0 00000059H .edata                  DATA
 0003:00000000 00000004H .CRT$XCA                DATA
 0003:00000004 00000004H .CRT$XCZ                DATA
 0003:00000008 00000004H .CRT$XIA                DATA
 0003:0000000c 00000008H .CRT$XIC                DATA
 0003:00000014 00000004H .CRT$XIZ                DATA
 0003:00000018 00000004H .CRT$XPA                DATA
 0003:0000001c 00000004H .CRT$XPX                DATA
 0003:00000020 00000004H .CRT$XPZ                DATA
 0003:00000024 00000004H .CRT$XTA                DATA
 0003:00000028 00000004H .CRT$XTZ                DATA
 0003:00000030 0000ba2cH .data                   DATA
 0003:0000ba60 00532640H .bss                    DATA

  Address         Publics by Value              Rva+Base     Lib:Object

 0001:00000000       _BG_FindItemForPowerup     30001000 f   bg_misc.obj
 0001:00000050       _BG_FindItemForHoldable    30001050 f   bg_misc.obj
 0001:000000a0       _BG_PlayerTouchesItem      300010a0 f   bg_misc.obj
 0001:00000140       _BG_CanItemBeGrabbed       30001140 f   bg_misc.obj
 0001:000003c0       _BG_EvaluateTrajectory     300013c0 f   bg_misc.obj
 0001:00000500       _BG_EvaluateTrajectoryDelta 30001500 f   bg_misc.obj
 0001:000005f0       _BG_AddPredictableEventToPlayerstate 300015f0 f   bg_misc.obj
 0001:00000620       _BG_TouchJumpPad           30001620 f   bg_misc.obj
 0001:000006c0       _BG_PlayerStateToEntityState 300016c0 f   bg_misc.obj
 0001:000008b0       _PM_AddEvent               300018b0 f   bg_pmove.obj
 0001:000008d0       _PM_AddTouchEnt            300018d0 f   bg_pmove.obj
 0001:00000910       _PM_ClipVelocity           30001910 f   bg_pmove.obj
 0001:00000970       _PM_UpdateViewAngles       30001970 f   bg_pmove.obj
 0001:00000a00       _CheckLadder               30001a00 f   bg_pmove.obj
 0001:00000ac0       _PmoveSingle               30001ac0 f   bg_pmove.obj
 0001:00003430       _Pmove                     30004430 f   bg_pmove.obj
 0001:000034c0       _PM_SlideMove              300044c0 f   bg_slidemove.obj
 0001:00003ba0       _PM_StepSlideMove          30004ba0 f   bg_slidemove.obj
 0001:00003ee0       _CG_TargetCommand_f        30004ee0 f   cg_consolecmds.obj
 0001:000047c0       _CG_ConsoleCommand         300057c0 f   cg_consolecmds.obj
 0001:00004810       _CG_InitConsoleCommands    30005810 f   cg_consolecmds.obj
 0001:00004950       _CG_Text_Width             30005950 f   cg_draw.obj
 0001:00004a00       _CG_Text_Height            30005a00 f   cg_draw.obj
 0001:00004ad0       _CG_Text_PaintChar         30005ad0 f   cg_draw.obj
 0001:00004b40       _CG_Text_Paint             30005b40 f   cg_draw.obj
 0001:00004d90       _CG_Draw3DModel            30005d90 f   cg_draw.obj
 0001:00004ef0       _CG_DrawHead               30005ef0 f   cg_draw.obj
 0001:00005010       _CG_DrawFlagModel          30006010 f   cg_draw.obj
 0001:00005180       _CG_DrawTeamBackground     30006180 f   cg_draw.obj
 0001:00005220       _CG_AddLagometerFrameInfo  30006220 f   cg_draw.obj
 0001:00005250       _CG_AddLagometerSnapshotInfo 30006250 f   cg_draw.obj
 0001:000052a0       _CG_CenterPrint            300062a0 f   cg_draw.obj
 0001:00005310       _CG_DrawTimedMenus         30006310 f   cg_draw.obj
 0001:00005350       _CG_DrawActive             30006350 f   cg_draw.obj
 0001:00006ee0       _CG_AdjustFrom640          30007ee0 f   cg_drawtools.obj
 0001:00006f20       _CG_FillRect               30007f20 f   cg_drawtools.obj
 0001:00006f80       _CG_DrawSides              30007f80 f   cg_drawtools.obj
 0001:00007010       _CG_DrawTopBottom          30008010 f   cg_drawtools.obj
 0001:000070a0       _CG_DrawRect               300080a0 f   cg_drawtools.obj
 0001:000070f0       _CG_DrawPic                300080f0 f   cg_drawtools.obj
 0001:00007140       _CG_DrawChar               30008140 f   cg_drawtools.obj
 0001:00007210       _CG_DrawStringExt          30008210 f   cg_drawtools.obj
 0001:00007390       _CG_DrawBigString          30008390 f   cg_drawtools.obj
 0001:000073e0       _CG_DrawBigStringColor     300083e0 f   cg_drawtools.obj
 0001:00007410       _CG_DrawSmallString        30008410 f   cg_drawtools.obj
 0001:00007460       _CG_DrawStrlen             30008460 f   cg_drawtools.obj
 0001:00007490       _CG_TileClear              30008490 f   cg_drawtools.obj
 0001:000075d0       _CG_FadeColor              300085d0 f   cg_drawtools.obj
 0001:00007640       _CG_GetColorForHealth      30008640 f   cg_drawtools.obj
 0001:000076f0       _CG_ColorForHealth         300086f0 f   cg_drawtools.obj
 0001:00007720       _UI_ProportionalStringWidth 30008720 f   cg_drawtools.obj
 0001:00007750       _UI_ProportionalSizeScale  30008750 f   cg_drawtools.obj
 0001:00007770       _UI_DrawProportionalString 30008770 f   cg_drawtools.obj
 0001:00007ac0       _CG_BubbleTrail            30008ac0 f   cg_effects.obj
 0001:00007d70       _CG_SmokePuff              30008d70 f   cg_effects.obj
 0001:00007f00       _CG_SpawnEffect            30008f00 f   cg_effects.obj
 0001:00007fb0       _CG_LightningBoltBeam      30008fb0 f   cg_effects.obj
 0001:00008030       _CG_KamikazeEffect         30009030 f   cg_effects.obj
 0001:000080d0       _CG_ObeliskExplode         300090d0 f   cg_effects.obj
 0001:00008140       _CG_ObeliskPain            30009140 f   cg_effects.obj
 0001:000081a0       _CG_InvulnerabilityImpact  300091a0 f   cg_effects.obj
 0001:00008280       _CG_InvulnerabilityJuiced  30009280 f   cg_effects.obj
 0001:00008350       _CG_ScorePlum              30009350 f   cg_effects.obj
 0001:00008480       _CG_MakeExplosion          30009480 f   cg_effects.obj
 0001:00008620       _CG_Bleed                  30009620 f   cg_effects.obj
 0001:000086d0       _CG_LaunchGib              300096d0 f   cg_effects.obj
 0001:000087c0       _CG_GibPlayer              300097c0 f   cg_effects.obj
 0001:00008ec0       _CG_PositionEntityOnTag    30009ec0 f   cg_ents.obj
 0001:00008f70       _CG_PositionRotatedEntityOnTag 30009f70 f   cg_ents.obj
 0001:00009020       _CG_SetEntitySoundPosition 3000a020 f   cg_ents.obj
 0001:000090a0       _CG_Beam                   3000a0a0 f   cg_ents.obj
 0001:00009120       _CG_AdjustPositionForMover 3000a120 f   cg_ents.obj
 0001:00009210       _CG_AddPacketEntities      3000a210 f   cg_ents.obj
 0001:0000aa50       _CG_PlaceString            3000ba50 f   cg_event.obj
 0001:0000ab20       _CG_PainEvent              3000bb20 f   cg_event.obj
 0001:0000aba0       _CG_EntityEvent            3000bba0 f   cg_event.obj
 0001:0000ca80       _CG_CheckEvents            3000da80 f   cg_event.obj
 0001:0000cb10       _CG_LoadingString          3000db10 f   cg_info.obj
 0001:0000cb30       _CG_LoadingItem            3000db30 f   cg_info.obj
 0001:0000cb90       _CG_LoadingClient          3000db90 f   cg_info.obj
 0001:0000cd20       _CG_DrawInformation        3000dd20 f   cg_info.obj
 0001:0000d180       _CG_InitLocalEntities      3000e180 f   cg_localents.obj
 0001:0000d1d0       _CG_FreeLocalEntity        3000e1d0 f   cg_localents.obj
 0001:0000d210       _CG_AllocLocalEntity       3000e210 f   cg_localents.obj
 0001:0000d270       _CG_BloodTrail             3000e270 f   cg_localents.obj
 0001:0000d340       _CG_FragmentBounceMark     3000e340 f   cg_localents.obj
 0001:0000d440       _CG_FragmentBounceSound    3000e440 f   cg_localents.obj
 0001:0000d4a0       _CG_ReflectVelocity        3000e4a0 f   cg_localents.obj
 0001:0000d5c0       _CG_AddFragment            3000e5c0 f   cg_localents.obj
 0001:0000d790       _CG_AddFadeRGB             3000e790 f   cg_localents.obj
 0001:0000d800       _CG_AddKamikaze            3000e800 f   cg_localents.obj
 0001:0000dd00       _CG_AddInvulnerabilityImpact 3000ed00 f   cg_localents.obj
 0001:0000dd20       _CG_AddInvulnerabilityJuiced 3000ed20 f   cg_localents.obj
 0001:0000ddb0       _CG_AddRefEntity           3000edb0 f   cg_localents.obj
 0001:0000dde0       _CG_AddScorePlum           3000ede0 f   cg_localents.obj
 0001:0000e080       _CG_AddLocalEntities       3000f080 f   cg_localents.obj
 0001:0000e5d0       _vmMain                    3000f5d0 f   cg_main.obj
 0001:0000e6c0       _CG_RegisterCvars          3000f6c0 f   cg_main.obj
 0001:0000e790       _CG_UpdateCvars            3000f790 f   cg_main.obj
 0001:0000e8b0       _CG_CrosshairPlayer        3000f8b0 f   cg_main.obj
 0001:0000e8d0       _CG_LastAttacker           3000f8d0 f   cg_main.obj
 0001:0000e8f0       _CG_Printf                 3000f8f0 f   cg_main.obj
 0001:0000e920       _CG_Error                  3000f920 f   cg_main.obj
 0001:0000e950       _Com_Error                 3000f950 f   cg_main.obj
 0001:0000e990       _Com_Printf                3000f990 f   cg_main.obj
 0001:0000e9d0       _CG_Argv                   3000f9d0 f   cg_main.obj
 0001:0000e9f0       _CG_BuildSpectatorString   3000f9f0 f   cg_main.obj
 0001:0000ea70       _CG_ConfigString           3000fa70 f   cg_main.obj
 0001:0000eaa0       _CG_StartMusic             3000faa0 f   cg_main.obj
 0001:0000eb10       _CG_Asset_Parse            3000fb10 f   cg_main.obj
 0001:0000ef50       _CG_ParseMenu              3000ff50 f   cg_main.obj
 0001:0000eff0       _CG_Load_Menu              3000fff0 f   cg_main.obj
 0001:0000f050       _CG_LoadMenus              30010050 f   cg_main.obj
 0001:0000f1a0       _CG_SetScoreSelection      300101a0 f   cg_main.obj
 0001:0000f250       _CG_Text_PaintWithCursor   30010250 f   cg_main.obj
 0001:0000f280       _CG_LoadHudMenu            30010280 f   cg_main.obj
 0001:0000fa30       _CG_AssetCache             30010a30 f   cg_main.obj
 0001:0000fb40       _CG_Init                   30010b40 f   cg_main.obj
 0001:00011470       _CG_InitMarkPolys          30012470 f   cg_marks.obj
 0001:000114c0       _CG_FreeMarkPoly           300124c0 f   cg_marks.obj
 0001:00011500       _CG_AllocMark              30012500 f   cg_marks.obj
 0001:00011570       _CG_ImpactMark             30012570 f   cg_marks.obj
 0001:00011910       _CG_AddMarks               30012910 f   cg_marks.obj
 0001:00011ab0       _CG_ClearParticles         30012ab0 f   cg_marks.obj
 0001:00011ba0       _CG_AddParticleToScene     30012ba0 f   cg_marks.obj
 0001:00013770       _CG_AddParticles           30014770 f   cg_marks.obj
 0001:00013a50       _CG_ParticleExplosion      30014a50 f   cg_marks.obj
 0001:00013ba0       _CG_InitTeamChat           30014ba0 f   cg_newDraw.obj
 0001:00013bd0       _CG_CheckOrderPending      30014bd0 f   cg_newDraw.obj
 0001:00013d30       _CG_GetSelectedPlayer      30014d30 f   cg_newDraw.obj
 0001:00013d50       _CG_SelectNextPlayer       30014d50 f   cg_newDraw.obj
 0001:00013e10       _CG_SelectPrevPlayer       30014e10 f   cg_newDraw.obj
 0001:00013e40       _CG_StatusHandle           30014e40 f   cg_newDraw.obj
 0001:00013ea0       _CG_GetValue               30014ea0 f   cg_newDraw.obj
 0001:00013fc0       _CG_OtherTeamHasFlag       30014fc0 f   cg_newDraw.obj
 0001:00014040       _CG_YourTeamHasFlag        30015040 f   cg_newDraw.obj
 0001:000140c0       _CG_OwnerDrawVisible       300150c0 f   cg_newDraw.obj
 0001:00014230       _CG_GetKillerText          30015230 f   cg_newDraw.obj
 0001:00014260       _CG_GetGameStatusText      30015260 f   cg_newDraw.obj
 0001:000142f0       _CG_GameTypeString         300152f0 f   cg_newDraw.obj
 0001:00014340       _CG_DrawNewTeamInfo        30015340 f   cg_newDraw.obj
 0001:000148b0       _CG_DrawTeamSpectators     300158b0 f   cg_newDraw.obj
 0001:00014ae0       _CG_DrawMedal              30015ae0 f   cg_newDraw.obj
 0001:00014c90       _CG_OwnerDraw              30015c90 f   cg_newDraw.obj
 0001:00017120       _CG_MouseEvent             30018120 f   cg_newDraw.obj
 0001:00017200       _CG_HideTeamMenu           30018200 f   cg_newDraw.obj
 0001:00017220       _CG_EventHandling          30018220 f   cg_newDraw.obj
 0001:00017240       _CG_KeyEvent               30018240 f   cg_newDraw.obj
 0001:000172d0       _CG_ShowResponseHead       300182d0 f   cg_newDraw.obj
 0001:00017300       _CG_Shutdown               30018300 f   cg_newDraw.obj
 0001:00017300       _Item_StopCapture          30018300 f   cg_newDraw.obj
 0001:00017300       _CG_RunMenuScript          30018300 f   cg_newDraw.obj
 0001:00017310       _CG_GetTeamColor           30018310 f   cg_newDraw.obj
 0001:00017380       _CG_CustomSound            30018380 f   cg_players.obj
 0001:00017440       _CG_NewClientInfo          30018440 f   cg_players.obj
 0001:00018ca0       _CG_LoadDeferredPlayers    30019ca0 f   cg_players.obj
 0001:00018d10       _CG_AddRefEntityWithPowerups 30019d10 f   cg_players.obj
 0001:00018dd0       _CG_Player                 30019dd0 f   cg_players.obj
 0001:0001b2b0       _CG_ResetPlayerEntity      3001c2b0 f   cg_players.obj
 0001:0001b460       _CG_CheckAmmo              3001c460 f   cg_playerstate.obj
 0001:0001b520       _CG_DamageFeedback         3001c520 f   cg_playerstate.obj
 0001:0001b800       _CG_Respawn                3001c800 f   cg_playerstate.obj
 0001:0001b830       _CG_CheckPlayerstateEvents 3001c830 f   cg_playerstate.obj
 0001:0001b910       _CG_CheckLocalSounds       3001c910 f   cg_playerstate.obj
 0001:0001bd80       _CG_TransitionPlayerState  3001cd80 f   cg_playerstate.obj
 0001:0001be70       _CG_BuildSolidList         3001ce70 f   cg_predict.obj
 0001:0001bf30       _CG_Trace                  3001cf30 f   cg_predict.obj
 0001:0001c1b0       _CG_PointContents          3001d1b0 f   cg_predict.obj
 0001:0001c230       _CG_PredictPlayerState     3001d230 f   cg_predict.obj
 0001:0001d220       _CG_ParseServerinfo        3001e220 f   cg_servercmds.obj
 0001:0001d390       _CG_SetConfigValues        3001e390 f   cg_servercmds.obj
 0001:0001d430       _CG_ShaderStateChanged     3001e430 f   cg_servercmds.obj
 0001:0001d510       _CG_ParseVoiceChats        3001e510 f   cg_servercmds.obj
 0001:0001d860       _CG_LoadVoiceChats         3001e860 f   cg_servercmds.obj
 0001:0001d910       _CG_HeadModelVoiceChats    3001e910 f   cg_servercmds.obj
 0001:0001da00       _CG_GetVoiceChat           3001ea00 f   cg_servercmds.obj
 0001:0001dab0       _CG_VoiceChatListForClient 3001eab0 f   cg_servercmds.obj
 0001:0001dda0       _CG_PlayVoiceChat          3001eda0 f   cg_servercmds.obj
 0001:0001e000       _CG_PlayBufferedVoiceChats 3001f000 f   cg_servercmds.obj
 0001:0001e070       _CG_AddBufferedVoiceChat   3001f070 f   cg_servercmds.obj
 0001:0001e0e0       _CG_VoiceChatLocal         3001f0e0 f   cg_servercmds.obj
 0001:0001e210       _CG_VoiceChat              3001f210 f   cg_servercmds.obj
 0001:0001e390       _CG_ExecuteNewServerCommands 3001f390 f   cg_servercmds.obj
 0001:0001f040       _CG_TransitionEntity       30020040 f   cg_snapshot.obj
 0001:0001f110       _CG_SetInitialSnapshot     30020110 f   cg_snapshot.obj
 0001:0001f1e0       _CG_ProcessSnapshots       300201e0 f   cg_snapshot.obj
 0001:0001f6e0       _dllEntry                  300206e0 f   cg_syscalls.obj
 0001:0001f6f0       _PASSFLOAT                 300206f0 f   cg_syscalls.obj
 0001:0001f700       _trap_Print                30020700 f   cg_syscalls.obj
 0001:0001f720       _trap_Error                30020720 f   cg_syscalls.obj
 0001:0001f740       _trap_Milliseconds         30020740 f   cg_syscalls.obj
 0001:0001f750       _trap_Cvar_Register        30020750 f   cg_syscalls.obj
 0001:0001f770       _trap_Cvar_Update          30020770 f   cg_syscalls.obj
 0001:0001f790       _trap_Cvar_Set             30020790 f   cg_syscalls.obj
 0001:0001f7b0       _trap_Cvar_VariableStringBuffer 300207b0 f   cg_syscalls.obj
 0001:0001f7d0       _trap_Argc                 300207d0 f   cg_syscalls.obj
 0001:0001f7e0       _trap_Argv                 300207e0 f   cg_syscalls.obj
 0001:0001f800       _trap_Args                 30020800 f   cg_syscalls.obj
 0001:0001f820       _trap_FS_FOpenFile         30020820 f   cg_syscalls.obj
 0001:0001f840       _trap_FS_Read              30020840 f   cg_syscalls.obj
 0001:0001f860       _trap_FS_FCloseFile        30020860 f   cg_syscalls.obj
 0001:0001f880       _trap_SendConsoleCommand   30020880 f   cg_syscalls.obj
 0001:0001f8a0       _trap_AddCommand           300208a0 f   cg_syscalls.obj
 0001:0001f8c0       _trap_SendClientCommand    300208c0 f   cg_syscalls.obj
 0001:0001f8e0       _trap_UpdateScreen         300208e0 f   cg_syscalls.obj
 0001:0001f8f0       _trap_CM_LoadMap           300208f0 f   cg_syscalls.obj
 0001:0001f910       _trap_CM_NumInlineModels   30020910 f   cg_syscalls.obj
 0001:0001f920       _trap_CM_InlineModel       30020920 f   cg_syscalls.obj
 0001:0001f940       _trap_CM_TempBoxModel      30020940 f   cg_syscalls.obj
 0001:0001f960       _trap_CM_PointContents     30020960 f   cg_syscalls.obj
 0001:0001f980       _trap_CM_TransformedPointContents 30020980 f   cg_syscalls.obj
 0001:0001f9a0       _trap_CM_BoxTrace          300209a0 f   cg_syscalls.obj
 0001:0001f9d0       _trap_CM_TransformedBoxTrace 300209d0 f   cg_syscalls.obj
 0001:0001fa10       _trap_CM_MarkFragments     30020a10 f   cg_syscalls.obj
 0001:0001fa40       _trap_S_StartSound         30020a40 f   cg_syscalls.obj
 0001:0001fa60       _trap_S_StartLocalSound    30020a60 f   cg_syscalls.obj
 0001:0001fa80       _trap_S_ClearLoopingSounds 30020a80 f   cg_syscalls.obj
 0001:0001faa0       _trap_S_AddLoopingSound    30020aa0 f   cg_syscalls.obj
 0001:0001fac0       _trap_S_AddRealLoopingSound 30020ac0 f   cg_syscalls.obj
 0001:0001fae0       _trap_S_StopLoopingSound   30020ae0 f   cg_syscalls.obj
 0001:0001fb00       _trap_S_UpdateEntityPosition 30020b00 f   cg_syscalls.obj
 0001:0001fb20       _trap_S_Respatialize       30020b20 f   cg_syscalls.obj
 0001:0001fb40       _trap_S_RegisterSound      30020b40 f   cg_syscalls.obj
 0001:0001fb60       _trap_S_StartBackgroundTrack 30020b60 f   cg_syscalls.obj
 0001:0001fb80       _trap_R_LoadWorldMap       30020b80 f   cg_syscalls.obj
 0001:0001fba0       _trap_R_RegisterModel      30020ba0 f   cg_syscalls.obj
 0001:0001fbc0       _trap_R_RegisterSkin       30020bc0 f   cg_syscalls.obj
 0001:0001fbe0       _trap_R_RegisterShader     30020be0 f   cg_syscalls.obj
 0001:0001fc00       _trap_R_RegisterShaderNoMip 30020c00 f   cg_syscalls.obj
 0001:0001fc20       _trap_R_RegisterFont       30020c20 f   cg_syscalls.obj
 0001:0001fc40       _trap_R_ClearScene         30020c40 f   cg_syscalls.obj
 0001:0001fc50       _trap_R_AddRefEntityToScene 30020c50 f   cg_syscalls.obj
 0001:0001fc70       _trap_R_AddPolyToScene     30020c70 f   cg_syscalls.obj
 0001:0001fc90       _trap_R_AddLightToScene    30020c90 f   cg_syscalls.obj
 0001:0001fce0       _trap_R_RenderScene        30020ce0 f   cg_syscalls.obj
 0001:0001fd00       _trap_R_SetColor           30020d00 f   cg_syscalls.obj
 0001:0001fd20       _trap_R_DrawStretchPic     30020d20 f   cg_syscalls.obj
 0001:0001fdb0       _trap_R_ModelBounds        30020db0 f   cg_syscalls.obj
 0001:0001fdd0       _trap_R_LerpTag            30020dd0 f   cg_syscalls.obj
 0001:0001fe10       _trap_R_RemapShader        30020e10 f   cg_syscalls.obj
 0001:0001fe30       _trap_GetGlconfig          30020e30 f   cg_syscalls.obj
 0001:0001fe50       _trap_GetGameState         30020e50 f   cg_syscalls.obj
 0001:0001fe70       _trap_GetCurrentSnapshotNumber 30020e70 f   cg_syscalls.obj
 0001:0001fe90       _trap_GetSnapshot          30020e90 f   cg_syscalls.obj
 0001:0001feb0       _trap_GetServerCommand     30020eb0 f   cg_syscalls.obj
 0001:0001fed0       _trap_GetCurrentCmdNumber  30020ed0 f   cg_syscalls.obj
 0001:0001fee0       _trap_GetUserCmd           30020ee0 f   cg_syscalls.obj
 0001:0001ff00       _trap_SetUserCmdValue      30020f00 f   cg_syscalls.obj
 0001:0001ff20       _trap_MemoryRemaining      30020f20 f   cg_syscalls.obj
 0001:0001ff30       _trap_Key_SetCatcher       30020f30 f   cg_syscalls.obj
 0001:0001ff50       _trap_PC_LoadSource        30020f50 f   cg_syscalls.obj
 0001:0001ff70       _trap_PC_FreeSource        30020f70 f   cg_syscalls.obj
 0001:0001ff90       _trap_PC_ReadToken         30020f90 f   cg_syscalls.obj
 0001:0001ffb0       _trap_PC_SourceFileAndLine 30020fb0 f   cg_syscalls.obj
 0001:0001ffd0       _trap_S_StopBackgroundTrack 30020fd0 f   cg_syscalls.obj
 0001:0001ffe0       _trap_SnapVector           30020fe0 f   cg_syscalls.obj
 0001:00020000       _trap_CIN_PlayCinematic    30021000 f   cg_syscalls.obj
 0001:00020030       _trap_CIN_StopCinematic    30021030 f   cg_syscalls.obj
 0001:00020050       _trap_CIN_RunCinematic     30021050 f   cg_syscalls.obj
 0001:00020070       _trap_CIN_DrawCinematic    30021070 f   cg_syscalls.obj
 0001:00020090       _trap_CIN_SetExtents       30021090 f   cg_syscalls.obj
 0001:000200c0       _CG_PredictWeaponEffects   300210c0 f   cg_unlagged.obj
 0001:00020840       _CG_AddBoundingBox         30021840 f   cg_unlagged.obj
 0001:00020ed0       _CG_Cvar_ClampInt          30021ed0 f   cg_unlagged.obj
 0001:00020f80       _CG_TestModel_f            30021f80 f   cg_view.obj
 0001:000210a0       _CG_TestGun_f              300220a0 f   cg_view.obj
 0001:000210c0       _CG_TestModelNextFrame_f   300220c0 f   cg_view.obj
 0001:000210e0       _CG_TestModelPrevFrame_f   300220e0 f   cg_view.obj
 0001:00021110       _CG_TestModelNextSkin_f    30022110 f   cg_view.obj
 0001:00021130       _CG_TestModelPrevSkin_f    30022130 f   cg_view.obj
 0001:00021160       _CG_ZoomDown_f             30022160 f   cg_view.obj
 0001:000211b0       _CG_ZoomUp_f               300221b0 f   cg_view.obj
 0001:000211d0       _CG_AddBufferedSound       300221d0 f   cg_view.obj
 0001:00021210       _CG_DrawActiveFrame        30022210 f   cg_view.obj
 0001:00022350       _CG_RailTrail              30023350 f   cg_weapons.obj
 0001:000227b0       _CG_GrappleTrail           300237b0 f   cg_weapons.obj
 0001:00022920       _CG_RegisterWeapon         30023920 f   cg_weapons.obj
 0001:00023e40       _CG_RegisterItemVisuals    30024e40 f   cg_weapons.obj
 0001:00023ef0       _CG_AddPlayerWeapon        30024ef0 f   cg_weapons.obj
 0001:00024920       _CG_AddViewWeapon          30025920 f   cg_weapons.obj
 0001:00024d50       _CG_DrawWeaponSelect       30025d50 f   cg_weapons.obj
 0001:00024f10       _CG_NextWeapon_f           30025f10 f   cg_weapons.obj
 0001:00024fb0       _CG_PrevWeapon_f           30025fb0 f   cg_weapons.obj
 0001:00025020       _CG_Weapon_f               30026020 f   cg_weapons.obj
 0001:00025080       _CG_OutOfAmmoChange        30026080 f   cg_weapons.obj
 0001:000250b0       _CG_FireWeapon2            300260b0 f   cg_weapons.obj
 0001:000250b0       _CG_FireWeapon             300260b0 f   cg_weapons.obj
 0001:00025180       _CG_MissileHitWall         30026180 f   cg_weapons.obj
 0001:000255c0       _CG_MissileHitPlayer       300265c0 f   cg_weapons.obj
 0001:00025620       _CG_ShotgunPattern         30026620 f   cg_weapons.obj
 0001:000258a0       _CG_ShotgunFire            300268a0 f   cg_weapons.obj
 0001:000259c0       _CG_Tracer                 300269c0 f   cg_weapons.obj
 0001:00025d40       _CG_Bullet                 30026d40 f   cg_weapons.obj
 0001:00025fe0       _Q_rand                    30026fe0 f   q_math.obj
 0001:00026000       _Q_random                  30027000 f   q_math.obj
 0001:00026030       _Q_crandom                 30027030 f   q_math.obj
 0001:00026050       _ByteToDir                 30027050 f   q_math.obj
 0001:000260b0       _tonextint                 300270b0 f   q_math.obj
 0001:00026120       _RotatePointAroundVector   30027120 f   q_math.obj
 0001:000262e0       _RotateAroundDirection     300272e0 f   q_math.obj
 0001:00026370       _vectoangles               30027370 f   q_math.obj
 0001:00026480       _AnglesToAxis              30027480 f   q_math.obj
 0001:000264d0       _AxisClear                 300274d0 f   q_math.obj
 0001:00026500       _AxisCopy                  30027500 f   q_math.obj
 0001:00026540       _ProjectPointOnPlane       30027540 f   q_math.obj
 0001:000265d0       _LerpAngle                 300275d0 f   q_math.obj
 0001:00026620       _AngleSubtract             30027620 f   q_math.obj
 0001:00026670       _AnglesSubtract            30027670 f   q_math.obj
 0001:000266c0       _AngleNormalize360         300276c0 f   q_math.obj
 0001:000266c0       _AngleMod                  300276c0 f   q_math.obj
 0001:000266f0       _AngleNormalize180         300276f0 f   q_math.obj
 0001:00026720       _VectorNormalize           30027720 f   q_math.obj
 0001:00026770       _VectorNormalize2          30027770 f   q_math.obj
 0001:000267e0       _MatrixMultiply            300277e0 f   q_math.obj
 0001:000268d0       _AngleVectors              300278d0 f   q_math.obj
 0001:00026a20       _PerpendicularVector       30027a20 f   q_math.obj
 0001:00026aa0       _COM_StripExtension        30027aa0 f   q_shared.obj
 0001:00026ad0       _COM_Parse                 30027ad0 f   q_shared.obj
 0001:00026ae0       _COM_Compress              30027ae0 f   q_shared.obj
 0001:00026bd0       _COM_ParseExt              30027bd0 f   q_shared.obj
 0001:00026d40       _Q_strrchr                 30027d40 f   q_shared.obj
 0001:00026d70       _Q_strncpyz                30027d70 f   q_shared.obj
 0001:00026dd0       _Q_stricmpn                30027dd0 f   q_shared.obj
 0001:00026e60       _Q_stricmp                 30027e60 f   q_shared.obj
 0001:00026e90       _Q_strupr                  30027e90 f   q_shared.obj
 0001:00026ec0       _Q_strcat                  30027ec0 f   q_shared.obj
 0001:00026f10       _Q_PrintStrlen             30027f10 f   q_shared.obj
 0001:00026f50       _Q_CleanStr                30027f50 f   q_shared.obj
 0001:00026fa0       _Com_sprintf               30027fa0 f   q_shared.obj
 0001:00027020       _va                        30028020 f   q_shared.obj
 0001:00027060       _Info_ValueForKey          30028060 f   q_shared.obj
 0001:00027150       _SnapVectorTowards         30028150 f   q_shared.obj
 0001:000271a0       _UI_Alloc                  300281a0 f   ui_shared.obj
 0001:000271f0       _UI_InitMemory             300281f0 f   ui_shared.obj
 0001:00027200       _String_Alloc              30028200 f   ui_shared.obj
 0001:00027370       _String_Init               30028370 f   ui_shared.obj
 0001:000273d0       _PC_SourceError            300283d0 f   ui_shared.obj
 0001:00027440       _LerpColor                 30028440 f   ui_shared.obj
 0001:000274b0       _Float_Parse               300284b0 f   ui_shared.obj
 0001:000274e0       _PC_Float_Parse            300284e0 f   ui_shared.obj
 0001:00027590       _Color_Parse               30028590 f   ui_shared.obj
 0001:000275d0       _PC_Color_Parse            300285d0 f   ui_shared.obj
 0001:00027610       _Int_Parse                 30028610 f   ui_shared.obj
 0001:00027640       _PC_Int_Parse              30028640 f   ui_shared.obj
 0001:000276e0       _Rect_Parse                300286e0 f   ui_shared.obj
 0001:00027740       _PC_Rect_Parse             30028740 f   ui_shared.obj
 0001:000277a0       _String_Parse              300287a0 f   ui_shared.obj
 0001:000277d0       _PC_String_Parse           300287d0 f   ui_shared.obj
 0001:00027820       _PC_Script_Parse           30028820 f   ui_shared.obj
 0001:00027940       _Init_Display              30028940 f   ui_shared.obj
 0001:00027950       _GradientBar_Paint         30028950 f   ui_shared.obj
 0001:00027990       _Window_Init               30028990 f   ui_shared.obj
 0001:000279c0       _Fade                      300289c0 f   ui_shared.obj
 0001:00027a40       _Window_Paint              30028a40 f   ui_shared.obj
 0001:00027e80       _Item_SetScreenCoords      30028e80 f   ui_shared.obj
 0001:00027ed0       _Item_UpdatePosition       30028ed0 f   ui_shared.obj
 0001:00027f30       _Menu_UpdatePosition       30028f30 f   ui_shared.obj
 0001:00027fb0       _Menu_PostParse            30028fb0 f   ui_shared.obj
 0001:00027ff0       _Menu_ClearFocus           30028ff0 f   ui_shared.obj
 0001:00028060       _IsVisible                 30029060 f   ui_shared.obj
 0001:00028080       _Rect_ContainsPoint        30029080 f   ui_shared.obj
 0001:000280d0       _Menu_ItemsMatchingGroup   300290d0 f   ui_shared.obj
 0001:00028140       _Menu_GetMatchingItemByNumber 30029140 f   ui_shared.obj
 0001:000281c0       _Script_SetColor           300291c0 f   ui_shared.obj
 0001:00028290       _Script_SetAsset           30029290 f   ui_shared.obj
 0001:000282b0       _Script_SetBackground      300292b0 f   ui_shared.obj
 0001:000282e0       _Menu_FindItemByName       300292e0 f   ui_shared.obj
 0001:00028340       _Script_SetTeamColor       30029340 f   ui_shared.obj
 0001:00028390       _Script_SetItemColor       30029390 f   ui_shared.obj
 0001:000284b0       _Menu_ShowItemByName       300294b0 f   ui_shared.obj
 0001:00028530       _Menu_FadeItemByName       30029530 f   ui_shared.obj
 0001:00028590       _Menus_FindByName          30029590 f   ui_shared.obj
 0001:000285e0       _Menus_OpenByName          300295e0 f   ui_shared.obj
 0001:000285f0       _Menus_CloseByName         300295f0 f   ui_shared.obj
 0001:00028660       _Script_Show               30029660 f   ui_shared.obj
 0001:000286a0       _Script_Hide               300296a0 f   ui_shared.obj
 0001:000286e0       _Script_FadeIn             300296e0 f   ui_shared.obj
 0001:00028720       _Script_FadeOut            30029720 f   ui_shared.obj
 0001:00028760       _Script_Open               30029760 f   ui_shared.obj
 0001:00028790       _Script_ConditionalOpen    30029790 f   ui_shared.obj
 0001:00028810       _Script_Close              30029810 f   ui_shared.obj
 0001:00028840       _Menu_TransitionItemByName 30029840 f   ui_shared.obj
 0001:00028990       _Script_Transition         30029990 f   ui_shared.obj
 0001:00028a70       _Menu_OrbitItemByName      30029a70 f   ui_shared.obj
 0001:00028ae0       _Script_Orbit              30029ae0 f   ui_shared.obj
 0001:00028b90       _Script_SetFocus           30029b90 f   ui_shared.obj
 0001:00028c20       _Script_SetPlayerModel     30029c20 f   ui_shared.obj
 0001:00028c50       _Script_SetPlayerHead      30029c50 f   ui_shared.obj
 0001:00028c80       _Script_SetCvar            30029c80 f   ui_shared.obj
 0001:00028cd0       _Script_Exec               30029cd0 f   ui_shared.obj
 0001:00028d10       _Script_Play               30029d10 f   ui_shared.obj
 0001:00028d50       _Script_playLooped         30029d50 f   ui_shared.obj
 0001:00028d90       _Item_RunScript            30029d90 f   ui_shared.obj
 0001:00028e80       _Item_EnableShowViaCvar    30029e80 f   ui_shared.obj
 0001:00028fa0       _Item_SetFocus             30029fa0 f   ui_shared.obj
 0001:00029140       _Item_ListBox_MaxScroll    3002a140 f   ui_shared.obj
 0001:000291a0       _Item_ListBox_ThumbPosition 3002a1a0 f   ui_shared.obj
 0001:00029250       _Item_ListBox_ThumbDrawPosition 3002a250 f   ui_shared.obj
 0001:00029360       _Item_Slider_ThumbPosition 3002a360 f   ui_shared.obj
 0001:000293f0       _Item_Slider_OverSlider    3002a3f0 f   ui_shared.obj
 0001:00029450       _Item_ListBox_OverLB       3002a450 f   ui_shared.obj
 0001:000296d0       _Item_ListBox_MouseEnter   3002a6d0 f   ui_shared.obj
 0001:00029800       _Item_MouseEnter           3002a800 f   ui_shared.obj
 0001:00029940       _Item_MouseLeave           3002a940 f   ui_shared.obj
 0001:00029990       _Item_SetMouseOver         3002a990 f   ui_shared.obj
 0001:000299c0       _Item_OwnerDraw_HandleKey  3002a9c0 f   ui_shared.obj
 0001:00029a00       _Item_ListBox_HandleKey    3002aa00 f   ui_shared.obj
 0001:00029dc0       _Item_YesNo_HandleKey      3002adc0 f   ui_shared.obj
 0001:00029e70       _Item_Multi_CountSettings  3002ae70 f   ui_shared.obj
 0001:00029e90       _Item_Multi_FindCvarByValue 3002ae90 f   ui_shared.obj
 0001:00029f60       _Item_Multi_Setting        3002af60 f   ui_shared.obj
 0001:0002a030       _Item_Multi_HandleKey      3002b030 f   ui_shared.obj
 0001:0002a180       _Item_TextField_HandleKey  3002b180 f   ui_shared.obj
 0001:0002a5c0       _Item_StartCapture         3002b5c0 f   ui_shared.obj
 0001:0002aa20       _Item_Slider_HandleKey     3002ba20 f   ui_shared.obj
 0001:0002ab90       _Item_HandleKey            3002bb90 f   ui_shared.obj
 0001:0002acb0       _Item_Action               3002bcb0 f   ui_shared.obj
 0001:0002acd0       _Menu_SetPrevCursorItem    3002bcd0 f   ui_shared.obj
 0001:0002adb0       _Menu_SetNextCursorItem    3002bdb0 f   ui_shared.obj
 0001:0002ae90       _Menus_Activate            3002be90 f   ui_shared.obj
 0001:0002afd0       _Display_VisibleMenuCount  3002bfd0 f   ui_shared.obj
 0001:0002b000       _Menus_HandleOOBClick      3002c000 f   ui_shared.obj
 0001:0002b100       _Menu_HandleKey            3002c100 f   ui_shared.obj
 0001:0002b660       _ToWindowCoords            3002c660 f   ui_shared.obj
 0001:0002b690       _Item_SetTextExtents       3002c690 f   ui_shared.obj
 0001:0002b840       _Item_TextColor            3002c840 f   ui_shared.obj
 0001:0002ba20       _Item_Text_AutoWrapped_Paint 3002ca20 f   ui_shared.obj
 0001:0002bc10       _Item_Text_Wrapped_Paint   3002cc10 f   ui_shared.obj
 0001:0002bd60       _Item_Text_Paint           3002cd60 f   ui_shared.obj
 0001:0002be40       _Item_TextField_Paint      3002ce40 f   ui_shared.obj
 0001:0002c040       _Item_YesNo_Paint          3002d040 f   ui_shared.obj
 0001:0002c200       _Item_Multi_Paint          3002d200 f   ui_shared.obj
 0001:0002c370       _Controls_GetConfig        3002d370 f   ui_shared.obj
 0001:0002c440       _Controls_SetConfig        3002d440 f   ui_shared.obj
 0001:0002c4b0       _BindingIDFromName         3002d4b0 f   ui_shared.obj
 0001:0002c500       _BindingFromName           3002d500 f   ui_shared.obj
 0001:0002c600       _Item_Slider_Paint         3002d600 f   ui_shared.obj
 0001:0002c790       _Item_Bind_Paint           3002d790 f   ui_shared.obj
 0001:0002c960       _Item_Bind_HandleKey       3002d960 f   ui_shared.obj
 0001:0002cb80       _AdjustFrom640             3002db80 f   ui_shared.obj
 0001:0002cbd0       _Item_Model_Paint          3002dbd0 f   ui_shared.obj
 0001:0002ce40       _Item_ListBox_Paint        3002de40 f   ui_shared.obj
 0001:0002d580       _Item_OwnerDraw_Paint      3002e580 f   ui_shared.obj
 0001:0002d940       _Item_Paint                3002e940 f   ui_shared.obj
 0001:0002dd30       _Menu_Init                 3002ed30 f   ui_shared.obj
 0001:0002dd90       _Menu_GetFocused           3002ed90 f   ui_shared.obj
 0001:0002ddd0       _Menu_ScrollFeeder         3002edd0 f   ui_shared.obj
 0001:0002de40       _Menu_SetFeederSelection   3002ee40 f   ui_shared.obj
 0001:0002df00       _Menus_ActivateByName      3002ef00 f   ui_shared.obj
 0001:0002df80       _Item_Init                 3002ef80 f   ui_shared.obj
 0001:0002dfb0       _Menu_HandleMouseMove      3002efb0 f   ui_shared.obj
 0001:0002e140       _Menu_Paint                3002f140 f   ui_shared.obj
 0001:0002e260       _Item_ValidateTypeData     3002f260 f   ui_shared.obj
 0001:0002e330       _KeywordHash_Key           3002f330 f   ui_shared.obj
 0001:0002e3a0       _KeywordHash_Add           3002f3a0 f   ui_shared.obj
 0001:0002e3c0       _KeywordHash_Find          3002f3c0 f   ui_shared.obj
 0001:0002e400       _ItemParse_name            3002f400 f   ui_shared.obj
 0001:0002e420       _ItemParse_focusSound      3002f420 f   ui_shared.obj
 0001:0002e460       _MenuParse_soundLoop       3002f460 f   ui_shared.obj
 0001:0002e460       _ItemParse_text            3002f460 f   ui_shared.obj
 0001:0002e480       _ItemParse_group           3002f480 f   ui_shared.obj
 0001:0002e4a0       _ItemParse_asset_model     3002f4a0 f   ui_shared.obj
 0001:0002e500       _ItemParse_asset_shader    3002f500 f   ui_shared.obj
 0001:0002e540       _ItemParse_model_origin    3002f540 f   ui_shared.obj
 0001:0002e5a0       _ItemParse_model_rotation  3002f5a0 f   ui_shared.obj
 0001:0002e5d0       _ItemParse_model_angle     3002f5d0 f   ui_shared.obj
 0001:0002e600       _ItemParse_rect            3002f600 f   ui_shared.obj
 0001:0002e620       _MenuParse_style           3002f620 f   ui_shared.obj
 0001:0002e620       _ItemParse_style           3002f620 f   ui_shared.obj
 0001:0002e640       _ItemParse_decoration      3002f640 f   ui_shared.obj
 0001:0002e650       _ItemParse_notselectable   3002f650 f   ui_shared.obj
 0001:0002e690       _ItemParse_wrapped         3002f690 f   ui_shared.obj
 0001:0002e6b0       _ItemParse_autowrapped     3002f6b0 f   ui_shared.obj
 0001:0002e6d0       _ItemParse_horizontalscroll 3002f6d0 f   ui_shared.obj
 0001:0002e6f0       _ItemParse_type            3002f6f0 f   ui_shared.obj
 0001:0002e720       _ItemParse_elementwidth    3002f720 f   ui_shared.obj
 0001:0002e720       _ItemParse_model_fovx      3002f720 f   ui_shared.obj
 0001:0002e750       _ItemParse_model_fovy      3002f750 f   ui_shared.obj
 0001:0002e750       _ItemParse_elementheight   3002f750 f   ui_shared.obj
 0001:0002e780       _ItemParse_feeder          3002f780 f   ui_shared.obj
 0001:0002e780       _ItemParse_special         3002f780 f   ui_shared.obj
 0001:0002e7a0       _ItemParse_elementtype     3002f7a0 f   ui_shared.obj
 0001:0002e7e0       _ItemParse_columns         3002f7e0 f   ui_shared.obj
 0001:0002e8b0       _ItemParse_border          3002f8b0 f   ui_shared.obj
 0001:0002e8b0       _MenuParse_border          3002f8b0 f   ui_shared.obj
 0001:0002e8d0       _ItemParse_bordersize      3002f8d0 f   ui_shared.obj
 0001:0002e8d0       _MenuParse_borderSize      3002f8d0 f   ui_shared.obj
 0001:0002e8f0       _ItemParse_ownerdraw       3002f8f0 f   ui_shared.obj
 0001:0002e920       _MenuParse_fadeCycle       3002f920 f   ui_shared.obj
 0001:0002e920       _ItemParse_align           3002f920 f   ui_shared.obj
 0001:0002e940       _ItemParse_textalign       3002f940 f   ui_shared.obj
 0001:0002e960       _ItemParse_textalignx      3002f960 f   ui_shared.obj
 0001:0002e960       _MenuParse_fadeAmount      3002f960 f   ui_shared.obj
 0001:0002e980       _ItemParse_textaligny      3002f980 f   ui_shared.obj
 0001:0002e9a0       _ItemParse_textscale       3002f9a0 f   ui_shared.obj
 0001:0002e9c0       _ItemParse_textstyle       3002f9c0 f   ui_shared.obj
 0001:0002e9e0       _MenuParse_forecolor       3002f9e0 f   ui_shared.obj
 0001:0002e9e0       _ItemParse_forecolor       3002f9e0 f   ui_shared.obj
 0001:0002ea30       _ItemParse_outlinecolor    3002fa30 f   ui_shared.obj
 0001:0002ea30       _MenuParse_outlinecolor    3002fa30 f   ui_shared.obj
 0001:0002ea50       _MenuParse_background      3002fa50 f   ui_shared.obj
 0001:0002ea50       _ItemParse_background      3002fa50 f   ui_shared.obj
 0001:0002ea90       _MenuParse_cinematic       3002fa90 f   ui_shared.obj
 0001:0002ea90       _ItemParse_cinematic       3002fa90 f   ui_shared.obj
 0001:0002eab0       _ItemParse_doubleClick     3002fab0 f   ui_shared.obj
 0001:0002eaf0       _ItemParse_onFocus         3002faf0 f   ui_shared.obj
 0001:0002eb10       _ItemParse_leaveFocus      3002fb10 f   ui_shared.obj
 0001:0002eb30       _ItemParse_mouseEnter      3002fb30 f   ui_shared.obj
 0001:0002eb50       _ItemParse_mouseExit       3002fb50 f   ui_shared.obj
 0001:0002eb70       _ItemParse_mouseEnterText  3002fb70 f   ui_shared.obj
 0001:0002eb90       _ItemParse_mouseExitText   3002fb90 f   ui_shared.obj
 0001:0002ebb0       _ItemParse_action          3002fbb0 f   ui_shared.obj
 0001:0002ebd0       _ItemParse_cvarTest        3002fbd0 f   ui_shared.obj
 0001:0002ebf0       _ItemParse_cvar            3002fbf0 f   ui_shared.obj
 0001:0002ec40       _ItemParse_maxChars        3002fc40 f   ui_shared.obj
 0001:0002ec90       _ItemParse_maxPaintChars   3002fc90 f   ui_shared.obj
 0001:0002ece0       _ItemParse_cvarFloat       3002fce0 f   ui_shared.obj
 0001:0002ed50       _ItemParse_cvarStrList     3002fd50 f   ui_shared.obj
 0001:0002ee50       _ItemParse_cvarFloatList   3002fe50 f   ui_shared.obj
 0001:0002ef40       _ItemParse_addColorRange   3002ff40 f   ui_shared.obj
 0001:0002efc0       _MenuParse_ownerdrawFlag   3002ffc0 f   ui_shared.obj
 0001:0002efc0       _ItemParse_ownerdrawFlag   3002ffc0 f   ui_shared.obj
 0001:0002eff0       _ItemParse_enableCvar      3002fff0 f   ui_shared.obj
 0001:0002f020       _ItemParse_disableCvar     30030020 f   ui_shared.obj
 0001:0002f060       _ItemParse_showCvar        30030060 f   ui_shared.obj
 0001:0002f0a0       _ItemParse_hideCvar        300300a0 f   ui_shared.obj
 0001:0002f0e0       _Item_SetupKeywordHash     300300e0 f   ui_shared.obj
 0001:0002f120       _Item_Parse                30030120 f   ui_shared.obj
 0001:0002f1f0       _Item_InitControls         300301f0 f   ui_shared.obj
 0001:0002f220       _MenuParse_font            30030220 f   ui_shared.obj
 0001:0002f280       _MenuParse_name            30030280 f   ui_shared.obj
 0001:0002f2c0       _MenuParse_fullscreen      300302c0 f   ui_shared.obj
 0001:0002f2e0       _MenuParse_rect            300302e0 f   ui_shared.obj
 0001:0002f300       _MenuParse_visible         30030300 f   ui_shared.obj
 0001:0002f300       _ItemParse_visible         30030300 f   ui_shared.obj
 0001:0002f330       _MenuParse_onOpen          30030330 f   ui_shared.obj
 0001:0002f350       _MenuParse_onClose         30030350 f   ui_shared.obj
 0001:0002f370       _MenuParse_onESC           30030370 f   ui_shared.obj
 0001:0002f390       _MenuParse_backcolor       30030390 f   ui_shared.obj
 0001:0002f390       _ItemParse_backcolor       30030390 f   ui_shared.obj
 0001:0002f3e0       _MenuParse_bordercolor     300303e0 f   ui_shared.obj
 0001:0002f3e0       _ItemParse_bordercolor     300303e0 f   ui_shared.obj
 0001:0002f430       _MenuParse_focuscolor      30030430 f   ui_shared.obj
 0001:0002f480       _MenuParse_disablecolor    30030480 f   ui_shared.obj
 0001:0002f4d0       _MenuParse_ownerdraw       300304d0 f   ui_shared.obj
 0001:0002f4f0       _MenuParse_popup           300304f0 f   ui_shared.obj
 0001:0002f510       _MenuParse_outOfBounds     30030510 f   ui_shared.obj
 0001:0002f530       _MenuParse_fadeClamp       30030530 f   ui_shared.obj
 0001:0002f550       _MenuParse_itemDef         30030550 f   ui_shared.obj
 0001:0002f5f0       _Menu_SetupKeywordHash     300305f0 f   ui_shared.obj
 0001:0002f630       _Menu_Parse                30030630 f   ui_shared.obj
 0001:0002f710       _Menu_New                  30030710 f   ui_shared.obj
 0001:0002f760       _Menu_Count                30030760 f   ui_shared.obj
 0001:0002f770       _Menu_PaintAll             30030770 f   ui_shared.obj
 0001:0002f830       _Menu_Reset                30030830 f   ui_shared.obj
 0001:0002f840       _Display_CaptureItem       30030840 f   ui_shared.obj
 0001:0002f8b0       _Display_MouseMove         300308b0 f   ui_shared.obj
 0001:0002f970       _Display_CursorType        30030970 f   ui_shared.obj
 0001:0002fa10       _Display_HandleKey         30030a10 f   ui_shared.obj
 0001:0002fb10       __fpmath                   30030b10 f   LIBC:fpinit.obj
 0001:0002fb27       __fpclear                  30030b27 f   LIBC:fpinit.obj
 0001:0002fb28       __cfltcvt_init             30030b28 f   LIBC:fpinit.obj
 0001:0002fb60       __ftol                     30030b60 f   LIBC:ftol.obj
 0001:0002fb87       _atol                      30030b87 f   LIBC:atox.obj
 0001:0002fc12       _atoi                      30030c12 f   LIBC:atox.obj
 0001:0002fc1d       _rand                      30030c1d f   LIBC:rand.obj
 0001:0002fc40       __CIacos                   30030c40 f   LIBC:acos.obj
 0001:0002fc54       _acos                      30030c54 f   LIBC:acos.obj
 0001:0002fd0b       _vsprintf                  30030d0b f   LIBC:vsprintf.obj
 0001:0002fd5c       _atof                      30030d5c f   LIBC:atof.obj
 0001:0002fdb0       __alloca_probe             30030db0 f   LIBC:chkstk.obj
 0001:0002fdb0       __chkstk                   30030db0 f   LIBC:chkstk.obj
 0001:0002fddf       _floor                     30030ddf f   LIBC:floor.obj
 0001:0002fec0       _strchr                    30030ec0 f   LIBC:strchr.obj
 0001:0002fec6       ___from_strstr_to_strchr   30030ec6 f   LIBC:strchr.obj
 0001:0002ff80       _strncpy                   30030f80 f   LIBC:strncpy.obj
 0001:00030080       _strstr                    30031080 f   LIBC:strstr.obj
 0001:00030100       _tolower                   30031100 f   LIBC:tolower.obj
 0001:000301cb       _toupper                   300311cb f   LIBC:toupper.obj
 0001:000302a0       _memmove                   300312a0 f   LIBC:memmove.obj
 0001:000305d5       __CRT_INIT@12              300315d5 f   LIBC:dllcrt0.obj
 0001:0003068d       __DllMainCRTStartup@12     3003168d f   LIBC:dllcrt0.obj
 0001:0003072a       __amsg_exit                3003172a f   LIBC:dllcrt0.obj
 0001:0003075d       __setdefaultprecision      3003175d f   LIBC:fp8.obj
 0001:0003076f       __ms_p5_test_fdiv          3003176f f   LIBC:testfdiv.obj
 0001:000307ad       __ms_p5_mp_test_fdiv       300317ad f   LIBC:testfdiv.obj
 0001:000307d6       __forcdecpt                300317d6 f   LIBC:cvt.obj
 0001:00030830       __cropzeros                30031830 f   LIBC:cvt.obj
 0001:0003087e       __positive                 3003187e f   LIBC:cvt.obj
 0001:00030896       __fassign                  30031896 f   LIBC:cvt.obj
 0001:000308d4       __cftoe                    300318d4 f   LIBC:cvt.obj
 0001:000309d8       __cftof                    300319d8 f   LIBC:cvt.obj
 0001:00030ab6       __cftog                    30031ab6 f   LIBC:cvt.obj
 0001:00030b9b       __cfltcvt                  30031b9b f   LIBC:cvt.obj
 0001:00030c11       __isctype                  30031c11 f   LIBC:isctype.obj
 0001:00030c90       __allmul                   30031c90 f   LIBC:llmul.obj
 0001:00030cd0       __trandisp1                30031cd0 f   LIBC:87disp.obj
 0001:00030d37       __trandisp2                30031d37 f   LIBC:87disp.obj
 0001:00030dc3       __rttospopde               30031dc3 f   LIBC:87disp.obj
 0001:00030dc8       __rttospop                 30031dc8 f   LIBC:87disp.obj
 0001:00030dca       __rtnospop                 30031dca f   LIBC:87disp.obj
 0001:00030dcc       __rttosnpop                30031dcc f   LIBC:87disp.obj
 0001:00030dcd       __rtnospopde               30031dcd f   LIBC:87disp.obj
 0001:00030dd4       __rtzeropop                30031dd4 f   LIBC:87disp.obj
 0001:00030dd6       __rtzeronpop               30031dd6 f   LIBC:87disp.obj
 0001:00030ddb       __rtonepop                 30031ddb f   LIBC:87disp.obj
 0001:00030ddd       __rtonenpop                30031ddd f   LIBC:87disp.obj
 0001:00030de2       __tosnan1                  30031de2 f   LIBC:87disp.obj
 0001:00030e0d       __nosnan2                  30031e0d f   LIBC:87disp.obj
 0001:00030e0f       __tosnan2                  30031e0f f   LIBC:87disp.obj
 0001:00030e37       __nan2                     30031e37 f   LIBC:87disp.obj
 0001:00030e76       __rtindfpop                30031e76 f   LIBC:87disp.obj
 0001:00030e78       __rtindfnpop               30031e78 f   LIBC:87disp.obj
 0001:00030e89       __rttosnpopde              30031e89 f   LIBC:87disp.obj
 0001:00030e93       __rtchsifneg               30031e93 f   LIBC:87disp.obj
 0001:00030ea0       __startTwoArgErrorHandling 30031ea0 f   LIBC:genexcep.obj
 0001:00030eb7       __startOneArgErrorHandling 30031eb7 f   LIBC:genexcep.obj
 0001:00030f00       __twoToTOS                 30031f00 f   LIBC:common.obj
 0001:00030f15       __load_CW                  30031f15 f   LIBC:common.obj
 0001:00030f2c       __convertTOStoQNaN         30031f2c f   LIBC:common.obj
 0001:00030f45       __fload_withFB             30031f45 f   LIBC:common.obj
 0001:00030f88       __checkTOS_withFB          30031f88 f   LIBC:common.obj
 0001:00030f9e       __fast_exit                30031f9e f   LIBC:common.obj
 0001:00030fab       __math_exit                30031fab f   LIBC:common.obj
 0001:00030fd5       __check_overflow_exit      30031fd5 f   LIBC:common.obj
 0001:00030fe9       __check_range_exit         30031fe9 f   LIBC:common.obj
 0001:0003108c       __flsbuf                   3003208c f   LIBC:_flsbuf.obj
 0001:000311a1       __output                   300321a1 f   LIBC:output.obj
 0001:000319ab       __fltin                    300329ab f   LIBC:cfin.obj
 0001:00031a40       _strlen                    30032a40 f   LIBC:strlen.obj
 0001:00031abb       __handle_qnan1             30032abb f   LIBC:fpexcept.obj
 0001:00031b0e       __except1                  30032b0e f   LIBC:fpexcept.obj
 0001:00031ba6       __raise_exc                30032ba6 f   LIBC:fpexcept.obj
 0001:00031e59       __handle_exc               30032e59 f   LIBC:fpexcept.obj
 0001:00032070       __umatherr                 30033070 f   LIBC:fpexcept.obj
 0001:000320f8       __set_errno                300330f8 f   LIBC:fpexcept.obj
 0001:00032143       __errcode                  30033143 f   LIBC:fpexcept.obj
 0001:00032170       __frnd                     30033170 f   LIBC:frnd.obj
 0001:00032182       __set_exp                  30033182 f   LIBC:util.obj
 0001:000321ab       __sptype                   300331ab f   LIBC:util.obj
 0001:00032205       __decomp                   30033205 f   LIBC:util.obj
 0001:000322c6       __statfp                   300332c6 f   LIBC:fpctrl.obj
 0001:000322d4       __clrfp                    300332d4 f   LIBC:fpctrl.obj
 0001:000322e3       __ctrlfp                   300332e3 f   LIBC:fpctrl.obj
 0001:00032306       __set_statfp               30033306 f   LIBC:fpctrl.obj
 0001:0003235c       ___crtLCMapStringA         3003335c f   LIBC:a_map.obj
 0001:000325ab       __cinit                    300335ab f   LIBC:crt0dat.obj
 0001:000325d8       __exit                     300335d8 f   LIBC:crt0dat.obj
 0001:000325e9       __cexit                    300335e9 f   LIBC:crt0dat.obj
 0001:000326ab       __heap_init                300336ab f   LIBC:heapinit.obj
 0001:000326e7       __heap_term                300336e7 f   LIBC:heapinit.obj
 0001:0003275c       __ioinit                   3003375c f   LIBC:ioinit.obj
 0001:00032907       __ioterm                   30033907 f   LIBC:ioinit.obj
 0001:0003292a       __setenvp                  3003392a f   LIBC:stdenvp.obj
 0001:000329e3       __setargv                  300339e3 f   LIBC:stdargv.obj
 0001:00032c30       ___crtGetEnvironmentStringsA 30033c30 f   LIBC:a_env.obj
 0001:00032d62       _DllMain@12                30033d62 f   LIBC:dllmain.obj
 0001:00032d82       __FF_MSGBANNER             30033d82 f   LIBC:crt0msg.obj
 0001:00032dbb       __NMSG_WRITE               30033dbb f   LIBC:crt0msg.obj
 0001:00032f0e       __control87                30033f0e f   LIBC:ieee87.obj
 0001:00032f43       __controlfp                30033f43 f   LIBC:ieee87.obj
 0001:00033074       __ZeroTail                 30034074 f   LIBC:intrncvt.obj
 0001:000330bd       __IncMan                   300340bd f   LIBC:intrncvt.obj
 0001:00033113       __RoundMan                 30034113 f   LIBC:intrncvt.obj
 0001:0003319f       __CopyMan                  3003419f f   LIBC:intrncvt.obj
 0001:000331ba       __FillZeroMan              300341ba f   LIBC:intrncvt.obj
 0001:000331c6       __IsZeroMan                300341c6 f   LIBC:intrncvt.obj
 0001:000331e1       __ShrMan                   300341e1 f   LIBC:intrncvt.obj
 0001:0003326e       __ld12cvt                  3003426e f   LIBC:intrncvt.obj
 0001:000333da       __ld12tod                  300343da f   LIBC:intrncvt.obj
 0001:000333f0       __ld12tof                  300343f0 f   LIBC:intrncvt.obj
 0001:00033406       __atodbl                   30034406 f   LIBC:intrncvt.obj
 0001:00033433       __atoflt                   30034433 f   LIBC:intrncvt.obj
 0001:00033460       _strcpy                    30034460 f   LIBC:strcat.obj
 0001:00033470       _strcat                    30034470 f   LIBC:strcat.obj
 0001:00033550       __fptostr                  30034550 f   LIBC:_fptostr.obj
 0001:000335c7       __fltout                   300345c7 f   LIBC:cfout.obj
 0001:0003362b       ___dtold                   3003462b f   LIBC:cfout.obj
 0001:000336f0       _memset                    300346f0 f   LIBC:memset.obj
 0001:00033748       __fptrap                   30034748 f   LIBC:crt0fp.obj
 0001:00033751       ___crtGetStringTypeA       30034751 f   LIBC:a_str.obj
 0001:0003389a       __87except                 3003489a f   LIBC:87except.obj
 0001:0003396a       __lseek                    3003496a f   LIBC:lseek.obj
 0001:00033a04       __write                    30034a04 f   LIBC:write.obj
 0001:00033bb1       __getbuf                   30034bb1 f   LIBC:_getbuf.obj
 0001:00033bf5       __isatty                   30034bf5 f   LIBC:isatty.obj
 0001:00033c1b       ___initstdio               30034c1b f   LIBC:_file.obj
 0001:00033cc0       ___endstdio                30034cc0 f   LIBC:_file.obj
 0001:00033cd4       _wctomb                    30034cd4 f   LIBC:wctomb.obj
 0001:00033d40       __aulldiv                  30034d40 f   LIBC:ulldiv.obj
 0001:00033db0       __aullrem                  30034db0 f   LIBC:ullrem.obj
 0001:00033e25       ___strgtold12              30034e25 f   LIBC:strgtold.obj
 0001:000342f6       __matherr                  300352f6 f   LIBC:matherr.obj
 0001:000342fc       __global_unwind2           300352fc f   LIBC:exsup.obj
 0001:0003433e       __local_unwind2            3003533e f   LIBC:exsup.obj
 0001:00034396       __NLG_Return2              30035396 f   LIBC:exsup.obj
 0001:000343a6       __abnormal_termination     300353a6 f   LIBC:exsup.obj
 0001:000343c9       __NLG_Notify1              300353c9 f   LIBC:exsup.obj
 0001:000343d2       __NLG_Notify               300353d2 f   LIBC:exsup.obj
 0001:000343e5       __NLG_Dispatch             300353e5 f   LIBC:exsup.obj
 0001:000343f4       __except_handler3          300353f4 f   LIBC:exsup3.obj
 0001:000344b1       __seh_longjmp_unwind@4     300354b1 f   LIBC:exsup3.obj
 0001:000344cc       ___sbh_heap_init           300354cc f   LIBC:sbheap.obj
 0001:0003450a       ___sbh_find_block          3003550a f   LIBC:sbheap.obj
 0001:00034535       ___sbh_free_block          30035535 f   LIBC:sbheap.obj
 0001:00034860       ___sbh_alloc_block         30035860 f   LIBC:sbheap.obj
 0001:00034b69       ___sbh_alloc_new_region    30035b69 f   LIBC:sbheap.obj
 0001:00034c1a       ___sbh_alloc_new_group     30035c1a f   LIBC:sbheap.obj
 0001:00034d15       _malloc                    30035d15 f   LIBC:malloc.obj
 0001:00034d27       __nh_malloc                30035d27 f   LIBC:malloc.obj
 0001:00034d53       __heap_alloc               30035d53 f   LIBC:malloc.obj
 0001:00034d89       _free                      30035d89 f   LIBC:free.obj
 0001:00034db8       __setmbcp                  30035db8 f   LIBC:mbctype.obj
 0001:0003517c       ___initmbctable            3003617c f   LIBC:mbctype.obj
 0001:000351a0       _memcpy                    300361a0 f   LIBC:memcpy.obj
 0001:000354d5       ___crtMessageBoxA          300364d5 f   LIBC:crtmbox.obj
 0001:0003555e       ___addl                    3003655e f   LIBC:mantold.obj
 0001:0003557f       ___add_12                  3003657f f   LIBC:mantold.obj
 0001:000355dd       ___shl_12                  300365dd f   LIBC:mantold.obj
 0001:0003560b       ___shr_12                  3003660b f   LIBC:mantold.obj
 0001:00035638       ___mtold12                 30036638 f   LIBC:mantold.obj
 0001:000356ff       _$I10_OUTPUT               300366ff f   LIBC:x10fout.obj
 0001:00035992       __dosmaperr                30036992 f   LIBC:dosmap.obj
 0001:000359f9       __free_osfhnd              300369f9 f   LIBC:osfinfo.obj
 0001:00035a73       __get_osfhandle            30036a73 f   LIBC:osfinfo.obj
 0001:00035ab0       _calloc                    30036ab0 f   LIBC:calloc.obj
 0001:00035b2d       __fcloseall                30036b2d f   LIBC:closeall.obj
 0001:00035b85       _fflush                    30036b85 f   LIBC:fflush.obj
 0001:00035bc0       __flush                    30036bc0 f   LIBC:fflush.obj
 0001:00035c1c       __flushall                 30036c1c f   LIBC:fflush.obj
 0001:00035c92       ___ld12mul                 30036c92 f   LIBC:tenpow.obj
 0001:00035eb2       ___multtenpow12            30036eb2 f   LIBC:tenpow.obj
 0001:00035f2e       __callnewh                 30036f2e f   LIBC:handler.obj
 0001:00035f49       _fclose                    30036f49 f   LIBC:fclose.obj
 0001:00035f9f       __commit                   30036f9f f   LIBC:commit.obj
 0001:00035ff6       __close                    30036ff6 f   LIBC:close.obj
 0001:000360a9       __freebuf                  300370a9 f   LIBC:_freebuf.obj
 0001:000360d4       _RtlUnwind@16              300370d4 f   kernel32:KERNEL32.dll
 0002:00000000       __imp__FreeEnvironmentStringsW@4 30038000     kernel32:KERNEL32.dll
 0002:00000004       __imp__GetVersion@0        30038004     kernel32:KERNEL32.dll
 0002:00000008       __imp__GetProcAddress@8    30038008     kernel32:KERNEL32.dll
 0002:0000000c       __imp__GetModuleHandleA@4  3003800c     kernel32:KERNEL32.dll
 0002:00000010       __imp__RaiseException@16   30038010     kernel32:KERNEL32.dll
 0002:00000014       __imp__WideCharToMultiByte@32 30038014     kernel32:KERNEL32.dll
 0002:00000018       __imp__MultiByteToWideChar@24 30038018     kernel32:KERNEL32.dll
 0002:0000001c       __imp__LCMapStringA@24     3003801c     kernel32:KERNEL32.dll
 0002:00000020       __imp__LCMapStringW@24     30038020     kernel32:KERNEL32.dll
 0002:00000024       __imp__ExitProcess@4       30038024     kernel32:KERNEL32.dll
 0002:00000028       __imp__TerminateProcess@8  30038028     kernel32:KERNEL32.dll
 0002:0000002c       __imp__GetCurrentProcess@0 3003802c     kernel32:KERNEL32.dll
 0002:00000030       __imp__HeapDestroy@4       30038030     kernel32:KERNEL32.dll
 0002:00000034       __imp__HeapCreate@12       30038034     kernel32:KERNEL32.dll
 0002:00000038       __imp__VirtualFree@12      30038038     kernel32:KERNEL32.dll
 0002:0000003c       __imp__HeapFree@12         3003803c     kernel32:KERNEL32.dll
 0002:00000040       __imp__SetHandleCount@4    30038040     kernel32:KERNEL32.dll
 0002:00000044       __imp__GetStdHandle@4      30038044     kernel32:KERNEL32.dll
 0002:00000048       __imp__GetFileType@4       30038048     kernel32:KERNEL32.dll
 0002:0000004c       __imp__GetStartupInfoA@4   3003804c     kernel32:KERNEL32.dll
 0002:00000050       __imp__GetModuleFileNameA@12 30038050     kernel32:KERNEL32.dll
 0002:00000054       __imp__FreeEnvironmentStringsA@4 30038054     kernel32:KERNEL32.dll
 0002:00000058       __imp__GetCommandLineA@0   30038058     kernel32:KERNEL32.dll
 0002:0000005c       __imp__GetEnvironmentStrings@0 3003805c     kernel32:KERNEL32.dll
 0002:00000060       __imp__GetEnvironmentStringsW@0 30038060     kernel32:KERNEL32.dll
 0002:00000064       __imp__DisableThreadLibraryCalls@4 30038064     kernel32:KERNEL32.dll
 0002:00000068       __imp__WriteFile@20        30038068     kernel32:KERNEL32.dll
 0002:0000006c       __imp__GetStringTypeA@20   3003806c     kernel32:KERNEL32.dll
 0002:00000070       __imp__GetStringTypeW@16   30038070     kernel32:KERNEL32.dll
 0002:00000074       __imp__GetLastError@0      30038074     kernel32:KERNEL32.dll
 0002:00000078       __imp__SetFilePointer@16   30038078     kernel32:KERNEL32.dll
 0002:0000007c       __imp__RtlUnwind@16        3003807c     kernel32:KERNEL32.dll
 0002:00000080       __imp__HeapAlloc@12        30038080     kernel32:KERNEL32.dll
 0002:00000084       __imp__VirtualAlloc@16     30038084     kernel32:KERNEL32.dll
 0002:00000088       __imp__HeapReAlloc@16      30038088     kernel32:KERNEL32.dll
 0002:0000008c       __imp__GetCPInfo@8         3003808c     kernel32:KERNEL32.dll
 0002:00000090       __imp__GetACP@0            30038090     kernel32:KERNEL32.dll
 0002:00000094       __imp__GetOEMCP@0          30038094     kernel32:KERNEL32.dll
 0002:00000098       __imp__LoadLibraryA@4      30038098     kernel32:KERNEL32.dll
 0002:0000009c       __imp__SetStdHandle@8      3003809c     kernel32:KERNEL32.dll
 0002:000000a0       __imp__FlushFileBuffers@4  300380a0     kernel32:KERNEL32.dll
 0002:000000a4       __imp__CloseHandle@4       300380a4     kernel32:KERNEL32.dll
 0002:000000a8       \177KERNEL32_NULL_THUNK_DATA 300380a8     kernel32:KERNEL32.dll
 0002:000000b0       __real@4@c0049000000000000000 300380b0     bg_misc.obj
 0002:000000b4       __real@4@40049000000000000000 300380b4     bg_misc.obj
 0002:000000b8       __real@4@c004c800000000000000 300380b8     bg_misc.obj
 0002:000000bc       __real@4@4004b000000000000000 300380bc     bg_misc.obj
 0002:000000c0       __real@8@4007c800000000000000 300380c0     bg_misc.obj
 0002:000000c8       __real@4@00000000000000000000 300380c8     bg_misc.obj
 0002:000000cc       __real@4@4001c90fdb0000000000 300380cc     bg_misc.obj
 0002:000000d0       __real@8@3ff583126e978d4fe000 300380d0     bg_misc.obj
 0002:000000d8       __real@4@4008c800000000000000 300380d8     bg_misc.obj
 0002:000000e0       __real@8@3ffe8000000000000000 300380e0     bg_misc.obj
 0002:000000e8       __real@4@4004b400000000000000 300380e8     bg_misc.obj
 0002:000000f0       __real@8@3ff7b400000000000000 300380f0     bg_pmove.obj
 0002:000000f8       __real@4@3fff8000000000000000 300380f8     bg_pmove.obj
 0002:000000fc       __real@4@c004f000000000000000 300380fc     bg_pmove.obj
 0002:00000100       __real@8@4005fe00000000000000 30038100     bg_pmove.obj
 0002:00000108       __real@4@4006c800000000000000 30038108     bg_pmove.obj
 0002:0000010c       __real@4@40038000000000000000 3003810c     bg_pmove.obj
 0002:00000110       __real@4@40018000000000000000 30038110     bg_pmove.obj
 0002:00000114       __real@4@4003f000000000000000 30038114     bg_pmove.obj
 0002:00000118       __real@4@4002a000000000000000 30038118     bg_pmove.obj
 0002:0000011c       __real@4@4005c800000000000000 3003811c     bg_pmove.obj
 0002:00000120       __real@4@c0038000000000000000 30038120     bg_pmove.obj
 0002:00000128       __real@8@3fff8000000000000000 30038128     bg_pmove.obj
 0002:00000130       __real@8@3ffdaaaaaaaaaaaaa800 30038130     bg_pmove.obj
 0002:00000138       __real@4@4003a000000000000000 30038138     bg_pmove.obj
 0002:00000140       __real@8@3fffc000000000000000 30038140     bg_pmove.obj
 0002:00000148       __real@4@c006c800000000000000 30038148     bg_pmove.obj
 0002:0000014c       __real@4@3ffeb333330000000000 3003814c     bg_pmove.obj
 0002:00000150       __real@8@3ffd8000000000000000 30038150     bg_pmove.obj
 0002:00000158       __real@4@4001e000000000000000 30038158     bg_pmove.obj
 0002:0000015c       __real@4@4004a000000000000000 3003815c     bg_pmove.obj
 0002:00000160       __real@4@4004f000000000000000 30038160     bg_pmove.obj
 0002:00000168       __real@8@3ff1d1b71758e2196800 30038168     bg_pmove.obj
 0002:00000170       __real@4@3ffe8000000000000000 30038170     bg_pmove.obj
 0002:00000174       __real@4@40058000000000000000 30038174     bg_pmove.obj
 0002:00000178       __real@4@4003c000000000000000 30038178     bg_pmove.obj
 0002:0000017c       __real@4@4003b800000000000000 3003817c     bg_pmove.obj
 0002:00000180       __real@4@4001a000000000000000 30038180     bg_pmove.obj
 0002:00000188       __real@8@3ffec4ec4ec4ec4ec000 30038188     bg_pmove.obj
 0002:00000190       __real@8@3ffbccccccccccccd000 30038190     bg_slidemove.obj
 0002:00000198       __real@8@3ffefd70a3d70a3d7000 30038198     bg_slidemove.obj
 0002:000001a0       __real@4@4002f000000000000000 300381a0     bg_slidemove.obj
 0002:000001a4       __real@4@4002b000000000000000 300381a4     bg_slidemove.obj
 0002:000001a8       __real@4@40008000000000000000 300381a8     bg_slidemove.obj
 0002:000001b0       __real@8@3ffeb333333333333000 300381b0     bg_slidemove.obj
 0002:000001b8       __real@4@40039000000000000000 300381b8     bg_slidemove.obj
 0002:000001c0       __real@8@4000eece540f4898d000 300381c0     cg_draw.obj
 0002:000001c8       __real@8@bffe8000000000000000 300381c8     cg_draw.obj
 0002:000001d0       __real@8@4004f000000000000000 300381d0     cg_draw.obj
 0002:000001d8       __real@8@3ff483126e978d4fe000 300381d8     cg_draw.obj
 0002:000001e0       __real@4@bffe8000000000000000 300381e0     cg_draw.obj
 0002:000001e4       __real@4@40028000000000000000 300381e4     cg_draw.obj
 0002:000001e8       __real@4@4004c000000000000000 300381e8     cg_draw.obj
 0002:000001ec       __real@4@3ff591a2b3c4d5e6f800 300381ec     cg_draw.obj
 0002:000001f0       __real@4@3ff6da740da740da7800 300381f0     cg_draw.obj
 0002:000001f4       __real@4@3ffdaaaaaaaaaaaaa800 300381f4     cg_draw.obj
 0002:000001f8       __real@4@4008fa00000000000000 300381f8     cg_draw.obj
 0002:000001fc       __real@4@3ff7a3d70a3d70a3d800 300381fc     cg_draw.obj
 0002:00000200       __real@4@4007a000000000000000 30038200     cg_draw.obj
 0002:00000204       __real@4@40108000000000000000 30038204     cg_draw.obj
 0002:00000208       __real@4@3ffb8000000000000000 30038208     cg_drawtools.obj
 0002:00000210       __real@8@3ffb8000000000000000 30038210     cg_drawtools.obj
 0002:00000218       __real@8@3ff98000000000000000 30038218     cg_drawtools.obj
 0002:00000220       __real@8@3ff7a3d70a3d70a3d800 30038220     cg_drawtools.obj
 0002:00000228       __real@8@3ffa8888888888888800 30038228     cg_drawtools.obj
 0002:00000230       __real@8@3ff9f83e0f83e0f84000 30038230     cg_drawtools.obj
 0002:00000238       __real@8@3ffff878787878788000 30038238     cg_drawtools.obj
 0002:00000240       __real@4@3ff78000000000000000 30038240     cg_drawtools.obj
 0002:00000244       __real@4@3ffec000000000000000 30038244     cg_drawtools.obj
 0002:00000248       __real@8@3ffeccccccccccccd000 30038248     cg_drawtools.obj
 0002:00000250       __real@4@4000c000000000000000 30038250     cg_drawtools.obj
 0002:00000254       __real@4@4003d800000000000000 30038254     cg_drawtools.obj
 0002:00000258       __real@4@3ffbd800000000000000 30038258     cg_drawtools.obj
 0002:00000260       __real@8@4001c000000000000000 30038260     cg_effects.obj
 0002:00000268       __real@8@4001a000000000000000 30038268     cg_effects.obj
 0002:00000270       __real@4@3ff583126e978d4fe000 30038270     cg_effects.obj
 0002:00000274       __real@4@4006fa00000000000000 30038274     cg_effects.obj
 0002:00000278       __real@4@3ff08001000200040000 30038278     cg_effects.obj
 0002:0000027c       __real@4@4006ff00000000000000 3003827c     cg_effects.obj
 0002:00000280       __real@4@4007b400000000000000 30038280     cg_effects.obj
 0002:00000284       __real@4@400abb80000000000000 30038284     cg_effects.obj
 0002:00000288       __real@8@4006fa00000000000000 30038288     cg_effects.obj
 0002:00000290       __real@8@4006c800000000000000 30038290     cg_effects.obj
 0002:00000298       __real@8@4005c800000000000000 30038298     cg_effects.obj
 0002:000002a0       __real@4@3ff58000000000000000 300382a0     cg_ents.obj
 0002:000002a8       __real@8@3ff48000000000000000 300382a8     cg_ents.obj
 0002:000002b0       __real@4@bff58000000000000000 300382b0     cg_ents.obj
 0002:000002b4       __real@4@4002c000000000000000 300382b4     cg_ents.obj
 0002:000002b8       __real@8@40018000000000000000 300382b8     cg_ents.obj
 0002:000002c0       __real@8@3feea7c5ac471b478800 300382c0     cg_ents.obj
 0002:000002c8       __real@8@3fffb400000000000000 300382c8     cg_ents.obj
 0002:000002d0       __real@4@4004e000000000000000 300382d0     cg_ents.obj
 0002:000002d8       __real@8@4008e52ee0681e792800 300382d8     cg_ents.obj
 0002:000002e0       __real@4@40048000000000000000 300382e0     cg_event.obj
 0002:000002e4       __real@4@c0008000000000000000 300382e4     cg_localents.obj
 0002:000002e8       __real@8@40038000000000000000 300382e8     cg_localents.obj
 0002:000002f0       __real@8@4008fa00000000000000 300382f0     cg_localents.obj
 0002:000002f8       __real@4@3ff783126e978d4fe000 300382f8     cg_localents.obj
 0002:000002fc       __real@4@3ff495cbec1aeaa47000 300382fc     cg_localents.obj
 0002:00000300       __real@4@3ff683126e978d4fe000 30038300     cg_localents.obj
 0002:00000304       __real@4@3ff483126e978d4fe000 30038304     cg_localents.obj
 0002:00000308       __real@8@3ff29d495182a9930800 30038308     cg_localents.obj
 0002:00000310       __real@8@4002a000000000000000 30038310     cg_localents.obj
 0002:00000318       __real@8@4003a000000000000000 30038318     cg_localents.obj
 0002:00000320       __real@4@4005dc00000000000000 30038320     cg_localents.obj
 0002:00000324       __real@4@4008ff00000000000000 30038324     cg_localents.obj
 0002:00000328       __real@8@40028000000000000000 30038328     cg_localents.obj
 0002:00000330       __real@8@4003f000000000000000 30038330     cg_localents.obj
 0002:00000338       __real@8@4004a800000000000000 30038338     cg_localents.obj
 0002:00000340       __real@8@3ffda8f5c28f5c28f800 30038340     cg_localents.obj
 0002:00000348       __real@4@4001c000000000000000 30038348     cg_main.obj
 0002:00000350       __real@8@3ff68888888888888800 30038350     cg_main.obj
 0002:00000358       __real@8@3ff5ccccccccccccd000 30038358     cg_main.obj
 0002:00000360       __real@4@c003a000000000000000 30038360     cg_marks.obj
 0002:00000368       __real@8@4007e100000000000000 30038368     cg_marks.obj
 0002:00000370       __real@8@3ff3aec33e1f67152800 30038370     cg_marks.obj
 0002:00000378       __real@4@400b8000000000000000 30038378     cg_marks.obj
 0002:0000037c       __real@4@40098000000000000000 3003837c     cg_marks.obj
 0002:00000380       __real@8@3ffeaaaaaaaaaaaaa800 30038380     cg_marks.obj
 0002:00000388       __real@4@3ffefff9720000000000 30038388     cg_marks.obj
 0002:00000390       __real@8@40008000000000000000 30038390     cg_marks.obj
 0002:00000398       __real@4@3ff7b60b60b60b60b800 30038398     cg_marks.obj
 0002:0000039c       __real@4@4000c90fdb0000000000 3003839c     cg_marks.obj
 0002:000003a0       __real@8@3ffee666666666666800 300383a0     cg_marks.obj
 0002:000003a8       __real@8@4004c800000000000000 300383a8     cg_marks.obj
 0002:000003b0       __real@8@4006b300000000000000 300383b0     cg_marks.obj
 0002:000003b8       __real@8@3ffdccccccccccccd000 300383b8     cg_marks.obj
 0002:000003c0       __real@8@4000c000000000000000 300383c0     cg_marks.obj
 0002:000003c8       __real@4@bfff8000000000000000 300383c8     cg_newDraw.obj
 0002:000003cc       __real@4@40049800000000000000 300383cc     cg_newDraw.obj
 0002:000003d0       __real@4@4004c800000000000000 300383d0     cg_newDraw.obj
 0002:000003d8       __real@8@4005b400000000000000 300383d8     cg_newDraw.obj
 0002:000003e0       __real@4@4009fa00000000000000 300383e0     cg_newDraw.obj
 0002:000003e8       __real@8@4006b400000000000000 300383e8     cg_newDraw.obj
 0002:000003f0       __real@8@4000c90fdb0000000000 300383f0     cg_newDraw.obj
 0002:000003f8       __real@4@4006b400000000000000 300383f8     cg_newDraw.obj
 0002:00000400       __real@8@3fffa000000000000000 30038400     cg_newDraw.obj
 0002:00000408       __real@4@4007fa00000000000000 30038408     cg_newDraw.obj
 0002:00000410       __real@8@3ff5c9a633fcd9673000 30038410     cg_newDraw.obj
 0002:00000418       __real@8@3ffec000000000000000 30038418     cg_newDraw.obj
 0002:00000420       __real@4@4000a333333333333800 30038420     cg_players.obj
 0002:00000424       __real@4@3ffca3d70a3d70a3d800 30038424     cg_players.obj
 0002:00000428       __real@8@3fffc90fdb0000000000 30038428     cg_players.obj
 0002:00000430       __real@4@4005b400000000000000 30038430     cg_players.obj
 0002:00000434       __real@4@4004e52ee0681e792800 30038434     cg_players.obj
 0002:00000438       __real@8@4002f000000000000000 30038438     cg_players.obj
 0002:00000440       __real@4@3ff9c9d9b4b4b4b4b000 30038440     cg_players.obj
 0002:00000444       __real@4@3ffacccccd0000000000 30038444     cg_players.obj
 0002:00000448       __real@4@40068000000000000000 30038448     cg_players.obj
 0002:00000450       __real@8@bfff8000000000000000 30038450     cg_playerstate.obj
 0002:00000458       __real@4@3ffbcccccd0000000000 30038458     cg_playerstate.obj
 0002:00000460       __real@8@3fffb4b4b4b4b4b4b000 30038460     cg_playerstate.obj
 0002:00000468       __real@8@4004a000000000000000 30038468     cg_playerstate.obj
 0002:00000470       __real@4@3ff8a3d70b0000000000 30038470     cg_predict.obj
 0002:000004c8       __real@8@400ac800000000000000 300384c8     cg_unlagged.obj
 0002:000004d0       __real@4@400c8000000000000000 300384d0     cg_unlagged.obj
 0002:000004d4       __real@4@4002e000000000000000 300384d4     cg_unlagged.obj
 0002:000004d8       __real@4@c0028000000000000000 300384d8     cg_view.obj
 0002:000004e0       __real@8@3ff9caa5254a952a5000 300384e0     cg_view.obj
 0002:000004e8       __real@8@c004e52ee0681e793000 300384e8     cg_view.obj
 0002:000004f0       __real@8@40048000000000000000 300384f0     cg_view.obj
 0002:000004f8       __real@4@3ff98efa355555555800 300384f8     cg_view.obj
 0002:000004fc       __real@4@40088000000000000000 300384fc     cg_view.obj
 0002:00000500       __real@4@4007e100000000000000 30038500     cg_view.obj
 0002:00000504       __real@4@3ff7da740da740da7800 30038504     cg_view.obj
 0002:00000508       __real@4@40069600000000000000 30038508     cg_view.obj
 0002:0000050c       __real@4@3ff6a3d70a3d70a3d800 3003850c     cg_view.obj
 0002:00000510       __real@4@3ff8a3d70a3d70a3d800 30038510     cg_view.obj
 0002:00000518       __real@8@3ff8da740da740da7800 30038518     cg_view.obj
 0002:00000520       __real@8@3ff6a4b5be76c8b43800 30038520     cg_view.obj
 0002:00000528       __real@4@4005e52ee0681e792800 30038528     cg_view.obj
 0002:0000052c       __real@4@3ff88efa355555555800 3003852c     cg_view.obj
 0002:00000530       __real@4@4006a000000000000000 30038530     cg_view.obj
 0002:00000534       __real@4@4003d000000000000000 30038534     cg_weapons.obj
 0002:00000538       __real@8@3ffcccccccccccccd000 30038538     cg_weapons.obj
 0002:00000540       __real@4@4004fc00000000000000 30038540     cg_weapons.obj
 0002:00000548       __real@8@4005a000000000000000 30038548     cg_weapons.obj
 0002:00000550       __real@8@4005f000000000000000 30038550     cg_weapons.obj
 0002:00000558       __real@8@4006ff00000000000000 30038558     cg_weapons.obj
 0002:00000560       __real@4@3ff4aec33e1f67152800 30038560     cg_weapons.obj
 0002:00000564       __real@4@4008c000000000000000 30038564     cg_weapons.obj
 0002:00000568       __real@4@c006b400000000000000 30038568     cg_weapons.obj
 0002:00000570       __real@8@bffcccccccccccccd000 30038570     cg_weapons.obj
 0002:00000578       __real@8@3ff4da740da740da7800 30038578     cg_weapons.obj
 0002:00000580       __real@8@3ff5da740da740da7800 30038580     cg_weapons.obj
 0002:00000588       __real@8@3ff8a3d70a3d70a3d800 30038588     cg_weapons.obj
 0002:00000590       __real@4@400caf00000000000000 30038590     cg_weapons.obj
 0002:00000594       __real@4@3fef8000000000000000 30038594     q_math.obj
 0002:00000598       __real@8@4004e52ee0681e792800 30038598     q_math.obj
 0002:000005a0       __real@4@40078700000000000000 300385a0     q_math.obj
 0002:000005a8       __real@8@4006b60b60b60b60b800 300385a8     q_math.obj
 0002:000005b0       __real@8@4007b400000000000000 300385b0     q_math.obj
 0002:000005b8       __real@4@3ff98efa350000000000 300385b8     q_math.obj
 0002:000005c0       __real@8@00000000000000000000 300385c0     ui_shared.obj
 0002:000005c8       __real@8@40038800000000000000 300385c8     ui_shared.obj
 0002:000005d0       __real@8@4005c000000000000000 300385d0     ui_shared.obj
 0002:000005d8       __real@8@3ff8aaaaaaaaaaaaa800 300385d8     ui_shared.obj
 0002:000005e0       __real@4@3ff8aaaaaaaaaaaaa800 300385e0     ui_shared.obj
 0002:000005e4       __real@4@3ffecccccd0000000000 300385e4     ui_shared.obj
 0002:000005e8       __real@8@3ffad677500000000000 300385e8     ui_shared.obj
 0002:000005f0       __real@8@4015800bf60000000000 300385f0     LIBC:testfdiv.obj
 0002:000005f8       __real@8@4014bffffc0000000000 300385f8     LIBC:testfdiv.obj
 0002:00000600       ??_C@_0BK@JEGK@IsProcessorFeaturePresent?$AA@ 30038600     LIBC:testfdiv.obj
 0002:0000061c       ??_C@_08OBID@KERNEL32?$AA@ 3003861c     LIBC:testfdiv.obj
 0002:00000628       ??_C@_05OFLO@e?$CL000?$AA@ 30038628     LIBC:cvt.obj
 0002:00000638       __DEFAULT_CW_in_mem        30038638     LIBC:common.obj
 0002:0000063a       __pi_by_2_to_61            3003863a     LIBC:common.obj
 0002:00000674       ___lookuptable             30038674     LIBC:output.obj
 0002:000006d0       ??_C@_1O@POHA@?$AA?$CI?$AAn?$AAu?$AAl?$AAl?$AA?$CJ?$AA?$AA@ 300386d0     LIBC:output.obj
 0002:000006e0       ??_C@_06ONKE@?$CInull?$CJ?$AA@ 300386e0     LIBC:output.obj
 0002:000006e8       ??_C@_03GAFO@_yn?$AA@      300386e8     LIBC:fpexcept.obj
 0002:000006ec       ??_C@_03GNLD@_y1?$AA@      300386ec     LIBC:fpexcept.obj
 0002:000006f0       ??_C@_03MHCE@_y0?$AA@      300386f0     LIBC:fpexcept.obj
 0002:000006f4       ??_C@_05PAK@frexp?$AA@     300386f4     LIBC:fpexcept.obj
 0002:000006fc       ??_C@_04JKCH@fmod?$AA@     300386fc     LIBC:fpexcept.obj
 0002:00000704       ??_C@_06GGHF@_hypot?$AA@   30038704     LIBC:fpexcept.obj
 0002:0000070c       ??_C@_05JNMC@_cabs?$AA@    3003870c     LIBC:fpexcept.obj
 0002:00000714       ??_C@_05MEKH@ldexp?$AA@    30038714     LIBC:fpexcept.obj
 0002:0000071c       ??_C@_04KAOJ@modf?$AA@     3003871c     LIBC:fpexcept.obj
 0002:00000724       ??_C@_04EHAJ@fabs?$AA@     30038724     LIBC:fpexcept.obj
 0002:0000072c       ??_C@_05MFBN@floor?$AA@    3003872c     LIBC:fpexcept.obj
 0002:00000734       ??_C@_04JJMP@ceil?$AA@     30038734     LIBC:fpexcept.obj
 0002:0000073c       ??_C@_03JLPI@tan?$AA@      3003873c     LIBC:fpexcept.obj
 0002:00000740       ??_C@_03DLFL@cos?$AA@      30038740     LIBC:fpexcept.obj
 0002:00000744       ??_C@_03JAMN@sin?$AA@      30038744     LIBC:fpexcept.obj
 0002:00000748       ??_C@_04LMBE@sqrt?$AA@     30038748     LIBC:fpexcept.obj
 0002:00000750       ??_C@_05BFPO@atan2?$AA@    30038750     LIBC:fpexcept.obj
 0002:00000758       ??_C@_04EAGN@atan?$AA@     30038758     LIBC:fpexcept.obj
 0002:00000760       ??_C@_04OAMO@acos?$AA@     30038760     LIBC:fpexcept.obj
 0002:00000768       ??_C@_04ELFI@asin?$AA@     30038768     LIBC:fpexcept.obj
[...]
 0001:000155b0       _CG_DrawPlayerAmmoIcon     300165b0 f   cg_newDraw.obj
 0001:000156e0       _CG_DrawPlayerAmmoValue    300166e0 f   cg_newDraw.obj
 0001:000157d0       _CG_DrawPlayerHead         300167d0 f   cg_newDraw.obj
 0001:00015ac0       _CG_DrawSelectedPlayerHealth 30016ac0 f   cg_newDraw.obj
 0001:00015ba0       _CG_DrawSelectedPlayerArmor 30016ba0 f   cg_newDraw.obj
 0001:00015c80       _CG_DrawSelectedPlayerStatus 30016c80 f   cg_newDraw.obj
 0001:00015d00       _CG_DrawPlayerStatus       30016d00 f   cg_newDraw.obj
 0001:00015d50       _CG_DrawSelectedPlayerName 30016d50 f   cg_newDraw.obj
 0001:00015dc0       _CG_DrawSelectedPlayerLocation 30016dc0 f   cg_newDraw.obj
 0001:00015e40       _CG_DrawPlayerLocation     30016e40 f   cg_newDraw.obj
 0001:00015ec0       _CG_DrawSelectedPlayerWeapon 30016ec0 f   cg_newDraw.obj
 0001:00015f20       _CG_DrawPlayerScore        30016f20 f   cg_newDraw.obj
 0001:00015fe0       _CG_DrawPlayerItem         30016fe0 f   cg_newDraw.obj
 0001:00016030       _CG_DrawSelectedPlayerPowerup 30017030 f   cg_newDraw.obj
 0001:000160c0       _CG_DrawSelectedPlayerHead 300170c0 f   cg_newDraw.obj
 0001:00016230       _CG_DrawPlayerHealth       30017230 f   cg_newDraw.obj
 0001:000162f0       _CG_DrawRedScore           300172f0 f   cg_newDraw.obj
 0001:00016380       _CG_DrawBlueScore          30017380 f   cg_newDraw.obj
 0001:00016410       _CG_DrawRedName            30017410 f   cg_newDraw.obj
 0001:00016450       _CG_DrawBlueName           30017450 f   cg_newDraw.obj
 0001:00016490       _CG_DrawBlueFlagName       30017490 f   cg_newDraw.obj
 0001:00016510       _CG_DrawBlueFlagStatus     30017510 f   cg_newDraw.obj
 0001:00016630       _CG_DrawBlueFlagHead       30017630 f   cg_newDraw.obj
 0001:000166c0       _CG_DrawRedFlagName        300176c0 f   cg_newDraw.obj
 0001:00016740       _CG_DrawRedFlagStatus      30017740 f   cg_newDraw.obj
 0001:00016860       _CG_DrawRedFlagHead        30017860 f   cg_newDraw.obj
 0001:000168f0       _CG_HarvesterSkulls        300178f0 f   cg_newDraw.obj
 0001:00016a80       _CG_OneFlagStatus          30017a80 f   cg_newDraw.obj
 0001:00016b50       _CG_DrawCTFPowerUp         30017b50 f   cg_newDraw.obj
 0001:00016ba0       _CG_DrawTeamColor          30017ba0 f   cg_newDraw.obj
 0001:00016bf0       _CG_DrawAreaPowerUp        30017bf0 f   cg_newDraw.obj
 0001:00016e20       _CG_DrawPlayerHasFlag      30017e20 f   cg_newDraw.obj
 0001:00016ea0       _CG_DrawAreaSystemChat     30017ea0 f   cg_newDraw.obj
 0001:00016ed0       _CG_DrawAreaTeamChat       30017ed0 f   cg_newDraw.obj
 0001:00016f00       _CG_DrawAreaChat           30017f00 f   cg_newDraw.obj
 0001:00016f30       _CG_DrawKiller             30017f30 f   cg_newDraw.obj
 0001:00016fb0       _CG_DrawCapFragLimit       30017fb0 f   cg_newDraw.obj
 0001:00017000       _CG_Draw1stPlace           30018000 f   cg_newDraw.obj
 0001:00017050       _CG_Draw2ndPlace           30018050 f   cg_newDraw.obj
 0001:000170a0       _CG_DrawGameStatus         300180a0 f   cg_newDraw.obj
 0001:000170e0       _CG_DrawGameType           300180e0 f   cg_newDraw.obj
 0001:0000e880       _CG_ForceModelChange       3000f880 f   cg_main.obj
 0001:0000f470       _CG_OwnerDrawHandleKey     30010470 f   cg_main.obj
 0001:0000f480       _CG_FeederCount            30010480 f   cg_main.obj
 0001:0000f500       _CG_FeederItemText         30010500 f   cg_main.obj
 0001:0000f790       _CG_InfoFromScoreIndex     30010790 f   cg_main.obj
 0001:0000f470       _CG_FeederItemImage        30010470 f   cg_main.obj
 0001:0000f820       _CG_FeederSelection        30010820 f   cg_main.obj
 0001:0000f890       _CG_Cvar_Get               30010890 f   cg_main.obj
 0001:0000f8d0       _CG_OwnerDrawWidth         300108d0 f   cg_main.obj
 0001:0000f990       _CG_PlayCinematic          30010990 f   cg_main.obj
 0001:0000f9d0       _CG_StopCinematic          300109d0 f   cg_main.obj
 0001:0000f9e0       _CG_DrawCinematic          300109e0 f   cg_main.obj
 0001:0000fa20       _CG_RunCinematicFrame      30010a20 f   cg_main.obj
 0001:0000fd60       _CG_RegisterSounds         30010d60 f   cg_main.obj
 0001:00010890       _CG_RegisterItemSounds     30011890 f   cg_main.obj
 0001:00010990       _CG_RegisterGraphics       30011990 f   cg_main.obj
 0001:00011410       _CG_RegisterClients        30012410 f   cg_main.obj
 0001:0000e1a0       _CG_AddMoveScaleFade       3000f1a0 f   cg_localents.obj
 0001:0000e290       _CG_AddScaleFade           3000f290 f   cg_localents.obj
 0001:0000e330       _CG_AddFallScaleFade       3000f330 f   cg_localents.obj
 0001:0000e3e0       _CG_AddExplosion           3000f3e0 f   cg_localents.obj
 0001:0000e480       _CG_AddSpriteExplosion     3000f480 f   cg_localents.obj
 0001:0000d0b0       _CG_DrawLoadingIcons       3000e0b0 f   cg_info.obj
 0001:0000c3d0       _CG_Obituary               3000d3d0 f   cg_event.obj
 0001:0000c930       _CG_UseItem                3000d930 f   cg_event.obj
 0001:0000ca30       _CG_ItemPickup             3000da30 f   cg_event.obj
 0001:00009410       _CG_CalcEntityLerpPositions 3000a410 f   cg_ents.obj
 0001:000095d0       _CG_InterpolateEntityPosition 3000a5d0 f   cg_ents.obj
 0001:00009700       _CG_AddCEntity             3000a700 f   cg_ents.obj
 0001:000097e0       _CG_EntityEffects          3000a7e0 f   cg_ents.obj
 0001:000098a0       _CG_General                3000a8a0 f   cg_ents.obj
 0001:00009960       _CG_Speaker                3000a960 f   cg_ents.obj
 0001:00009a10       _CG_Item                   3000aa10 f   cg_ents.obj
 0001:0000a060       _CG_Missile                3000b060 f   cg_ents.obj
 0001:0000a280       _CG_Grapple                3000b280 f   cg_ents.obj
 0001:0000a370       _CG_Mover                  3000b370 f   cg_ents.obj
 0001:0000a460       _CG_Portal                 3000b460 f   cg_ents.obj
 0001:0000a590       _CG_TeamBase               3000b590 f   cg_ents.obj
 0001:00007540       _CG_TileClearBox           30008540 f   cg_drawtools.obj
 0001:00007970       _UI_DrawProportionalString2 30008970 f   cg_drawtools.obj
 0001:00005490       _CG_Draw2D                 30006490 f   cg_draw.obj
 0001:00005580       _CG_DrawUpperRight         30006580 f   cg_draw.obj
 0001:00005620       _CG_DrawAttacker           30006620 f   cg_draw.obj
 0001:00005720       _CG_DrawSnapshot           30006720 f   cg_draw.obj
 0001:00005790       _CG_DrawFPS                30006790 f   cg_draw.obj
 0001:00005850       _CG_DrawTimer              30006850 f   cg_draw.obj
 0001:00005900       _CG_DrawTeamOverlay        30006900 f   cg_draw.obj
 0001:00005d70       _CG_DrawReward             30006d70 f   cg_draw.obj
 0001:00005f10       _CG_DrawLagometer          30006f10 f   cg_draw.obj
 0001:00006280       _CG_DrawDisconnect         30007280 f   cg_draw.obj
 0001:00006320       _CG_DrawCenterString       30007320 f   cg_draw.obj
 0001:00006440       _CG_DrawCrosshair          30007440 f   cg_draw.obj
 0001:000065b0       _CG_DrawCrosshairNames     300075b0 f   cg_draw.obj
 0001:00006680       _CG_ScanForCrosshairEntity 30007680 f   cg_draw.obj
 0001:00006760       _CG_DrawSpectator          30007760 f   cg_draw.obj
 0001:000067d0       _CG_DrawVote               300077d0 f   cg_draw.obj
 0001:00006870       _CG_DrawTeamVote           30007870 f   cg_draw.obj
 0001:00006930       _CG_DrawScoreboard         30007930 f   cg_draw.obj
 0001:00006a40       _CG_DrawIntermission       30007a40 f   cg_draw.obj
 0001:00006a60       _CG_DrawFollow             30007a60 f   cg_draw.obj
 0001:00006b20       _CG_DrawAmmoWarning        30007b20 f   cg_draw.obj
 0001:00006b70       _CG_DrawProxWarning        30007b70 f   cg_draw.obj
 0001:00006c50       _CG_DrawWarmup             30007c50 f   cg_draw.obj
 0001:00006ed0       _CG_DrawTourneyScoreboard  30007ed0 f   cg_draw.obj
 0001:00003f20       _CG_SizeUp_f               30004f20 f   cg_consolecmds.obj
 0001:00003f50       _CG_SizeDown_f             30004f50 f   cg_consolecmds.obj
 0001:00003f80       _CG_Viewpos_f              30004f80 f   cg_consolecmds.obj
 0001:00003fc0       _CG_ScoresDown_f           30004fc0 f   cg_consolecmds.obj
 0001:00004020       _CG_ScoresUp_f             30005020 f   cg_consolecmds.obj
 0001:00004040       _CG_LoadHud_f              30005040 f   cg_consolecmds.obj
 0001:000040a0       _CG_scrollScoresDown_f     300050a0 f   cg_consolecmds.obj
 0001:000040e0       _CG_scrollScoresUp_f       300050e0 f   cg_consolecmds.obj
 0001:00004120       _CG_spWin_f                30005120 f   cg_consolecmds.obj
 0001:00004190       _CG_spLose_f               30005190 f   cg_consolecmds.obj
 0001:00004200       _CG_TellTarget_f           30005200 f   cg_consolecmds.obj
 0001:00004260       _CG_TellAttacker_f         30005260 f   cg_consolecmds.obj
 0001:000042c0       _CG_VoiceTellTarget_f      300052c0 f   cg_consolecmds.obj
 0001:00004320       _CG_VoiceTellAttacker_f    30005320 f   cg_consolecmds.obj
 0001:00004380       _CG_NextTeamMember_f       30005380 f   cg_consolecmds.obj
 0001:00004390       _CG_PrevTeamMember_f       30005390 f   cg_consolecmds.obj
 0001:000043a0       _CG_NextOrder_f            300053a0 f   cg_consolecmds.obj
 0001:00004440       _CG_ConfirmOrder_f         30005440 f   cg_consolecmds.obj
 0001:000044a0       _CG_DenyOrder_f            300054a0 f   cg_consolecmds.obj
 0001:000044f0       _CG_TaskOffense_f          300054f0 f   cg_consolecmds.obj
 0001:00004540       _CG_TaskDefense_f          30005540 f   cg_consolecmds.obj
 0001:00004570       _CG_TaskPatrol_f           30005570 f   cg_consolecmds.obj
 0001:000045a0       _CG_TaskCamp_f             300055a0 f   cg_consolecmds.obj
 0001:000045d0       _CG_TaskFollow_f           300055d0 f   cg_consolecmds.obj
 0001:00004600       _CG_TaskRetrieve_f         30005600 f   cg_consolecmds.obj
 0001:00004630       _CG_TaskEscort_f           30005630 f   cg_consolecmds.obj
 0001:00004660       _CG_TaskOwnFlag_f          30005660 f   cg_consolecmds.obj
 0001:00004680       _CG_TauntKillInsult_f      30005680 f   cg_consolecmds.obj
 0001:00004690       _CG_TauntPraise_f          30005690 f   cg_consolecmds.obj
 0001:000046a0       _CG_TauntTaunt_f           300056a0 f   cg_consolecmds.obj
 0001:000046b0       _CG_TauntDeathInsult_f     300056b0 f   cg_consolecmds.obj
 0001:000046c0       _CG_TauntGauntlet_f        300056c0 f   cg_consolecmds.obj
 0001:000046d0       _CG_TaskSuicide_f          300056d0 f   cg_consolecmds.obj
 0001:00004710       _CG_StartOrbit_f           30005710 f   cg_consolecmds.obj
 0001:00000e40       _PM_WaterJumpMove          30001e40 f   bg_pmove.obj
 0001:00000e90       _PM_WaterMove              30001e90 f   bg_pmove.obj
 0001:00001070       _PM_Friction               30002070 f   bg_pmove.obj
 0001:000011c0       _PM_Accelerate             300021c0 f   bg_pmove.obj
 0001:00001240       _PM_CmdScale               30002240 f   bg_pmove.obj
 0001:000012d0       _PM_CheckWaterJump         300022d0 f   bg_pmove.obj
 0001:00001430       _PM_InvulnerabilityMove    30002430 f   bg_pmove.obj
 0001:00001470       _PM_FlyMove                30002470 f   bg_pmove.obj
 0001:00001550       _PM_AirMove                30002550 f   bg_pmove.obj
 0001:00001670       _PM_SetMovementDir         30002670 f   bg_pmove.obj
 0001:00001740       _PM_GrappleMove            30002740 f   bg_pmove.obj
 0001:00001880       _PM_WalkMove               30002880 f   bg_pmove.obj
 0001:00001ba0       _PM_CheckJump              30002ba0 f   bg_pmove.obj
 0001:00001c60       _PM_ForceLegsAnim          30002c60 f   bg_pmove.obj
 0001:00001c80       _PM_StartLegsAnim          30002c80 f   bg_pmove.obj
 0001:00001cb0       _PM_DeadMove               30002cb0 f   bg_pmove.obj
 0001:00001d70       _PM_NoclipMove             30002d70 f   bg_pmove.obj
 0001:00001f50       _PM_GroundTrace            30002f50 f   bg_pmove.obj
 0001:000021c0       _PM_CrashLand              300031c0 f   bg_pmove.obj
 0001:00002370       _PM_FootstepForSurface     30003370 f   bg_pmove.obj
 0001:00002390       _PM_CorrectAllSolid        30003390 f   bg_pmove.obj
 0001:00002550       _PM_GroundTraceMissed      30003550 f   bg_pmove.obj
 0001:00002660       _PM_SetWaterLevel          30003660 f   bg_pmove.obj
 0001:00002790       _PM_CheckDuck              30003790 f   bg_pmove.obj
 0001:000029a0       _PM_Footsteps              300039a0 f   bg_pmove.obj
 0001:00002b70       _PM_ContinueLegsAnim       30003b70 f   bg_pmove.obj
 0001:00002ba0       _PM_WaterEvents            30003ba0 f   bg_pmove.obj
 0001:00002c30       _PM_TorsoAnimation         30003c30 f   bg_pmove.obj
 0001:00002c60       _PM_ContinueTorsoAnim      30003c60 f   bg_pmove.obj
 0001:00002c90       _PM_StartTorsoAnim         30003c90 f   bg_pmove.obj
 0001:00002cc0       _PM_Weapon                 30003cc0 f   bg_pmove.obj
 0001:00003040       _PM_BeginWeaponChange      30004040 f   bg_pmove.obj
 0001:000030b0       _PM_FinishWeaponChange     300040b0 f   bg_pmove.obj
 0001:00003110       _PM_Animate                30004110 f   bg_pmove.obj
 0001:000031d0       _PM_DropTimers             300041d0 f   bg_pmove.obj
 0001:00003260       _PM_LadderMove             30004260 f   bg_pmove.obj
 0001:00035c25       _flsall                    30036c25 f   LIBC:fflush.obj
 0001:00035210       LeadUp1                    30036210 f   LIBC:memcpy.obj
 0001:0003523c       LeadUp2                    3003623c f   LIBC:memcpy.obj
 0001:00035260       LeadUp3                    30036260 f   LIBC:memcpy.obj
 0001:000352df       UnwindUp0                  300362df f   LIBC:memcpy.obj
 0001:000352cc       UnwindUp1                  300362cc f   LIBC:memcpy.obj
 0001:000352c4       UnwindUp2                  300362c4 f   LIBC:memcpy.obj
 0001:000352bc       UnwindUp3                  300362bc f   LIBC:memcpy.obj
 0001:000352b4       UnwindUp4                  300362b4 f   LIBC:memcpy.obj
 0001:000352ac       UnwindUp5                  300362ac f   LIBC:memcpy.obj
 0001:000352a4       UnwindUp6                  300362a4 f   LIBC:memcpy.obj
 0001:0003529c       UnwindUp7                  3003629c f   LIBC:memcpy.obj
 0001:000352f8       TrailUp0                   300362f8 f   LIBC:memcpy.obj
 0001:00035300       TrailUp1                   30036300 f   LIBC:memcpy.obj
 0001:0003530c       TrailUp2                   3003630c f   LIBC:memcpy.obj
 0001:00035320       TrailUp3                   30036320 f   LIBC:memcpy.obj
 0001:00035398       LeadDown1                  30036398 f   LIBC:memcpy.obj
 0001:000353b8       LeadDown2                  300363b8 f   LIBC:memcpy.obj
 0001:000353e0       LeadDown3                  300363e0 f   LIBC:memcpy.obj
 0001:00035434       UnwindDown7                30036434 f   LIBC:memcpy.obj
 0001:0003543c       UnwindDown6                3003643c f   LIBC:memcpy.obj
 0001:00035444       UnwindDown5                30036444 f   LIBC:memcpy.obj
 0001:0003544c       UnwindDown4                3003644c f   LIBC:memcpy.obj
 0001:00035454       UnwindDown3                30036454 f   LIBC:memcpy.obj
 0001:0003545c       UnwindDown2                3003645c f   LIBC:memcpy.obj
 0001:00035464       UnwindDown1                30036464 f   LIBC:memcpy.obj
 0001:00035477       UnwindDown0                30036477 f   LIBC:memcpy.obj
 0001:00035490       TrailDown0                 30036490 f   LIBC:memcpy.obj
 0001:00035498       TrailDown1                 30036498 f   LIBC:memcpy.obj
 0001:000354a8       TrailDown2                 300364a8 f   LIBC:memcpy.obj
 0001:000354bc       TrailDown3                 300364bc f   LIBC:memcpy.obj
 0001:00034f51       _getSystemCP               30035f51 f   LIBC:mbctype.obj
 0001:00034f9b       _CPtoLCID                  30035f9b f   LIBC:mbctype.obj
 0001:00034fce       _setSBCS                   30035fce f   LIBC:mbctype.obj
 0001:00034ff7       _setSBUpLow                30035ff7 f   LIBC:mbctype.obj
 0001:00034314       _gu_return                 30035314 f   LIBC:exsup.obj
 0001:0003431c       __unwind_handler           3003531c f   LIBC:exsup.obj
 0001:00032f59       __abstract_cw              30033f59 f   LIBC:ieee87.obj
 0001:00032feb       __hw_cw                    30033feb f   LIBC:ieee87.obj
 0001:00032a7c       _parse_cmdline             30033a7c f   LIBC:stdargv.obj
 0001:000325f8       _doexit                    300335f8 f   LIBC:crt0dat.obj
 0001:00032691       __initterm                 30033691 f   LIBC:crt0dat.obj
 0001:00032580       _strncnt                   30033580 f   LIBC:a_map.obj
 0001:0003211e       __get_fname                3003311e f   LIBC:fpexcept.obj
 0001:000318e2       _write_char                300328e2 f   LIBC:output.obj
 0001:00031917       _write_multi_char          30032917 f   LIBC:output.obj
 0001:00031948       _write_string              30032948 f   LIBC:output.obj
 0001:00031980       _get_int_arg               30032980 f   LIBC:output.obj
 0001:0003198d       _get_int64_arg             3003298d f   LIBC:output.obj
 0001:0003199d       _get_short_arg             3003299d f   LIBC:output.obj
 0001:00030b51       __cftoe_g                  30031b51 f   LIBC:cvt.obj
 0001:00030b78       __cftof_g                  30031b78 f   LIBC:cvt.obj
 0001:00030bec       __shift                    30031bec f   LIBC:cvt.obj
 0001:00030310       LeadUp1                    30031310 f   LIBC:memmove.obj
 0001:0003033c       LeadUp2                    3003133c f   LIBC:memmove.obj
 0001:00030360       LeadUp3                    30031360 f   LIBC:memmove.obj
 0001:000303df       UnwindUp0                  300313df f   LIBC:memmove.obj
 0001:000303cc       UnwindUp1                  300313cc f   LIBC:memmove.obj
 0001:000303c4       UnwindUp2                  300313c4 f   LIBC:memmove.obj
 0001:000303bc       UnwindUp3                  300313bc f   LIBC:memmove.obj
 0001:000303b4       UnwindUp4                  300313b4 f   LIBC:memmove.obj
 0001:000303ac       UnwindUp5                  300313ac f   LIBC:memmove.obj
 0001:000303a4       UnwindUp6                  300313a4 f   LIBC:memmove.obj
 0001:0003039c       UnwindUp7                  3003139c f   LIBC:memmove.obj
 0001:000303f8       TrailUp0                   300313f8 f   LIBC:memmove.obj
 0001:00030400       TrailUp1                   30031400 f   LIBC:memmove.obj
 0001:0003040c       TrailUp2                   3003140c f   LIBC:memmove.obj
 0001:00030420       TrailUp3                   30031420 f   LIBC:memmove.obj
 0001:00030498       LeadDown1                  30031498 f   LIBC:memmove.obj
 0001:000304b8       LeadDown2                  300314b8 f   LIBC:memmove.obj
 0001:000304e0       LeadDown3                  300314e0 f   LIBC:memmove.obj
 0001:00030534       UnwindDown7                30031534 f   LIBC:memmove.obj
 0001:0003053c       UnwindDown6                3003153c f   LIBC:memmove.obj
 0001:00030544       UnwindDown5                30031544 f   LIBC:memmove.obj
 0001:0003054c       UnwindDown4                3003154c f   LIBC:memmove.obj
 0001:00030554       UnwindDown3                30031554 f   LIBC:memmove.obj
 0001:0003055c       UnwindDown2                3003155c f   LIBC:memmove.obj
 0001:00030564       UnwindDown1                30031564 f   LIBC:memmove.obj
 0001:00030577       UnwindDown0                30031577 f   LIBC:memmove.obj
 0001:00030590       TrailDown0                 30031590 f   LIBC:memmove.obj
 0001:00030598       TrailDown1                 30031598 f   LIBC:memmove.obj
 0001:000305a8       TrailDown2                 300315a8 f   LIBC:memmove.obj
 0001:000305bc       TrailDown3                 300315bc f   LIBC:memmove.obj

 1072 bytes saved through ICF

