 cgamex86

 Timestamp is 5817eb31 (Mon Oct 31 21:09:05 2016)

 Preferred load address is 30000000

 Start         Length     Name                   Class
 0001:00000000 000527e1H .textbss                DATA
 0002:00000000 000a98d1H .text                   CODE
 0002:000a98e0 0000112fH .text$x                 CODE
 0003:00000000 00000104H .CRT$XCA                DATA
 0003:00000104 00000104H .CRT$XCZ                DATA
 0003:00000208 00000104H .CRT$XIA                DATA
 0003:0000030c 00000118H .CRT$XIC                DATA
 0003:00000424 00000104H .CRT$XIZ                DATA
 0003:00000528 00000104H .CRT$XPA                DATA
 0003:0000062c 00000109H .CRT$XPX                DATA
 0003:00000738 00000104H .CRT$XPXA               DATA
 0003:0000083c 00000104H .CRT$XPZ                DATA
 0003:00000940 00000104H .CRT$XTA                DATA
 0003:00000a44 00000104H .CRT$XTZ                DATA
 0003:00000b50 0001bbc9H .rdata                  DATA
 0003:0001c71c 0000016eH .rdata$debug            DATA
 0003:0001c88c 0000032fH .rdata$r                DATA
 0003:0001cbbc 00000104H .rtc$IAA                DATA
 0003:0001ccc0 00000104H .rtc$IZZ                DATA
 0003:0001cdc4 00000104H .rtc$TAA                DATA
 0003:0001cec8 00000104H .rtc$TZZ                DATA
 0003:0001cfd0 00000dd2H .xdata$x                DATA
 0003:0001ddb0 0000016aH .edata                  DATA
 0004:00000000 00005195H .data                   DATA
 0004:000051a0 006214b4H .bss                    DATA
 0005:00000000 00000014H .idata$2                DATA
 0005:00000014 00000014H .idata$3                DATA
 0005:00000028 000001a0H .idata$4                DATA
 0005:000001c8 000001a0H .idata$5                DATA
 0005:00000368 0000074eH .idata$6                DATA
 0006:00000000 00000169H .rsrc$01                DATA
 0006:00000170 000002e9H .rsrc$02                DATA

  Address         Publics by Value              Rva+Base       Lib:Object

 0000:00000000       ___safe_se_handler_count   00000000     <absolute>
 0000:00000000       ___safe_se_handler_table   00000000     <absolute>
 0000:00000000       __except_list              00000000     <absolute>
 0000:00000000       ___ImageBase               30000000     <linker-defined>
 0001:00000000       __enc$textbss$begin        30001000     <linker-defined>
 0001:000527e1       __enc$textbss$end          300537e1     <linker-defined>
 0002:00004270       _BG_FindItemForPowerup     30058270 f   bg_misc.obj
 0002:00004310       _BG_FindItemForHoldable    30058310 f   bg_misc.obj
 0002:000043a0       _BG_FindItemForWeapon      300583a0 f   bg_misc.obj
 0002:00004410       _BG_FindItem               30058410 f   bg_misc.obj
 0002:00004470       _BG_PlayerTouchesItem      30058470 f   bg_misc.obj
 0002:00004570       _BG_CanItemBeGrabbed       30058570 f   bg_misc.obj
 0002:00004880       _BG_EvaluateTrajectory     30058880 f   bg_misc.obj
 0002:00004c30       _BG_EvaluateTrajectoryDelta 30058c30 f   bg_misc.obj
 0002:00004ed0       _BG_AddPredictableEventToPlayerstate 30058ed0 f   bg_misc.obj
 0002:00004fc0       _BG_TouchJumpPad           30058fc0 f   bg_misc.obj
 0002:00005100       _BG_PlayerStateToEntityState 30059100 f   bg_misc.obj
 0002:00005530       _BG_PlayerStateToEntityStateExtraPolate 30059530 f   bg_misc.obj
 0002:00005980       _PM_AddEvent               30059980 f   bg_pmove.obj
 0002:000059b0       _PM_AddTouchEnt            300599b0 f   bg_pmove.obj
 0002:00005a60       _PM_ClipVelocity           30059a60 f   bg_pmove.obj
 0002:00005b30       _PM_UpdateViewAngles       30059b30 f   bg_pmove.obj
 0002:00005c70       _CheckLadder               30059c70 f   bg_pmove.obj
 0002:00005dc0       _PmoveSingle               30059dc0 f   bg_pmove.obj
 0002:0000a5a0       _Pmove                     3005e5a0 f   bg_pmove.obj
 0002:0000a6c0       _PM_SlideMove              3005e6c0 f   bg_slidemove.obj
 0002:0000b200       _PM_StepSlideMove          3005f200 f   bg_slidemove.obj
 0002:0000b770       _CG_TargetCommand_f        3005f770 f   cg_consolecmds.obj
 0002:0000bd30       _CG_ConsoleCommand         3005fd30 f   cg_consolecmds.obj
 0002:0000bdb0       _CG_InitConsoleCommands    3005fdb0 f   cg_consolecmds.obj
 0002:0000bfc0       _CG_Draw3DModel            3005ffc0 f   cg_draw.obj
 0002:0000c190       _CG_DrawHead               30060190 f   cg_draw.obj
 0002:0000c380       _CG_DrawFlagModel          30060380 f   cg_draw.obj
 0002:0000c5c0       _CG_DrawTeamBackground     300605c0 f   cg_draw.obj
 0002:0000c680       _CG_AddLagometerFrameInfo  30060680 f   cg_draw.obj
 0002:0000c6d0       _CG_AddLagometerSnapshotInfo 300606d0 f   cg_draw.obj
 0002:0000c760       _CG_CenterPrint            30060760 f   cg_draw.obj
 0002:0000c800       _CG_DrawActive             30060800 f   cg_draw.obj
 0002:00011370       _CG_AdjustFrom640          30065370 f   cg_drawtools.obj
 0002:000113e0       _CG_FillRect               300653e0 f   cg_drawtools.obj
 0002:00011480       _CG_DrawSides              30065480 f   cg_drawtools.obj
 0002:00011580       _CG_DrawTopBottom          30065580 f   cg_drawtools.obj
 0002:00011680       _CG_DrawRect               30065680 f   cg_drawtools.obj
 0002:00011720       _CG_DrawPic                30065720 f   cg_drawtools.obj
 0002:000117b0       _CG_DrawChar               300657b0 f   cg_drawtools.obj
 0002:000118d0       _CG_DrawStringExt          300658d0 f   cg_drawtools.obj
 0002:00011b50       _CG_DrawBigString          30065b50 f   cg_drawtools.obj
 0002:00011bd0       _CG_DrawBigStringColor     30065bd0 f   cg_drawtools.obj
 0002:00011c10       _CG_DrawSmallString        30065c10 f   cg_drawtools.obj
 0002:00011c90       _CG_DrawSmallStringColor   30065c90 f   cg_drawtools.obj
 0002:00011cd0       _CG_DrawStrlen             30065cd0 f   cg_drawtools.obj
 0002:00011d60       _CG_TileClear              30065d60 f   cg_drawtools.obj
 0002:00011f60       _CG_FadeColor              30065f60 f   cg_drawtools.obj
 0002:00012010       _CG_TeamColor              30066010 f   cg_drawtools.obj
 0002:00012070       _CG_GetColorForHealth      30066070 f   cg_drawtools.obj
 0002:000121a0       _CG_ColorForHealth         300661a0 f   cg_drawtools.obj
 0002:000121f0       _UI_DrawBannerString       300661f0 f   cg_drawtools.obj
 0002:00012550       _UI_ProportionalStringWidth 30066550 f   cg_drawtools.obj
 0002:000125e0       _UI_ProportionalSizeScale  300665e0 f   cg_drawtools.obj
 0002:00012610       _UI_DrawProportionalString 30066610 f   cg_drawtools.obj
 0002:00012b00       _CG_ShotgunTrail           30066b00 f   cg_effects.obj
 0002:00012dd0       _CG_BubbleTrail            30066dd0 f   cg_effects.obj
 0002:00013160       _CG_SmokePuff              30067160 f   cg_effects.obj
 0002:00013460       _CG_SpawnEffect            30067460 f   cg_effects.obj
 0002:000135b0       _CG_ScorePlum              300675b0 f   cg_effects.obj
 0002:000137b0       _CG_MakeExplosion          300677b0 f   cg_effects.obj
 0002:00013a50       _CG_Bleed                  30067a50 f   cg_effects.obj
 0002:00013b70       _CG_LaunchGib              30067b70 f   cg_effects.obj
 0002:00013d00       _CG_GibPlayer              30067d00 f   cg_effects.obj
 0002:00014670       _CG_LaunchExplode          30068670 f   cg_effects.obj
 0002:00014800       _CG_BigExplode             30068800 f   cg_effects.obj
 0002:00014ce0       _CG_GibPlayerHeadshot      30068ce0 f   cg_effects.obj
 0002:000150f0       _CG_LaunchGlass            300690f0 f   cg_effects.obj
 0002:00015290       _CG_BreakGlass             30069290 f   cg_effects.obj
 0002:00015460       _CG_PositionEntityOnTag    30069460 f   cg_ents.obj
 0002:000155d0       _CG_PositionRotatedEntityOnTag 300695d0 f   cg_ents.obj
 0002:00015760       _CG_SetEntitySoundPosition 30069760 f   cg_ents.obj
 0002:00015840       _CG_Beam                   30069840 f   cg_ents.obj
 0002:00015930       _CG_AdjustPositionForMover 30069930 f   cg_ents.obj
 0002:00015af0       _CG_AddPacketEntities      30069af0 f   cg_ents.obj
 0002:00017e60       _CG_PlaceString            3006be60 f   cg_event.obj
 0002:00018000       _CG_PainEvent              3006c000 f   cg_event.obj
 0002:000180d0       _CG_EntityEvent            3006c0d0 f   cg_event.obj
 0002:0001aa90       _CG_CheckEvents            3006ea90 f   cg_event.obj
 0002:0001abb0       _cgrandom                  3006ebb0 f   cg_info.obj
 0002:0001abf0       _CG_LoadingString          3006ebf0 f   cg_info.obj
 0002:0001ac30       _CG_LoadingItem            3006ec30 f   cg_info.obj
 0002:0001acc0       _CG_LoadingClient          3006ecc0 f   cg_info.obj
 0002:0001af90       _CG_DrawInformation        3006ef90 f   cg_info.obj
 0002:0001b7d0       _CG_InitLocalEntities      3006f7d0 f   cg_localents.obj
 0002:0001b870       _CG_FreeLocalEntity        3006f870 f   cg_localents.obj
 0002:0001b8e0       _CG_AllocLocalEntity       3006f8e0 f   cg_localents.obj
 0002:0001b980       _CG_BloodTrail             3006f980 f   cg_localents.obj
 0002:0001bab0       _CG_FragmentBounceMark     3006fab0 f   cg_localents.obj
 0002:0001bc20       _CG_FragmentBounceSound    3006fc20 f   cg_localents.obj
 0002:0001bcc0       _CG_ReflectVelocity        3006fcc0 f   cg_localents.obj
 0002:0001bec0       _CG_AddFragment            3006fec0 f   cg_localents.obj
 0002:0001c190       _CG_AddFadeRGB             30070190 f   cg_localents.obj
 0002:0001c2d0       _CG_AddScorePlum           300702d0 f   cg_localents.obj
 0002:0001c8f0       _CG_AddLocalEntities       300708f0 f   cg_localents.obj
 0002:0001d260       _vmMain                    30071260 f   cg_main.obj
 0002:0001d390       _CG_RegisterCvars          30071390 f   cg_main.obj
 0002:0001d4f0       _CG_UpdateCvars            300714f0 f   cg_main.obj
 0002:0001d750       _CG_CrosshairPlayer        30071750 f   cg_main.obj
 0002:0001d790       _CG_LastAttacker           30071790 f   cg_main.obj
 0002:0001d7d0       _CG_Printf                 300717d0 f   cg_main.obj
 0002:0001d840       _CG_Error                  30071840 f   cg_main.obj
 0002:0001d8b0       _Com_Error                 300718b0 f   cg_main.obj
 0002:0001d930       _Com_Printf                30071930 f   cg_main.obj
 0002:0001d9b0       _CG_Argv                   300719b0 f   cg_main.obj
 0002:0001d9f0       _CG_BuildSpectatorString   300719f0 f   cg_main.obj
 0002:0001dad0       _CG_ConfigString           30071ad0 f   cg_main.obj
 0002:0001db20       _CG_StartMusic             30071b20 f   cg_main.obj
 0002:0001dbc0       _CG_Init                   30071bc0 f   cg_main.obj
 0002:0001f920       _CG_Shutdown               30073920 f   cg_main.obj
 0002:0001f940       _CG_EventHandling          30073940 f   cg_main.obj
 0002:0001f960       _CG_KeyEvent               30073960 f   cg_main.obj
 0002:0001f980       _CG_MouseEvent             30073980 f   cg_main.obj
 0002:0001f9a0       _CG_InitMarkPolys          300739a0 f   cg_marks.obj
 0002:0001fa40       _CG_FreeMarkPoly           30073a40 f   cg_marks.obj
 0002:0001fab0       _CG_AllocMark              30073ab0 f   cg_marks.obj
 0002:0001fb80       _CG_ImpactMark             30073b80 f   cg_marks.obj
 0002:00020290       _CG_AddMarks               30074290 f   cg_marks.obj
 0002:00020620       _CG_ClearParticles         30074620 f   cg_marks.obj
 0002:000207a0       _CG_AddParticleToScene     300747a0 f   cg_marks.obj
 0002:00023b50       _CG_AddParticles           30077b50 f   cg_marks.obj
 0002:00024050       _CG_ParticleSnowFlurry     30078050 f   cg_marks.obj
 0002:000243c0       _CG_ParticleSnow           300783c0 f   cg_marks.obj
 0002:000246b0       _CG_ParticleBubble         300786b0 f   cg_marks.obj
 0002:00024a10       _CG_ParticleSmoke          30078a10 f   cg_marks.obj
 0002:00024c50       _CG_ParticleBulletDebris   30078c50 f   cg_marks.obj
 0002:00024e00       _CG_ParticleExplosion      30078e00 f   cg_marks.obj
 0002:00025060       _CG_AddParticleShrapnel    30079060 f   cg_marks.obj
 0002:00025080       _CG_NewParticleArea        30079080 f   cg_marks.obj
 0002:00025350       _CG_SnowLink               30079350 f   cg_marks.obj
 0002:000253f0       _CG_ParticleImpactSmokePuff 300793f0 f   cg_marks.obj
 0002:00025620       _CG_Particle_Bleed         30079620 f   cg_marks.obj
 0002:00025820       _CG_Particle_OilParticle   30079820 f   cg_marks.obj
 0002:00025a40       _CG_Particle_OilSlick      30079a40 f   cg_marks.obj
 0002:00025d10       _CG_OilSlickRemove         30079d10 f   cg_marks.obj
 0002:00025dc0       _ValidBloodPool            30079dc0 f   cg_marks.obj
 0002:00026040       _CG_BloodPool              3007a040 f   cg_marks.obj
 0002:00026290       _CG_ParticleBloodCloud     3007a290 f   cg_marks.obj
 0002:000265c0       _CG_ParticleSparks         3007a5c0 f   cg_marks.obj
 0002:00026910       _CG_ParticleDust           3007a910 f   cg_marks.obj
 0002:00026e30       _CG_ParticleMisc           3007ae30 f   cg_marks.obj
 0002:00026fa0       _CG_CustomSound            3007afa0 f   cg_players.obj
 0002:00027090       _CG_NewClientInfo          3007b090 f   cg_players.obj
 0002:0002a2a0       _CG_LoadDeferredPlayers    3007e2a0 f   cg_players.obj
 0002:0002a350       _CG_PlayerSprites          3007e350 f   cg_players.obj
 0002:0002a690       _CG_AddRefEntityWithPowerups 3007e690 f   cg_players.obj
 0002:0002a840       _CG_LightVerts             3007e840 f   cg_players.obj
 0002:0002aa90       _CG_Player                 3007ea90 f   cg_players.obj
 0002:0002d010       _CG_ResetPlayerEntity      30081010 f   cg_players.obj
 0002:0002d320       _CG_CheckAmmo              30081320 f   cg_playerstate.obj
 0002:0002d460       _CG_DamageFeedback         30081460 f   cg_playerstate.obj
 0002:0002d860       _CG_Respawn                30081860 f   cg_playerstate.obj
 0002:0002d8b0       _CG_CheckPlayerstateEvents 300818b0 f   cg_playerstate.obj
 0002:0002da60       _CG_CheckChangedPredictableEvents 30081a60 f   cg_playerstate.obj
 0002:0002db90       _CG_CheckLocalSounds       30081b90 f   cg_playerstate.obj
 0002:0002e320       _CG_TransitionPlayerState  30082320 f   cg_playerstate.obj
 0002:0002e4a0       _CG_BuildSolidList         300824a0 f   cg_predict.obj
 0002:0002e5f0       _CG_Trace                  300825f0 f   cg_predict.obj
 0002:0002e990       _CG_PointContents          30082990 f   cg_predict.obj
 0002:0002ea80       _CG_PredictPlayerState     30082a80 f   cg_predict.obj
 0002:000304b0       _CG_DrawScanner            300844b0 f   cg_scanner.obj
 0002:000308b0       _CG_DrawOldScoreboard      300848b0 f   cg_scoreboard.obj
 0002:00031a70       _CG_DrawOldTourneyScoreboard 30085a70 f   cg_scoreboard.obj
 0002:00031ef0       _CG_ParseServerinfo        30085ef0 f   cg_servercmds.obj
 0002:000321f0       _CG_SetConfigValues        300861f0 f   cg_servercmds.obj
 0002:000322c0       _CG_ShaderStateChanged     300862c0 f   cg_servercmds.obj
 0002:00032510       _CG_ParseVoiceChats        30086510 f   cg_servercmds.obj
 0002:00032ae0       _CG_LoadVoiceChats         30086ae0 f   cg_servercmds.obj
 0002:00032bf0       _CG_HeadModelVoiceChats    30086bf0 f   cg_servercmds.obj
 0002:00032d90       _CG_GetVoiceChat           30086d90 f   cg_servercmds.obj
 0002:00032ea0       _CG_VoiceChatListForClient 30086ea0 f   cg_servercmds.obj
 0002:00033340       _CG_PlayVoiceChat          30087340 f   cg_servercmds.obj
 0002:00033360       _CG_PlayBufferedVoiceChats 30087360 f   cg_servercmds.obj
 0002:00033380       _CG_AddBufferedVoiceChat   30087380 f   cg_servercmds.obj
 0002:000333a0       _CG_VoiceChatLocal         300873a0 f   cg_servercmds.obj
 0002:000333c0       _CG_VoiceChat              300873c0 f   cg_servercmds.obj
 0002:000333e0       _CG_ExecuteNewServerCommands 300873e0 f   cg_servercmds.obj
 0002:000348a0       _CG_TransitionEntity       300888a0 f   cg_snapshot.obj
 0002:00034a00       _CG_SetInitialSnapshot     30088a00 f   cg_snapshot.obj
 0002:00034b40       _CG_ProcessSnapshots       30088b40 f   cg_snapshot.obj
 0002:000352e0       _dllEntry                  300892e0 f   cg_syscalls.obj
 0002:00035300       _PASSFLOAT                 30089300 f   cg_syscalls.obj
 0002:00035320       _trap_Print                30089320 f   cg_syscalls.obj
 0002:00035350       _trap_Error                30089350 f   cg_syscalls.obj
 0002:00035380       _trap_Milliseconds         30089380 f   cg_syscalls.obj
 0002:000353b0       _trap_Cvar_Register        300893b0 f   cg_syscalls.obj
 0002:000353f0       _trap_Cvar_Update          300893f0 f   cg_syscalls.obj
 0002:00035420       _trap_Cvar_Set             30089420 f   cg_syscalls.obj
 0002:00035450       _trap_Cvar_VariableStringBuffer 30089450 f   cg_syscalls.obj
 0002:00035480       _trap_Argc                 30089480 f   cg_syscalls.obj
 0002:000354b0       _trap_Argv                 300894b0 f   cg_syscalls.obj
 0002:000354e0       _trap_Args                 300894e0 f   cg_syscalls.obj
 0002:00035510       _trap_FS_FOpenFile         30089510 f   cg_syscalls.obj
 0002:00035540       _trap_FS_Read              30089540 f   cg_syscalls.obj
 0002:00035570       _trap_FS_Write             30089570 f   cg_syscalls.obj
 0002:000355a0       _trap_FS_FCloseFile        300895a0 f   cg_syscalls.obj
 0002:000355d0       _trap_FS_Seek              300895d0 f   cg_syscalls.obj
 0002:00035600       _trap_SendConsoleCommand   30089600 f   cg_syscalls.obj
 0002:00035630       _trap_AddCommand           30089630 f   cg_syscalls.obj
 0002:00035660       _trap_RemoveCommand        30089660 f   cg_syscalls.obj
 0002:00035690       _trap_SendClientCommand    30089690 f   cg_syscalls.obj
 0002:000356c0       _trap_UpdateScreen         300896c0 f   cg_syscalls.obj
 0002:000356f0       _trap_CM_LoadMap           300896f0 f   cg_syscalls.obj
 0002:00035720       _trap_CM_NumInlineModels   30089720 f   cg_syscalls.obj
 0002:00035750       _trap_CM_InlineModel       30089750 f   cg_syscalls.obj
 0002:00035780       _trap_CM_TempBoxModel      30089780 f   cg_syscalls.obj
 0002:000357b0       _trap_CM_TempCapsuleModel  300897b0 f   cg_syscalls.obj
 0002:000357e0       _trap_CM_PointContents     300897e0 f   cg_syscalls.obj
 0002:00035810       _trap_CM_TransformedPointContents 30089810 f   cg_syscalls.obj
 0002:00035850       _trap_CM_BoxTrace          30089850 f   cg_syscalls.obj
 0002:000358a0       _trap_CM_CapsuleTrace      300898a0 f   cg_syscalls.obj
 0002:000358f0       _trap_CM_TransformedBoxTrace 300898f0 f   cg_syscalls.obj
 0002:00035940       _trap_CM_TransformedCapsuleTrace 30089940 f   cg_syscalls.obj
 0002:00035990       _trap_CM_MarkFragments     30089990 f   cg_syscalls.obj
 0002:000359e0       _trap_S_StartSound         300899e0 f   cg_syscalls.obj
 0002:00035a20       _trap_S_StartLocalSound    30089a20 f   cg_syscalls.obj
 0002:00035a50       _trap_S_ClearLoopingSounds 30089a50 f   cg_syscalls.obj
 0002:00035a80       _trap_S_AddLoopingSound    30089a80 f   cg_syscalls.obj
 0002:00035ac0       _trap_S_AddRealLoopingSound 30089ac0 f   cg_syscalls.obj
 0002:00035b00       _trap_S_StopLoopingSound   30089b00 f   cg_syscalls.obj
 0002:00035b30       _trap_S_UpdateEntityPosition 30089b30 f   cg_syscalls.obj
 0002:00035b60       _trap_S_Respatialize       30089b60 f   cg_syscalls.obj
 0002:00035ba0       _trap_S_RegisterSound      30089ba0 f   cg_syscalls.obj
 0002:00035bd0       _trap_S_StartBackgroundTrack 30089bd0 f   cg_syscalls.obj
 0002:00035c00       _trap_R_LoadWorldMap       30089c00 f   cg_syscalls.obj
 0002:00035c30       _trap_R_RegisterModel      30089c30 f   cg_syscalls.obj
 0002:00035c60       _trap_R_RegisterSkin       30089c60 f   cg_syscalls.obj
 0002:00035c90       _trap_R_RegisterShader     30089c90 f   cg_syscalls.obj
 0002:00035cc0       _trap_R_RegisterShaderNoMip 30089cc0 f   cg_syscalls.obj
 0002:00035cf0       _trap_R_RegisterFont       30089cf0 f   cg_syscalls.obj
 0002:00035d20       _trap_R_ClearScene         30089d20 f   cg_syscalls.obj
 0002:00035d50       _trap_R_AddRefEntityToScene 30089d50 f   cg_syscalls.obj
 0002:00035d80       _trap_R_AddPolyToScene     30089d80 f   cg_syscalls.obj
 0002:00035db0       _trap_R_AddPolysToScene    30089db0 f   cg_syscalls.obj
 0002:00035df0       _trap_R_LightForPoint      30089df0 f   cg_syscalls.obj
 0002:00035e30       _trap_R_AddLightToScene    30089e30 f   cg_syscalls.obj
 0002:00035eb0       _trap_R_AddAdditiveLightToScene 30089eb0 f   cg_syscalls.obj
 0002:00035f30       _trap_R_RenderScene        30089f30 f   cg_syscalls.obj
 0002:00035f60       _trap_R_SetColor           30089f60 f   cg_syscalls.obj
 0002:00035f90       _trap_R_DrawStretchPic     30089f90 f   cg_syscalls.obj
 0002:00036060       _trap_R_ModelBounds        3008a060 f   cg_syscalls.obj
 0002:00036090       _trap_R_LerpTag            3008a090 f   cg_syscalls.obj
 0002:000360e0       _trap_R_RemapShader        3008a0e0 f   cg_syscalls.obj
 0002:00036110       _trap_GetGlconfig          3008a110 f   cg_syscalls.obj
 0002:00036140       _trap_GetGameState         3008a140 f   cg_syscalls.obj
 0002:00036170       _trap_GetCurrentSnapshotNumber 3008a170 f   cg_syscalls.obj
 0002:000361a0       _trap_GetSnapshot          3008a1a0 f   cg_syscalls.obj
 0002:000361d0       _trap_GetServerCommand     3008a1d0 f   cg_syscalls.obj
 0002:00036200       _trap_GetCurrentCmdNumber  3008a200 f   cg_syscalls.obj
 0002:00036230       _trap_GetUserCmd           3008a230 f   cg_syscalls.obj
 0002:00036260       _trap_SetUserCmdValue      3008a260 f   cg_syscalls.obj
 0002:000362a0       _testPrintInt              3008a2a0 f   cg_syscalls.obj
 0002:000362d0       _testPrintFloat            3008a2d0 f   cg_syscalls.obj
 0002:00036310       _trap_MemoryRemaining      3008a310 f   cg_syscalls.obj
 0002:00036340       _trap_Key_IsDown           3008a340 f   cg_syscalls.obj
 0002:00036370       _trap_Key_GetCatcher       3008a370 f   cg_syscalls.obj
 0002:000363a0       _trap_Key_SetCatcher       3008a3a0 f   cg_syscalls.obj
 0002:000363d0       _trap_Key_GetKey           3008a3d0 f   cg_syscalls.obj
 0002:00036400       _trap_PC_AddGlobalDefine   3008a400 f   cg_syscalls.obj
 0002:00036430       _trap_PC_LoadSource        3008a430 f   cg_syscalls.obj
 0002:00036460       _trap_PC_FreeSource        3008a460 f   cg_syscalls.obj
 0002:00036490       _trap_PC_ReadToken         3008a490 f   cg_syscalls.obj
 0002:000364c0       _trap_PC_SourceFileAndLine 3008a4c0 f   cg_syscalls.obj
 0002:000364f0       _trap_S_StopBackgroundTrack 3008a4f0 f   cg_syscalls.obj
 0002:00036520       _trap_RealTime             3008a520 f   cg_syscalls.obj
 0002:00036550       _trap_SnapVector           3008a550 f   cg_syscalls.obj
 0002:00036580       _trap_CIN_PlayCinematic    3008a580 f   cg_syscalls.obj
 0002:000365c0       _trap_CIN_StopCinematic    3008a5c0 f   cg_syscalls.obj
 0002:000365f0       _trap_CIN_RunCinematic     3008a5f0 f   cg_syscalls.obj
 0002:00036620       _trap_CIN_DrawCinematic    3008a620 f   cg_syscalls.obj
 0002:00036650       _trap_CIN_SetExtents       3008a650 f   cg_syscalls.obj
 0002:00036690       _trap_GetEntityToken       3008a690 f   cg_syscalls.obj
 0002:000366c0       _trap_R_inPVS              3008a6c0 f   cg_syscalls.obj
 0002:000366f0       _CG_PredictWeaponEffects   3008a6f0 f   cg_unlagged.obj
 0002:00037270       _CG_AddBoundingBox         3008b270 f   cg_unlagged.obj
 0002:00037bb0       _CG_Cvar_ClampInt          3008bbb0 f   cg_unlagged.obj
 0002:00037cd0       _CG_TestModel_f            3008bcd0 f   cg_view.obj
 0002:00037e60       _CG_TestGun_f              3008be60 f   cg_view.obj
 0002:00037ea0       _CG_TestModelNextFrame_f   3008bea0 f   cg_view.obj
 0002:00037ee0       _CG_TestModelPrevFrame_f   3008bee0 f   cg_view.obj
 0002:00037f30       _CG_TestModelNextSkin_f    3008bf30 f   cg_view.obj
 0002:00037f70       _CG_TestModelPrevSkin_f    3008bf70 f   cg_view.obj
 0002:00037fc0       _CG_ZoomDown_f             3008bfc0 f   cg_view.obj
 0002:000380c0       _CG_ZoomUp_f               3008c0c0 f   cg_view.obj
 0002:00038100       _CG_ResetZoom              3008c100 f   cg_view.obj
 0002:00038190       _CG_DoZoom_f               3008c190 f   cg_view.obj
 0002:000381c0       _CG_AddBufferedSound       3008c1c0 f   cg_view.obj
 0002:00038230       _CG_DrawActiveFrame        3008c230 f   cg_view.obj
 0002:00039ce0       _CG_RailTrail              3008dce0 f   cg_weapons.obj
 0002:0003a740       _CG_GrappleTrail           3008e740 f   cg_weapons.obj
 0002:0003aa10       _CG_RegisterWeapon         3008ea10 f   cg_weapons.obj
 0002:0003c4f0       _CG_RegisterItemVisuals    300904f0 f   cg_weapons.obj
 0002:0003c640       _CG_AddPlayerWeapon        30090640 f   cg_weapons.obj
 0002:0003d110       _CG_AddViewWeapon          30091110 f   cg_weapons.obj
 0002:0003d740       _CG_DrawWeaponSelect       30091740 f   cg_weapons.obj
 0002:0003da20       _CG_NextWeapon_f           30091a20 f   cg_weapons.obj
 0002:0003db50       _CG_PrevWeapon_f           30091b50 f   cg_weapons.obj
 0002:0003dc20       _CG_Weapon_f               30091c20 f   cg_weapons.obj
 0002:0003dcc0       _CG_OutOfAmmoChange        30091cc0 f   cg_weapons.obj
 0002:0003dd30       _CG_FireWeapon             30091d30 f   cg_weapons.obj
 0002:0003dea0       _CG_FireWeapon2            30091ea0 f   cg_weapons.obj
 0002:0003e010       _CG_MissileHitWall         30092010 f   cg_weapons.obj
 0002:0003e840       _CG_MissileHitPlayer       30092840 f   cg_weapons.obj
 0002:0003e8b0       _CG_ShotgunPattern         300928b0 f   cg_weapons.obj
 0002:0003ec20       _CG_ShotgunFire            30092c20 f   cg_weapons.obj
 0002:0003ee00       _CG_Tracer                 30092e00 f   cg_weapons.obj
 0002:0003f2e0       _CG_Bullet                 300932e0 f   cg_weapons.obj
 0002:0003f730       _CG_ScannerOn_f            30093730 f   cg_weapons.obj
 0002:0003f770       _CG_ScannerOff_f           30093770 f   cg_weapons.obj
 0002:0003f790       _Q_rand                    30093790 f   q_math.obj
 0002:0003f7d0       _Q_random                  300937d0 f   q_math.obj
 0002:0003f810       _Q_crandom                 30093810 f   q_math.obj
 0002:0003f850       _ClampChar                 30093850 f   q_math.obj
 0002:0003f880       _ClampShort                30093880 f   q_math.obj
 0002:0003f8d0       _DirToByte                 300938d0 f   q_math.obj
 0002:0003f9a0       _ByteToDir                 300939a0 f   q_math.obj
 0002:0003fa40       _ColorBytes3               30093a40 f   q_math.obj
 0002:0003faf0       _ColorBytes4               30093af0 f   q_math.obj
 0002:0003fbd0       _NormalizeColor            30093bd0 f   q_math.obj
 0002:0003fca0       _init_tonextint            30093ca0 f   q_math.obj
 0002:0003fd10       _tonextint                 30093d10 f   q_math.obj
 0002:0003fdb0       _PlaneFromPoints           30093db0 f   q_math.obj
 0002:0003ff50       _RotatePointAroundVector   30093f50 f   q_math.obj
 0002:00040220       _RotateAroundDirection     30094220 f   q_math.obj
 0002:000402e0       _vectoangles               300942e0 f   q_math.obj
 0002:000404b0       _AnglesToAxis              300944b0 f   q_math.obj
 0002:00040540       _AxisClear                 30094540 f   q_math.obj
 0002:000405b0       _AxisCopy                  300945b0 f   q_math.obj
 0002:00040650       _ProjectPointOnPlane       30094650 f   q_math.obj
 0002:000407b0       _MakeNormalVectors         300947b0 f   q_math.obj
 0002:000408b0       _VectorRotate              300948b0 f   q_math.obj
 0002:00040970       _Q_rsqrt                   30094970 f   q_math.obj
 0002:000409f0       _Q_fabs                    300949f0 f   q_math.obj
 0002:00040a20       _LerpAngle                 30094a20 f   q_math.obj
 0002:00040aa0       _AngleSubtract             30094aa0 f   q_math.obj
 0002:00040b10       _AnglesSubtract            30094b10 f   q_math.obj
 0002:00040ba0       _AngleMod                  30094ba0 f   q_math.obj
 0002:00040bf0       _AngleNormalize360         30094bf0 f   q_math.obj
 0002:00040c40       _AngleNormalize180         30094c40 f   q_math.obj
 0002:00040ca0       _AngleDelta                30094ca0 f   q_math.obj
 0002:00040ce0       _SetPlaneSignbits          30094ce0 f   q_math.obj
 0002:00040d60       _flrandom                  30094d60 f   q_math.obj
 0002:00040da0       _irandom                   30094da0 f   q_math.obj
 0002:00040de0       _BoxOnPlaneSide            30094de0 f   q_math.obj
 0002:000410b0       _RadiusFromBounds          300950b0 f   q_math.obj
 0002:000411e0       _ClearBounds               300951e0 f   q_math.obj
 0002:00041250       _AddPointToBounds          30095250 f   q_math.obj
 0002:00041360       _VectorNormalize           30095360 f   q_math.obj
 0002:00041420       _VectorNormalize2          30095420 f   q_math.obj
 0002:00041500       __VectorMA                 30095500 f   q_math.obj
 0002:00041560       __DotProduct               30095560 f   q_math.obj
 0002:000415b0       __VectorSubtract           300955b0 f   q_math.obj
 0002:00041610       __VectorAdd                30095610 f   q_math.obj
 0002:00041670       __VectorCopy               30095670 f   q_math.obj
 0002:000416b0       __VectorScale              300956b0 f   q_math.obj
 0002:00041700       _Vector4Scale              30095700 f   q_math.obj
 0002:00041760       _Q_log2                    30095760 f   q_math.obj
 0002:000417a0       _MatrixMultiply            300957a0 f   q_math.obj
 0002:000419b0       _AngleVectors              300959b0 f   q_math.obj
 0002:00041c20       _PerpendicularVector       30095c20 f   q_math.obj
 0002:00041d20       _Com_Clamp                 30095d20 f   q_shared.obj
 0002:00041d70       _COM_SkipPath              30095d70 f   q_shared.obj
 0002:00041dd0       _COM_StripExtension        30095dd0 f   q_shared.obj
 0002:00041e30       _COM_DefaultExtension      30095e30 f   q_shared.obj
 0002:00041ef0       _ShortSwap                 30095ef0 f   q_shared.obj
 0002:00041f40       _ShortNoSwap               30095f40 f   q_shared.obj
 0002:00041f60       _LongSwap                  30095f60 f   q_shared.obj
 0002:00041fe0       _LongNoSwap                30095fe0 f   q_shared.obj
 0002:00042000       _Long64Swap                30096000 f   q_shared.obj
 0002:00042060       _Long64NoSwap              30096060 f   q_shared.obj
 0002:00042080       _FloatSwap                 30096080 f   q_shared.obj
 0002:000420c0       _FloatNoSwap               300960c0 f   q_shared.obj
 0002:000420e0       _COM_BeginParseSession     300960e0 f   q_shared.obj
 0002:00042130       _COM_GetCurrentParseLine   30096130 f   q_shared.obj
 0002:00042150       _COM_Parse                 30096150 f   q_shared.obj
 0002:00042180       _COM_ParseError            30096180 f   q_shared.obj
 0002:000421f0       _COM_ParseWarning          300961f0 f   q_shared.obj
 0002:00042260       _COM_Compress              30096260 f   q_shared.obj
 0002:000424e0       _COM_ParseExt              300964e0 f   q_shared.obj
 0002:00042810       _COM_MatchToken            30096810 f   q_shared.obj
 0002:00042870       _SkipBracedSection         30096870 f   q_shared.obj
 0002:00042900       _SkipRestOfLine            30096900 f   q_shared.obj
 0002:00042970       _Parse1DMatrix             30096970 f   q_shared.obj
 0002:00042a00       _Parse2DMatrix             30096a00 f   q_shared.obj
 0002:00042a90       _Parse3DMatrix             30096a90 f   q_shared.obj
 0002:00042b30       _Q_isprint                 30096b30 f   q_shared.obj
 0002:00042b60       _Q_islower                 30096b60 f   q_shared.obj
 0002:00042b90       _Q_isupper                 30096b90 f   q_shared.obj
 0002:00042bc0       _Q_isalpha                 30096bc0 f   q_shared.obj
 0002:00042c00       _Q_strrchr                 30096c00 f   q_shared.obj
 0002:00042c80       _Q_strncpyz                30096c80 f   q_shared.obj
 0002:00042d10       _Q_stricmpn                30096d10 f   q_shared.obj
 0002:00042e20       _Q_strncmp                 30096e20 f   q_shared.obj
 0002:00042eb0       _Q_stricmp                 30096eb0 f   q_shared.obj
 0002:00042f00       _Q_strlwr                  30096f00 f   q_shared.obj
 0002:00042f60       _Q_strupr                  30096f60 f   q_shared.obj
 0002:00042fc0       _Q_strcat                  30096fc0 f   q_shared.obj
 0002:00043030       _Q_PrintStrlen             30097030 f   q_shared.obj
 0002:000430d0       _Q_CleanStr                300970d0 f   q_shared.obj
 0002:00043190       _Com_sprintf               30097190 f   q_shared.obj
 0002:00043260       _va                        30097260 f   q_shared.obj
 0002:000432d0       _Info_ValueForKey          300972d0 f   q_shared.obj
 0002:000434d0       _Info_NextPair             300974d0 f   q_shared.obj
 0002:000435e0       _Info_RemoveKey            300975e0 f   q_shared.obj
 0002:000437c0       _Info_RemoveKey_Big        300977c0 f   q_shared.obj
 0002:000439b0       _Info_Validate             300979b0 f   q_shared.obj
 0002:00043a10       _Info_SetValueForKey       30097a10 f   q_shared.obj
 0002:00043c10       _Info_SetValueForKey_Big   30097c10 f   q_shared.obj
 0002:00043e00       _SnapVectorTowards         30097e00 f   q_shared.obj
 0002:00043eb0       _UI_Alloc                  30097eb0 f   ui_shared.obj
 0002:00043f50       _UI_InitMemory             30097f50 f   ui_shared.obj
 0002:00043f80       _UI_OutOfMemory            30097f80 f   ui_shared.obj
 0002:00043fa0       _String_Alloc              30097fa0 f   ui_shared.obj
 0002:000441e0       _String_Report             300981e0 f   ui_shared.obj
 0002:000442c0       _String_Init               300982c0 f   ui_shared.obj
 0002:00044380       _PC_SourceWarning          30098380 f   ui_shared.obj
 0002:00044440       _PC_SourceError            30098440 f   ui_shared.obj
 0002:00044500       _LerpColor                 30098500 f   ui_shared.obj
 0002:000445c0       _Float_Parse               300985c0 f   ui_shared.obj
 0002:00044620       _PC_Float_Parse            30098620 f   ui_shared.obj
 0002:00044720       _Color_Parse               30098720 f   ui_shared.obj
 0002:00044790       _PC_Color_Parse            30098790 f   ui_shared.obj
 0002:00044800       _Int_Parse                 30098800 f   ui_shared.obj
 0002:00044860       _PC_Int_Parse              30098860 f   ui_shared.obj
 0002:00044960       _Rect_Parse                30098960 f   ui_shared.obj
 0002:000449f0       _PC_Rect_Parse             300989f0 f   ui_shared.obj
 0002:00044a80       _String_Parse              30098a80 f   ui_shared.obj
 0002:00044ae0       _PC_String_Parse           30098ae0 f   ui_shared.obj
 0002:00044b60       _PC_Script_Parse           30098b60 f   ui_shared.obj
 0002:00044d00       _Init_Display              30098d00 f   ui_shared.obj
 0002:00044d20       _GradientBar_Paint         30098d20 f   ui_shared.obj
 0002:00044db0       _Window_Init               30098db0 f   ui_shared.obj
 0002:00044e20       _Fade                      30098e20 f   ui_shared.obj
 0002:00044f10       _Window_Paint              30098f10 f   ui_shared.obj
 0002:00045650       _Item_SetScreenCoords      30099650 f   ui_shared.obj
 0002:00045700       _Item_UpdatePosition       30099700 f   ui_shared.obj
 0002:000457a0       _Menu_UpdatePosition       300997a0 f   ui_shared.obj
 0002:00045860       _Menu_PostParse            30099860 f   ui_shared.obj
 0002:000458d0       _Menu_ClearFocus           300998d0 f   ui_shared.obj
 0002:000459e0       _IsVisible                 300999e0 f   ui_shared.obj
 0002:00045a20       _Rect_ContainsPoint        30099a20 f   ui_shared.obj
 0002:00045ab0       _Menu_ItemsMatchingGroup   30099ab0 f   ui_shared.obj
 0002:00045b70       _Menu_GetMatchingItemByNumber 30099b70 f   ui_shared.obj
 0002:00045c50       _Script_SetColor           30099c50 f   ui_shared.obj
 0002:00045d90       _Script_SetAsset           30099d90 f   ui_shared.obj
 0002:00045dc0       _Script_SetBackground      30099dc0 f   ui_shared.obj
 0002:00045e10       _Menu_FindItemByName       30099e10 f   ui_shared.obj
 0002:00045eb0       _Script_SetTeamColor       30099eb0 f   ui_shared.obj
 0002:00045f40       _Script_SetItemColor       30099f40 f   ui_shared.obj
 0002:00046120       _Menu_ShowItemByName       3009a120 f   ui_shared.obj
 0002:00046200       _Menu_FadeItemByName       3009a200 f   ui_shared.obj
 0002:000462d0       _Menus_FindByName          3009a2d0 f   ui_shared.obj
 0002:00046350       _Menus_ShowByName          3009a350 f   ui_shared.obj
 0002:00046390       _Menus_OpenByName          3009a390 f   ui_shared.obj
 0002:000463c0       _Menus_CloseByName         3009a3c0 f   ui_shared.obj
 0002:00046490       _Menus_CloseAll            3009a490 f   ui_shared.obj
 0002:00046510       _Script_Show               3009a510 f   ui_shared.obj
 0002:00046560       _Script_Hide               3009a560 f   ui_shared.obj
 0002:000465b0       _Script_FadeIn             3009a5b0 f   ui_shared.obj
 0002:00046600       _Script_FadeOut            3009a600 f   ui_shared.obj
 0002:00046650       _Script_Open               3009a650 f   ui_shared.obj
 0002:00046690       _Script_ConditionalOpen    3009a690 f   ui_shared.obj
 0002:00046740       _Script_Close              3009a740 f   ui_shared.obj
 0002:00046780       _Menu_TransitionItemByName 3009a780 f   ui_shared.obj
 0002:00046920       _Script_Transition         3009a920 f   ui_shared.obj
 0002:00046a50       _Menu_OrbitItemByName      3009aa50 f   ui_shared.obj
 0002:00046b20       _Script_Orbit              3009ab20 f   ui_shared.obj
 0002:00046c20       _Script_SetFocus           3009ac20 f   ui_shared.obj
 0002:00046d30       _Script_SetPlayerModel     3009ad30 f   ui_shared.obj
 0002:00046d80       _Script_SetPlayerHead      3009ad80 f   ui_shared.obj
 0002:00046dd0       _Script_SetCvar            3009add0 f   ui_shared.obj
 0002:00046e40       _Script_Exec               3009ae40 f   ui_shared.obj
 0002:00046ea0       _Script_Play               3009aea0 f   ui_shared.obj
 0002:00046f00       _Script_playLooped         3009af00 f   ui_shared.obj
 0002:00046f60       _Item_RunScript            3009af60 f   ui_shared.obj
 0002:00047130       _Item_EnableShowViaCvar    3009b130 f   ui_shared.obj
 0002:00047340       _Item_SetFocus             3009b340 f   ui_shared.obj
 0002:00047620       _Item_ListBox_MaxScroll    3009b620 f   ui_shared.obj
 0002:000476e0       _Item_ListBox_ThumbPosition 3009b6e0 f   ui_shared.obj
 0002:00047830       _Item_ListBox_ThumbDrawPosition 3009b830 f   ui_shared.obj
 0002:00047a10       _Item_Slider_ThumbPosition 3009ba10 f   ui_shared.obj
 0002:00047b40       _Item_Slider_OverSlider    3009bb40 f   ui_shared.obj
 0002:00047bf0       _Item_ListBox_OverLB       3009bbf0 f   ui_shared.obj
 0002:00047fc0       _Item_ListBox_MouseEnter   3009bfc0 f   ui_shared.obj
 0002:000481f0       _Item_MouseEnter           3009c1f0 f   ui_shared.obj
 0002:00048420       _Item_MouseLeave           3009c420 f   ui_shared.obj
 0002:000484c0       _Menu_HitTest              3009c4c0 f   ui_shared.obj
 0002:00048550       _Item_SetMouseOver         3009c550 f   ui_shared.obj
 0002:000485a0       _Item_OwnerDraw_HandleKey  3009c5a0 f   ui_shared.obj
 0002:00048610       _Item_ListBox_HandleKey    3009c610 f   ui_shared.obj
 0002:00049010       _Item_YesNo_HandleKey      3009d010 f   ui_shared.obj
 0002:00049140       _Item_Multi_CountSettings  3009d140 f   ui_shared.obj
 0002:00049180       _Item_Multi_FindCvarByValue 3009d180 f   ui_shared.obj
 0002:00049310       _Item_Multi_Setting        3009d310 f   ui_shared.obj
 0002:000494c0       _Item_Multi_HandleKey      3009d4c0 f   ui_shared.obj
 0002:000496d0       _Item_TextField_HandleKey  3009d6d0 f   ui_shared.obj
 0002:00049ec0       _Item_StartCapture         3009dec0 f   ui_shared.obj
 0002:0004a690       _Item_StopCapture          3009e690 f   ui_shared.obj
 0002:0004a6b0       _Item_Slider_HandleKey     3009e6b0 f   ui_shared.obj
 0002:0004a900       _Item_HandleKey            3009e900 f   ui_shared.obj
 0002:0004ab20       _Item_Action               3009eb20 f   ui_shared.obj
 0002:0004ab60       _Menu_SetPrevCursorItem    3009eb60 f   ui_shared.obj
 0002:0004ad20       _Menu_SetNextCursorItem    3009ed20 f   ui_shared.obj
 0002:0004aee0       _Menus_Activate            3009eee0 f   ui_shared.obj
 0002:0004b140       _Display_VisibleMenuCount  3009f140 f   ui_shared.obj
 0002:0004b1b0       _Menus_HandleOOBClick      3009f1b0 f   ui_shared.obj
 0002:0004b370       _Menu_HandleKey            3009f370 f   ui_shared.obj
 0002:0004bb50       _ToWindowCoords            3009fb50 f   ui_shared.obj
 0002:0004bbc0       _Rect_ToWindowCoords       3009fbc0 f   ui_shared.obj
 0002:0004bbf0       _Item_SetTextExtents       3009fbf0 f   ui_shared.obj
 0002:0004bf30       _Item_TextColor            3009ff30 f   ui_shared.obj
 0002:0004c240       _Item_Text_AutoWrapped_Paint 300a0240 f   ui_shared.obj
 0002:0004c6f0       _Item_Text_Wrapped_Paint   300a06f0 f   ui_shared.obj
 0002:0004c9f0       _Item_Text_Paint           300a09f0 f   ui_shared.obj
 0002:0004cbb0       _Item_TextField_Paint      300a0bb0 f   ui_shared.obj
 0002:0004cfa0       _Item_YesNo_Paint          300a0fa0 f   ui_shared.obj
 0002:0004d270       _Item_Multi_Paint          300a1270 f   ui_shared.obj
 0002:0004d4c0       _Controls_GetConfig        300a14c0 f   ui_shared.obj
 0002:0004d630       _Controls_SetConfig        300a1630 f   ui_shared.obj
 0002:0004d720       _Controls_SetDefaults      300a1720 f   ui_shared.obj
 0002:0004d7a0       _BindingIDFromName         300a17a0 f   ui_shared.obj
 0002:0004d810       _BindingFromName           300a1810 f   ui_shared.obj
 0002:0004d970       _Item_Slider_Paint         300a1970 f   ui_shared.obj
 0002:0004dc20       _Item_Bind_Paint           300a1c20 f   ui_shared.obj
 0002:0004df40       _Display_KeyBindPending    300a1f40 f   ui_shared.obj
 0002:0004df60       _Item_Bind_HandleKey       300a1f60 f   ui_shared.obj
 0002:0004e390       _AdjustFrom640             300a2390 f   ui_shared.obj
 0002:0004e420       _Item_Model_Paint          300a2420 f   ui_shared.obj
 0002:0004e880       _Item_Image_Paint          300a2880 f   ui_shared.obj
 0002:0004e930       _Item_ListBox_Paint        300a2930 f   ui_shared.obj
 0002:0004f5c0       _Item_OwnerDraw_Paint      300a35c0 f   ui_shared.obj
 0002:0004fc40       _Item_Paint                300a3c40 f   ui_shared.obj
 0002:00050470       _Menu_Init                 300a4470 f   ui_shared.obj
 0002:00050510       _Menu_GetFocusedItem       300a4510 f   ui_shared.obj
 0002:00050590       _Menu_GetFocused           300a4590 f   ui_shared.obj
 0002:00050620       _Menu_ScrollFeeder         300a4620 f   ui_shared.obj
 0002:000506d0       _Menu_SetFeederSelection   300a46d0 f   ui_shared.obj
 0002:00050830       _Menus_AnyFullScreenVisible 300a4830 f   ui_shared.obj
 0002:000508b0       _Menus_ActivateByName      300a48b0 f   ui_shared.obj
 0002:000509c0       _Item_Init                 300a49c0 f   ui_shared.obj
 0002:00050a10       _Menu_HandleMouseMove      300a4a10 f   ui_shared.obj
 0002:00050cf0       _Menu_Paint                300a4cf0 f   ui_shared.obj
 0002:00050f00       _Item_ValidateTypeData     300a4f00 f   ui_shared.obj
 0002:000510a0       _KeywordHash_Key           300a50a0 f   ui_shared.obj
 0002:00051170       _KeywordHash_Add           300a5170 f   ui_shared.obj
 0002:000511c0       _KeywordHash_Find          300a51c0 f   ui_shared.obj
 0002:00051240       _ItemParse_name            300a5240 f   ui_shared.obj
 0002:00051280       _ItemParse_focusSound      300a5280 f   ui_shared.obj
 0002:000512e0       _ItemParse_text            300a52e0 f   ui_shared.obj
 0002:00051320       _ItemParse_group           300a5320 f   ui_shared.obj
 0002:00051360       _ItemParse_asset_model     300a5360 f   ui_shared.obj
 0002:000513f0       _ItemParse_asset_shader    300a53f0 f   ui_shared.obj
 0002:00051450       _ItemParse_model_origin    300a5450 f   ui_shared.obj
 0002:000514f0       _ItemParse_model_fovx      300a54f0 f   ui_shared.obj
 0002:00051550       _ItemParse_model_fovy      300a5550 f   ui_shared.obj
 0002:000515b0       _ItemParse_model_rotation  300a55b0 f   ui_shared.obj
 0002:00051610       _ItemParse_model_angle     300a5610 f   ui_shared.obj
 0002:00051670       _ItemParse_rect            300a5670 f   ui_shared.obj
 0002:000516b0       _ItemParse_style           300a56b0 f   ui_shared.obj
 0002:000516f0       _ItemParse_decoration      300a56f0 f   ui_shared.obj
 0002:00051720       _ItemParse_notselectable   300a5720 f   ui_shared.obj
 0002:00051780       _ItemParse_wrapped         300a5780 f   ui_shared.obj
 0002:000517b0       _ItemParse_autowrapped     300a57b0 f   ui_shared.obj
 0002:000517e0       _ItemParse_horizontalscroll 300a57e0 f   ui_shared.obj
 0002:00051810       _ItemParse_type            300a5810 f   ui_shared.obj
 0002:00051860       _ItemParse_elementwidth    300a5860 f   ui_shared.obj
 0002:000518c0       _ItemParse_elementheight   300a58c0 f   ui_shared.obj
 0002:00051920       _ItemParse_feeder          300a5920 f   ui_shared.obj
 0002:00051960       _ItemParse_elementtype     300a5960 f   ui_shared.obj
 0002:000519d0       _ItemParse_columns         300a59d0 f   ui_shared.obj
 0002:00051b20       _ItemParse_border          300a5b20 f   ui_shared.obj
 0002:00051b60       _ItemParse_bordersize      300a5b60 f   ui_shared.obj
 0002:00051ba0       _ItemParse_visible         300a5ba0 f   ui_shared.obj
 0002:00051c00       _ItemParse_ownerdraw       300a5c00 f   ui_shared.obj
 0002:00051c50       _ItemParse_align           300a5c50 f   ui_shared.obj
 0002:00051c90       _ItemParse_textalign       300a5c90 f   ui_shared.obj
 0002:00051cd0       _ItemParse_textalignx      300a5cd0 f   ui_shared.obj
 0002:00051d10       _ItemParse_textaligny      300a5d10 f   ui_shared.obj
 0002:00051d50       _ItemParse_textscale       300a5d50 f   ui_shared.obj
 0002:00051d90       _ItemParse_textstyle       300a5d90 f   ui_shared.obj
 0002:00051dd0       _ItemParse_backcolor       300a5dd0 f   ui_shared.obj
 0002:00051e40       _ItemParse_forecolor       300a5e40 f   ui_shared.obj
 0002:00051ec0       _ItemParse_bordercolor     300a5ec0 f   ui_shared.obj
 0002:00051f30       _ItemParse_outlinecolor    300a5f30 f   ui_shared.obj
 0002:00051f70       _ItemParse_background      300a5f70 f   ui_shared.obj
 0002:00051fd0       _ItemParse_cinematic       300a5fd0 f   ui_shared.obj
 0002:00052010       _ItemParse_doubleClick     300a6010 f   ui_shared.obj
 0002:00052080       _ItemParse_onFocus         300a6080 f   ui_shared.obj
 0002:000520c0       _ItemParse_leaveFocus      300a60c0 f   ui_shared.obj
 0002:00052100       _ItemParse_mouseEnter      300a6100 f   ui_shared.obj
 0002:00052140       _ItemParse_mouseExit       300a6140 f   ui_shared.obj
 0002:00052180       _ItemParse_mouseEnterText  300a6180 f   ui_shared.obj
 0002:000521c0       _ItemParse_mouseExitText   300a61c0 f   ui_shared.obj
 0002:00052200       _ItemParse_action          300a6200 f   ui_shared.obj
 0002:00052240       _ItemParse_special         300a6240 f   ui_shared.obj
 0002:00052280       _ItemParse_cvarTest        300a6280 f   ui_shared.obj
 0002:000522c0       _ItemParse_cvar            300a62c0 f   ui_shared.obj
 0002:00052360       _ItemParse_maxChars        300a6360 f   ui_shared.obj
 0002:000523e0       _ItemParse_maxPaintChars   300a63e0 f   ui_shared.obj
 0002:00052460       _ItemParse_cvarFloat       300a6460 f   ui_shared.obj
 0002:00052530       _ItemParse_cvarStrList     300a6530 f   ui_shared.obj
 0002:00052760       _ItemParse_cvarFloatList   300a6760 f   ui_shared.obj
 0002:00052960       _ItemParse_addColorRange   300a6960 f   ui_shared.obj
 0002:00052a40       _ItemParse_ownerdrawFlag   300a6a40 f   ui_shared.obj
 0002:00052a90       _ItemParse_enableCvar      300a6a90 f   ui_shared.obj
 0002:00052ae0       _ItemParse_disableCvar     300a6ae0 f   ui_shared.obj
 0002:00052b30       _ItemParse_showCvar        300a6b30 f   ui_shared.obj
 0002:00052b80       _ItemParse_hideCvar        300a6b80 f   ui_shared.obj
 0002:00052bd0       _Item_SetupKeywordHash     300a6bd0 f   ui_shared.obj
 0002:00052c50       _Item_Parse                300a6c50 f   ui_shared.obj
 0002:00052dc0       _Item_InitControls         300a6dc0 f   ui_shared.obj
 0002:00052e50       _MenuParse_font            300a6e50 f   ui_shared.obj
 0002:00052ef0       _MenuParse_name            300a6ef0 f   ui_shared.obj
 0002:00052f50       _MenuParse_fullscreen      300a6f50 f   ui_shared.obj
 0002:00052fa0       _MenuParse_rect            300a6fa0 f   ui_shared.obj
 0002:00052fe0       _MenuParse_style           300a6fe0 f   ui_shared.obj
 0002:00053030       _MenuParse_visible         300a7030 f   ui_shared.obj
 0002:00053090       _MenuParse_onOpen          300a7090 f   ui_shared.obj
 0002:000530e0       _MenuParse_onClose         300a70e0 f   ui_shared.obj
 0002:00053130       _MenuParse_onESC           300a7130 f   ui_shared.obj
 0002:00053180       _MenuParse_border          300a7180 f   ui_shared.obj
 0002:000531d0       _MenuParse_borderSize      300a71d0 f   ui_shared.obj
 0002:00053220       _MenuParse_backcolor       300a7220 f   ui_shared.obj
 0002:000532a0       _MenuParse_forecolor       300a72a0 f   ui_shared.obj
 0002:00053330       _MenuParse_bordercolor     300a7330 f   ui_shared.obj
 0002:000533b0       _MenuParse_focuscolor      300a73b0 f   ui_shared.obj
 0002:00053430       _MenuParse_disablecolor    300a7430 f   ui_shared.obj
 0002:000534b0       _MenuParse_outlinecolor    300a74b0 f   ui_shared.obj
 0002:00053500       _MenuParse_background      300a7500 f   ui_shared.obj
 0002:00053560       _MenuParse_cinematic       300a7560 f   ui_shared.obj
 0002:000535b0       _MenuParse_ownerdrawFlag   300a75b0 f   ui_shared.obj
 0002:00053610       _MenuParse_ownerdraw       300a7610 f   ui_shared.obj
 0002:00053660       _MenuParse_popup           300a7660 f   ui_shared.obj
 0002:000536a0       _MenuParse_outOfBounds     300a76a0 f   ui_shared.obj
 0002:000536e0       _MenuParse_soundLoop       300a76e0 f   ui_shared.obj
 0002:00053730       _MenuParse_fadeClamp       300a7730 f   ui_shared.obj
 0002:00053780       _MenuParse_fadeAmount      300a7780 f   ui_shared.obj
 0002:000537d0       _MenuParse_fadeCycle       300a77d0 f   ui_shared.obj
 0002:00053820       _MenuParse_itemDef         300a7820 f   ui_shared.obj
 0002:00053940       _Menu_SetupKeywordHash     300a7940 f   ui_shared.obj
 0002:000539c0       _Menu_Parse                300a79c0 f   ui_shared.obj
 0002:00053b50       _Menu_New                  300a7b50 f   ui_shared.obj
 0002:00053bd0       _Menu_Count                300a7bd0 f   ui_shared.obj
 0002:00053bf0       _Menu_PaintAll             300a7bf0 f   ui_shared.obj
 0002:00053d20       _Menu_Reset                300a7d20 f   ui_shared.obj
 0002:00053d40       _Display_GetContext        300a7d40 f   ui_shared.obj
 0002:00053d60       _Display_CaptureItem       300a7d60 f   ui_shared.obj
 0002:00053df0       _Display_MouseMove         300a7df0 f   ui_shared.obj
 0002:00053f00       _Display_CursorType        300a7f00 f   ui_shared.obj
 0002:00053fe0       _Display_HandleKey         300a7fe0 f   ui_shared.obj
 0002:00054040       _Display_CacheAll          300a8040 f   ui_shared.obj
 0002:000543a0       __fpmath                   300a83a0 f   LIBCMTD:_fpinit_.obj
 0002:000543c0       __cfltcvt_init             300a83c0 f   LIBCMTD:_fpinit_.obj
 0002:00054450       ___setfflag                300a8450 f   LIBCMTD:_fpinit_.obj
 0002:00054480       @__security_check_cookie@4 300a8480 f   LIBCMTD:secchk.obj
 0002:000544a0       _sin                       300a84a0 f   LIBCMTD:_sin_.obj
 0002:000544e0       __CIsin                    300a84e0 f   LIBCMTD:_sin_.obj
 0002:0005451b       __CIsin_default            300a851b f   LIBCMTD:_sin_.obj
 0002:0005452f       __sin_default              300a852f     LIBCMTD:_sin_.obj
 0002:00054620       _cos                       300a8620 f   LIBCMTD:_cos_.obj
 0002:00054660       __CIcos                    300a8660 f   LIBCMTD:_cos_.obj
 0002:0005469b       __CIcos_default            300a869b f   LIBCMTD:_cos_.obj
 0002:000546af       __cos_default              300a86af     LIBCMTD:_cos_.obj
 0002:000547a0       __atof_l                   300a87a0 f   LIBCMTD:atof.obj
 0002:00054920       ??0_LocaleUpdate@@QAE@PAUlocaleinfo_struct@@@Z 300a8920 f i LIBCMTD:atof.obj
 0002:00054a30       ??1_LocaleUpdate@@QAE@XZ   300a8a30 f i LIBCMTD:atof.obj
 0002:00054a70       ?GetLocaleT@_LocaleUpdate@@QAEPAUlocaleinfo_struct@@XZ 300a8a70 f i LIBCMTD:atof.obj
 0002:00054a90       _atof                      300a8a90 f   LIBCMTD:atof.obj
 0002:00054ab0       ___strgtold12              300a8ab0 f   LIBCMTD:atof.obj
 0002:00054b20       ___STRINGTOLD              300a8b20 f   LIBCMTD:atof.obj
 0002:00054b80       _fabs                      300a8b80 f   LIBCMTD:_fabs_.obj
 0002:00054cc0       _memset                    300a8cc0 f   LIBCMTD:memset.obj
 0002:00054d60       _abs                       300a8d60 f   LIBCMTD:abs.obj
 0002:00054d90       __abs64                    300a8d90 f   LIBCMTD:abs.obj
 0002:00054df0       __CIsqrt                   300a8df0 f   LIBCMTD:_sqrt_.obj
 0002:00054e04       _sqrt                      300a8e04     LIBCMTD:_sqrt_.obj
 0002:00054ee0       __ftol2_sse                300a8ee0 f   LIBCMTD:ftol2.obj
 0002:00054ee9       __ftol2_pentium4           300a8ee9 f   LIBCMTD:ftol2.obj
 0002:00054efc       __ftol2_sse_excpt          300a8efc f   LIBCMTD:ftol2.obj
 0002:00054f16       __ftol2                    300a8f16 f   LIBCMTD:ftol2.obj
 0002:00054fc0       _atol                      300a8fc0 f   LIBCMTD:atox.obj
 0002:00054fe0       __atol_l                   300a8fe0 f   LIBCMTD:atox.obj
 0002:00055010       _atoi                      300a9010 f   LIBCMTD:atox.obj
 0002:00055030       __atoi_l                   300a9030 f   LIBCMTD:atox.obj
 0002:00055050       __atoi64                   300a9050 f   LIBCMTD:atox.obj
 0002:00055070       __atoi64_l                 300a9070 f   LIBCMTD:atox.obj
 0002:000550a0       _strlen                    300a90a0 f   LIBCMTD:strlen.obj
 0002:00055150       _srand                     300a9150 f   LIBCMTD:rand.obj
 0002:00055170       _rand                      300a9170 f   LIBCMTD:rand.obj
 0002:000551c0       _memcpy                    300a91c0 f   LIBCMTD:memcpy.obj
 0002:00055600       _strcpy                    300a9600 f   LIBCMTD:strcat.obj
 0002:00055610       _strcat                    300a9610 f   LIBCMTD:strcat.obj
 0002:00055740       __vsprintf_l               300a9740 f   LIBCMTD:vsprintf.obj
 0002:00055940       _vsprintf                  300a9940 f   LIBCMTD:vsprintf.obj
 0002:00055970       __vscprintf_helper         300a9970 f   LIBCMTD:vsprintf.obj
 0002:00055a80       __vscprintf                300a9a80 f   LIBCMTD:vsprintf.obj
 0002:00055ab0       __vscprintf_l              300a9ab0 f   LIBCMTD:vsprintf.obj
 0002:00055ae0       __vscprintf_p              300a9ae0 f   LIBCMTD:vsprintf.obj
 0002:00055b10       __vscprintf_p_l            300a9b10 f   LIBCMTD:vsprintf.obj
 0002:00055b40       _strcmp                    300a9b40 f   LIBCMTD:strcmp.obj
 0002:00055bf0       __chkstk                   300a9bf0 f   LIBCMTD:chkstk.obj
 0002:00055bf0       __alloca_probe             300a9bf0     LIBCMTD:chkstk.obj
 0002:00055c30       _floor                     300a9c30 f   LIBCMTD:_floor_pentium4_.obj
 0002:00055c70       __floor_pentium4           300a9c70 f   LIBCMTD:_floor_pentium4_.obj
 0002:00055db0       _strchr                    300a9db0 f   LIBCMTD:strchr.obj
 0002:00055db6       ___from_strstr_to_strchr   300a9db6     LIBCMTD:strchr.obj
 0002:00055eb0       _acos                      300a9eb0 f   LIBCMTD:_acos_.obj
 0002:00055ef0       __CIacos                   300a9ef0 f   LIBCMTD:_acos_.obj
 0002:00055f2b       __CIacos_default           300a9f2b f   LIBCMTD:_acos_.obj
 0002:00055f3f       __acos_default             300a9f3f     LIBCMTD:_acos_.obj
 0002:00056050       _strncpy                   300aa050 f   LIBCMTD:strncpy.obj
 0002:000561c0       _strstr                    300aa1c0 f   LIBCMTD:strstr.obj
 0002:00056270       _atan2                     300aa270 f   LIBCMTD:_87ctriga_.obj
 0002:0005627a       __CIatan2                  300aa27a f   LIBCMTD:_87ctriga_.obj
 0002:00056290       _tan                       300aa290 f   LIBCMTD:_tan_.obj
 0002:000562d0       __CItan                    300aa2d0 f   LIBCMTD:_tan_.obj
 0002:0005630b       __CItan_default            300aa30b f   LIBCMTD:_tan_.obj
 0002:0005631f       __tan_default              300aa31f     LIBCMTD:_tan_.obj
 0002:00056410       __wassert                  300aa410 f   LIBCMTD:wassert.obj
 0002:00057280       __invoke_watson_if_error   300ab280 f i LIBCMTD:wassert.obj
 0002:00057310       __tolower                  300ab310 f   LIBCMTD:tolower.obj
 0002:00057320       __tolower_l                300ab320 f   LIBCMTD:tolower.obj
 0002:00057570       _tolower                   300ab570 f   LIBCMTD:tolower.obj
 0002:000575d0       __toupper                  300ab5d0 f   LIBCMTD:toupper.obj
 0002:000575e0       __toupper_l                300ab5e0 f   LIBCMTD:toupper.obj
 0002:00057830       _toupper                   300ab830 f   LIBCMTD:toupper.obj
 0002:00057890       _memmove                   300ab890 f   LIBCMTD:memmove.obj
 0002:00057cd0       __CRT_INIT@12              300abcd0 f   LIBCMTD:dllcrt0.obj
 0002:00057f70       __DllMainCRTStartup@12     300abf70 f   LIBCMTD:dllcrt0.obj
 0002:000581d0       __setdefaultprecision      300ac1d0 f   LIBCMTD:fp8.obj
 0002:00058220       __forcdecpt                300ac220 f   LIBCMTD:cvt.obj
 0002:00058240       __forcdecpt_l              300ac240 f   LIBCMTD:cvt.obj
 0002:00058330       __cropzeros                300ac330 f   LIBCMTD:cvt.obj
 0002:00058350       __cropzeros_l              300ac350 f   LIBCMTD:cvt.obj
 0002:000584a0       __positive                 300ac4a0 f   LIBCMTD:cvt.obj
 0002:000584e0       __fassign_l                300ac4e0 f   LIBCMTD:cvt.obj
 0002:00058550       __fassign                  300ac550 f   LIBCMTD:cvt.obj
 0002:00058580       __cftoe_l                  300ac580 f   LIBCMTD:cvt.obj
 0002:00058c20       __cftoe                    300acc20 f   LIBCMTD:cvt.obj
 0002:00058c50       __cftoa_l                  300acc50 f   LIBCMTD:cvt.obj
 0002:00059620       ?strrchr@@YAPADPADH@Z      300ad620 f i LIBCMTD:cvt.obj
 0002:00059640       __cftoa                    300ad640 f   LIBCMTD:cvt.obj
 0002:00059670       __cftof_l                  300ad670 f   LIBCMTD:cvt.obj
 0002:00059b70       __cftof                    300adb70 f   LIBCMTD:cvt.obj
 0002:00059ba0       __cftog_l                  300adba0 f   LIBCMTD:cvt.obj
 0002:00059e60       __cftog                    300ade60 f   LIBCMTD:cvt.obj
 0002:00059e90       __cfltcvt_l                300ade90 f   LIBCMTD:cvt.obj
 0002:00059f80       __cfltcvt                  300adf80 f   LIBCMTD:cvt.obj
 0002:0005a000       __initp_misc_cfltcvt_tab   300ae000 f   LIBCMTD:cmiscdat.obj
 0002:0005a050       ___report_gsfailure        300ae050 f   LIBCMTD:gs_report.obj
 0002:0005a1b0       __set_SSE2_enable          300ae1b0 f   LIBCMTD:_mathfcns_.obj
 0002:0005a1e0       __sse2_mathfcns_init       300ae1e0 f   LIBCMTD:_mathfcns_.obj
 0002:0005a200       __CIsin_pentium4           300ae200 f   LIBCMTD:_sin_pentium4_.obj
 0002:0005a218       __sin_pentium4             300ae218     LIBCMTD:_sin_pentium4_.obj
 0002:0005a440       __trandisp1                300ae440 f   LIBCMTD:_87disp_.obj
 0002:0005a4a7       __trandisp2                300ae4a7 f   LIBCMTD:_87disp_.obj
 0002:0005a533       __rttospopde               300ae533     LIBCMTD:_87disp_.obj
 0002:0005a538       __rttospop                 300ae538     LIBCMTD:_87disp_.obj
 0002:0005a53a       __rtnospop                 300ae53a     LIBCMTD:_87disp_.obj
 0002:0005a53c       __rttosnpop                300ae53c     LIBCMTD:_87disp_.obj
 0002:0005a53d       __rtnospopde               300ae53d     LIBCMTD:_87disp_.obj
 0002:0005a544       __rtzeropop                300ae544     LIBCMTD:_87disp_.obj
 0002:0005a546       __rtzeronpop               300ae546     LIBCMTD:_87disp_.obj
 0002:0005a54b       __rtonepop                 300ae54b     LIBCMTD:_87disp_.obj
 0002:0005a54d       __rtonenpop                300ae54d     LIBCMTD:_87disp_.obj
 0002:0005a552       __tosnan1                  300ae552     LIBCMTD:_87disp_.obj
 0002:0005a57d       __nosnan2                  300ae57d     LIBCMTD:_87disp_.obj
 0002:0005a57f       __tosnan2                  300ae57f     LIBCMTD:_87disp_.obj
 0002:0005a5a7       __nan2                     300ae5a7     LIBCMTD:_87disp_.obj
 0002:0005a5e6       __rtindfpop                300ae5e6     LIBCMTD:_87disp_.obj
 0002:0005a5e8       __rtindfnpop               300ae5e8     LIBCMTD:_87disp_.obj
 0002:0005a5f9       __rttosnpopde              300ae5f9     LIBCMTD:_87disp_.obj
 0002:0005a603       __rtchsifneg               300ae603     LIBCMTD:_87disp_.obj
 0002:0005a680       __twoToTOS                 300ae680 f   LIBCMTD:_common_.obj
 0002:0005a695       __load_CW                  300ae695 f   LIBCMTD:_common_.obj
 0002:0005a6ac       __convertTOStoQNaN         300ae6ac f   LIBCMTD:_common_.obj
 0002:0005a6c5       __fload_withFB             300ae6c5 f   LIBCMTD:_common_.obj
 0002:0005a708       __checkTOS_withFB          300ae708 f   LIBCMTD:_common_.obj
 0002:0005a71e       __fast_exit                300ae71e f   LIBCMTD:_common_.obj
 0002:0005a72b       __math_exit                300ae72b f   LIBCMTD:_common_.obj
 0002:0005a755       __check_overflow_exit      300ae755 f   LIBCMTD:_common_.obj
 0002:0005a769       __check_range_exit         300ae769 f   LIBCMTD:_common_.obj
 0002:0005a870       __startTwoArgErrorHandling 300ae870 f   LIBCMTD:_genexcep_.obj
 0002:0005a887       __startOneArgErrorHandling 300ae887 f   LIBCMTD:_genexcep_.obj
 0002:0005a8e0       __CIcos_pentium4           300ae8e0 f   LIBCMTD:_cos_pentium4_.obj
 0002:0005a8f8       __cos_pentium4             300ae8f8     LIBCMTD:_cos_pentium4_.obj
 0002:0005ab00       __fltin2                   300aeb00 f   LIBCMTD:_cfin_.obj
 0002:0005ac10       __chvalidator              300aec10 f   LIBCMTD:isctype.obj
 0002:0005ac70       __chvalidator_l            300aec70 f   LIBCMTD:isctype.obj
 0002:0005ad50       __isctype_l                300aed50 f   LIBCMTD:isctype.obj
 0002:0005aeb0       __isctype                  300aeeb0 f   LIBCMTD:isctype.obj
 0002:0005af00       __initp_misc_invarg        300aef00 f   LIBCMTD:invarg.obj
 0002:0005af20       __invalid_parameter        300aef20 f   LIBCMTD:invarg.obj
 0002:0005af90       __invoke_watson            300aef90 f   LIBCMTD:invarg.obj
 0002:0005afd0       __call_reportfault         300aefd0 f   LIBCMTD:invarg.obj
 0002:0005b180       __set_invalid_parameter_handler 300af180 f   LIBCMTD:invarg.obj
 0002:0005b1d0       __get_invalid_parameter_handler 300af1d0 f   LIBCMTD:invarg.obj
 0002:0005b210       ?_invalid_parameter@@YAXPBG00II@Z 300af210 f   LIBCMTD:invarg.obj
 0002:0005b240       ?_invoke_watson@@YAXPBG00II@Z 300af240 f   LIBCMTD:invarg.obj
 0002:0005b270       __dosmaperr                300af270 f   LIBCMTD:dosmap.obj
 0002:0005b2b0       __get_errno_from_oserr     300af2b0 f   LIBCMTD:dosmap.obj
 0002:0005b350       __set_errno                300af350 f   LIBCMTD:dosmap.obj
 0002:0005b390       __get_errno                300af390 f   LIBCMTD:dosmap.obj
 0002:0005b430       __set_doserrno             300af430 f   LIBCMTD:dosmap.obj
 0002:0005b470       __get_doserrno             300af470 f   LIBCMTD:dosmap.obj
 0002:0005b510       __errno                    300af510 f   LIBCMTD:dosmap.obj
 0002:0005b540       ___doserrno                300af540 f   LIBCMTD:dosmap.obj
 0002:0005b570       __CrtSetReportHookW2       300af570 f   LIBCMTD:dbgrptw.obj
 0002:0005b960       __CrtDbgReportW            300af960 f   LIBCMTD:dbgrptw.obj
 0002:0005b9b0       __CrtDbgReportWV           300af9b0 f i LIBCMTD:dbgrptw.obj
 0002:0005b9e0       ___crtMessageWindowW       300af9e0 f   LIBCMTD:dbgrptw.obj
 0002:0005bee0       __invoke_watson_if_oneof   300afee0 f i LIBCMTD:dbgrptw.obj
 0002:0005bf30       ?_CrtDbgReportW@@YAHHPBGH00ZZ 300aff30 f   LIBCMTD:dbgrptw.obj
 0002:0005bf80       ___updatetmbcinfo          300aff80 f   LIBCMTD:mbctype.obj
 0002:0005c0d0       __setmbcp                  300b00d0 f   LIBCMTD:mbctype.obj
 0002:0005c560       __setmbcp_nolock           300b0560 f   LIBCMTD:mbctype.obj
 0002:0005cf40       __getmbcp                  300b0f40 f   LIBCMTD:mbctype.obj
 0002:0005cfd0       ___initmbctable            300b0fd0 f   LIBCMTD:mbctype.obj
 0002:0005d000       ___addlocaleref            300b1000 f   LIBCMTD:localref.obj
 0002:0005d170       ___removelocaleref         300b1170 f   LIBCMTD:localref.obj
 0002:0005d2f0       ___freetlocinfo            300b12f0 f   LIBCMTD:localref.obj
 0002:0005d690       __updatetlocinfoEx_nolock  300b1690 f   LIBCMTD:localref.obj
 0002:0005d730       ___updatetlocinfo          300b1730 f   LIBCMTD:localref.obj
 0002:0005d830       __encoded_null             300b1830 f   LIBCMTD:tidtable.obj
 0002:0005d850       ___crtTlsAlloc@4           300b1850 f   LIBCMTD:tidtable.obj
 0002:0005d870       ___fls_getvalue@4          300b1870 f   LIBCMTD:tidtable.obj
 0002:0005d8a0       ___get_flsindex            300b18a0 f   LIBCMTD:tidtable.obj
 0002:0005d8b0       ___set_flsgetvalue         300b18b0 f   LIBCMTD:tidtable.obj
 0002:0005d910       ___fls_setvalue@8          300b1910 f   LIBCMTD:tidtable.obj
 0002:0005d940       __mtinit                   300b1940 f   LIBCMTD:tidtable.obj
 0002:0005dbc0       __mtterm                   300b1bc0 f   LIBCMTD:tidtable.obj
 0002:0005dc30       __initptd                  300b1c30 f   LIBCMTD:tidtable.obj
 0002:0005dda0       __getptd_noexit            300b1da0 f   LIBCMTD:tidtable.obj
 0002:0005de90       __getptd                   300b1e90 f   LIBCMTD:tidtable.obj
 0002:0005dec0       __freefls@4                300b1ec0 f   LIBCMTD:tidtable.obj
 0002:0005e150       __freeptd                  300b2150 f   LIBCMTD:tidtable.obj
 0002:0005e1f0       ___threadid                300b21f0 f   LIBCMTD:tidtable.obj
 0002:0005e200       ___threadhandle            300b2200 f   LIBCMTD:tidtable.obj
 0002:0005e210       ___strgtold12_l            300b2210 f   LIBCMTD:_strgtold_.obj
 0002:0005ef70       ___multtenpow12            300b2f70 f i LIBCMTD:_strgtold_.obj
 0002:0005f080       ___ld12mul                 300b3080 f i LIBCMTD:_strgtold_.obj
 0002:0005f580       ___addl                    300b3580 f i LIBCMTD:_strgtold_.obj
 0002:0005f5d0       ___shl_12                  300b35d0 f i LIBCMTD:_strgtold_.obj
 0002:0005f650       ___shr_12                  300b3650 f i LIBCMTD:_strgtold_.obj
 0002:0005f6d0       ___STRINGTOLD_L            300b36d0 f   LIBCMTD:_strgtold_.obj
 0002:0005f760       __handle_qnan1             300b3760 f   LIBCMTD:_fpexcept_.obj
 0002:0005f7e0       __handle_qnan2             300b37e0 f   LIBCMTD:_fpexcept_.obj
 0002:0005f870       __except1                  300b3870 f   LIBCMTD:_fpexcept_.obj
 0002:0005f9b0       __except2                  300b39b0 f   LIBCMTD:_fpexcept_.obj
 0002:0005fb00       __raise_exc_ex             300b3b00 f   LIBCMTD:_fpexcept_.obj
 0002:00060180       __raise_exc                300b4180 f   LIBCMTD:_fpexcept_.obj
 0002:000601c0       __raise_excf               300b41c0 f   LIBCMTD:_fpexcept_.obj
 0002:00060200       __handle_exc               300b4200 f   LIBCMTD:_fpexcept_.obj
 0002:000605d0       __umatherr                 300b45d0 f   LIBCMTD:_fpexcept_.obj
 0002:000606a0       __set_errno_from_matherr   300b46a0 f   LIBCMTD:_fpexcept_.obj
 0002:00060750       __errcode                  300b4750 f   LIBCMTD:_fpexcept_.obj
 0002:000607e0       __set_exp                  300b47e0 f   LIBCMTD:_util_.obj
 0002:00060830       __get_exp                  300b4830 f   LIBCMTD:_util_.obj
 0002:00060870       __add_exp                  300b4870 f   LIBCMTD:_util_.obj
 0002:000608b0       __set_bexp                 300b48b0 f   LIBCMTD:_util_.obj
 0002:000608f0       __sptype                   300b48f0 f   LIBCMTD:_util_.obj
 0002:00060990       __decomp                   300b4990 f   LIBCMTD:_util_.obj
 0002:00060b00       __statfp                   300b4b00 f   LIBCMTD:_fpctrl_.obj
 0002:00060b20       __clrfp                    300b4b20 f   LIBCMTD:_fpctrl_.obj
 0002:00060b40       __ctrlfp                   300b4b40 f   LIBCMTD:_fpctrl_.obj
 0002:00060b80       __set_statfp               300b4b80 f   LIBCMTD:_fpctrl_.obj
 0002:00060c00       ___get_fpsr_sse2           300b4c00 f   LIBCMTD:_fpctrl_.obj
 0002:00060c30       ___set_fpsr_sse2           300b4c30 f   LIBCMTD:_fpctrl_.obj
 0002:00060d40       ___fclrf_sse2              300b4d40 f   LIBCMTD:_fpctrl_.obj
 0002:00060d70       ___statfp_sse2             300b4d70 f   LIBCMTD:_fpctrl_.obj
 0002:00060db0       ___clrfp_sse2              300b4db0 f   LIBCMTD:_fpctrl_.obj
 0002:00060e00       ___ctrlfp_sse2             300b4e00 f   LIBCMTD:_fpctrl_.obj
 0002:00060e70       ___set_statfp_sse2         300b4e70 f   LIBCMTD:_fpctrl_.obj
 0002:00060eb0       __VEC_memzero              300b4eb0 f   LIBCMTD:p4_memset.obj
 0002:00060fa0       ___sse2_available_init     300b4fa0 f   LIBCMTD:cpu_disp.obj
 0002:00060fc0       _strtol                    300b4fc0 f   LIBCMTD:strtol.obj
 0002:00061640       __strtol_l                 300b5640 f   LIBCMTD:strtol.obj
 0002:00061670       _strtoul                   300b5670 f   LIBCMTD:strtol.obj
 0002:000616d0       __strtoul_l                300b56d0 f   LIBCMTD:strtol.obj
 0002:00061700       __strtoi64                 300b5700 f   LIBCMTD:strtoq.obj
 0002:00061dd0       __strtoi64_l               300b5dd0 f   LIBCMTD:strtoq.obj
 0002:00061e00       __strtoui64                300b5e00 f   LIBCMTD:strtoq.obj
 0002:00061e60       __strtoui64_l              300b5e60 f   LIBCMTD:strtoq.obj
 0002:00061e90       __VEC_memcpy               300b5e90 f   LIBCMTD:p4_memcpy.obj
 0002:00061fe0       __flsbuf                   300b5fe0 f   LIBCMTD:_flsbuf.obj
 0002:00062350       __output_l                 300b6350 f   LIBCMTD:output.obj
 0002:00063cd0       _get_int_arg               300b7cd0 f i LIBCMTD:output.obj
 0002:00063d00       _get_int64_arg             300b7d00 f i LIBCMTD:output.obj
 0002:00063d30       _get_short_arg             300b7d30 f i LIBCMTD:output.obj
 0002:00063d60       __validate_param_reuseA    300b7d60 f   LIBCMTD:outputp.obj
 0002:00064070       __output_p_l               300b8070 f   LIBCMTD:outputp.obj
 0002:00068b70       _get_crtdouble_arg         300bcb70 f i LIBCMTD:outputp.obj
 0002:00068ba0       ___libm_setusermatherr     300bcba0 f   LIBCMTD:_libm_error_.obj
 0002:00068be0       ___libm_error_support      300bcbe0 f   LIBCMTD:_libm_error_.obj
 0002:000699e0       __floor_default            300bd9e0 f   LIBCMTD:_floor_.obj
 0002:00069b70       __CIacos_pentium4          300bdb70 f   LIBCMTD:_acos_pentium4_.obj
 0002:00069b88       __acos_pentium4            300bdb88     LIBCMTD:_acos_pentium4_.obj
 0002:0006a23c       __fFATN2                   300be23c     LIBCMTD:_87triga_.obj
 0002:0006a28c       __rtpiby2                  300be28c     LIBCMTD:_87triga_.obj
 0002:0006a300       __cintrindisp2             300be300 f   LIBCMTD:_87cdisp_.obj
 0002:0006a33e       __cintrindisp1             300be33e f   LIBCMTD:_87cdisp_.obj
 0002:0006a37b       __ctrandisp2               300be37b f   LIBCMTD:_87cdisp_.obj
 0002:0006a50a       __ctrandisp1               300be50a f   LIBCMTD:_87cdisp_.obj
 0002:0006a53d       __fload                    300be53d f   LIBCMTD:_87cdisp_.obj
 0002:0006a620       __CItan_pentium4           300be620 f   LIBCMTD:_tan_pentium4_.obj
 0002:0006a638       __tan_pentium4             300be638     LIBCMTD:_tan_pentium4_.obj
 0002:0006a920       __cinit                    300be920 f   LIBCMTD:crt0dat.obj
 0002:0006a9f0       _exit                      300be9f0 f   LIBCMTD:crt0dat.obj
 0002:0006aa10       __exit                     300bea10 f   LIBCMTD:crt0dat.obj
 0002:0006aa30       __cexit                    300bea30 f   LIBCMTD:crt0dat.obj
 0002:0006aa50       __c_exit                   300bea50 f   LIBCMTD:crt0dat.obj
 0002:0006aa70       __amsg_exit                300bea70 f   LIBCMTD:crt0dat.obj
 0002:0006aaa0       ___freeCrtMemory           300beaa0 f   LIBCMTD:crt0dat.obj
 0002:0006aeb0       ___crtCorExitProcess       300beeb0 f   LIBCMTD:crt0dat.obj
 0002:0006af00       ___crtExitProcess          300bef00 f   LIBCMTD:crt0dat.obj
 0002:0006af30       __lockexit                 300bef30 f   LIBCMTD:crt0dat.obj
 0002:0006af50       __unlockexit               300bef50 f   LIBCMTD:crt0dat.obj
 0002:0006af70       __init_pointers            300bef70 f   LIBCMTD:crt0dat.obj
 0002:0006b020       __initterm_e               300bf020 f   LIBCMTD:crt0dat.obj
 0002:0006b070       __get_wpgmptr              300bf070 f   LIBCMTD:crt0dat.obj
 0002:0006b1a0       __get_pgmptr               300bf1a0 f   LIBCMTD:crt0dat.obj
 0002:0006b2d0       __initp_misc_winsig        300bf2d0 f   LIBCMTD:winsig.obj
 0002:0006b310       _signal                    300bf310 f   LIBCMTD:winsig.obj
 0002:0006b8c0       _raise                     300bf8c0 f   LIBCMTD:winsig.obj
 0002:0006bd10       ___get_sigabrt             300bfd10 f   LIBCMTD:winsig.obj
 0002:0006bd30       ___fpecode                 300bfd30 f   LIBCMTD:winsig.obj
 0002:0006bd50       ___pxcptinfoptrs           300bfd50 f   LIBCMTD:winsig.obj
 0002:0006bd70       ___crtMessageBoxW          300bfd70 f   LIBCMTD:crtmboxw.obj
 0002:0006c020       __itow_s                   300c0020 f   LIBCMTD:xtows.obj
 0002:0006c4f0       __ltow_s                   300c04f0 f   LIBCMTD:xtows.obj
 0002:0006c540       __ultow_s                  300c0540 f   LIBCMTD:xtows.obj
 0002:0006c570       __i64tow_s                 300c0570 f   LIBCMTD:xtows.obj
 0002:0006ca90       __ui64tow_s                300c0a90 f   LIBCMTD:xtows.obj
 0002:0006cac0       _wcsncat_s                 300c0ac0 f   LIBCMTD:wcsncat_s.obj
 0002:0006d0a0       _wcsncpy_s                 300c10a0 f   LIBCMTD:wcsncpy_s.obj
 0002:0006d5b0       _wcscat_s                  300c15b0 f   LIBCMTD:wcscat_s.obj
 0002:0006da90       _wcscpy_s                  300c1a90 f   LIBCMTD:wcscpy_s.obj
 0002:0006de30       _fflush                    300c1e30 f   LIBCMTD:fflush.obj
 0002:0006def0       __fflush_nolock            300c1ef0 f   LIBCMTD:fflush.obj
 0002:0006df60       __flush                    300c1f60 f   LIBCMTD:fflush.obj
 0002:0006e050       __flushall                 300c2050 f   LIBCMTD:fflush.obj
 0002:0006e280       _fwprintf                  300c2280 f   LIBCMTD:fwprintf.obj
 0002:0006e460       __fwprintf_l               300c2460 f   LIBCMTD:fwprintf.obj
 0002:0006e4a0       __fwprintf_s_l             300c24a0 f   LIBCMTD:fwprintf.obj
 0002:0006e4e0       _fwprintf_s                300c24e0 f   LIBCMTD:fwprintf.obj
 0002:0006e510       __fwprintf_p_l             300c2510 f   LIBCMTD:fwprintf.obj
 0002:0006e550       __fwprintf_p               300c2550 f   LIBCMTD:fwprintf.obj
 0002:0006e580       _setvbuf                   300c2580 f   LIBCMTD:setvbuf.obj
 0002:0006e910       ___iob_func                300c2910 f   LIBCMTD:_file.obj
 0002:0006e920       ___initstdio               300c2920 f   LIBCMTD:_file.obj
 0002:0006eac0       ___endstdio                300c2ac0 f   LIBCMTD:_file.obj
 0002:0006eb00       __lock_file                300c2b00 f   LIBCMTD:_file.obj
 0002:0006eb70       __lock_file2               300c2b70 f   LIBCMTD:_file.obj
 0002:0006ebc0       __unlock_file              300c2bc0 f   LIBCMTD:_file.obj
 0002:0006ec30       __unlock_file2             300c2c30 f   LIBCMTD:_file.obj
 0002:0006ec80       _abort                     300c2c80 f   LIBCMTD:abort.obj
 0002:0006ed00       __set_abort_behavior       300c2d00 f   LIBCMTD:abort.obj
 0002:0006ed40       _wcslen                    300c2d40 f   LIBCMTD:wcslen.obj
 0002:0006ed80       __set_error_mode           300c2d80 f   LIBCMTD:errmode.obj
 0002:0006ee70       ___set_app_type            300c2e70 f   LIBCMTD:errmode.obj
 0002:0006ee90       __vswprintf_helper         300c2e90 f   LIBCMTD:vswprnc.obj
 0002:0006f180       __vswprintf_c              300c3180 f   LIBCMTD:vswprnc.obj
 0002:0006f1e0       __vswprintf_c_l            300c31e0 f   LIBCMTD:vswprnc.obj
 0002:0006f240       __vswprintf_s_l            300c3240 f   LIBCMTD:vswprnc.obj
 0002:0006f540       _vswprintf_s               300c3540 f   LIBCMTD:vswprnc.obj
 0002:0006f570       __vsnwprintf_s_l           300c3570 f   LIBCMTD:vswprnc.obj
 0002:0006fa10       __vsnwprintf_s             300c3a10 f   LIBCMTD:vswprnc.obj
 0002:0006fa40       __vswprintf_p              300c3a40 f   LIBCMTD:vswprnc.obj
 0002:0006faa0       __vswprintf_p_l            300c3aa0 f   LIBCMTD:vswprnc.obj
 0002:0006fb00       ___crtLCMapStringA         300c3b00 f   LIBCMTD:a_map.obj
 0002:0006feb0       __MarkAllocaS              300c3eb0 f i LIBCMTD:a_map.obj
 0002:0006fee0       __freea                    300c3ee0 f i LIBCMTD:a_map.obj
 0002:0006ffc0       __isleadbyte_l             300c3fc0 f i LIBCMTD:_wctype.obj
 0002:00070020       _isleadbyte                300c4020 f i LIBCMTD:_wctype.obj
 0002:00070040       __iswalpha_l               300c4040 f i LIBCMTD:_wctype.obj
 0002:00070060       _iswalpha                  300c4060 f i LIBCMTD:_wctype.obj
 0002:00070080       __iswupper_l               300c4080 f i LIBCMTD:_wctype.obj
 0002:000700a0       _iswupper                  300c40a0 f i LIBCMTD:_wctype.obj
 0002:000700c0       __iswlower_l               300c40c0 f i LIBCMTD:_wctype.obj
 0002:000700e0       _iswlower                  300c40e0 f i LIBCMTD:_wctype.obj
 0002:00070100       __iswdigit_l               300c4100 f i LIBCMTD:_wctype.obj
 0002:00070120       _iswdigit                  300c4120 f i LIBCMTD:_wctype.obj
 0002:00070140       __iswxdigit_l              300c4140 f i LIBCMTD:_wctype.obj
 0002:00070160       _iswxdigit                 300c4160 f i LIBCMTD:_wctype.obj
 0002:00070180       __iswspace_l               300c4180 f i LIBCMTD:_wctype.obj
 0002:000701a0       _iswspace                  300c41a0 f i LIBCMTD:_wctype.obj
 0002:000701c0       __iswpunct_l               300c41c0 f i LIBCMTD:_wctype.obj
 0002:000701e0       _iswpunct                  300c41e0 f i LIBCMTD:_wctype.obj
 0002:00070200       __iswalnum_l               300c4200 f i LIBCMTD:_wctype.obj
 0002:00070220       _iswalnum                  300c4220 f i LIBCMTD:_wctype.obj
 0002:00070240       __iswprint_l               300c4240 f i LIBCMTD:_wctype.obj
 0002:00070260       _iswprint                  300c4260 f i LIBCMTD:_wctype.obj
 0002:00070280       __iswgraph_l               300c4280 f i LIBCMTD:_wctype.obj
 0002:000702a0       _iswgraph                  300c42a0 f i LIBCMTD:_wctype.obj
 0002:000702c0       __iswcntrl_l               300c42c0 f i LIBCMTD:_wctype.obj
 0002:000702e0       _iswcntrl                  300c42e0 f i LIBCMTD:_wctype.obj
 0002:00070300       _iswascii                  300c4300 f i LIBCMTD:_wctype.obj
 0002:00070320       __iswcsym_l                300c4320 f i LIBCMTD:_wctype.obj
 0002:00070370       ___iswcsym                 300c4370 f i LIBCMTD:_wctype.obj
 0002:000703c0       __iswcsymf_l               300c43c0 f i LIBCMTD:_wctype.obj
 0002:00070410       ___iswcsymf                300c4410 f i LIBCMTD:_wctype.obj
 0002:00070460       ____setlc_active_func      300c4460 f   LIBCMTD:setlocal.obj
 0002:00070470       ____unguarded_readlc_active_add_func 300c4470 f   LIBCMTD:setlocal.obj
[...]
 0004:001cf564       ___pPurecall               302ec564     LIBCMTD:inithelp.obj
 0004:001cf568       ?_pnhHeap@@3P6AHI@ZA       302ec568     LIBCMTD:handler.obj
 0004:001cf56c       __stdbuf                   302ec56c     LIBCMTD:_sftbuf.obj
 0004:001cf578       __newmode                  302ec578     LIBCMTD:_newmode.obj
 0004:001cf5b4       ?pArgList@UnDecorator@@0PAVReplicator@@A 302ec5b4     LIBCMTD:undname.obj
 0004:001cf5b8       ?pZNameList@UnDecorator@@0PAVReplicator@@A 302ec5b8     LIBCMTD:undname.obj
 0004:001cf5bc       ?pTemplateArgList@UnDecorator@@0PAVReplicator@@A 302ec5bc     LIBCMTD:undname.obj
 0004:001cf5c0       ?gName@UnDecorator@@0PBDB  302ec5c0     LIBCMTD:undname.obj
 0004:001cf5c4       ?name@UnDecorator@@0PBDB   302ec5c4     LIBCMTD:undname.obj
 0004:001cf5c8       ?outputString@UnDecorator@@0PADA 302ec5c8     LIBCMTD:undname.obj
 0004:001cf5cc       ?maxStringLength@UnDecorator@@0HA 302ec5cc     LIBCMTD:undname.obj
 0004:001cf5d0       ?disableFlags@UnDecorator@@0KA 302ec5d0     LIBCMTD:undname.obj
 0004:001cf5d4       ?m_pGetParameter@UnDecorator@@0P6APADJ@ZA 302ec5d4     LIBCMTD:undname.obj
 0004:001cf5d8       ?fExplicitTemplateParams@UnDecorator@@0_NA 302ec5d8     LIBCMTD:undname.obj
 0004:001cf5d9       ?fGetTemplateArgumentList@UnDecorator@@0_NA 302ec5d9     LIBCMTD:undname.obj
 0004:001cf648       ?nodes@?1??make@DNameStatusNode@@SAPAV2@W4DNameStatus@@@Z@4PAV2@A 302ec648     LIBCMTD:undname.obj
 0004:001cf684       ??_B?1??make@DNameStatusNode@@SAPAV1@W4DNameStatus@@@Z@51 302ec684     LIBCMTD:undname.obj
 0004:001cf6a0       _itemParseKeywordHash      302ec6a0     <common>
 0004:001d2240       _Menus                     302ef240     <common>
 0004:001dc340       _g_nameBind1               302f9340     <common>
 0004:001dc360       _g_nameBind2               302f9360     <common>
 0004:001dc380       _menuParseKeywordHash      302f9380     <common>
 0004:001dcb80       _menuStack                 302f9b80     <common>
 0004:001dcbc0       _headModelVoiceChat        302f9bc0     <common>
 0004:0024d140       _voiceChatLists            3036a140     <common>
 0004:00475b80       _cg_playerOrigins          30592b80     <common>
 0004:00475f80       _voiceChatBuffer           30592f80     <common>
 0004:00478680       _cg_freeMarkPolys          30595680     <common>
 0004:004823a4       _active_particles          3059f3a4     <common>
 0004:004823c0       _cg_markPolys              3059f3c0     <common>
 0004:004943c0       _oldtime                   305b13c0     <common>
 0004:004943d0       _rup                       305b13d0     <common>
 0004:004943e0       _particles                 305b13e0     <common>
 0004:004b33e0       _rright                    305d03e0     <common>
 0004:004b33ec       _free_particles            305d03ec     <common>
 0004:004b33f0       _rforward                  305d03f0     <common>
 0004:004b3400       _pvright                   305d0400     <common>
 0004:004b3410       _pvforward                 305d0410     <common>
 0004:004b3420       _cg_activeMarkPolys        305d0420     <common>
 0004:004b3540       _pvup                      305d0540     <common>
 0004:004b3560       _cg_trueLightning          305d0560     <common>
 0004:004e9840       _cg_projectileNudge        30606840     <common>
 0004:004e9960       _cg_weapons                30606960     <common>
 0004:004ea1e0       _cg_timescaleFadeEnd       306071e0     <common>
 0004:004ea300       _cg_drawTeamOverlay        30607300     <common>
 0004:004ea420       _cg_gun_y                  30607420     <common>
 0004:004ea540       _cg_oldRail                30607540     <common>
 0004:004ea660       _cg_noTaunt                30607660     <common>
 0004:004ea780       _cg_animSpeed              30607780     <common>
 0004:004ea8a0       _cg_latentSnaps            306078a0     <common>
 0004:004ea9c0       _cg_stats                  306079c0     <common>
 0004:004eaae0       _cg_drawRewards            30607ae0     <common>
 0004:004eac00       _cg_scorePlum              30607c00     <common>
 0004:004ead20       _cgs                       30607d20     <common>
 0004:00510cc0       _cg_drawFPS                3062dcc0     <common>
 0004:00510de0       _cg_thirdPerson            3062dde0     <common>
 0004:00510f00       _cg_zoomFov                3062df00     <common>
 0004:00511020       _cg_drawCrosshair          3062e020     <common>
 0004:00511140       _cg_cameraOrbitDelay       3062e140     <common>
 0004:00511260       _cg_shadows                3062e260     <common>
 0004:00511380       _cg_debugAnim              3062e380     <common>
 0004:005114a0       _cg_timescale              3062e4a0     <common>
 0004:005115c0       _cg_addMarks               3062e5c0     <common>
 0004:005116e0       _cg_gun_z                  3062e6e0     <common>
 0004:00511800       _pmove_msec                3062e800     <common>
 0004:00511920       _cg_autoswitch             3062e920     <common>
 0004:00511a40       _cg_noVoiceText            3062ea40     <common>
 0004:00511b60       _cg_drawStatus             3062eb60     <common>
 0004:00511c80       _cg_debugDelag             3062ec80     <common>
 0004:00511da0       _cg_drawSnapshot           3062eda0     <common>
 0004:00511ec0       _cg_gun_frame              3062eec0     <common>
 0004:00511fe0       _cg_BlueMC                 3062efe0     <common>
 0004:00512100       _cg_runpitch               3062f100     <common>
 0004:00512220       _cg_railTrailTime          3062f220     <common>
 0004:00512340       _cg_drawTimer              3062f340     <common>
 0004:00512460       _cg_drawFriend             3062f460     <common>
 0004:00512580       _cg_GameMode               3062f580     <common>
 0004:005126a0       _cg_draw2D                 3062f6a0     <common>
 0004:005127c0       _cg_delag                  3062f7c0     <common>
 0004:005128e0       _cg_gun_x                  3062f8e0     <common>
 0004:00512a00       _cg_drawAmmoWarning        3062fa00     <common>
 0004:00512b20       _cg_debugPosition          3062fb20     <common>
 0004:00512c40       _cg_cameraMode             3062fc40     <common>
 0004:00512d60       _cg_bigFont                3062fd60     <common>
 0004:00512e80       _cg_drawGun                3062fe80     <common>
 0004:00512fa0       _cg_swingSpeed             3062ffa0     <common>
 0004:005130c0       _cg_centertime             306300c0     <common>
 0004:005131e0       _cg_forceModel             306301e0     <common>
 0004:00513300       _cg_items                  30630300     <common>
 0004:00514b00       _cg_crosshairHealth        30631b00     <common>
 0004:00514c20       _cg_noProjectileTrail      30631c20     <common>
 0004:00514d40       _cg_crosshairY             30631d40     <common>
 0004:00514e60       _cg_optimizePrediction     30631e60     <common>
 0004:00514f80       _cg_draw3dIcons            30631f80     <common>
 0004:005150a0       _cg_simpleItems            306320a0     <common>
 0004:005151c0       _cg_hudFiles               306321c0     <common>
 0004:005152e0       _cg_cmdTimeNudge           306322e0     <common>
 0004:00515400       _cg_tracerChance           30632400     <common>
 0004:00515520       _cg_thirdPersonRange       30632520     <common>
 0004:00515640       _cg_oldPlasma              30632640     <common>
 0004:00515760       _cg_debugEvents            30632760     <common>
 0004:00515880       _cg_stereoSeparation       30632880     <common>
 0004:005159a0       _cg_latentCmds             306329a0     <common>
 0004:00515ac0       _cg_bobroll                30632ac0     <common>
 0004:00515be0       _cg_ignore                 30632be0     <common>
 0004:00515d00       _cg_smallFont              30632d00     <common>
 0004:00515e20       _cg_drawCrosshairNames     30632e20     <common>
 0004:00515f40       _cg_crosshairX             30632f40     <common>
 0004:00516060       _cg_footsteps              30633060     <common>
 0004:00516180       _cg_noVoiceChats           30633180     <common>
 0004:005162a0       _cg_teamChatTime           306332a0     <common>
 0004:005163c0       _cg_nopredict              306333c0     <common>
 0004:005164e0       _cg_buildScript            306334e0     <common>
 0004:00516600       _cg_synchronousClients     30633600     <common>
 0004:00516720       _cl_timeNudge              30633720     <common>
 0004:00516840       _cg_drawAttacker           30633840     <common>
 0004:00516960       _cg_bobpitch               30633960     <common>
 0004:00516a80       _cg_lagometer              30633a80     <common>
 0004:00516ba0       _cg_errorDecay             30633ba0     <common>
 0004:00516cc0       _cg_teamChatHeight         30633cc0     <common>
 0004:00516de0       _cg_pmove_msec             30633de0     <common>
 0004:00516f00       _cg_runroll                30633f00     <common>
 0004:00517020       _cg                        30634020     <common>
 0004:0053d940       _cg_gibs                   3065a940     <common>
 0004:0053da60       _cg_cameraOrbit            3065aa60     <common>
 0004:0053db80       _cg_bobup                  3065ab80     <common>
 0004:0053dca0       _cg_tracerWidth            3065aca0     <common>
 0004:0053ddc0       _cg_RedMC                  3065adc0     <common>
 0004:0053dee0       _cg_drawBBox               3065aee0     <common>
 0004:0053e000       _cg_timescaleFadeSpeed     3065b000     <common>
 0004:0053e120       _sv_fps                    3065b120     <common>
 0004:0053e240       _cg_entities               3065b240     <common>
 0004:005f7240       _pmove_fixed               30714240     <common>
 0004:005f7360       _cg_teamOverlayUserinfo    30714360     <common>
 0004:005f7480       _cg_plOut                  30714480     <common>
 0004:005f75a0       _cg_brassTime              307145a0     <common>
 0004:005f76c0       _cg_blood                  307146c0     <common>
 0004:005f77e0       _cg_teamChatsOnly          307147e0     <common>
 0004:005f7900       _cg_viewsize               30714900     <common>
 0004:005f7a20       _cg_deferPlayers           30714a20     <common>
 0004:005f7b40       _cg_showmiss               30714b40     <common>
 0004:005f7c60       _cg_noPlayerAnims          30714c60     <common>
 0004:005f7d80       _cg_crosshairSize          30714d80     <common>
 0004:005f7ea0       _cg_drawIcons              30714ea0     <common>
 0004:005f7fc0       _cg_oldRocket              30714fc0     <common>
 0004:005f80e0       _cg_predictItems           307150e0     <common>
 0004:005f8200       _cg_fov                    30715200     <common>
 0004:005f8320       _cg_paused                 30715320     <common>
 0004:005f8440       _cg_thirdPersonAngle       30715440     <common>
 0004:005f8560       _cg_tracerLength           30715560     <common>
 0004:005f8680       _cg_localEntities          30715680     <common>
 0004:00624390       _cg_freeLocalEntities      30741390     <common>
 0004:006243a0       _cg_activeLocalEntities    307413a0     <common>
 0004:006244e0       _lagometer                 307414e0     <common>
 0004:00624ce0       _sortedTeamPlayers         30741ce0     <common>
 0004:00624d60       _teamChat1                 30741d60     <common>
 0004:00624e60       _numSortedTeamPlayers      30741e60     <common>
 0004:00624e80       _systemChat                30741e80     <common>
 0004:00624f80       _teamChat2                 30741f80     <common>
 0004:00625080       _pml                       30742080     <common>
 0004:00625138       _pm                        30742138     <common>
 0004:0062513c       __pfnReportHook            3074213c     <common>
 0004:0062514c       __pReportHookListW         3074214c     <common>
 0004:00625150       __pReportHookList          30742150     <common>
 0004:00625154       __debugger_hook_dummy      30742154     <common>
 0004:00625160       __nhandle                  30742160     <common>
 0004:006251a0       ___pioinfo                 307421a0     <common>
 0004:006252a0       ___setlc_active            307422a0     <common>
 0004:006252b0       ___unguarded_readlc_active 307422b0     <common>
 0004:006252b4       ___piob                    307422b4     <common>
 0004:00625600       __bufin                    30742600     <common>
 0004:00626600       __nstream                  30743600     <common>
 0004:00626604       ___env_initialized         30743604     <common>
 0004:00626614       ___onexitend               30743614     <common>
 0004:00626618       ___onexitbegin             30743618     <common>
 0004:0062661c       ___mbctype_initialized     3074361c     <common>
 0004:00626620       ___dyn_tls_init_callback   30743620     <common>
 0004:00626624       __pmatherr                 30743624     <common>
 0004:00626630       ___sse2_available          30743630     <common>
 0004:0062663c       ___use_sse2_mathfcns       3074363c     <common>
 0004:00626648       __acmdln                   30743648     <common>
 0005:00000000       __IMPORT_DESCRIPTOR_KERNEL32 30744000     kernel32:KERNEL32.dll
 0005:00000014       __NULL_IMPORT_DESCRIPTOR   30744014     kernel32:KERNEL32.dll
 0005:000001c8       __imp__GetModuleFileNameW@12 307441c8     kernel32:KERNEL32.dll
 0005:000001cc       __imp__WriteConsoleW@20    307441cc     kernel32:KERNEL32.dll
 0005:000001d0       __imp__GetFileType@4       307441d0     kernel32:KERNEL32.dll
 0005:000001d4       __imp__GetStdHandle@4      307441d4     kernel32:KERNEL32.dll
 0005:000001d8       __imp__GetCurrentThreadId@0 307441d8     kernel32:KERNEL32.dll
 0005:000001dc       __imp__DecodePointer@4     307441dc     kernel32:KERNEL32.dll
 0005:000001e0       __imp__GetCommandLineA@0   307441e0     kernel32:KERNEL32.dll
 0005:000001e4       __imp__EncodePointer@4     307441e4     kernel32:KERNEL32.dll
 0005:000001e8       __imp__TerminateProcess@8  307441e8     kernel32:KERNEL32.dll
 0005:000001ec       __imp__GetCurrentProcess@0 307441ec     kernel32:KERNEL32.dll
 0005:000001f0       __imp__UnhandledExceptionFilter@4 307441f0     kernel32:KERNEL32.dll
 0005:000001f4       __imp__SetUnhandledExceptionFilter@4 307441f4     kernel32:KERNEL32.dll
 0005:000001f8       __imp__IsDebuggerPresent@0 307441f8     kernel32:KERNEL32.dll
 0005:000001fc       __imp__IsProcessorFeaturePresent@4 307441fc     kernel32:KERNEL32.dll
 0005:00000200       __imp__InterlockedIncrement@4 30744200     kernel32:KERNEL32.dll
 0005:00000204       __imp__InterlockedDecrement@4 30744204     kernel32:KERNEL32.dll
 0005:00000208       __imp__GetACP@0            30744208     kernel32:KERNEL32.dll
 0005:0000020c       __imp__GetOEMCP@0          3074420c     kernel32:KERNEL32.dll
 0005:00000210       __imp__GetCPInfo@8         30744210     kernel32:KERNEL32.dll
 0005:00000214       __imp__IsValidCodePage@4   30744214     kernel32:KERNEL32.dll
 0005:00000218       __imp__TlsAlloc@0          30744218     kernel32:KERNEL32.dll
 0005:0000021c       __imp__TlsGetValue@4       3074421c     kernel32:KERNEL32.dll
 0005:00000220       __imp__TlsSetValue@8       30744220     kernel32:KERNEL32.dll
 0005:00000224       __imp__TlsFree@4           30744224     kernel32:KERNEL32.dll
 0005:00000228       __imp__GetProcAddress@8    30744228     kernel32:KERNEL32.dll
 0005:0000022c       __imp__GetModuleHandleW@4  3074422c     kernel32:KERNEL32.dll
 0005:00000230       __imp__SetLastError@4      30744230     kernel32:KERNEL32.dll
 0005:00000234       __imp__GetLastError@0      30744234     kernel32:KERNEL32.dll
 0005:00000238       __imp__GetCurrentThread@0  30744238     kernel32:KERNEL32.dll
 0005:0000023c       __imp__RaiseException@16   3074423c     kernel32:KERNEL32.dll
 0005:00000240       __imp__ExitProcess@4       30744240     kernel32:KERNEL32.dll
 0005:00000244       __imp__SetConsoleCtrlHandler@8 30744244     kernel32:KERNEL32.dll
 0005:00000248       __imp__LoadLibraryW@4      30744248     kernel32:KERNEL32.dll
 0005:0000024c       __imp__EnterCriticalSection@4 3074424c     kernel32:KERNEL32.dll
 0005:00000250       __imp__LeaveCriticalSection@4 30744250     kernel32:KERNEL32.dll
 0005:00000254       __imp__WideCharToMultiByte@32 30744254     kernel32:KERNEL32.dll
 0005:00000258       __imp__LCMapStringW@24     30744258     kernel32:KERNEL32.dll
 0005:0000025c       __imp__MultiByteToWideChar@24 3074425c     kernel32:KERNEL32.dll
 0005:00000260       __imp__HeapValidate@12     30744260     kernel32:KERNEL32.dll
 0005:00000264       __imp__IsBadReadPtr@8      30744264     kernel32:KERNEL32.dll
 0005:00000268       __imp__SetHandleCount@4    30744268     kernel32:KERNEL32.dll
 0005:0000026c       __imp__InitializeCriticalSectionAndSpinCount@8 3074426c     kernel32:KERNEL32.dll
 0005:00000270       __imp__GetStartupInfoW@4   30744270     kernel32:KERNEL32.dll
 0005:00000274       __imp__DeleteCriticalSection@4 30744274     kernel32:KERNEL32.dll
 0005:00000278       __imp__GetModuleFileNameA@12 30744278     kernel32:KERNEL32.dll
 0005:0000027c       __imp__FreeEnvironmentStringsW@4 3074427c     kernel32:KERNEL32.dll
 0005:00000280       __imp__GetEnvironmentStringsW@0 30744280     kernel32:KERNEL32.dll
 0005:00000284       __imp__HeapCreate@12       30744284     kernel32:KERNEL32.dll
 0005:00000288       __imp__HeapDestroy@4       30744288     kernel32:KERNEL32.dll
 0005:0000028c       __imp__QueryPerformanceCounter@4 3074428c     kernel32:KERNEL32.dll
 0005:00000290       __imp__GetTickCount@0      30744290     kernel32:KERNEL32.dll
 0005:00000294       __imp__GetCurrentProcessId@0 30744294     kernel32:KERNEL32.dll
 0005:00000298       __imp__GetSystemTimeAsFileTime@4 30744298     kernel32:KERNEL32.dll
 0005:0000029c       __imp__GetStringTypeW@16   3074429c     kernel32:KERNEL32.dll
 0005:000002a0       __imp__FatalAppExitA@8     307442a0     kernel32:KERNEL32.dll
 0005:000002a4       __imp__WriteFile@20        307442a4     kernel32:KERNEL32.dll
 0005:000002a8       __imp__OutputDebugStringA@4 307442a8     kernel32:KERNEL32.dll
 0005:000002ac       __imp__OutputDebugStringW@4 307442ac     kernel32:KERNEL32.dll
 0005:000002b0       __imp__RtlUnwind@16        307442b0     kernel32:KERNEL32.dll
 0005:000002b4       __imp__SetFilePointer@16   307442b4     kernel32:KERNEL32.dll
 0005:000002b8       __imp__GetConsoleCP@0      307442b8     kernel32:KERNEL32.dll
 0005:000002bc       __imp__GetConsoleMode@8    307442bc     kernel32:KERNEL32.dll
 0005:000002c0       __imp__FreeLibrary@4       307442c0     kernel32:KERNEL32.dll
 0005:000002c4       __imp__InterlockedExchange@8 307442c4     kernel32:KERNEL32.dll
 0005:000002c8       __imp__GetLocaleInfoW@16   307442c8     kernel32:KERNEL32.dll
 0005:000002cc       __imp__FlushFileBuffers@4  307442cc     kernel32:KERNEL32.dll
 0005:000002d0       __imp__GetLocaleInfoA@16   307442d0     kernel32:KERNEL32.dll
 0005:000002d4       __imp__IsValidLocale@8     307442d4     kernel32:KERNEL32.dll
 0005:000002d8       __imp__EnumSystemLocalesA@8 307442d8     kernel32:KERNEL32.dll
 0005:000002dc       __imp__GetUserDefaultLCID@0 307442dc     kernel32:KERNEL32.dll
 0005:000002e0       __imp__HeapAlloc@12        307442e0     kernel32:KERNEL32.dll
 0005:000002e4       __imp__HeapReAlloc@16      307442e4     kernel32:KERNEL32.dll
 0005:000002e8       __imp__HeapSize@12         307442e8     kernel32:KERNEL32.dll
 0005:000002ec       __imp__HeapQueryInformation@20 307442ec     kernel32:KERNEL32.dll
 0005:000002f0       __imp__HeapFree@12         307442f0     kernel32:KERNEL32.dll
 0005:000002f4       __imp__SetStdHandle@8      307442f4     kernel32:KERNEL32.dll
 0005:000002f8       __imp__CreateFileW@28      307442f8     kernel32:KERNEL32.dll
 0005:000002fc       __imp__CloseHandle@4       307442fc     kernel32:KERNEL32.dll
 0005:00000300       \177KERNEL32_NULL_THUNK_DATA 30744300     kernel32:KERNEL32.dll

 entry point at        0002:0000095b

