 ioquake3

 Timestamp is 58173999 (Mon Oct 31 08:31:21 2016)

 Preferred load address is 00400000

 Start         Length     Name                   Class
 0001:00000000 000a7258H .textbss                DATA
 0002:00000000 00155495H .text                   CODE
 0003:00000000 00000104H .CRT$XCA                DATA
 0003:00000104 00000104H .CRT$XCAA               DATA
 0003:00000208 00000104H .CRT$XCZ                DATA
 0003:0000030c 00000104H .CRT$XIA                DATA
 0003:00000410 00000104H .CRT$XIAA               DATA
 0003:00000514 00000104H .CRT$XIC                DATA
 0003:00000618 00000104H .CRT$XIY                DATA
 0003:0000071c 00000104H .CRT$XIZ                DATA
 0003:00000820 00026740H .rdata                  DATA
 0003:00026f60 0000016fH .rdata$debug            DATA
 0003:000270d0 00000104H .rtc$IAA                DATA
 0003:000271d4 00000104H .rtc$IZZ                DATA
 0003:000272d8 00000104H .rtc$TAA                DATA
 0003:000273dc 00000104H .rtc$TZZ                DATA
 0003:000274e0 00000169H .xdata$x                DATA
 0003:00027649 00000000H .edata                  DATA
 0004:00000000 000049e6H .data                   DATA
 0004:00004a00 01e87a68H .bss                    DATA
 0005:00000000 000000b4H .idata$2                DATA
 0005:000000b4 00000014H .idata$3                DATA
 0005:000000c8 00000748H .idata$4                DATA
 0005:00000810 00000748H .idata$5                DATA
 0005:00000f58 00001467H .idata$6                DATA
 0006:00000000 000002a6H .rsrc$01                DATA
 0006:000002b0 00001253H .rsrc$02                DATA

  Address         Publics by Value              Rva+Base       Lib:Object

 0000:00000000       ___safe_se_handler_table   00000000     <absolute>
 0000:00000000       ___safe_se_handler_count   00000000     <absolute>
 0000:00000000       __except_list              00000000     <absolute>
 0000:00009876       __ldused                   00009876     <absolute>
 0000:00009876       __fltused                  00009876     <absolute>
 0000:00000000       ___ImageBase               00400000     <linker-defined>
 0001:00000000       __enc$textbss$begin        00401000     <linker-defined>
 0001:000a7258       __enc$textbss$end          004a8258     <linker-defined>
 0002:000068e0       _CL_WriteAVIHeader         004af8e0 f   cl_avi.obj
 0002:00007150       _CL_OpenAVIForWriting      004b0150 f   cl_avi.obj
 0002:00007580       _CL_WriteAVIVideoFrame     004b0580 f   cl_avi.obj
 0002:000077c0       _CL_WriteAVIAudioFrame     004b07c0 f   cl_avi.obj
 0002:00007a70       _CL_TakeVideoFrame         004b0a70 f   cl_avi.obj
 0002:00007ad0       _CL_CloseAVI               004b0ad0 f   cl_avi.obj
 0002:00007d90       _CL_VideoRecording         004b0d90 f   cl_avi.obj
 0002:00007db0       _CL_GetGameState           004b0db0 f   cl_cgame.obj
 0002:00007de0       _CL_GetGlconfig            004b0de0 f   cl_cgame.obj
 0002:00007e10       _CL_GetUserCmd             004b0e10 f   cl_cgame.obj
 0002:00007eb0       _CL_GetCurrentCmdNumber    004b0eb0 f   cl_cgame.obj
 0002:00007ed0       _CL_GetParseEntityState    004b0ed0 f   cl_cgame.obj
 0002:00007f60       _CL_GetCurrentSnapshotNumber 004b0f60 f   cl_cgame.obj
 0002:00007f90       _CL_GetSnapshot            004b0f90 f   cl_cgame.obj
 0002:00008170       _CL_SetUserCmdValue        004b1170 f   cl_cgame.obj
 0002:000081a0       _CL_AddCgameCommand        004b11a0 f   cl_cgame.obj
 0002:000081d0       _CL_CgameError             004b11d0 f   cl_cgame.obj
 0002:00008200       _CL_ConfigstringModified   004b1200 f   cl_cgame.obj
 0002:00008420       _CL_GetServerCommand       004b1420 f   cl_cgame.obj
 0002:000087d0       _CL_CM_LoadMap             004b17d0 f   cl_cgame.obj
 0002:00008800       _CL_ShutdownCGame          004b1800 f   cl_cgame.obj
 0002:00008880       _CL_CgameSystemCalls       004b1880 f   cl_cgame.obj
 0002:0000a110       _CL_InitCGame              004b3110 f   cl_cgame.obj
 0002:0000a2b0       _CL_GameCommand            004b32b0 f   cl_cgame.obj
 0002:0000a2f0       _CL_CGameRendering         004b32f0 f   cl_cgame.obj
 0002:0000a340       _CL_AdjustTimeDelta        004b3340 f   cl_cgame.obj
 0002:0000a4e0       _CL_FirstSnapshot          004b34e0 f   cl_cgame.obj
 0002:0000a760       _CL_SetCGameTime           004b3760 f   cl_cgame.obj
 0002:0000aa80       _CIN_CloseAllVideos        004b3a80 f   cl_cin.obj
 0002:0000aae0       _RllDecodeMonoToMono       004b3ae0 f   cl_cin.obj
 0002:0000ab80       _RllDecodeMonoToStereo     004b3b80 f   cl_cin.obj
 0002:0000ac30       _RllDecodeStereoToStereo   004b3c30 f   cl_cin.obj
 0002:0000ad50       _RllDecodeStereoToMono     004b3d50 f   cl_cin.obj
 0002:0000ae40       _CIN_StopCinematic         004b3e40 f   cl_cin.obj
 0002:0000b0c0       _CIN_RunCinematic          004b40c0 f   cl_cin.obj
 0002:0000f960       _CIN_PlayCinematic         004b8960 f   cl_cin.obj
 0002:00010710       _CIN_SetExtents            004b9710 f   cl_cin.obj
 0002:000107c0       _CIN_SetLooping            004b97c0 f   cl_cin.obj
 0002:00010820       _CIN_DrawCinematic         004b9820 f   cl_cin.obj
 0002:00010db0       _CL_PlayCinematic_f        004b9db0 f   cl_cin.obj
 0002:00010f10       _SCR_DrawCinematic         004b9f10 f   cl_cin.obj
 0002:00010f50       _SCR_RunCinematic          004b9f50 f   cl_cin.obj
 0002:00010f90       _SCR_StopCinematic         004b9f90 f   cl_cin.obj
 0002:00010fe0       _CIN_UploadCinematic       004b9fe0 f   cl_cin.obj
 0002:000111b0       _Con_ToggleConsole_f       004ba1b0 f   cl_console.obj
 0002:00011220       _Con_MessageMode_f         004ba220 f   cl_console.obj
 0002:00011280       _Con_MessageMode2_f        004ba280 f   cl_console.obj
 0002:000112e0       _Con_MessageMode3_f        004ba2e0 f   cl_console.obj
 0002:00011380       _Con_MessageMode4_f        004ba380 f   cl_console.obj
 0002:00011420       _Con_Clear_f               004ba420 f   cl_console.obj
 0002:00011480       _Con_Dump_f                004ba480 f   cl_console.obj
 0002:00011720       _Con_ClearNotify           004ba720 f   cl_console.obj
 0002:00011770       _Con_CheckResize           004ba770 f   cl_console.obj
 0002:000119b0       _Cmd_CompleteTxtName       004ba9b0 f   cl_console.obj
 0002:000119f0       _Con_Init                  004ba9f0 f   cl_console.obj
 0002:00011b80       _Con_Linefeed              004bab80 f   cl_console.obj
 0002:00011c90       _CL_ConsolePrint           004bac90 f   cl_console.obj
 0002:00011f80       _Con_DrawInput             004baf80 f   cl_console.obj
 0002:00012030       _Con_DrawNotify            004bb030 f   cl_console.obj
 0002:00012320       _Con_DrawSolidConsole      004bb320 f   cl_console.obj
 0002:00012760       _Con_DrawConsole           004bb760 f   cl_console.obj
 0002:000127f0       _Con_RunConsole            004bb7f0 f   cl_console.obj
 0002:00012910       _Con_PageUp                004bb910 f   cl_console.obj
 0002:00012970       _Con_PageDown              004bb970 f   cl_console.obj
 0002:000129c0       _Con_Top                   004bb9c0 f   cl_console.obj
 0002:00012a10       _Con_Bottom                004bba10 f   cl_console.obj
 0002:00012a30       _Con_Close                 004bba30 f   cl_console.obj
 0002:00012aa0       _CL_cURL_Init              004bbaa0 f   cl_curl.obj
 0002:00012d60       _CL_cURL_Shutdown          004bbd60 f   cl_curl.obj
 0002:00012e60       _CL_cURL_Cleanup           004bbe60 f   cl_curl.obj
 0002:00012f20       _CL_cURL_BeginDownload     004bbf20 f   cl_curl.obj
 0002:00013400       _CL_cURL_PerformDownload   004bc400 f   cl_curl.obj
 0002:00013550       _IN_MLookDown              004bc550 f   cl_input.obj
 0002:00013570       _IN_MLookUp                004bc570 f   cl_input.obj
 0002:000135b0       _IN_KeyDown                004bc5b0 f   cl_input.obj
 0002:000136b0       _IN_KeyUp                  004bc6b0 f   cl_input.obj
 0002:000137f0       _CL_KeyState               004bc7f0 f   cl_input.obj
 0002:000138c0       _IN_UpDown                 004bc8c0 f   cl_input.obj
 0002:000138f0       _IN_UpUp                   004bc8f0 f   cl_input.obj
 0002:00013920       _IN_DownDown               004bc920 f   cl_input.obj
 0002:00013950       _IN_DownUp                 004bc950 f   cl_input.obj
 0002:00013980       _IN_LeftDown               004bc980 f   cl_input.obj
 0002:000139b0       _IN_LeftUp                 004bc9b0 f   cl_input.obj
 0002:000139e0       _IN_RightDown              004bc9e0 f   cl_input.obj
 0002:00013a10       _IN_RightUp                004bca10 f   cl_input.obj
 0002:00013a40       _IN_ForwardDown            004bca40 f   cl_input.obj
 0002:00013a70       _IN_ForwardUp              004bca70 f   cl_input.obj
 0002:00013aa0       _IN_BackDown               004bcaa0 f   cl_input.obj
 0002:00013ad0       _IN_BackUp                 004bcad0 f   cl_input.obj
 0002:00013b00       _IN_LookupDown             004bcb00 f   cl_input.obj
 0002:00013b30       _IN_LookupUp               004bcb30 f   cl_input.obj
 0002:00013b60       _IN_LookdownDown           004bcb60 f   cl_input.obj
 0002:00013b90       _IN_LookdownUp             004bcb90 f   cl_input.obj
 0002:00013bc0       _IN_MoveleftDown           004bcbc0 f   cl_input.obj
 0002:00013bf0       _IN_MoveleftUp             004bcbf0 f   cl_input.obj
 0002:00013c20       _IN_MoverightDown          004bcc20 f   cl_input.obj
 0002:00013c50       _IN_MoverightUp            004bcc50 f   cl_input.obj
 0002:00013c80       _IN_SpeedDown              004bcc80 f   cl_input.obj
 0002:00013cb0       _IN_SpeedUp                004bccb0 f   cl_input.obj
 0002:00013ce0       _IN_StrafeDown             004bcce0 f   cl_input.obj
 0002:00013d10       _IN_StrafeUp               004bcd10 f   cl_input.obj
 0002:00013d40       _IN_VoipRecordDown         004bcd40 f   cl_input.obj
 0002:00013d80       _IN_VoipRecordUp           004bcd80 f   cl_input.obj
 0002:00013dc0       _IN_Button0Down            004bcdc0 f   cl_input.obj
 0002:00013df0       _IN_Button0Up              004bcdf0 f   cl_input.obj
 0002:00013e20       _IN_Button1Down            004bce20 f   cl_input.obj
 0002:00013e50       _IN_Button1Up              004bce50 f   cl_input.obj
 0002:00013e80       _IN_Button2Down            004bce80 f   cl_input.obj
 0002:00013eb0       _IN_Button2Up              004bceb0 f   cl_input.obj
 0002:00013ee0       _IN_Button3Down            004bcee0 f   cl_input.obj
 0002:00013f10       _IN_Button3Up              004bcf10 f   cl_input.obj
 0002:00013f40       _IN_Button4Down            004bcf40 f   cl_input.obj
 0002:00013f70       _IN_Button4Up              004bcf70 f   cl_input.obj
 0002:00013fa0       _IN_Button5Down            004bcfa0 f   cl_input.obj
 0002:00013fd0       _IN_Button5Up              004bcfd0 f   cl_input.obj
 0002:00014000       _IN_Button6Down            004bd000 f   cl_input.obj
 0002:00014030       _IN_Button6Up              004bd030 f   cl_input.obj
 0002:00014060       _IN_Button7Down            004bd060 f   cl_input.obj
 0002:00014090       _IN_Button7Up              004bd090 f   cl_input.obj
 0002:000140c0       _IN_Button8Down            004bd0c0 f   cl_input.obj
 0002:000140f0       _IN_Button8Up              004bd0f0 f   cl_input.obj
 0002:00014120       _IN_Button9Down            004bd120 f   cl_input.obj
 0002:00014150       _IN_Button9Up              004bd150 f   cl_input.obj
 0002:00014180       _IN_Button10Down           004bd180 f   cl_input.obj
 0002:000141b0       _IN_Button10Up             004bd1b0 f   cl_input.obj
 0002:000141e0       _IN_Button11Down           004bd1e0 f   cl_input.obj
 0002:00014210       _IN_Button11Up             004bd210 f   cl_input.obj
 0002:00014240       _IN_Button12Down           004bd240 f   cl_input.obj
 0002:00014270       _IN_Button12Up             004bd270 f   cl_input.obj
 0002:000142a0       _IN_Button13Down           004bd2a0 f   cl_input.obj
 0002:000142d0       _IN_Button13Up             004bd2d0 f   cl_input.obj
 0002:00014300       _IN_Button14Down           004bd300 f   cl_input.obj
 0002:00014330       _IN_Button14Up             004bd330 f   cl_input.obj
 0002:00014360       _IN_Button15Down           004bd360 f   cl_input.obj
 0002:00014390       _IN_Button15Up             004bd390 f   cl_input.obj
 0002:000143c0       _IN_ButtonDown             004bd3c0 f   cl_input.obj
 0002:000143f0       _IN_ButtonUp               004bd3f0 f   cl_input.obj
 0002:00014420       _IN_CenterView             004bd420 f   cl_input.obj
 0002:00014450       _CL_AdjustAngles           004bd450 f   cl_input.obj
 0002:00014580       _CL_KeyMove                004bd580 f   cl_input.obj
 0002:000147a0       _CL_MouseEvent             004bd7a0 f   cl_input.obj
 0002:00014860       _CL_JoystickEvent          004bd860 f   cl_input.obj
 0002:000148b0       _CL_JoystickMove           004bd8b0 f   cl_input.obj
 0002:00014a10       _CL_MouseMove              004bda10 f   cl_input.obj
 0002:00014ec0       _CL_CmdButtons             004bdec0 f   cl_input.obj
 0002:00014fa0       _CL_FinishMove             004bdfa0 f   cl_input.obj
 0002:00015030       _CL_CreateCmd              004be030 f   cl_input.obj
 0002:00015210       _CL_CreateNewCommands      004be210 f   cl_input.obj
 0002:000152f0       _CL_ReadyToSendPacket      004be2f0 f   cl_input.obj
 0002:00015480       _CL_WritePacket            004be480 f   cl_input.obj
 0002:00015f20       _CL_SendCmd                004bef20 f   cl_input.obj
 0002:00015fb0       _CL_InitInput              004befb0 f   cl_input.obj
 0002:00016560       _Field_VariableSizeDraw    004bf560 f   cl_keys.obj
 0002:00016800       _Field_Draw                004bf800 f   cl_keys.obj
 0002:00016840       _Field_BigDraw             004bf840 f   cl_keys.obj
 0002:00016880       _Field_Paste               004bf880 f   cl_keys.obj
 0002:00016910       _Field_KeyDownEvent        004bf910 f   cl_keys.obj
 0002:00016b00       _Field_CharEvent           004bfb00 f   cl_keys.obj
 0002:00016d50       _Console_Key               004bfd50 f   cl_keys.obj
 0002:00017210       _Message_Key               004c0210 f   cl_keys.obj
 0002:000173a0       _Key_GetOverstrikeMode     004c03a0 f   cl_keys.obj
 0002:000173c0       _Key_SetOverstrikeMode     004c03c0 f   cl_keys.obj
 0002:000173e0       _Key_IsDown                004c03e0 f   cl_keys.obj
 0002:00017420       _Key_StringToKeynum        004c0420 f   cl_keys.obj
 0002:000174f0       _Key_KeynumToString        004c04f0 f   cl_keys.obj
 0002:00017640       _Key_SetBinding            004c0640 f   cl_keys.obj
 0002:000176d0       _Key_GetBinding            004c06d0 f   cl_keys.obj
 0002:00017710       _Key_GetKey                004c0710 f   cl_keys.obj
 0002:00017790       _Key_Unbind_f              004c0790 f   cl_keys.obj
 0002:00017820       _Key_Unbindall_f           004c0820 f   cl_keys.obj
 0002:00017880       _Key_Bind_f                004c0880 f   cl_keys.obj
 0002:00017a20       _Key_WriteBindings         004c0a20 f   cl_keys.obj
 0002:00017ad0       _Key_Bindlist_f            004c0ad0 f   cl_keys.obj
 0002:00017b70       _Key_KeynameCompletion     004c0b70 f   cl_keys.obj
 0002:00017bd0       _CL_InitKeyCommands        004c0bd0 f   cl_keys.obj
 0002:00017d50       _CL_ParseBinding           004c0d50 f   cl_keys.obj
 0002:00017f20       _CL_KeyDownEvent           004c0f20 f   cl_keys.obj
 0002:00018270       _CL_KeyUpEvent             004c1270 f   cl_keys.obj
 0002:00018380       _CL_KeyEvent               004c1380 f   cl_keys.obj
 0002:000183d0       _CL_CharEvent              004c13d0 f   cl_keys.obj
 0002:00018490       _Key_ClearStates           004c1490 f   cl_keys.obj
 0002:00018530       _Key_GetCatcher            004c1530 f   cl_keys.obj
 0002:00018550       _Key_SetCatcher            004c1550 f   cl_keys.obj
 0002:00018590       _CL_LoadConsoleHistory     004c1590 f   cl_keys.obj
 0002:00018880       _CL_SaveConsoleHistory     004c1880 f   cl_keys.obj
 0002:00018a80       _CL_CDDialog               004c1a80 f   cl_main.obj
 0002:00018aa0       _CL_Voip_f                 004c1aa0 f   cl_main.obj
 0002:00018f50       _CL_AddReliableCommand     004c1f50 f   cl_main.obj
 0002:00019000       _CL_ChangeReliableCommand  004c2000 f   cl_main.obj
 0002:000190c0       _CL_WriteDemoMessage       004c20c0 f   cl_main.obj
 0002:00019160       _CL_StopRecord_f           004c2160 f   cl_main.obj
 0002:00019220       _CL_DemoFilename           004c2220 f   cl_main.obj
 0002:00019300       _CL_Record_f               004c2300 f   cl_main.obj
 0002:00019880       _CL_DemoCompleted          004c2880 f   cl_main.obj
 0002:00019c40       _CL_ReadDemoMessage        004c2c40 f   cl_main.obj
 0002:00019dc0       _CL_PlayDemo_f             004c2dc0 f   cl_main.obj
 0002:0001a210       _CL_StartDemoLoop          004c3210 f   cl_main.obj
 0002:0001a240       _CL_NextDemo               004c3240 f   cl_main.obj
 0002:0001a310       _CL_ShutdownAll            004c3310 f   cl_main.obj
 0002:0001a390       _CL_FlushMemory            004c3390 f   cl_main.obj
 0002:0001a3e0       _CL_MapLoading             004c33e0 f   cl_main.obj
 0002:0001a570       _CL_ClearState             004c3570 f   cl_main.obj
 0002:0001a5a0       _CL_Disconnect             004c35a0 f   cl_main.obj
 0002:0001aee0       _CL_ForwardCommandToServer 004c3ee0 f   cl_main.obj
 0002:0001af90       _CL_RequestMotd            004c3f90 f   cl_main.obj
 0002:0001b170       _CL_RequestAuthorization   004c4170 f   cl_main.obj
 0002:0001b3c0       _CL_ForwardToServer_f      004c43c0 f   cl_main.obj
 0002:0001b420       _CL_Disconnect_f           004c4420 f   cl_main.obj
 0002:0001b480       _CL_Reconnect_f            004c4480 f   cl_main.obj
 0002:0001b510       _CL_Connect_f              004c4510 f   cl_main.obj
 0002:0001b830       _CL_Rcon_f                 004c4830 f   cl_main.obj
 0002:0001ba20       _CL_SendPureChecksums      004c4a20 f   cl_main.obj
 0002:0001baa0       _CL_ResetPureClientAtServer 004c4aa0 f   cl_main.obj
 0002:0001bad0       _CL_Vid_Restart_f          004c4ad0 f   cl_main.obj
 0002:0001bbf0       _CL_Snd_Restart            004c4bf0 f   cl_main.obj
 0002:0001bc10       _CL_Snd_Restart_f          004c4c10 f   cl_main.obj
 0002:0001bc30       _CL_OpenedPK3List_f        004c4c30 f   cl_main.obj
 0002:0001bc60       _CL_ReferencedPK3List_f    004c4c60 f   cl_main.obj
 0002:0001bc90       _CL_Configstrings_f        004c4c90 f   cl_main.obj
 0002:0001bd30       _CL_Clientinfo_f           004c4d30 f   cl_main.obj
 0002:0001bdc0       _CL_DownloadsComplete      004c4dc0 f   cl_main.obj
 0002:0001bef0       _CL_BeginDownload          004c4ef0 f   cl_main.obj
 0002:0001c000       _CL_NextDownload           004c5000 f   cl_main.obj
 0002:0001c300       _CL_InitDownloads          004c5300 f   cl_main.obj
 0002:0001c410       _CL_CheckForResend         004c5410 f   cl_main.obj
 0002:0001c740       _CL_DisconnectPacket       004c5740 f   cl_main.obj
 0002:0001c7f0       _CL_MotdPacket             004c57f0 f   cl_main.obj
 0002:0001c8d0       _CL_InitServerInfo         004c58d0 f   cl_main.obj
 0002:0001c980       _CL_ServersResponsePacket  004c5980 f   cl_main.obj
 0002:0001ce80       _CL_ConnectionlessPacket   004c5e80 f   cl_main.obj
 0002:0001d3b0       _CL_PacketEvent            004c63b0 f   cl_main.obj
 0002:0001d550       _CL_CheckTimeout           004c6550 f   cl_main.obj
 0002:0001d610       _CL_CheckPaused            004c6610 f   cl_main.obj
 0002:0001d650       _CL_CheckUserinfo          004c6650 f   cl_main.obj
 0002:0001d6d0       _CL_Frame                  004c66d0 f   cl_main.obj
 0002:0001dab0       _CL_RefPrintf              004c6ab0 f   cl_main.obj
 0002:0001db80       _CL_ShutdownRef            004c6b80 f   cl_main.obj
 0002:0001dbd0       _CL_InitRenderer           004c6bd0 f   cl_main.obj
 0002:0001dc70       _CL_StartHunkUsers         004c6c70 f   cl_main.obj
 0002:0001dd40       _CL_RefMalloc              004c6d40 f   cl_main.obj
 0002:0001dd80       _CL_ScaledMilliseconds     004c6d80 f   cl_main.obj
 0002:0001ddc0       _CL_InitRef                004c6dc0 f   cl_main.obj
 0002:0001df50       _CL_SetModel_f             004c6f50 f   cl_main.obj
 0002:0001e010       _CL_Video_f                004c7010 f   cl_main.obj
 0002:0001e240       _CL_StopVideo_f            004c7240 f   cl_main.obj
 0002:0001e260       _CL_Init                   004c7260 f   cl_main.obj
 0002:0001f070       _CL_Shutdown               004c8070 f   cl_main.obj
 0002:0001f2b0       _CL_ServerInfoPacket       004c82b0 f   cl_main.obj
 0002:0001fbd0       _CL_GetServerStatus        004c8bd0 f   cl_main.obj
 0002:0001fd70       _CL_ServerStatus           004c8d70 f   cl_main.obj
 0002:00020050       _CL_ServerStatusResponse   004c9050 f   cl_main.obj
 0002:000205b0       _CL_LocalServers_f         004c95b0 f   cl_main.obj
 0002:00020780       _CL_GlobalServers_f        004c9780 f   cl_main.obj
 0002:00020a00       _CL_GetPing                004c9a00 f   cl_main.obj
 0002:00020b70       _CL_GetPingInfo            004c9b70 f   cl_main.obj
 0002:00020bf0       _CL_ClearPing              004c9bf0 f   cl_main.obj
 0002:00020c30       _CL_GetPingQueueCount      004c9c30 f   cl_main.obj
 0002:00020cb0       _CL_GetFreePing            004c9cb0 f   cl_main.obj
 0002:00020dd0       _CL_Ping_f                 004c9dd0 f   cl_main.obj
 0002:00020f90       _CL_UpdateVisiblePings_f   004c9f90 f   cl_main.obj
 0002:00021430       _CL_ServerStatus_f         004ca430 f   cl_main.obj
 0002:00021630       _CL_ShowIP_f               004ca630 f   cl_main.obj
 0002:00021650       _CL_CDKeyValidate          004ca650 f   cl_main.obj
 0002:000217f0       _CL_Netchan_TransmitNextFragment 004ca7f0 f   cl_net_chan.obj
 0002:00021820       _CL_Netchan_Transmit       004ca820 f   cl_net_chan.obj
 0002:00021a60       _CL_Netchan_Process        004caa60 f   cl_net_chan.obj
 0002:00021c60       _SHOWNET                   004cac60 f   cl_parse.obj
 0002:00021cb0       _CL_DeltaEntity            004cacb0 f   cl_parse.obj
 0002:00021d60       _CL_ParsePacketEntities    004cad60 f   cl_parse.obj
 0002:00022110       _CL_ParseSnapshot          004cb110 f   cl_parse.obj
 0002:00022560       _CL_SystemInfoChanged      004cb560 f   cl_parse.obj
 0002:000228f0       _CL_ParseGamestate         004cb8f0 f   cl_parse.obj
 0002:00022c60       _CL_ParseDownload          004cbc60 f   cl_parse.obj
 0002:00022f40       _CL_ParseCommandString     004cbf40 f   cl_parse.obj
 0002:00022fd0       _CL_ParseServerMessage     004cbfd0 f   cl_parse.obj
 0002:000239a0       _SCR_DrawNamedPic          004cc9a0 f   cl_scrn.obj
 0002:00023a70       _SCR_AdjustFrom640         004cca70 f   cl_scrn.obj
 0002:00023b10       _SCR_FillRect              004ccb10 f   cl_scrn.obj
 0002:00023bc0       _SCR_DrawPic               004ccbc0 f   cl_scrn.obj
 0002:00023c50       _SCR_DrawSmallChar         004ccc50 f   cl_scrn.obj
 0002:00023d50       _SCR_DrawStringExt         004ccd50 f   cl_scrn.obj
 0002:000240f0       _SCR_DrawBigString         004cd0f0 f   cl_scrn.obj
 0002:00024170       _SCR_DrawBigStringColor    004cd170 f   cl_scrn.obj
 0002:000241c0       _SCR_DrawSmallStringExt    004cd1c0 f   cl_scrn.obj
 0002:00024320       _SCR_GetBigStringWidth     004cd320 f   cl_scrn.obj
 0002:000243f0       _SCR_DrawDemoRecording     004cd3f0 f   cl_scrn.obj
 0002:000244e0       _SCR_DrawVoipMeter         004cd4e0 f   cl_scrn.obj
 0002:000246b0       _SCR_DebugGraph            004cd6b0 f   cl_scrn.obj
 0002:00024710       _SCR_DrawDebugGraph        004cd710 f   cl_scrn.obj
 0002:00024930       _SCR_Init                  004cd930 f   cl_scrn.obj
 0002:00024a00       _SCR_DrawScreenField       004cda00 f   cl_scrn.obj
 0002:00024cb0       _SCR_UpdateScreen          004cdcb0 f   cl_scrn.obj
 0002:00024db0       _LAN_LoadCachedServers     004cddb0 f   cl_ui.obj
 0002:00024ed0       _LAN_SaveServersToCache    004cded0 f   cl_ui.obj
 0002:00024f90       _LAN_UpdateVisiblePings    004cdf90 f   cl_ui.obj
 0002:00024fc0       _LAN_GetServerStatus       004cdfc0 f   cl_ui.obj
 0002:00024ff0       _CL_UISystemCalls          004cdff0 f   cl_ui.obj
 0002:00027ab0       _CL_ShutdownUI             004d0ab0 f   cl_ui.obj
 0002:00027b30       _CL_InitUI                 004d0b30 f   cl_ui.obj
 0002:00027cb0       _UI_usesUniqueCDKey        004d0cb0 f   cl_ui.obj
 0002:00027d00       _UI_GameCommand            004d0d00 f   cl_ui.obj
 0002:00027d50       _CMod_LoadShaders          004d0d50 f   cm_load.obj
 0002:00027e90       _CMod_LoadSubmodels        004d0e90 f   cm_load.obj
 0002:00028160       _CMod_LoadNodes            004d1160 f   cm_load.obj
 0002:000282c0       _CM_BoundBrush             004d12c0 f   cm_load.obj
 0002:00028370       _CMod_LoadBrushes          004d1370 f   cm_load.obj
 0002:00028500       _CMod_LoadLeafs            004d1500 f   cm_load.obj
 0002:00028730       _CMod_LoadPlanes           004d1730 f   cm_load.obj
 0002:00028950       _CMod_LoadLeafBrushes      004d1950 f   cm_load.obj
 0002:00028a50       _CMod_LoadLeafSurfaces     004d1a50 f   cm_load.obj
 0002:00028b40       _CMod_LoadBrushSides       004d1b40 f   cm_load.obj
 0002:00028cb0       _CMod_LoadEntityString     004d1cb0 f   cm_load.obj
 0002:00028d30       _CMod_LoadVisibility       004d1d30 f   cm_load.obj
 0002:00028e50       _CMod_LoadPatches          004d1e50 f   cm_load.obj
 0002:00029130       _CM_LumpChecksum           004d2130 f   cm_load.obj
 0002:00029170       _CM_Checksum               004d2170 f   cm_load.obj
 0002:000292b0       _CM_LoadMap                004d22b0 f   cm_load.obj
 0002:00029640       _CM_ClearMap               004d2640 f   cm_load.obj
 0002:00029680       _CM_ClipHandleToModel      004d2680 f   cm_load.obj
 0002:00029740       _CM_InlineModel            004d2740 f   cm_load.obj
 0002:00029780       _CM_NumClusters            004d2780 f   cm_load.obj
 0002:000297a0       _CM_NumInlineModels        004d27a0 f   cm_load.obj
 0002:000297c0       _CM_EntityString           004d27c0 f   cm_load.obj
 0002:000297e0       _CM_LeafCluster            004d27e0 f   cm_load.obj
 0002:00029830       _CM_LeafArea               004d2830 f   cm_load.obj
 0002:00029880       _CM_InitBoxHull            004d2880 f   cm_load.obj
 0002:00029a80       _CM_TempBoxModel           004d2a80 f   cm_load.obj
 0002:00029c70       _CM_ModelBounds            004d2c70 f   cm_load.obj
 0002:00029cf0       _CM_ClearLevelPatches      004d2cf0 f   cm_patch.obj
 0002:00029d20       _CM_PlaneEqual             004d2d20 f   cm_patch.obj
 0002:00029f30       _CM_SnapVector             004d2f30 f   cm_patch.obj
 0002:0002a040       _CM_FindPlane2             004d3040 f   cm_patch.obj
 0002:0002a1f0       _CM_AddFacetBevels         004d31f0 f   cm_patch.obj
 0002:0002ac10       _CM_GeneratePatchCollide   004d3c10 f   cm_patch.obj
 0002:0002e2b0       _CM_TracePointThroughPatchCollide 004d72b0 f   cm_patch.obj
 0002:0002e960       _CM_CheckFacetPlane        004d7960 f   cm_patch.obj
 0002:0002eb40       _CM_TraceThroughPatchCollide 004d7b40 f   cm_patch.obj
 0002:0002f3b0       _CM_PositionTestInPatchCollide 004d83b0 f   cm_patch.obj
 0002:0002f8d0       _CM_DrawDebugSurface       004d88d0 f   cm_patch.obj
 0002:0002ffc0       _pw                        004d8fc0 f   cm_polylib.obj
 0002:00030060       _AllocWinding              004d9060 f   cm_polylib.obj
 0002:00030120       _FreeWinding               004d9120 f   cm_polylib.obj
 0002:00030180       _RemoveColinearPoints      004d9180 f   cm_polylib.obj
 0002:00030410       _WindingPlane              004d9410 f   cm_polylib.obj
 0002:000305b0       _WindingArea               004d95b0 f   cm_polylib.obj
 0002:00030760       _WindingBounds             004d9760 f   cm_polylib.obj
 0002:00030890       _WindingCenter             004d9890 f   cm_polylib.obj
 0002:000309b0       _BaseWindingForPlane       004d99b0 f   cm_polylib.obj
 0002:00030dd0       _CopyWinding               004d9dd0 f   cm_polylib.obj
 0002:00030e30       _ReverseWinding            004d9e30 f   cm_polylib.obj
 0002:00030f10       _ClipWindingEpsilon        004d9f10 f   cm_polylib.obj
 0002:00031790       _ChopWindingInPlace        004da790 f   cm_polylib.obj
 0002:00031e10       _ChopWinding               004dae10 f   cm_polylib.obj
 0002:00031e80       _CheckWinding              004dae80 f   cm_polylib.obj
 0002:00032220       _WindingOnPlaneSide        004db220 f   cm_polylib.obj
 0002:00032350       _AddWindingToConvexHull    004db350 f   cm_polylib.obj
 0002:00032850       _CM_PointLeafnum_r         004db850 f   cm_test.obj
 0002:00032940       _CM_PointLeafnum           004db940 f   cm_test.obj
 0002:00032980       _CM_StoreLeafs             004db980 f   cm_test.obj
 0002:00032a10       _CM_StoreBrushes           004dba10 f   cm_test.obj
 0002:00032b80       _CM_BoxLeafnums_r          004dbb80 f   cm_test.obj
 0002:00032c60       _CM_BoxLeafnums            004dbc60 f   cm_test.obj
 0002:00032d30       _CM_BoxBrushes             004dbd30 f   cm_test.obj
 0002:00032e00       _CM_PointContents          004dbe00 f   cm_test.obj
 0002:00032fe0       _CM_TransformedPointContents 004dbfe0 f   cm_test.obj
 0002:00033140       _CM_ClusterPVS             004dc140 f   cm_test.obj
 0002:000331a0       _CM_FloodArea_r            004dc1a0 f   cm_test.obj
 0002:00033280       _CM_FloodAreaConnections   004dc280 f   cm_test.obj
 0002:00033320       _CM_AdjustAreaPortalState  004dc320 f   cm_test.obj
 0002:000334b0       _CM_AreasConnected         004dc4b0 f   cm_test.obj
 0002:00033550       _CM_WriteAreaBits          004dc550 f   cm_test.obj
 0002:00033640       _CM_BoundsIntersect        004dc640 f   cm_test.obj
 0002:00033730       _CM_BoundsIntersectPoint   004dc730 f   cm_test.obj
 0002:00033820       _RotatePoint               004dc820 f   cm_trace.obj
 0002:00033900       _TransposeMatrix           004dc900 f   cm_trace.obj
 0002:00033980       _CreateRotationMatrix      004dc980 f   cm_trace.obj
 0002:00033a20       _CM_ProjectPointOntoVector 004dca20 f   cm_trace.obj
 0002:00033b40       _CM_DistanceFromLineSquared 004dcb40 f   cm_trace.obj
 0002:00033da0       _CM_VectorDistanceSquared  004dcda0 f   cm_trace.obj
 0002:00033e20       _SquareRootFloat           004dce20 f   cm_trace.obj
 0002:00033eb0       _CM_TestBoxInBrush         004dceb0 f   cm_trace.obj
 0002:00034290       _CM_TestInLeaf             004dd290 f   cm_trace.obj
 0002:00034470       _CM_TestCapsuleInCapsule   004dd470 f   cm_trace.obj
 0002:00034940       _CM_TestBoundingBoxInCapsule 004dd940 f   cm_trace.obj
 0002:00034b40       _CM_PositionTest           004ddb40 f   cm_trace.obj
 0002:00034d70       _CM_TraceThroughPatch      004ddd70 f   cm_trace.obj
 0002:00034e00       _CM_TraceThroughBrush      004dde00 f   cm_trace.obj
 0002:000355d0       _CM_TraceThroughLeaf       004de5d0 f   cm_trace.obj
 0002:000357d0       _CM_TraceThroughSphere     004de7d0 f   cm_trace.obj
 0002:00035cd0       _CM_TraceThroughVerticalCylinder 004decd0 f   cm_trace.obj
 0002:00036250       _CM_TraceCapsuleThroughCapsule 004df250 f   cm_trace.obj
 0002:000366d0       _CM_TraceBoundingBoxThroughCapsule 004df6d0 f   cm_trace.obj
 0002:000368d0       _CM_TraceThroughTree       004df8d0 f   cm_trace.obj
 0002:00036dd0       _CM_Trace                  004dfdd0 f   cm_trace.obj
 0002:00037750       _CM_BoxTrace               004e0750 f   cm_trace.obj
 0002:000377a0       _CM_TransformedBoxTrace    004e07a0 f   cm_trace.obj
 0002:00037bf0       _Cmd_Wait_f                004e0bf0 f   cmd.obj
 0002:00037c60       _Cbuf_Init                 004e0c60 f   cmd.obj
 0002:00037ca0       _Cbuf_AddText              004e0ca0 f   cmd.obj
 0002:00037d30       _Cbuf_InsertText           004e0d30 f   cmd.obj
 0002:00037e10       _Cbuf_ExecuteText          004e0e10 f   cmd.obj
 0002:00037ee0       _Cbuf_Execute              004e0ee0 f   cmd.obj
 0002:000380a0       _Cmd_Exec_f                004e10a0 f   cmd.obj
 0002:000381b0       _Cmd_Vstr_f                004e11b0 f   cmd.obj
 0002:00038220       _Cmd_Echo_f                004e1220 f   cmd.obj
 0002:00038250       _Cmd_Argc                  004e1250 f   cmd.obj
 0002:00038270       _Cmd_Argv                  004e1270 f   cmd.obj
 0002:000382b0       _Cmd_ArgvBuffer            004e12b0 f   cmd.obj
 0002:000382f0       _Cmd_Args                  004e12f0 f   cmd.obj
 0002:00038380       _Cmd_ArgsFrom              004e1380 f   cmd.obj
 0002:00038420       _Cmd_ArgsBuffer            004e1420 f   cmd.obj
 0002:00038450       _Cmd_Cmd                   004e1450 f   cmd.obj
 0002:00038470       _Cmd_Args_Sanitize         004e1470 f   cmd.obj
 0002:00038500       _Cmd_TokenizeString        004e1500 f   cmd.obj
 0002:00038840       _Cmd_TokenizeStringIgnoreQuotes 004e1840 f   cmd.obj
 0002:00038870       _Cmd_AddCommand            004e1870 f   cmd.obj
 0002:00038950       _Cmd_SetCommandCompletionFunc 004e1950 f   cmd.obj
 0002:000389b0       _Cmd_RemoveCommand         004e19b0 f   cmd.obj
 0002:00038a50       _Cmd_CommandCompletion     004e1a50 f   cmd.obj
 0002:00038aa0       _Cmd_CompleteArgument      004e1aa0 f   cmd.obj
 0002:00038b20       _Cmd_ExecuteString         004e1b20 f   cmd.obj
 0002:00038c70       _Cmd_List_f                004e1c70 f   cmd.obj
 0002:00038d40       _Cmd_CompleteCfgName       004e1d40 f   cmd.obj
 0002:00038d80       _Cmd_Init                  004e1d80 f   cmd.obj
 0002:00038e40       _Com_BeginRedirect         004e1e40 f   common.obj
 0002:00038ea0       _Com_EndRedirect           004e1ea0 f   common.obj
 0002:00038f00       _Com_Printf                004e1f00 f   common.obj
 0002:000391f0       _Com_DPrintf               004e21f0 f   common.obj
 0002:00039290       _Com_Error                 004e2290 f   common.obj
 0002:00039610       _Com_Quit_f                004e2610 f   common.obj
 0002:000396b0       _Com_ParseCommandLine      004e26b0 f   common.obj
 0002:00039790       _Com_SafeMode              004e2790 f   common.obj
 0002:00039850       _Com_StartupVariable       004e2850 f   common.obj
 0002:00039950       _Com_AddStartupCommands    004e2950 f   common.obj
 0002:00039a20       _Info_Print                004e2a20 f   common.obj
 0002:00039c20       _Com_StringContains        004e2c20 f   common.obj
 0002:00039d40       _Com_Filter                004e2d40 f   common.obj
 0002:0003a1c0       _Com_FilterPath            004e31c0 f   common.obj
 0002:0003a320       _Com_RealTime              004e3320 f   common.obj
 0002:0003a400       _Z_ClearZone               004e3400 f   common.obj
 0002:0003a4d0       _Z_AvailableZoneMemory     004e34d0 f   common.obj
 0002:0003a500       _Z_AvailableMemory         004e3500 f   common.obj
 0002:0003a530       _Z_Free                    004e3530 f   common.obj
 0002:0003a720       _Z_FreeTags                004e3720 f   common.obj
 0002:0003a7d0       _Z_TagMallocDebug          004e37d0 f   common.obj
 0002:0003aa10       _Z_MallocDebug             004e3a10 f   common.obj
 0002:0003aa70       _S_MallocDebug             004e3a70 f   common.obj
 0002:0003aab0       _Z_CheckHeap               004e3ab0 f   common.obj
 0002:0003ab70       _Z_LogZoneHeap             004e3b70 f   common.obj
 0002:0003aed0       _Z_LogHeap                 004e3ed0 f   common.obj
 0002:0003af20       _CopyString                004e3f20 f   common.obj
 0002:0003afe0       _Com_Meminfo_f             004e3fe0 f   common.obj
 0002:0003b410       _Com_TouchMemory           004e4410 f   common.obj
 0002:0003b580       _Com_InitSmallZoneMemory   004e4580 f   common.obj
 0002:0003b610       _Com_InitZoneMemory        004e4610 f   common.obj
 0002:0003b6e0       _Hunk_Log                  004e46e0 f   common.obj
 0002:0003b910       _Hunk_SmallLog             004e4910 f   common.obj
 0002:0003bc10       _Com_InitHunkMemory        004e4c10 f   common.obj
 0002:0003bdd0       _Hunk_MemoryRemaining      004e4dd0 f   common.obj
 0002:0003be60       _Hunk_SetMark              004e4e60 f   common.obj
 0002:0003be90       _Hunk_ClearToMark          004e4e90 f   common.obj
 0002:0003bee0       _Hunk_CheckMark            004e4ee0 f   common.obj
 0002:0003bf20       _Hunk_Clear                004e4f20 f   common.obj
 0002:0003bff0       _Hunk_AllocDebug           004e4ff0 f   common.obj
 0002:0003c260       _Hunk_AllocateTempMemory   004e5260 f   common.obj
 0002:0003c3d0       _Hunk_FreeTempMemory       004e53d0 f   common.obj
 0002:0003c4f0       _Hunk_ClearTempMemory      004e54f0 f   common.obj
 0002:0003c530       _Hunk_Trash                004e5530 f   common.obj
 0002:0003c690       _Com_InitJournaling        004e5690 f   common.obj
 0002:0003c7e0       _Com_QueueEvent            004e57e0 f   common.obj
 0002:0003c8d0       _Com_GetSystemEvent        004e58d0 f   common.obj
 0002:0003cb70       _Com_GetRealEvent          004e5b70 f   common.obj
 0002:0003cd40       _Com_InitPushEvent         004e5d40 f   common.obj
 0002:0003cd90       _Com_PushEvent             004e5d90 f   common.obj
 0002:0003ce80       _Com_GetEvent              004e5e80 f   common.obj
 0002:0003cf50       _Com_RunAndTimeServerPacket 004e5f50 f   common.obj
 0002:0003cff0       _Com_EventLoop             004e5ff0 f   common.obj
 0002:0003d370       _Com_Milliseconds          004e6370 f   common.obj
 0002:0003d3e0       _Com_Setenv_f              004e63e0 f   common.obj
 0002:0003d4a0       _Com_ExecuteCfg            004e64a0 f   common.obj
 0002:0003d510       _Com_GameRestart           004e6510 f   common.obj
 0002:0003d5d0       _Com_GameRestart_f         004e65d0 f   common.obj
 0002:0003d620       _Com_ReadCDKey             004e6620 f   common.obj
 0002:0003d740       _Com_AppendCDKey           004e6740 f   common.obj
 0002:0003d850       _Com_Init                  004e6850 f   common.obj
 0002:0003e1a0       _Com_WriteConfigToFile     004e71a0 f   common.obj
 0002:0003e230       _Com_WriteConfiguration    004e7230 f   common.obj
 0002:0003e450       _Com_WriteConfig_f         004e7450 f   common.obj
 0002:0003e500       _Com_ModifyMsec            004e7500 f   common.obj
 0002:0003e630       _Com_Frame                 004e7630 f   common.obj
 0002:0003ea70       _Com_Shutdown              004e7a70 f   common.obj
 0002:0003eae0       _Q_acos                    004e7ae0 f   common.obj
 0002:0003eb50       _Field_Clear               004e7b50 f   common.obj
 0002:0003eba0       _Field_CompleteKeyname     004e7ba0 f   common.obj
 0002:0003eea0       _Field_CompleteFilename    004e7ea0 f   common.obj
 0002:0003ef20       _Field_CompleteCommand     004e7f20 f   common.obj
 0002:0003f2e0       _Field_AutoComplete        004e82e0 f   common.obj
 0002:0003f320       _Com_RandomBytes           004e8320 f   common.obj
 0002:0003f3a0       _CON_LogSize               004e83a0 f   con_log.obj
 0002:0003f3f0       _CON_LogWrite              004e83f0 f   con_log.obj
 0002:0003f580       _CON_LogRead               004e8580 f   con_log.obj
 0002:0003f650       _CON_Shutdown              004e8650 f   con_passive.obj
 0002:0003f670       _CON_Init                  004e8670 f   con_passive.obj
 0002:0003f690       _CON_Input                 004e8690 f   con_passive.obj
 0002:0003f6b0       _CON_Print                 004e86b0 f   con_passive.obj
 0002:0003f710       _Cvar_VariableValue        004e8710 f   cvar.obj
 0002:0003f860       _Cvar_VariableIntegerValue 004e8860 f   cvar.obj
 0002:0003f8a0       _Cvar_VariableString       004e88a0 f   cvar.obj
 0002:0003f8e0       _Cvar_VariableStringBuffer 004e88e0 f   cvar.obj
 0002:0003f940       _Cvar_Flags                004e8940 f   cvar.obj
 0002:0003f980       _Cvar_CommandCompletion    004e8980 f   cvar.obj
 0002:0003f9d0       _Cvar_Get                  004e89d0 f   cvar.obj
 0002:00040250       _Cvar_Print                004e9250 f   cvar.obj
 0002:00040320       _Cvar_Set2                 004e9320 f   cvar.obj
 0002:00040720       _Cvar_Set                  004e9720 f   cvar.obj
 0002:00040750       _Cvar_SetLatched           004e9750 f   cvar.obj
 0002:00040780       _Cvar_SetValue             004e9780 f   cvar.obj
 0002:00040830       _Cvar_Reset                004e9830 f   cvar.obj
 0002:00040860       _Cvar_ForceReset           004e9860 f   cvar.obj
 0002:00040890       _Cvar_SetCheatState        004e9890 f   cvar.obj
 0002:00040940       _Cvar_Command              004e9940 f   cvar.obj
 0002:000409d0       _Cvar_Print_f              004e99d0 f   cvar.obj
 0002:00040a60       _Cvar_Toggle_f             004e9a60 f   cvar.obj
 0002:00040c00       _Cvar_Set_f                004e9c00 f   cvar.obj
 0002:00040d60       _Cvar_Reset_f              004e9d60 f   cvar.obj
 0002:00040db0       _Cvar_WriteVariables       004e9db0 f   cvar.obj
 0002:00040f90       _Cvar_List_f               004e9f90 f   cvar.obj
 0002:00041250       _Cvar_Unset                004ea250 f   cvar.obj
 0002:000413a0       _Cvar_Unset_f              004ea3a0 f   cvar.obj
 0002:00041450       _Cvar_Restart              004ea450 f   cvar.obj
 0002:00041500       _Cvar_Restart_f            004ea500 f   cvar.obj
 0002:00041520       _Cvar_InfoString           004ea520 f   cvar.obj
 0002:000415a0       _Cvar_InfoString_Big       004ea5a0 f   cvar.obj
 0002:00041620       _Cvar_InfoStringBuffer     004ea620 f   cvar.obj
 0002:00041660       _Cvar_CheckRange           004ea660 f   cvar.obj
 0002:000416c0       _Cvar_Register             004ea6c0 f   cvar.obj
 0002:00041770       _Cvar_Update               004ea770 f   cvar.obj
 0002:000418c0       _Cvar_CompleteCvarName     004ea8c0 f   cvar.obj
 0002:00041920       _Cvar_Init                 004ea920 f   cvar.obj
 0002:00041b10       _FS_Initialized            004eab10 f   files.obj
 0002:00041b40       _FS_PakIsPure              004eab40 f   files.obj
 0002:00041bc0       _FS_LoadStack              004eabc0 f   files.obj
 0002:00041be0       _FS_ForceFlush             004eabe0 f   files.obj
 0002:00041cc0       _FS_filelength             004eacc0 f   files.obj
 0002:00041d40       _FS_BuildOSPath            004ead40 f   files.obj
 0002:00041ee0       _FS_CreatePath             004eaee0 f   files.obj
 0002:00042040       _FS_Remove                 004eb040 f   files.obj
 0002:000420e0       _FS_HomeRemove             004eb0e0 f   files.obj
 0002:00042140       _FS_FileExists             004eb140 f   files.obj
 0002:000421c0       _FS_SV_FileExists          004eb1c0 f   files.obj
 0002:00042250       _FS_SV_FOpenFileWrite      004eb250 f   files.obj
 0002:00042450       _FS_SV_FOpenFileRead       004eb450 f   files.obj
 0002:000426b0       _FS_SV_Rename              004eb6b0 f   files.obj
 0002:000429d0       _FS_Rename                 004eb9d0 f   files.obj
 0002:00042ad0       _FS_FCloseFile             004ebad0 f   files.obj
 0002:00042bf0       _FS_FOpenFileWrite         004ebbf0 f   files.obj
 0002:00042d50       _FS_FOpenFileAppend        004ebd50 f   files.obj
 0002:00042eb0       _FS_FilenameCompare        004ebeb0 f   files.obj
 0002:00042f80       _FS_FOpenFileRead          004ebf80 f   files.obj
 0002:000439d0       _FS_Read2                  004ec9d0 f   files.obj
 0002:00043aa0       _FS_Read                   004ecaa0 f   files.obj
 0002:00043bf0       _FS_Write                  004ecbf0 f   files.obj
 0002:00043d20       _FS_Printf                 004ecd20 f   files.obj
 0002:00043dc0       _FS_Seek                   004ecdc0 f   files.obj
 0002:00044080       _FS_FileIsInPAK            004ed080 f   files.obj
 0002:00044250       _FS_ReadFile               004ed250 f   files.obj
 0002:00044650       _FS_FreeFile               004ed650 f   files.obj
 0002:000446d0       _FS_WriteFile              004ed6d0 f   files.obj
 0002:00044780       _FS_CompareZipChecksum     004ed780 f   files.obj
 0002:00044ed0       _FS_ListFilteredFiles      004eded0 f   files.obj
 0002:000455a0       _FS_ListFiles              004ee5a0 f   files.obj
 0002:000455d0       _FS_FreeFileList           004ee5d0 f   files.obj
 0002:00045660       _FS_GetFileList            004ee660 f   files.obj
 0002:00045790       _FS_GetModList             004ee790 f   files.obj
 0002:00045dd0       _FS_Dir_f                  004eedd0 f   files.obj
 0002:00045f00       _FS_ConvertPath            004eef00 f   files.obj
 0002:00045f60       _FS_PathCmp                004eef60 f   files.obj
 0002:00046040       _FS_SortFileList           004ef040 f   files.obj
 0002:000461a0       _FS_NewDir_f               004ef1a0 f   files.obj
 0002:000462c0       _FS_Path_f                 004ef2c0 f   files.obj
 0002:00046430       _FS_TouchFile_f            004ef430 f   files.obj
 0002:000464a0       _FS_AddGameDirectory       004ef4a0 f   files.obj
 0002:000467c0       _FS_idPak                  004ef7c0 f   files.obj
 0002:00046840       _FS_CheckDirTraversal      004ef840 f   files.obj
 0002:000468a0       _FS_ComparePaks            004ef8a0 f   files.obj
 0002:00046ca0       _FS_Shutdown               004efca0 f   files.obj
 0002:00046dc0       _FS_GamePureChecksum       004efdc0 f   files.obj
 0002:00046e60       _FS_LoadedPakChecksums     004efe60 f   files.obj
 0002:00046ef0       _FS_LoadedPakNames         004efef0 f   files.obj
 0002:00046fa0       _FS_LoadedPakPureChecksums 004effa0 f   files.obj
 0002:00047030       _FS_ReferencedPakChecksums 004f0030 f   files.obj
 0002:00047110       _FS_ReferencedPakPureChecksums 004f0110 f   files.obj
 0002:000472c0       _FS_ReferencedPakNames     004f02c0 f   files.obj
 0002:00047400       _FS_ClearPakReferences     004f0400 f   files.obj
 0002:00047480       _FS_PureServerSetLoadedPaks 004f0480 f   files.obj
 0002:00047650       _FS_PureServerSetReferencedPaks 004f0650 f   files.obj
 0002:000477f0       _FS_InitFilesystem         004f07f0 f   files.obj
 0002:00047e20       _FS_Restart                004f0e20 f   files.obj
 0002:00047fa0       _FS_ConditionalRestart     004f0fa0 f   files.obj
 0002:00048010       _FS_FOpenFileByMode        004f1010 f   files.obj
 0002:00048230       _FS_FTell                  004f1230 f   files.obj
 0002:000482b0       _FS_Flush                  004f12b0 f   files.obj
 0002:000482f0       _FS_FilenameCompletion     004f12f0 f   files.obj
 0002:00048400       _Huff_putBit               004f1400 f   huffman.obj
 0002:000484a0       _Huff_getBloc              004f14a0 f   huffman.obj
 0002:000484c0       _Huff_setBloc              004f14c0 f   huffman.obj
 0002:000484e0       _Huff_getBit               004f14e0 f   huffman.obj
 0002:00048550       _Huff_addRef               004f1550 f   huffman.obj
 0002:00048ce0       _Huff_Receive              004f1ce0 f   huffman.obj
 0002:00048db0       _Huff_offsetReceive        004f1db0 f   huffman.obj
 0002:00048e50       _Huff_transmit             004f1e50 f   huffman.obj
 0002:00048ff0       _Huff_offsetTransmit       004f1ff0 f   huffman.obj
 0002:00049040       _Huff_Decompress           004f2040 f   huffman.obj
 0002:00049310       _Huff_Compress             004f2310 f   huffman.obj
 0002:00049550       _Huff_Init                 004f2550 f   huffman.obj
 0002:00049770       _mdfour_begin              004f2770 f   md4.obj
 0002:000497d0       _Com_BlockChecksum         004f27d0 f   md4.obj
 0002:0004aca0       _Com_MD5File               004f3ca0 f   md5.obj
 0002:0004c450       _MSG_Init                  004f5450 f   msg.obj
 0002:0004c4a0       _MSG_InitOOB               004f54a0 f   msg.obj
 0002:0004c500       _MSG_Clear                 004f5500 f   msg.obj
 0002:0004c540       _MSG_Bitstream             004f5540 f   msg.obj
 0002:0004c560       _MSG_BeginReading          004f5560 f   msg.obj
 0002:0004c5a0       _MSG_BeginReadingOOB       004f55a0 f   msg.obj
 0002:0004c5e0       _MSG_Copy                  004f55e0 f   msg.obj
 0002:0004c660       _MSG_WriteBits             004f5660 f   msg.obj
 0002:0004c980       _MSG_ReadBits              004f5980 f   msg.obj
 0002:0004cc10       _MSG_WriteChar             004f5c10 f   msg.obj
 0002:0004cc40       _MSG_WriteByte             004f5c40 f   msg.obj
 0002:0004cc70       _MSG_WriteData             004f5c70 f   msg.obj
 0002:0004ccd0       _MSG_WriteShort            004f5cd0 f   msg.obj
 0002:0004cd00       _MSG_WriteLong             004f5d00 f   msg.obj
 0002:0004cd30       _MSG_WriteFloat            004f5d30 f   msg.obj
 0002:0004cd70       _MSG_WriteString           004f5d70 f   msg.obj
 0002:0004ceb0       _MSG_WriteBigString        004f5eb0 f   msg.obj
 0002:0004cff0       _MSG_WriteAngle            004f5ff0 f   msg.obj
 0002:0004d040       _MSG_WriteAngle16          004f6040 f   msg.obj
 0002:0004d090       _MSG_ReadChar              004f6090 f   msg.obj
 0002:0004d0e0       _MSG_ReadByte              004f60e0 f   msg.obj
 0002:0004d130       _MSG_LookaheadByte         004f6130 f   msg.obj
 0002:0004d1a0       _MSG_ReadShort             004f61a0 f   msg.obj
 0002:0004d1f0       _MSG_ReadLong              004f61f0 f   msg.obj
 0002:0004d240       _MSG_ReadFloat             004f6240 f   msg.obj
 0002:0004d290       _MSG_ReadString            004f6290 f   msg.obj
 0002:0004d330       _MSG_ReadBigString         004f6330 f   msg.obj
 0002:0004d3d0       _MSG_ReadStringLine        004f63d0 f   msg.obj
 0002:0004d480       _MSG_ReadAngle16           004f6480 f   msg.obj
 0002:0004d4c0       _MSG_ReadData              004f64c0 f   msg.obj
 0002:0004d510       _MSG_HashKey               004f6510 f   msg.obj
 0002:0004d5e0       _MSG_WriteDelta            004f65e0 f   msg.obj
 0002:0004d650       _MSG_ReadDelta             004f6650 f   msg.obj
 0002:0004d6a0       _MSG_WriteDeltaFloat       004f66a0 f   msg.obj
 0002:0004d710       _MSG_ReadDeltaFloat        004f6710 f   msg.obj
 0002:0004d760       _MSG_WriteDeltaKey         004f6760 f   msg.obj
 0002:0004d7d0       _MSG_ReadDeltaKey          004f67d0 f   msg.obj
 0002:0004d830       _MSG_WriteDeltaKeyFloat    004f6830 f   msg.obj
 0002:0004d8b0       _MSG_ReadDeltaKeyFloat     004f68b0 f   msg.obj
 0002:0004d900       _MSG_WriteDeltaUsercmd     004f6900 f   msg.obj
 0002:0004dab0       _MSG_ReadDeltaUsercmd      004f6ab0 f   msg.obj
 0002:0004dc30       _MSG_WriteDeltaUsercmdKey  004f6c30 f   msg.obj
 0002:0004df00       _MSG_ReadDeltaUsercmdKey   004f6f00 f   msg.obj
 0002:0004e150       _MSG_ReportChangeVectors_f 004f7150 f   msg.obj
 0002:0004e1c0       _MSG_WriteDeltaEntity      004f71c0 f   msg.obj
 0002:0004e5c0       _MSG_ReadDeltaEntity       004f75c0 f   msg.obj
 0002:0004ea20       _MSG_WriteDeltaPlayerstate 004f7a20 f   msg.obj
 0002:0004f210       _MSG_ReadDeltaPlayerstate  004f8210 f   msg.obj
 0002:0004f840       _MSG_initHuffman           004f8840 f   msg.obj
 0002:0004f8f0       _Netchan_Init              004f88f0 f   net_chan.obj
 0002:0004f990       _Netchan_Setup             004f8990 f   net_chan.obj
 0002:0004fa00       _Netchan_TransmitNextFragment 004f8a00 f   net_chan.obj
 0002:0004fc30       _Netchan_Transmit          004f8c30 f   net_chan.obj
 0002:0004fe00       _Netchan_Process           004f8e00 f   net_chan.obj
 0002:00050290       _NET_GetLoopPacket         004f9290 f   net_chan.obj
 0002:000503c0       _NET_SendLoopPacket        004f93c0 f   net_chan.obj
 0002:00050460       _NET_FlushPacketQueue      004f9460 f   net_chan.obj
 0002:00050520       _NET_SendPacket            004f9520 f   net_chan.obj
 0002:000507b0       _NET_OutOfBandPrint        004f97b0 f   net_chan.obj
 0002:00050880       _NET_OutOfBandData         004f9880 f   net_chan.obj
 0002:00050990       _NET_StringToAdr           004f9990 f   net_chan.obj
 0002:00050be0       _NET_ErrorString           004f9be0 f   net_ip.obj
 0002:00050fc0       _Sys_StringToAdr           004f9fc0 f   net_ip.obj
 0002:00051380       _gai_strerrorA             004fa380 f i net_ip.obj
 0002:00051420       _NET_CompareBaseAdrMask    004fa420 f   net_ip.obj
 0002:000515b0       _NET_CompareBaseAdr        004fa5b0 f   net_ip.obj
 0002:00051600       _NET_AdrToString           004fa600 f   net_ip.obj
 0002:000518a0       _NET_AdrToStringwPort      004fa8a0 f   net_ip.obj
 0002:000519b0       _NET_CompareAdr            004fa9b0 f   net_ip.obj
 0002:00051a40       _NET_IsLocalAddress        004faa40 f   net_ip.obj
 0002:00051a60       _Sys_GetPacket             004faa60 f   net_ip.obj
 0002:00051f50       _Sys_SendPacket            004faf50 f   net_ip.obj
 0002:000521c0       _Sys_IsLANAddress          004fb1c0 f   net_ip.obj
 0002:00052420       _Sys_ShowIP                004fb420 f   net_ip.obj
 0002:00052500       _NET_IPSocket              004fb500 f   net_ip.obj
 0002:00052740       _NET_IP6Socket             004fb740 f   net_ip.obj
 0002:000529e0       _NET_SetMulticast6         004fb9e0 f   net_ip.obj
 0002:00052ae0       _NET_JoinMulticast6        004fbae0 f   net_ip.obj
 0002:00052c90       _IN6_IS_ADDR_UNSPECIFIED   004fbc90 f i net_ip.obj
 0002:00052d30       _IN6_IS_ADDR_MULTICAST     004fbd30 f i net_ip.obj
 0002:00052d60       _NET_LeaveMulticast6       004fbd60 f   net_ip.obj
 0002:00052dd0       _NET_OpenSocks             004fbdd0 f   net_ip.obj
 0002:000533f0       _NET_OpenIP                004fc3f0 f   net_ip.obj
 0002:00053960       _NET_Config                004fc960 f   net_ip.obj
 0002:00053e40       _NET_Init                  004fce40 f   net_ip.obj
 0002:00053ed0       _NET_Shutdown              004fced0 f   net_ip.obj
 0002:00053f20       _NET_Sleep                 004fcf20 f   net_ip.obj
 0002:00054190       _NET_Restart_f             004fd190 f   net_ip.obj
 0002:000541c0       _puff                      004fd1c0 f   puff.obj
 0002:000551a0       _Q_rand                    004fe1a0 f   q_math.obj
 0002:000551e0       _Q_random                  004fe1e0 f   q_math.obj
 0002:00055220       _Q_crandom                 004fe220 f   q_math.obj
 0002:00055260       _ClampChar                 004fe260 f   q_math.obj
 0002:00055290       _ClampShort                004fe290 f   q_math.obj
 0002:000552e0       _DirToByte                 004fe2e0 f   q_math.obj
 0002:000553b0       _ByteToDir                 004fe3b0 f   q_math.obj
 0002:00055450       _ColorBytes3               004fe450 f   q_math.obj
 0002:00055500       _ColorBytes4               004fe500 f   q_math.obj
 0002:000555e0       _NormalizeColor            004fe5e0 f   q_math.obj
 0002:000556b0       _PlaneFromPoints           004fe6b0 f   q_math.obj
 0002:00055850       _RotatePointAroundVector   004fe850 f   q_math.obj
 0002:00055b20       _RotateAroundDirection     004feb20 f   q_math.obj
 0002:00055be0       _vectoangles               004febe0 f   q_math.obj
 0002:00055db0       _AnglesToAxis              004fedb0 f   q_math.obj
 0002:00055e40       _AxisClear                 004fee40 f   q_math.obj
 0002:00055eb0       _AxisCopy                  004feeb0 f   q_math.obj
 0002:00055f50       _ProjectPointOnPlane       004fef50 f   q_math.obj
 0002:000560b0       _MakeNormalVectors         004ff0b0 f   q_math.obj
 0002:000561b0       _VectorRotate              004ff1b0 f   q_math.obj
 0002:00056270       _Q_rsqrt                   004ff270 f   q_math.obj
 0002:000562e0       _Q_fabs                    004ff2e0 f   q_math.obj
 0002:00056310       _LerpAngle                 004ff310 f   q_math.obj
 0002:00056390       _AngleSubtract             004ff390 f   q_math.obj
 0002:00056400       _AnglesSubtract            004ff400 f   q_math.obj
 0002:00056490       _AngleMod                  004ff490 f   q_math.obj
 0002:000564e0       _AngleNormalize360         004ff4e0 f   q_math.obj
 0002:00056530       _AngleNormalize180         004ff530 f   q_math.obj
 0002:00056590       _AngleDelta                004ff590 f   q_math.obj
 0002:000565d0       _SetPlaneSignbits          004ff5d0 f   q_math.obj
 0002:00056650       _BoxOnPlaneSide            004ff650 f   q_math.obj
 0002:000567e0       _RadiusFromBounds          004ff7e0 f   q_math.obj
 0002:00056910       _ClearBounds               004ff910 f   q_math.obj
 0002:00056980       _AddPointToBounds          004ff980 f   q_math.obj
 0002:00056a90       _BoundsIntersect           004ffa90 f   q_math.obj
 0002:00056b50       _BoundsIntersectSphere     004ffb50 f   q_math.obj
 0002:00056c20       _BoundsIntersectPoint      004ffc20 f   q_math.obj
 0002:00056ce0       _VectorNormalize           004ffce0 f   q_math.obj
 0002:00056da0       _VectorNormalize2          004ffda0 f   q_math.obj
 0002:00056e80       __VectorMA                 004ffe80 f   q_math.obj
 0002:00056ee0       __DotProduct               004ffee0 f   q_math.obj
 0002:00056f30       __VectorSubtract           004fff30 f   q_math.obj
 0002:00056f90       __VectorAdd                004fff90 f   q_math.obj
 0002:00056ff0       __VectorCopy               004ffff0 f   q_math.obj
 0002:00057030       __VectorScale              00500030 f   q_math.obj
 0002:00057080       _Vector4Scale              00500080 f   q_math.obj
 0002:000570e0       _Q_log2                    005000e0 f   q_math.obj
 0002:00057120       _MatrixMultiply            00500120 f   q_math.obj
 0002:00057330       _AngleVectors              00500330 f   q_math.obj
 0002:000575a0       _PerpendicularVector       005005a0 f   q_math.obj
 0002:000576a0       _Q_isnan                   005006a0 f   q_math.obj
 0002:000576e0       _Com_Clamp                 005006e0 f   q_shared.obj
 0002:00057730       _COM_SkipPath              00500730 f   q_shared.obj
 0002:00057790       _COM_GetExtension          00500790 f   q_shared.obj
 0002:00057810       _COM_StripExtension        00500810 f   q_shared.obj
 0002:000578b0       _COM_DefaultExtension      005008b0 f   q_shared.obj
 0002:00057970       _ShortSwap                 00500970 f   q_shared.obj
 0002:000579c0       _ShortNoSwap               005009c0 f   q_shared.obj
 0002:000579e0       _LongSwap                  005009e0 f   q_shared.obj
 0002:00057a60       _LongNoSwap                00500a60 f   q_shared.obj
 0002:00057a80       _Long64Swap                00500a80 f   q_shared.obj
 0002:00057ae0       _Long64NoSwap              00500ae0 f   q_shared.obj
 0002:00057b00       _FloatSwap                 00500b00 f   q_shared.obj
 0002:00057b40       _FloatNoSwap               00500b40 f   q_shared.obj
 0002:00057b60       _COM_BeginParseSession     00500b60 f   q_shared.obj
 0002:00057bb0       _COM_GetCurrentParseLine   00500bb0 f   q_shared.obj
 0002:00057bd0       _COM_Parse                 00500bd0 f   q_shared.obj
 0002:00057c00       _COM_ParseError            00500c00 f   q_shared.obj
 0002:00057c70       _COM_ParseWarning          00500c70 f   q_shared.obj
 0002:00057ce0       _COM_Compress              00500ce0 f   q_shared.obj
 0002:00057f60       _COM_ParseExt              00500f60 f   q_shared.obj
 0002:00058280       _COM_MatchToken            00501280 f   q_shared.obj
 0002:000582e0       _SkipBracedSection         005012e0 f   q_shared.obj
 0002:00058370       _SkipRestOfLine            00501370 f   q_shared.obj
 0002:000583e0       _Parse1DMatrix             005013e0 f   q_shared.obj
 0002:00058470       _Parse2DMatrix             00501470 f   q_shared.obj
 0002:00058500       _Parse3DMatrix             00501500 f   q_shared.obj
 0002:000585a0       _Com_HexStrToInt           005015a0 f   q_shared.obj
 0002:000586d0       _Q_isprint                 005016d0 f   q_shared.obj
 0002:00058700       _Q_islower                 00501700 f   q_shared.obj
 0002:00058730       _Q_isupper                 00501730 f   q_shared.obj
 0002:00058760       _Q_isalpha                 00501760 f   q_shared.obj
 0002:000587a0       _Q_strrchr                 005017a0 f   q_shared.obj
 0002:00058820       _Q_isanumber               00501820 f   q_shared.obj
 0002:00058870       _Q_isintegral              00501870 f   q_shared.obj
 0002:000588c0       _Q_strncpyz                005018c0 f   q_shared.obj
 0002:00058950       _Q_stricmpn                00501950 f   q_shared.obj
 0002:00058a60       _Q_strncmp                 00501a60 f   q_shared.obj
 0002:00058af0       _Q_stricmp                 00501af0 f   q_shared.obj
 0002:00058b40       _Q_strlwr                  00501b40 f   q_shared.obj
 0002:00058ba0       _Q_strupr                  00501ba0 f   q_shared.obj
 0002:00058c00       _Q_strcat                  00501c00 f   q_shared.obj
 0002:00058c70       _Q_stristr                 00501c70 f   q_shared.obj
 0002:00058d70       _Q_PrintStrlen             00501d70 f   q_shared.obj
 0002:00058e20       _Q_CleanStr                00501e20 f   q_shared.obj
 0002:00058ee0       _Q_CountChar               00501ee0 f   q_shared.obj
 0002:00058f40       _Com_sprintf               00501f40 f   q_shared.obj
 0002:00059010       _va                        00502010 f   q_shared.obj
 0002:00059090       _Com_TruncateLongString    00502090 f   q_shared.obj
 0002:00059130       _Info_ValueForKey          00502130 f   q_shared.obj
 0002:00059330       _Info_NextPair             00502330 f   q_shared.obj
 0002:00059440       _Info_RemoveKey            00502440 f   q_shared.obj
 0002:00059640       _Info_RemoveKey_Big        00502640 f   q_shared.obj
 0002:00059830       _Info_Validate             00502830 f   q_shared.obj
 0002:00059890       _Info_SetValueForKey       00502890 f   q_shared.obj
 0002:00059a60       _Info_SetValueForKey_Big   00502a60 f   q_shared.obj
 0002:00059c20       _Com_SkipCharset           00502c20 f   q_shared.obj
 0002:00059cf0       _Com_SkipTokens            00502cf0 f   q_shared.obj
 0002:00059db0       _QAL_Init                  00502db0 f   qal.obj
 0002:0005a560       _QAL_Shutdown              00503560 f   qal.obj
 0002:0005a940       _GLimp_SetGamma            00503940 f   sdl_gamma.obj
 0002:0005acf0       _GLimp_Shutdown            00503cf0 f   sdl_glimp.obj
 0002:0005ad60       _GLimp_LogComment          00503d60 f   sdl_glimp.obj
 0002:0005ad80       _GLimp_Init                00503d80 f   sdl_glimp.obj
 0002:0005c320       _GLimp_EndFrame            00505320 f   sdl_glimp.obj
 0002:0005c480       _GLimp_RenderThreadWrapper 00505480 f   sdl_glimp.obj
 0002:0005c4a0       _GLimp_SpawnRenderThread   005054a0 f   sdl_glimp.obj
 0002:0005c4d0       _GLimp_RendererSleep       005054d0 f   sdl_glimp.obj
 0002:0005c4f0       _GLimp_FrontEndSleep       005054f0 f   sdl_glimp.obj
 0002:0005c510       _GLimp_WakeRenderer        00505510 f   sdl_glimp.obj
 0002:0005c530       _IN_Frame                  00505530 f   sdl_input.obj
 0002:0005e300       _IN_Init                   00507300 f   sdl_input.obj
 0002:0005e7d0       _IN_Shutdown               005077d0 f   sdl_input.obj
 0002:0005e850       _IN_Restart                00507850 f   sdl_input.obj
 0002:0005e870       _SNDDMA_Init               00507870 f   sdl_snd.obj
 0002:0005f020       _SNDDMA_GetDMAPos          00508020 f   sdl_snd.obj
 0002:0005f040       _SNDDMA_Shutdown           00508040 f   sdl_snd.obj
 0002:0005f0e0       _SNDDMA_Submit             005080e0 f   sdl_snd.obj
 0002:0005f100       _SNDDMA_BeginPainting      00508100 f   sdl_snd.obj
 0002:0005f120       _S_AdpcmEncode             00508120 f   snd_adpcm.obj
 0002:0005f3a0       _S_AdpcmDecode             005083a0 f   snd_adpcm.obj
 0002:0005f590       _S_AdpcmMemoryNeeded       00508590 f   snd_adpcm.obj
 0002:0005f630       _S_AdpcmGetSamples         00508630 f   snd_adpcm.obj
 0002:0005f690       _S_AdpcmEncodeSound        00508690 f   snd_adpcm.obj
 0002:0005f7a0       _S_CodecInit               005087a0 f   snd_codec.obj
 0002:0005f7d0       _S_CodecShutdown           005087d0 f   snd_codec.obj
 0002:0005f7f0       _S_CodecRegister           005087f0 f   snd_codec.obj
 0002:0005f820       _S_CodecLoad               00508820 f   snd_codec.obj
 0002:0005fa50       _S_CodecOpenStream         00508a50 f   snd_codec.obj
 0002:0005fb00       _S_CodecCloseStream        00508b00 f   snd_codec.obj
 0002:0005fb30       _S_CodecReadStream         00508b30 f   snd_codec.obj
 0002:0005fb70       _S_CodecUtilOpen           00508b70 f   snd_codec.obj
 0002:0005fc30       _S_CodecUtilClose          00508c30 f   snd_codec.obj
 0002:0005fc80       _S_WAV_CodecLoad           00508c80 f   snd_codec_wav.obj
 0002:000601b0       _S_WAV_CodecOpenStream     005091b0 f   snd_codec_wav.obj
 0002:00060230       _S_WAV_CodecCloseStream    00509230 f   snd_codec_wav.obj
 0002:00060260       _S_WAV_CodecReadStream     00509260 f   snd_codec_wav.obj
 0002:00060320       _S_Base_SoundInfo          00509320 f   snd_dma.obj
 0002:00060440       _S_Base_SoundList          00509440 f   snd_dma.obj
 0002:000605b0       _S_ChannelFree             005095b0 f   snd_dma.obj
 0002:000605f0       _S_ChannelMalloc           005095f0 f   snd_dma.obj
 0002:00060640       _S_ChannelSetup            00509640 f   snd_dma.obj
 0002:000606e0       _S_DefaultSound            005096e0 f   snd_dma.obj
 0002:00060760       _S_Base_DisableSounds      00509760 f   snd_dma.obj
 0002:00060790       _S_Base_RegisterSound      00509790 f   snd_dma.obj
 0002:00060b20       _S_Base_BeginRegistration  00509b20 f   snd_dma.obj
 0002:00060bb0       _S_memoryLoad              00509bb0 f   snd_dma.obj
 0002:00060c00       _S_SpatializeOrigin        00509c00 f   snd_dma.obj
 0002:00060dd0       _S_Base_StartSound         00509dd0 f   snd_dma.obj
 0002:00061200       _S_Base_StartLocalSound    0050a200 f   snd_dma.obj
 0002:00061280       _S_Base_ClearSoundBuffer   0050a280 f   snd_dma.obj
 0002:00061370       _S_Base_StopAllSounds      0050a370 f   snd_dma.obj
 0002:000613a0       _S_Base_StopLoopingSound   0050a3a0 f   snd_dma.obj
 0002:000613e0       _S_Base_ClearLoopingSounds 0050a3e0 f   snd_dma.obj
 0002:00061490       _S_Base_AddLoopingSound    0050a490 f   snd_dma.obj
 0002:00061930       _S_Base_AddRealLoopingSound 0050a930 f   snd_dma.obj
 0002:00061ac0       _S_AddLoopSounds           0050aac0 f   snd_dma.obj
 0002:00061d60       _S_ByteSwapRawSamples      0050ad60 f   snd_dma.obj
 0002:00061de0       _S_Base_RawSamples         0050ade0 f   snd_dma.obj
 0002:00062310       _S_Base_UpdateEntityPosition 0050b310 f   snd_dma.obj
 0002:00062390       _S_Base_Respatialize       0050b390 f   snd_dma.obj
 0002:000625c0       _S_ScanChannelStarts       0050b5c0 f   snd_dma.obj
 0002:00062680       _S_Base_Update             0050b680 f   snd_dma.obj
 0002:00062790       _S_GetSoundtime            0050b790 f   snd_dma.obj
 0002:000628d0       _S_Update_                 0050b8d0 f   snd_dma.obj
 0002:00062a80       _S_Base_StopBackgroundTrack 0050ba80 f   snd_dma.obj
 0002:00062ad0       _S_Base_StartBackgroundTrack 0050bad0 f   snd_dma.obj
 0002:00062c10       _S_UpdateBackgroundTrack   0050bc10 f   snd_dma.obj
 0002:00062e90       _S_FreeOldestSound         0050be90 f   snd_dma.obj
 0002:00062fa0       _S_Base_Shutdown           0050bfa0 f   snd_dma.obj
 0002:00062ff0       _S_Base_Init               0050bff0 f   snd_dma.obj
 0002:00063310       _S_StartSound              0050c310 f   snd_main.obj
 0002:00063350       _S_StartLocalSound         0050c350 f   snd_main.obj
 0002:00063390       _S_StartBackgroundTrack    0050c390 f   snd_main.obj
 0002:000633d0       _S_StopBackgroundTrack     0050c3d0 f   snd_main.obj
 0002:00063400       _S_RawSamples              0050c400 f   snd_main.obj
 0002:00063460       _S_StopAllSounds           0050c460 f   snd_main.obj
 0002:00063490       _S_ClearLoopingSounds      0050c490 f   snd_main.obj
 0002:000634c0       _S_AddLoopingSound         0050c4c0 f   snd_main.obj
 0002:00063500       _S_AddRealLoopingSound     0050c500 f   snd_main.obj
 0002:00063540       _S_StopLoopingSound        0050c540 f   snd_main.obj
 0002:00063570       _S_Respatialize            0050c570 f   snd_main.obj
 0002:000635b0       _S_UpdateEntityPosition    0050c5b0 f   snd_main.obj
 0002:000635f0       _S_Update                  0050c5f0 f   snd_main.obj
 0002:000636e0       _S_DisableSounds           0050c6e0 f   snd_main.obj
 0002:00063710       _S_BeginRegistration       0050c710 f   snd_main.obj
 0002:00063740       _S_RegisterSound           0050c740 f   snd_main.obj
 0002:00063780       _S_ClearSoundBuffer        0050c780 f   snd_main.obj
 0002:000637b0       _S_SoundInfo               0050c7b0 f   snd_main.obj
 0002:000637e0       _S_SoundList               0050c7e0 f   snd_main.obj
 0002:00063810       _S_StartCapture            0050c810 f   snd_main.obj
 0002:00063840       _S_AvailableCaptureSamples 0050c840 f   snd_main.obj
 0002:00063870       _S_Capture                 0050c870 f   snd_main.obj
 0002:000638b0       _S_StopCapture             0050c8b0 f   snd_main.obj
 0002:000638e0       _S_MasterGain              0050c8e0 f   snd_main.obj
 0002:00063920       _S_Play_f                  0050c920 f   snd_main.obj
 0002:00063a50       _S_Music_f                 0050ca50 f   snd_main.obj
 0002:00063af0       _S_StopMusic_f             0050caf0 f   snd_main.obj
 0002:00063b20       _S_Init                    0050cb20 f   snd_main.obj
 0002:00063fe0       _S_Shutdown                0050cfe0 f   snd_main.obj
 0002:00064090       _SND_free                  0050d090 f   snd_mem.obj
 0002:000640d0       _SND_malloc                0050d0d0 f   snd_mem.obj
 0002:00064150       _SND_setup                 0050d150 f   snd_mem.obj
 0002:00064270       _S_LoadSound               0050d270 f   snd_mem.obj
 0002:00064650       _S_DisplayFreeMemory       0050d650 f   snd_mem.obj
 0002:00064690       _S_WriteLinearBlastStereo16 0050d690 f   snd_mix.obj
 0002:00064730       _S_TransferStereo16        0050d730 f   snd_mix.obj
 0002:00064840       _S_TransferPaintBuffer     0050d840 f   snd_mix.obj
 0002:00064ac0       _S_PaintChannelFromWavelet 0050dac0 f   snd_mix.obj
 0002:00064c80       _S_PaintChannelFromADPCM   0050dc80 f   snd_mix.obj
 0002:00064e60       _S_PaintChannelFromMuLaw   0050de60 f   snd_mix.obj
 0002:000650c0       _S_PaintChannels           0050e0c0 f   snd_mix.obj
 0002:000659a0       _S_AL_StopCapture          0050e9a0 f   snd_openal.obj
 0002:000659e0       _S_AL_MasterGain           0050e9e0 f   snd_openal.obj
 0002:00065a10       _S_AL_Init                 0050ea10 f   snd_openal.obj
 0002:0006a130       _daub4                     00513130 f   snd_wavelet.obj
 0002:0006a6d0       _wt1                       005136d0 f   snd_wavelet.obj
 0002:0006a780       _MuLawEncode               00513780 f   snd_wavelet.obj
 0002:0006a840       _MuLawDecode               00513840 f   snd_wavelet.obj
 0002:0006a8c0       _NXPutc                    005138c0 f   snd_wavelet.obj
 0002:0006a900       _encodeWavelet             00513900 f   snd_wavelet.obj
 0002:0006ac20       _decodeWavelet             00513c20 f   snd_wavelet.obj
 0002:0006ad70       _encodeMuLaw               00513d70 f   snd_wavelet.obj
 0002:0006af40       _decodeMuLaw               00513f40 f   snd_wavelet.obj
 0002:0006afb0       _SV_BotAllocateClient      00513fb0 f   sv_bot.obj
 0002:0006b0a0       _SV_BotFreeClient          005140a0 f   sv_bot.obj
 0002:0006b150       _BotDrawDebugPolygons      00514150 f   sv_bot.obj
 0002:0006b380       _BotImport_DebugPolygonCreate 00514380 f   sv_bot.obj
 0002:0006b460       _BotImport_DebugPolygonDelete 00514460 f   sv_bot.obj
 0002:0006b4a0       _SV_BotFrame               005144a0 f   sv_bot.obj
 0002:0006b4f0       _SV_BotLibSetup            005144f0 f   sv_bot.obj
 0002:0006b550       _SV_BotLibShutdown         00514550 f   sv_bot.obj
 0002:0006b590       _SV_BotInitCvars           00514590 f   sv_bot.obj
 0002:0006b8c0       _SV_BotInitBotLib          005148c0 f   sv_bot.obj
 0002:0006c510       _SV_BotGetConsoleMessage   00515510 f   sv_bot.obj
 0002:0006c5f0       _SV_BotGetSnapshotEntity   005155f0 f   sv_bot.obj
 0002:0006c690       _SV_Heartbeat_f            00515690 f   sv_ccmds.obj
 0002:0006c6b0       _SV_AddOperatorCommands    005156b0 f   sv_ccmds.obj
 0002:0006f250       _SV_RemoveOperatorCommands 00518250 f   sv_ccmds.obj
 0002:0006f270       _SV_GetChallenge           00518270 f   sv_client.obj
 0002:0006f6f0       _SV_AuthorizeIpPacket      005186f0 f   sv_client.obj
 0002:0006f9c0       _SV_DirectConnect          005189c0 f   sv_client.obj
 0002:00070810       _SV_DropClient             00519810 f   sv_client.obj
 0002:00070a80       _SV_ClientEnterWorld       00519a80 f   sv_client.obj
 0002:00071160       _SV_WriteDownloadToClient  0051a160 f   sv_client.obj
 0002:00071bf0       _SV_WriteVoipToClient      0051abf0 f   sv_client.obj
 0002:00072450       _SV_UserinfoChanged        0051b450 f   sv_client.obj
 0002:00072a30       _SV_ExecuteClientCommand   0051ba30 f   sv_client.obj
 0002:00072b50       _SV_ClientThink            0051bb50 f   sv_client.obj
 0002:00072be0       _SV_ExecuteClientMessage   0051bbe0 f   sv_client.obj
 0002:00073930       _SV_GameError              0051c930 f   sv_game.obj
 0002:00073960       _SV_GamePrint              0051c960 f   sv_game.obj
 0002:00073990       _SV_NumForGentity          0051c990 f   sv_game.obj
 0002:000739c0       _SV_GentityNum             0051c9c0 f   sv_game.obj
 0002:000739f0       _SV_GameClientNum          0051c9f0 f   sv_game.obj
 0002:00073a20       _SV_SvEntityForGentity     0051ca20 f   sv_game.obj
 0002:00073a80       _SV_GEntityForSvEntity     0051ca80 f   sv_game.obj
 0002:00073ac0       _SV_GameSendServerCommand  0051cac0 f   sv_game.obj
 0002:00073b40       _SV_GameDropClient         0051cb40 f   sv_game.obj
 0002:00073ba0       _SV_SetBrushModel          0051cba0 f   sv_game.obj
 0002:00073cf0       _SV_inPVS                  0051ccf0 f   sv_game.obj
 0002:00073de0       _SV_inPVSIgnorePortals     0051cde0 f   sv_game.obj
 0002:00073e90       _SV_AdjustAreaPortalState  0051ce90 f   sv_game.obj
 0002:00073ef0       _SV_EntityContact          0051cef0 f   sv_game.obj
 0002:00073f90       _SV_GetServerinfo          0051cf90 f   sv_game.obj
 0002:00073ff0       _SV_LocateGameData         0051cff0 f   sv_game.obj
 0002:00074040       _SV_GetUsercmd             0051d040 f   sv_game.obj
 0002:000740d0       _SV_GameSystemCalls        0051d0d0 f   sv_game.obj
 0002:000774f0       _SV_ShutdownGameProgs      005204f0 f   sv_game.obj
 0002:00077550       _SV_RestartGameProgs       00520550 f   sv_game.obj
 0002:00077670       _SV_InitGameProgs          00520670 f   sv_game.obj
 0002:00077730       _SV_GameCommand            00520730 f   sv_game.obj
 0002:00077770       _SV_UpdateConfigstrings    00520770 f   sv_init.obj
 0002:00077980       _SV_SetConfigstring        00520980 f   sv_init.obj
 0002:00077b10       _SV_GetConfigstring        00520b10 f   sv_init.obj
 0002:00077bb0       _SV_SetUserinfo            00520bb0 f   sv_init.obj
 0002:00077c80       _SV_GetUserinfo            00520c80 f   sv_init.obj
 0002:00077d10       _SV_ChangeMaxClients       00520d10 f   sv_init.obj
 0002:00078060       _SV_SpawnServer            00521060 f   sv_init.obj
 0002:00078a90       _SV_Init                   00521a90 f   sv_init.obj
 0002:00079000       _SV_FinalMessage           00522000 f   sv_init.obj
 0002:000790f0       _SV_Shutdown               005220f0 f   sv_init.obj
 0002:00079210       _SV_AddServerCommand       00522210 f   sv_main.obj
 0002:00079360       _SV_SendServerCommand      00522360 f   sv_main.obj
 0002:000795a0       _SV_MasterHeartbeat        005225a0 f   sv_main.obj
 0002:00079a00       _SV_MasterShutdown         00522a00 f   sv_main.obj
 0002:00079a40       _SVC_Info                  00522a40 f   sv_main.obj
 0002:00079e00       _SV_PacketEvent            00522e00 f   sv_main.obj
 0002:0007ad40       _SV_Frame                  00523d40 f   sv_main.obj
 0002:0007b560       _SV_Netchan_TransmitNextFragment 00524560 f   sv_net_chan.obj
 0002:0007b860       _SV_Netchan_Transmit       00524860 f   sv_net_chan.obj
 0002:0007b990       _SV_Netchan_Process        00524990 f   sv_net_chan.obj
 0002:0007bbb0       _SV_UpdateServerCommandsToClient 00524bb0 f   sv_snapshot.obj
 0002:0007bc60       _SV_SendMessageToClient    00524c60 f   sv_snapshot.obj
 0002:0007bfd0       _SV_SendClientSnapshot     00524fd0 f   sv_snapshot.obj
 0002:0007cf40       _SV_SendClientMessages     00525f40 f   sv_snapshot.obj
 0002:0007d030       _SV_ClipHandleForEntity    00526030 f   sv_world.obj
 0002:0007d0d0       _SV_SectorList_f           005260d0 f   sv_world.obj
 0002:0007d170       _SV_ClearWorld             00526170 f   sv_world.obj
 0002:0007d420       _SV_UnlinkEntity           00526420 f   sv_world.obj
 0002:0007d4f0       _SV_LinkEntity             005264f0 f   sv_world.obj
 0002:0007dd90       _SV_AreaEntities           00526d90 f   sv_world.obj
 0002:0007e010       _SV_ClipToEntity           00527010 f   sv_world.obj
 0002:0007e120       _SV_Trace                  00527120 f   sv_world.obj
 0002:0007e690       _SV_PointContents          00527690 f   sv_world.obj
 0002:0007e830       _Sys_SetBinaryPath         00527830 f   sys_main.obj
 0002:0007e860       _Sys_BinaryPath            00527860 f   sys_main.obj
 0002:0007e880       _Sys_SetDefaultInstallPath 00527880 f   sys_main.obj
 0002:0007e8b0       _Sys_DefaultInstallPath    005278b0 f   sys_main.obj
 0002:0007e8f0       _Sys_DefaultAppPath        005278f0 f   sys_main.obj
 0002:0007e910       _Sys_In_Restart_f          00527910 f   sys_main.obj
 0002:0007e930       _Sys_ConsoleInput          00527930 f   sys_main.obj
 0002:0007e950       _Sys_WritePIDFile          00527950 f   sys_main.obj
 0002:0007eaf0       _Sys_Quit                  00527af0 f   sys_main.obj
 0002:0007eb60       _Sys_GetProcessorFeatures  00527b60 f   sys_main.obj
 0002:0007ec40       _Sys_Init                  00527c40 f   sys_main.obj
 0002:0007eca0       _Sys_AnsiColorPrint        00527ca0 f   sys_main.obj
 0002:0007ee70       _Sys_Print                 00527e70 f   sys_main.obj
 0002:0007eeb0       _Sys_Error                 00527eb0 f   sys_main.obj
 0002:0007ef50       _Sys_Warn                  00527f50 f   sys_main.obj
 0002:0007efe0       _Sys_FileTime              00527fe0 f   sys_main.obj
 0002:0007f070       _Sys_UnloadDll             00528070 f   sys_main.obj
 0002:0007f0b0       _Sys_LoadDll               005280b0 f   sys_main.obj
 0002:0007f370       _Sys_ParseArgs             00528370 f   sys_main.obj
 0002:0007f400       _Sys_SigHandler            00528400 f   sys_main.obj
 0002:0007f4c0       _SDL_main                  005284c0 f   sys_main.obj
 0002:0007f790       _Sys_DefaultHomePath       00528790 f   sys_win32.obj
 0002:0007f900       _Sys_TempPath              00528900 f   sys_win32.obj
 0002:0007f950       _Sys_Milliseconds          00528950 f   sys_win32.obj
 0002:0007f9a0       _Sys_SnapVector            005289a0 f   sys_win32.obj
 0002:0007fa20       _Sys_RandomBytes           00528a20 f   sys_win32.obj
 0002:0007faa0       _Sys_GetCurrentUser        00528aa0 f   sys_win32.obj
 0002:0007fb20       _Sys_GetClipboardData      00528b20 f   sys_win32.obj
 0002:0007fc10       _Sys_LowPhysicalMemory     00528c10 f   sys_win32.obj
 0002:0007fc60       _Sys_Basename              00528c60 f   sys_win32.obj
 0002:0007fd50       _Sys_Dirname               00528d50 f   sys_win32.obj
 0002:0007fde0       _Sys_Mkdir                 00528de0 f   sys_win32.obj
 0002:0007fe30       _Sys_Cwd                   00528e30 f   sys_win32.obj
 0002:0007fe70       _Sys_ListFilteredFiles     00528e70 f   sys_win32.obj
 0002:00080110       _Sys_ListFiles             00529110 f   sys_win32.obj
 0002:000806a0       _Sys_FreeFileList          005296a0 f   sys_win32.obj
 0002:00080710       _Sys_Sleep                 00529710 f   sys_win32.obj
 0002:00080750       _Sys_ErrorDialog           00529750 f   sys_win32.obj
 0002:000808a0       _Sys_Dialog                005298a0 f   sys_win32.obj
 0002:00080980       _Sys_GLimpSafeInit         00529980 f   sys_win32.obj
 0002:000809b0       _Sys_GLimpInit             005299b0 f   sys_win32.obj
 0002:00080a10       _Sys_PlatformInit          00529a10 f   sys_win32.obj
 0002:00080ad0       _Sys_PlatformExit          00529ad0 f   sys_win32.obj
[...]
 0005:0000098c       __imp____getmainargs       024b498c     msvcrt:MSVCR100.dll
 0005:00000990       __imp___amsg_exit          024b4990     msvcrt:MSVCR100.dll
 0005:00000994       __imp__log                 024b4994     msvcrt:MSVCR100.dll
 0005:00000998       __imp__exp                 024b4998     msvcrt:MSVCR100.dll
 0005:0000099c       __imp__atan                024b499c     msvcrt:MSVCR100.dll
 0005:000009a0       __imp__realloc             024b49a0     msvcrt:MSVCR100.dll
 0005:000009a4       __imp___ctime64            024b49a4     msvcrt:MSVCR100.dll
 0005:000009a8       __imp__vfprintf            024b49a8     msvcrt:MSVCR100.dll
 0005:000009ac       __imp__clock               024b49ac     msvcrt:MSVCR100.dll
 0005:000009b0       __imp__tan                 024b49b0     msvcrt:MSVCR100.dll
 0005:000009b4       __imp___ftol               024b49b4     msvcrt:MSVCR100.dll
 0005:000009b8       __imp__ferror              024b49b8     msvcrt:MSVCR100.dll
 0005:000009bc       __imp___putenv             024b49bc     msvcrt:MSVCR100.dll
 0005:000009c0       __imp___findfirst64i32     024b49c0     msvcrt:MSVCR100.dll
 0005:000009c4       __imp___findnext64i32      024b49c4     msvcrt:MSVCR100.dll
 0005:000009c8       __imp___findclose          024b49c8     msvcrt:MSVCR100.dll
 0005:000009cc       __imp___getcwd             024b49cc     msvcrt:MSVCR100.dll
 0005:000009d0       __imp__strtok              024b49d0     msvcrt:MSVCR100.dll
 0005:000009d4       __imp__signal              024b49d4     msvcrt:MSVCR100.dll
 0005:000009d8       __imp___snprintf           024b49d8     msvcrt:MSVCR100.dll
 0005:000009dc       __imp___stat64i32          024b49dc     msvcrt:MSVCR100.dll
 0005:000009e0       __imp__exit                024b49e0     msvcrt:MSVCR100.dll
 0005:000009e4       __imp__fprintf             024b49e4     msvcrt:MSVCR100.dll
 0005:000009e8       __imp__fmod                024b49e8     msvcrt:MSVCR100.dll
 0005:000009ec       __imp__strtod              024b49ec     msvcrt:MSVCR100.dll
 0005:000009f0       __imp__memcmp              024b49f0     msvcrt:MSVCR100.dll
 0005:000009f4       __imp__qsort               024b49f4     msvcrt:MSVCR100.dll
 0005:000009f8       __imp__fflush              024b49f8     msvcrt:MSVCR100.dll
 0005:000009fc       __imp__malloc              024b49fc     msvcrt:MSVCR100.dll
 0005:00000a00       __imp__fread               024b4a00     msvcrt:MSVCR100.dll
 0005:00000a04       __imp__fwrite              024b4a04     msvcrt:MSVCR100.dll
 0005:00000a08       __imp__free                024b4a08     msvcrt:MSVCR100.dll
 0005:00000a0c       __imp__rename              024b4a0c     msvcrt:MSVCR100.dll
 0005:00000a10       __imp__fopen               024b4a10     msvcrt:MSVCR100.dll
 0005:00000a14       __imp__remove              024b4a14     msvcrt:MSVCR100.dll
 0005:00000a18       __imp__ftell               024b4a18     msvcrt:MSVCR100.dll
 0005:00000a1c       __imp__fseek               024b4a1c     msvcrt:MSVCR100.dll
 0005:00000a20       __imp__setvbuf             024b4a20     msvcrt:MSVCR100.dll
 0005:00000a24       __imp____iob_func          024b4a24     msvcrt:MSVCR100.dll
 0005:00000a28       __imp__fclose              024b4a28     msvcrt:MSVCR100.dll
 0005:00000a2c       __imp__fputs               024b4a2c     msvcrt:MSVCR100.dll
 0005:00000a30       __imp__acos                024b4a30     msvcrt:MSVCR100.dll
 0005:00000a34       __imp__srand               024b4a34     msvcrt:MSVCR100.dll
 0005:00000a38       __imp___setjmp3            024b4a38     msvcrt:MSVCR100.dll
 0005:00000a3c       __imp__getenv              024b4a3c     msvcrt:MSVCR100.dll
 0005:00000a40       __imp__calloc              024b4a40     msvcrt:MSVCR100.dll
 0005:00000a44       __imp__toupper             024b4a44     msvcrt:MSVCR100.dll
 0005:00000a48       __imp__longjmp             024b4a48     msvcrt:MSVCR100.dll
 0005:00000a4c       __imp___time64             024b4a4c     msvcrt:MSVCR100.dll
 0005:00000a50       __imp___localtime64        024b4a50     msvcrt:MSVCR100.dll
 0005:00000a54       __imp__asctime             024b4a54     msvcrt:MSVCR100.dll
 0005:00000a58       __imp__strpbrk             024b4a58     msvcrt:MSVCR100.dll
 0005:00000a5c       __imp__printf              024b4a5c     msvcrt:MSVCR100.dll
 0005:00000a60       __imp__strncmp             024b4a60     msvcrt:MSVCR100.dll
 0005:00000a64       __imp__sprintf             024b4a64     msvcrt:MSVCR100.dll
 0005:00000a68       __imp__sscanf              024b4a68     msvcrt:MSVCR100.dll
 0005:00000a6c       __imp__strncat             024b4a6c     msvcrt:MSVCR100.dll
 0005:00000a70       __imp___vsnprintf          024b4a70     msvcrt:MSVCR100.dll
 0005:00000a74       __imp__rand                024b4a74     msvcrt:MSVCR100.dll
 0005:00000a78       __imp__atof                024b4a78     msvcrt:MSVCR100.dll
 0005:00000a7c       __imp__isspace             024b4a7c     msvcrt:MSVCR100.dll
 0005:00000a80       __imp__strchr              024b4a80     msvcrt:MSVCR100.dll
 0005:00000a84       __imp__tolower             024b4a84     msvcrt:MSVCR100.dll
 0005:00000a88       __imp__fabs                024b4a88     msvcrt:MSVCR100.dll
 0005:00000a8c       __imp__pow                 024b4a8c     msvcrt:MSVCR100.dll
 0005:00000a90       __imp__isalnum             024b4a90     msvcrt:MSVCR100.dll
 0005:00000a94       __imp__memmove             024b4a94     msvcrt:MSVCR100.dll
 0005:00000a98       __imp__strstr              024b4a98     msvcrt:MSVCR100.dll
 0005:00000a9c       __imp__strcpy              024b4a9c     msvcrt:MSVCR100.dll
 0005:00000aa0       __imp__abs                 024b4aa0     msvcrt:MSVCR100.dll
 0005:00000aa4       __imp__strncpy             024b4aa4     msvcrt:MSVCR100.dll
 0005:00000aa8       __imp__sin                 024b4aa8     msvcrt:MSVCR100.dll
 0005:00000aac       __imp__cos                 024b4aac     msvcrt:MSVCR100.dll
 0005:00000ab0       __imp__atan2               024b4ab0     msvcrt:MSVCR100.dll
 0005:00000ab4       __imp__sqrt                024b4ab4     msvcrt:MSVCR100.dll
 0005:00000ab8       __imp__floor               024b4ab8     msvcrt:MSVCR100.dll
 0005:00000abc       __imp___wassert            024b4abc     msvcrt:MSVCR100.dll
 0005:00000ac0       __imp__strcat              024b4ac0     msvcrt:MSVCR100.dll
 0005:00000ac4       __imp__atoi                024b4ac4     msvcrt:MSVCR100.dll
 0005:00000ac8       __imp__strcmp              024b4ac8     msvcrt:MSVCR100.dll
 0005:00000acc       __imp__ceil                024b4acc     msvcrt:MSVCR100.dll
 0005:00000ad0       __imp__memset              024b4ad0     msvcrt:MSVCR100.dll
 0005:00000ad4       __imp__strlen              024b4ad4     msvcrt:MSVCR100.dll
 0005:00000ad8       __imp__memcpy              024b4ad8     msvcrt:MSVCR100.dll
 0005:00000adc       \177MSVCR100_NULL_THUNK_DATA 024b4adc     msvcrt:MSVCR100.dll
 0005:00000b5c       __imp__glTexCoordPointer@16 024b4b5c     OpenGL32:OPENGL32.dll
 0005:00000b60       __imp__glColorPointer@16   024b4b60     OpenGL32:OPENGL32.dll
 0005:00000b64       __imp__glDisableClientState@4 024b4b64     OpenGL32:OPENGL32.dll
 0005:00000b68       __imp__glPolygonOffset@8   024b4b68     OpenGL32:OPENGL32.dll
 0005:00000b6c       __imp__glArrayElement@4    024b4b6c     OpenGL32:OPENGL32.dll
 0005:00000b70       __imp__glDrawElements@16   024b4b70     OpenGL32:OPENGL32.dll
 0005:00000b74       __imp__glTexCoord2fv@4     024b4b74     OpenGL32:OPENGL32.dll
 0005:00000b78       __imp__glColor4ubv@4       024b4b78     OpenGL32:OPENGL32.dll
 0005:00000b7c       __imp__glGetBooleanv@8     024b4b7c     OpenGL32:OPENGL32.dll
 0005:00000b80       __imp__glVertex3f@12       024b4b80     OpenGL32:OPENGL32.dll
 0005:00000b84       __imp__glTranslatef@12     024b4b84     OpenGL32:OPENGL32.dll
 0005:00000b88       __imp__glLineWidth@4       024b4b88     OpenGL32:OPENGL32.dll
 0005:00000b8c       __imp__glCallList@4        024b4b8c     OpenGL32:OPENGL32.dll
 0005:00000b90       __imp__glVertexPointer@16  024b4b90     OpenGL32:OPENGL32.dll
 0005:00000b94       __imp__glVertex3fv@4       024b4b94     OpenGL32:OPENGL32.dll
 0005:00000b98       __imp__glClearDepth@8      024b4b98     OpenGL32:OPENGL32.dll
 0005:00000b9c       __imp__glColor4f@16        024b4b9c     OpenGL32:OPENGL32.dll
 0005:00000ba0       __imp__glShadeModel@4      024b4ba0     OpenGL32:OPENGL32.dll
 0005:00000ba4       __imp__glEnableClientState@4 024b4ba4     OpenGL32:OPENGL32.dll
 0005:00000ba8       __imp__glDeleteTextures@8  024b4ba8     OpenGL32:OPENGL32.dll
 0005:00000bac       __imp__glTexParameterfv@12 024b4bac     OpenGL32:OPENGL32.dll
 0005:00000bb0       __imp__glTexParameteri@12  024b4bb0     OpenGL32:OPENGL32.dll
 0005:00000bb4       __imp__glPushMatrix@0      024b4bb4     OpenGL32:OPENGL32.dll
 0005:00000bb8       __imp__glPopMatrix@0       024b4bb8     OpenGL32:OPENGL32.dll
 0005:00000bbc       __imp__glStencilMask@4     024b4bbc     OpenGL32:OPENGL32.dll
 0005:00000bc0       __imp__glClearStencil@4    024b4bc0     OpenGL32:OPENGL32.dll
 0005:00000bc4       __imp__glStencilFunc@12    024b4bc4     OpenGL32:OPENGL32.dll
 0005:00000bc8       __imp__glStencilOp@12      024b4bc8     OpenGL32:OPENGL32.dll
 0005:00000bcc       __imp__glGetError@0        024b4bcc     OpenGL32:OPENGL32.dll
 0005:00000bd0       __imp__glReadPixels@28     024b4bd0     OpenGL32:OPENGL32.dll
 0005:00000bd4       __imp__glColorMask@16      024b4bd4     OpenGL32:OPENGL32.dll
 0005:00000bd8       __imp__glDrawBuffer@4      024b4bd8     OpenGL32:OPENGL32.dll
 0005:00000bdc       __imp__glTexImage2D@36     024b4bdc     OpenGL32:OPENGL32.dll
 0005:00000be0       __imp__glTexParameterf@12  024b4be0     OpenGL32:OPENGL32.dll
 0005:00000be4       __imp__glTexSubImage2D@36  024b4be4     OpenGL32:OPENGL32.dll
 0005:00000be8       __imp__glColor3f@12        024b4be8     OpenGL32:OPENGL32.dll
 0005:00000bec       __imp__glBegin@4           024b4bec     OpenGL32:OPENGL32.dll
 0005:00000bf0       __imp__glTexCoord2f@8      024b4bf0     OpenGL32:OPENGL32.dll
 0005:00000bf4       __imp__glVertex2f@8        024b4bf4     OpenGL32:OPENGL32.dll
 0005:00000bf8       __imp__glEnd@0             024b4bf8     OpenGL32:OPENGL32.dll
 0005:00000bfc       __imp__glLoadIdentity@0    024b4bfc     OpenGL32:OPENGL32.dll
 0005:00000c00       __imp__glOrtho@48          024b4c00     OpenGL32:OPENGL32.dll
 0005:00000c04       __imp__glDepthRange@16     024b4c04     OpenGL32:OPENGL32.dll
 0005:00000c08       __imp__glMatrixMode@4      024b4c08     OpenGL32:OPENGL32.dll
 0005:00000c0c       __imp__glViewport@16       024b4c0c     OpenGL32:OPENGL32.dll
 0005:00000c10       __imp__glScissor@16        024b4c10     OpenGL32:OPENGL32.dll
 0005:00000c14       __imp__glFinish@0          024b4c14     OpenGL32:OPENGL32.dll
 0005:00000c18       __imp__glClearColor@16     024b4c18     OpenGL32:OPENGL32.dll
 0005:00000c1c       __imp__glClear@4           024b4c1c     OpenGL32:OPENGL32.dll
 0005:00000c20       __imp__glLoadMatrixf@4     024b4c20     OpenGL32:OPENGL32.dll
 0005:00000c24       __imp__glClipPlane@8       024b4c24     OpenGL32:OPENGL32.dll
 0005:00000c28       __imp__glDepthFunc@4       024b4c28     OpenGL32:OPENGL32.dll
 0005:00000c2c       __imp__glBlendFunc@8       024b4c2c     OpenGL32:OPENGL32.dll
 0005:00000c30       __imp__glDepthMask@4       024b4c30     OpenGL32:OPENGL32.dll
 0005:00000c34       __imp__glPolygonMode@8     024b4c34     OpenGL32:OPENGL32.dll
 0005:00000c38       __imp__glAlphaFunc@8       024b4c38     OpenGL32:OPENGL32.dll
 0005:00000c3c       __imp__glTexEnvf@12        024b4c3c     OpenGL32:OPENGL32.dll
 0005:00000c40       __imp__glEnable@4          024b4c40     OpenGL32:OPENGL32.dll
 0005:00000c44       __imp__glCullFace@4        024b4c44     OpenGL32:OPENGL32.dll
 0005:00000c48       __imp__glBindTexture@8     024b4c48     OpenGL32:OPENGL32.dll
 0005:00000c4c       __imp__glGetIntegerv@8     024b4c4c     OpenGL32:OPENGL32.dll
 0005:00000c50       __imp__glGetString@4       024b4c50     OpenGL32:OPENGL32.dll
 0005:00000c54       __imp__glDisable@4         024b4c54     OpenGL32:OPENGL32.dll
 0005:00000c58       \177OPENGL32_NULL_THUNK_DATA 024b4c58     OpenGL32:OPENGL32.dll
 0005:00000cb4       __imp__SDL_Linked_Version  024b4cb4     SDL:SDL.dll
 0005:00000cb8       __imp__SDL_HasRDTSC        024b4cb8     SDL:SDL.dll
 0005:00000cbc       __imp__SDL_HasMMX          024b4cbc     SDL:SDL.dll
 0005:00000cc0       __imp__SDL_HasMMXExt       024b4cc0     SDL:SDL.dll
 0005:00000cc4       __imp__SDL_Has3DNow        024b4cc4     SDL:SDL.dll
 0005:00000cc8       __imp__SDL_Has3DNowExt     024b4cc8     SDL:SDL.dll
 0005:00000ccc       __imp__SDL_HasSSE          024b4ccc     SDL:SDL.dll
 0005:00000cd0       __imp__SDL_HasSSE2         024b4cd0     SDL:SDL.dll
 0005:00000cd4       __imp__SDL_HasAltiVec      024b4cd4     SDL:SDL.dll
 0005:00000cd8       __imp__SDL_Quit            024b4cd8     SDL:SDL.dll
 0005:00000cdc       __imp__SDL_LockAudio       024b4cdc     SDL:SDL.dll
 0005:00000ce0       __imp__SDL_UnlockAudio     024b4ce0     SDL:SDL.dll
 0005:00000ce4       __imp__SDL_CloseAudio      024b4ce4     SDL:SDL.dll
 0005:00000ce8       __imp__SDL_AudioDriverName 024b4ce8     SDL:SDL.dll
 0005:00000cec       __imp__SDL_OpenAudio       024b4cec     SDL:SDL.dll
 0005:00000cf0       __imp__SDL_PauseAudio      024b4cf0     SDL:SDL.dll
 0005:00000cf4       __imp__SDL_JoystickClose   024b4cf4     SDL:SDL.dll
 0005:00000cf8       __imp__SDL_NumJoysticks    024b4cf8     SDL:SDL.dll
 0005:00000cfc       __imp__SDL_JoystickName    024b4cfc     SDL:SDL.dll
 0005:00000d00       __imp__SDL_JoystickOpen    024b4d00     SDL:SDL.dll
 0005:00000d04       __imp__SDL_JoystickEventState 024b4d04     SDL:SDL.dll
 0005:00000d08       __imp__SDL_EnableUNICODE   024b4d08     SDL:SDL.dll
 0005:00000d0c       __imp__SDL_GetKeyName      024b4d0c     SDL:SDL.dll
 0005:00000d10       __imp__SDL_EnableKeyRepeat 024b4d10     SDL:SDL.dll
 0005:00000d14       __imp__SDL_PollEvent       024b4d14     SDL:SDL.dll
 0005:00000d18       __imp__SDL_JoystickUpdate  024b4d18     SDL:SDL.dll
 0005:00000d1c       __imp__SDL_JoystickNumBalls 024b4d1c     SDL:SDL.dll
 0005:00000d20       __imp__SDL_JoystickGetBall 024b4d20     SDL:SDL.dll
 0005:00000d24       __imp__SDL_JoystickNumButtons 024b4d24     SDL:SDL.dll
 0005:00000d28       __imp__SDL_JoystickGetButton 024b4d28     SDL:SDL.dll
 0005:00000d2c       __imp__SDL_JoystickNumHats 024b4d2c     SDL:SDL.dll
 0005:00000d30       __imp__SDL_JoystickGetHat  024b4d30     SDL:SDL.dll
 0005:00000d34       __imp__SDL_JoystickNumAxes 024b4d34     SDL:SDL.dll
 0005:00000d38       __imp__SDL_JoystickGetAxis 024b4d38     SDL:SDL.dll
 0005:00000d3c       __imp__SDL_WarpMouse       024b4d3c     SDL:SDL.dll
 0005:00000d40       __imp__SDL_PumpEvents      024b4d40     SDL:SDL.dll
 0005:00000d44       __imp__SDL_PeepEvents      024b4d44     SDL:SDL.dll
 0005:00000d48       __imp__SDL_WM_GrabInput    024b4d48     SDL:SDL.dll
 0005:00000d4c       __imp__SDL_GetAppState     024b4d4c     SDL:SDL.dll
 0005:00000d50       __imp__SDL_GL_SwapBuffers  024b4d50     SDL:SDL.dll
 0005:00000d54       __imp__SDL_GetVideoSurface 024b4d54     SDL:SDL.dll
 0005:00000d58       __imp__SDL_WM_ToggleFullScreen 024b4d58     SDL:SDL.dll
 0005:00000d5c       __imp__SDL_GL_GetProcAddress 024b4d5c     SDL:SDL.dll
 0005:00000d60       __imp__SDL_ListModes       024b4d60     SDL:SDL.dll
 0005:00000d64       __imp__SDL_GetVideoInfo    024b4d64     SDL:SDL.dll
 0005:00000d68       __imp__SDL_GL_SetAttribute 024b4d68     SDL:SDL.dll
 0005:00000d6c       __imp__SDL_CreateRGBSurfaceFrom 024b4d6c     SDL:SDL.dll
 0005:00000d70       __imp__SDL_WM_SetIcon      024b4d70     SDL:SDL.dll
 0005:00000d74       __imp__SDL_FreeSurface     024b4d74     SDL:SDL.dll
 0005:00000d78       __imp__SDL_WM_SetCaption   024b4d78     SDL:SDL.dll
 0005:00000d7c       __imp__SDL_ShowCursor      024b4d7c     SDL:SDL.dll
 0005:00000d80       __imp__SDL_SetVideoMode    024b4d80     SDL:SDL.dll
 0005:00000d84       __imp__SDL_WasInit         024b4d84     SDL:SDL.dll
 0005:00000d88       __imp__SDL_Init            024b4d88     SDL:SDL.dll
 0005:00000d8c       __imp__SDL_GetError        024b4d8c     SDL:SDL.dll
 0005:00000d90       __imp__SDL_VideoDriverName 024b4d90     SDL:SDL.dll
 0005:00000d94       __imp__SDL_SetGamma        024b4d94     SDL:SDL.dll
 0005:00000d98       __imp__SDL_QuitSubSystem   024b4d98     SDL:SDL.dll
 0005:00000d9c       __imp__SDL_SetGammaRamp    024b4d9c     SDL:SDL.dll
 0005:00000da0       __imp__SDL_UnloadObject    024b4da0     SDL:SDL.dll
 0005:00000da4       __imp__SDL_LoadFunction    024b4da4     SDL:SDL.dll
 0005:00000da8       __imp__SDL_LoadObject      024b4da8     SDL:SDL.dll
 0005:00000dac       __imp__SDL_strlcat         024b4dac     SDL:SDL.dll
 0005:00000db0       __imp__SDL_getenv          024b4db0     SDL:SDL.dll
 0005:00000db4       __imp__SDL_strlcpy         024b4db4     SDL:SDL.dll
 0005:00000db8       __imp__SDL_SetModuleHandle 024b4db8     SDL:SDL.dll
 0005:00000dbc       \177SDL_NULL_THUNK_DATA    024b4dbc     SDL:SDL.dll
 0005:00000e1c       __imp__CloseClipboard@0    024b4e1c     user32:USER32.dll
 0005:00000e20       __imp__OpenClipboard@4     024b4e20     user32:USER32.dll
 0005:00000e24       __imp__SetClipboardData@8  024b4e24     user32:USER32.dll
 0005:00000e28       __imp__EmptyClipboard@0    024b4e28     user32:USER32.dll
 0005:00000e2c       __imp__MessageBoxA@16      024b4e2c     user32:USER32.dll
 0005:00000e30       __imp__GetClipboardData@4  024b4e30     user32:USER32.dll
 0005:00000e34       \177USER32_NULL_THUNK_DATA 024b4e34     user32:USER32.dll
 0005:00000e64       __imp__timeGetDevCaps@8    024b4e64     winmm:WINMM.dll
 0005:00000e68       __imp__timeBeginPeriod@4   024b4e68     winmm:WINMM.dll
 0005:00000e6c       __imp__timeGetTime@0       024b4e6c     winmm:WINMM.dll
 0005:00000e70       __imp__timeEndPeriod@4     024b4e70     winmm:WINMM.dll
 0005:00000e74       \177WINMM_NULL_THUNK_DATA  024b4e74     winmm:WINMM.dll
 0005:00000ea0       __imp__freeaddrinfo@4      024b4ea0     ws2_32:WS2_32.dll
 0005:00000ea4       __imp__getaddrinfo@16      024b4ea4     ws2_32:WS2_32.dll
 0005:00000ea8       __imp__getnameinfo@28      024b4ea8     ws2_32:WS2_32.dll
 0005:00000eac       \177WS2_32_NULL_THUNK_DATA 024b4eac     ws2_32:WS2_32.dll
 0005:00000ed8       __imp__recvfrom@24         024b4ed8     wsock32:WSOCK32.dll
 0005:00000edc       __imp__sendto@24           024b4edc     wsock32:WSOCK32.dll
 0005:00000ee0       __imp__WSAGetLastError@0   024b4ee0     wsock32:WSOCK32.dll
 0005:00000ee4       __imp__bind@12             024b4ee4     wsock32:WSOCK32.dll
 0005:00000ee8       __imp__send@16             024b4ee8     wsock32:WSOCK32.dll
 0005:00000eec       __imp__htons@4             024b4eec     wsock32:WSOCK32.dll
 0005:00000ef0       __imp__setsockopt@20       024b4ef0     wsock32:WSOCK32.dll
 0005:00000ef4       __imp__closesocket@4       024b4ef4     wsock32:WSOCK32.dll
 0005:00000ef8       __imp__ioctlsocket@12      024b4ef8     wsock32:WSOCK32.dll
 0005:00000efc       __imp__socket@12           024b4efc     wsock32:WSOCK32.dll
 0005:00000f00       __imp__recv@16             024b4f00     wsock32:WSOCK32.dll
 0005:00000f04       __imp__connect@12          024b4f04     wsock32:WSOCK32.dll
 0005:00000f08       __imp__gethostbyname@4     024b4f08     wsock32:WSOCK32.dll
 0005:00000f0c       __imp__gethostname@8       024b4f0c     wsock32:WSOCK32.dll
 0005:00000f10       __imp__WSAStartup@8        024b4f10     wsock32:WSOCK32.dll
 0005:00000f14       __imp__WSACleanup@0        024b4f14     wsock32:WSOCK32.dll
 0005:00000f18       __imp__select@20           024b4f18     wsock32:WSOCK32.dll
 0005:00000f1c       __imp__ntohs@4             024b4f1c     wsock32:WSOCK32.dll
 0005:00000f20       \177WSOCK32_NULL_THUNK_DATA 024b4f20     wsock32:WSOCK32.dll

 entry point at        0002:00000ae1

