 ioquake3

 Timestamp is 584784ab (Tue Dec 06 22:40:27 2016)

 Preferred load address is 00400000

 Start         Length     Name                   Class
 0001:00000000 000c57b0H .text                   CODE
 0002:00000000 000004f4H .idata$5                DATA
 0002:000004f4 00000004H .CRT$XCA                DATA
 0002:000004f8 00000004H .CRT$XCAA               DATA
 0002:000004fc 00000004H .CRT$XCZ                DATA
 0002:00000500 00000004H .CRT$XIA                DATA
 0002:00000504 00000004H .CRT$XIAA               DATA
 0002:00000508 00000004H .CRT$XIC                DATA
 0002:0000050c 00000004H .CRT$XIY                DATA
 0002:00000510 00000004H .CRT$XIZ                DATA
 0002:00000518 0001ce70H .rdata                  DATA
 0002:0001d390 00000004H .rdata$sxdata           DATA
 0002:0001d394 00000004H .rtc$IAA                DATA
 0002:0001d398 00000004H .rtc$IZZ                DATA
 0002:0001d39c 00000004H .rtc$TAA                DATA
 0002:0001d3a0 00000004H .rtc$TZZ                DATA
 0002:0001d3a8 0000005cH .xdata$x                DATA
 0002:0001d404 000000c8H .idata$2                DATA
 0002:0001d4cc 00000014H .idata$3                DATA
 0002:0001d4e0 000004f4H .idata$4                DATA
 0002:0001d9d4 000011daH .idata$6                DATA
 0002:0001ebae 00000000H .edata                  DATA
 0003:00000000 00003a78H .data                   DATA
 0003:00003a80 01970e48H .bss                    DATA
 0004:00000000 00000118H .rsrc$01                DATA
 0004:00000120 00000e68H .rsrc$02                DATA

  Address         Publics by Value              Rva+Base       Lib:Object

 0000:00000000       __except_list              00000000     <absolute>
 0000:00000001       ___safe_se_handler_count   00000001     <absolute>
 0000:00009876       __fltused                  00009876     <absolute>
 0000:00009876       __ldused                   00009876     <absolute>
 0000:00000000       ___ImageBase               00400000     <linker-defined>
 0001:00000180       _CL_WriteAVIHeader         00401180 f   cl_avi.obj
 0001:00000a30       _CL_OpenAVIForWriting      00401a30 f   cl_avi.obj
 0001:00000cd0       _CL_TakeVideoFrame         00401cd0 f   cl_avi.obj
 0001:00000d10       _CL_CloseAVI               00401d10 f   cl_avi.obj
 0001:00000f90       _CL_VideoRecording         00401f90 f   cl_avi.obj
 0001:00000fe0       _CL_WriteAVIVideoFrame     00401fe0 f   cl_avi.obj
 0001:000011e0       _CL_WriteAVIAudioFrame     004021e0 f   cl_avi.obj
 0001:000013f0       _CL_GetUserCmd             004023f0 f   cl_cgame.obj
 0001:00001470       _CL_GetSnapshot            00402470 f   cl_cgame.obj
 0001:00001590       _CL_ConfigstringModified   00402590 f   cl_cgame.obj
 0001:00001720       _CL_GetServerCommand       00402720 f   cl_cgame.obj
 0001:00001b00       _CL_CM_LoadMap             00402b00 f   cl_cgame.obj
 0001:00001b20       _CL_ShutdownCGame          00402b20 f   cl_cgame.obj
 0001:00001b70       _CL_CgameSystemCalls       00402b70 f   cl_cgame.obj
 0001:00002b40       _CL_InitCGame              00403b40 f   cl_cgame.obj
 0001:00002c60       _CL_GameCommand            00403c60 f   cl_cgame.obj
 0001:00002c80       _CL_CGameRendering         00403c80 f   cl_cgame.obj
 0001:00002cb0       _CL_AdjustTimeDelta        00403cb0 f   cl_cgame.obj
 0001:00002db0       _CL_FirstSnapshot          00403db0 f   cl_cgame.obj
 0001:00002f70       _CL_SetCGameTime           00403f70 f   cl_cgame.obj
 0001:000031a0       _RllDecodeStereoToStereo   004041a0 f   cl_cin.obj
 0001:00004af0       _CIN_StopCinematic         00405af0 f   cl_cin.obj
 0001:00004b70       _CIN_SetExtents            00405b70 f   cl_cin.obj
 0001:00004bc0       _CIN_DrawCinematic         00405bc0 f   cl_cin.obj
 0001:00004e80       _SCR_DrawCinematic         00405e80 f   cl_cin.obj
 0001:00004ea0       _SCR_StopCinematic         00405ea0 f   cl_cin.obj
 0001:00004ed0       _CIN_UploadCinematic       00405ed0 f   cl_cin.obj
 0001:00004fb0       _CIN_CloseAllVideos        00405fb0 f   cl_cin.obj
 0001:000055f0       _CIN_RunCinematic          004065f0 f   cl_cin.obj
 0001:00005810       _CIN_PlayCinematic         00406810 f   cl_cin.obj
 0001:00005ba0       _SCR_RunCinematic          00406ba0 f   cl_cin.obj
 0001:00005bc0       _CL_PlayCinematic_f        00406bc0 f   cl_cin.obj
 0001:00005cc0       _Con_MessageMode_f         00406cc0 f   cl_console.obj
 0001:00005d00       _Con_MessageMode2_f        00406d00 f   cl_console.obj
 0001:00005d40       _Con_MessageMode3_f        00406d40 f   cl_console.obj
 0001:00005da0       _Con_MessageMode4_f        00406da0 f   cl_console.obj
 0001:00005e00       _Con_Dump_f                00406e00 f   cl_console.obj
 0001:00005fb0       _Con_ClearNotify           00406fb0 f   cl_console.obj
 0001:00005fd0       _Con_CheckResize           00406fd0 f   cl_console.obj
 0001:00006110       _Cmd_CompleteTxtName       00407110 f   cl_console.obj
 0001:00006130       _Con_Linefeed              00407130 f   cl_console.obj
 0001:000061d0       _CL_ConsolePrint           004071d0 f   cl_console.obj
 0001:000063b0       _Con_DrawNotify            004073b0 f   cl_console.obj
 0001:00006570       _Con_DrawSolidConsole      00407570 f   cl_console.obj
 0001:00006880       _Con_DrawConsole           00407880 f   cl_console.obj
 0001:000068e0       _Con_RunConsole            004078e0 f   cl_console.obj
 0001:00006990       _Con_PageUp                00407990 f   cl_console.obj
 0001:000069c0       _Con_PageDown              004079c0 f   cl_console.obj
 0001:000069e0       _Con_Top                   004079e0 f   cl_console.obj
 0001:00006a00       _Con_Bottom                00407a00 f   cl_console.obj
 0001:00006a10       _Con_Close                 00407a10 f   cl_console.obj
 0001:00006a60       _Con_ToggleConsole_f       00407a60 f   cl_console.obj
 0001:00006ab0       _Con_Clear_f               00407ab0 f   cl_console.obj
 0001:00006ae0       _Con_Init                  00407ae0 f   cl_console.obj
 0001:00006be0       _CL_cURL_Cleanup           00407be0 f   cl_curl.obj
 0001:00006cd0       _CL_cURL_BeginDownload     00407cd0 f   cl_curl.obj
 0001:00006fd0       _CL_cURL_PerformDownload   00407fd0 f   cl_curl.obj
 0001:000070c0       _CL_cURL_Shutdown          004080c0 f   cl_curl.obj
 0001:00007140       _CL_cURL_Init              00408140 f   cl_curl.obj
 0001:00007700       _IN_MLookDown              00408700 f   cl_input.obj
 0001:00007710       _IN_KeyDown                00408710 f   cl_input.obj
 0001:00007790       _IN_KeyUp                  00408790 f   cl_input.obj
 0001:00007810       _CL_KeyState               00408810 f   cl_input.obj
 0001:000078a0       _IN_UpDown                 004088a0 f   cl_input.obj
 0001:000078b0       _IN_UpUp                   004088b0 f   cl_input.obj
 0001:000078c0       _IN_DownDown               004088c0 f   cl_input.obj
 0001:000078d0       _IN_DownUp                 004088d0 f   cl_input.obj
 0001:000078e0       _IN_LeftDown               004088e0 f   cl_input.obj
 0001:000078f0       _IN_LeftUp                 004088f0 f   cl_input.obj
 0001:00007900       _IN_RightDown              00408900 f   cl_input.obj
 0001:00007910       _IN_RightUp                00408910 f   cl_input.obj
 0001:00007920       _IN_ForwardDown            00408920 f   cl_input.obj
 0001:00007930       _IN_ForwardUp              00408930 f   cl_input.obj
 0001:00007940       _IN_BackDown               00408940 f   cl_input.obj
 0001:00007950       _IN_BackUp                 00408950 f   cl_input.obj
 0001:00007960       _IN_LookupDown             00408960 f   cl_input.obj
 0001:00007970       _IN_LookupUp               00408970 f   cl_input.obj
 0001:00007980       _IN_LookdownDown           00408980 f   cl_input.obj
 0001:00007990       _IN_LookdownUp             00408990 f   cl_input.obj
 0001:000079a0       _IN_MoveleftDown           004089a0 f   cl_input.obj
 0001:000079b0       _IN_MoveleftUp             004089b0 f   cl_input.obj
 0001:000079c0       _IN_MoverightDown          004089c0 f   cl_input.obj
 0001:000079d0       _IN_MoverightUp            004089d0 f   cl_input.obj
 0001:000079e0       _IN_SpeedDown              004089e0 f   cl_input.obj
 0001:000079f0       _IN_SpeedUp                004089f0 f   cl_input.obj
 0001:00007a00       _IN_StrafeDown             00408a00 f   cl_input.obj
 0001:00007a10       _IN_StrafeUp               00408a10 f   cl_input.obj
 0001:00007a20       _IN_VoipRecordDown         00408a20 f   cl_input.obj
 0001:00007a40       _IN_VoipRecordUp           00408a40 f   cl_input.obj
 0001:00007a60       _IN_Button0Down            00408a60 f   cl_input.obj
 0001:00007a70       _IN_Button0Up              00408a70 f   cl_input.obj
 0001:00007a80       _IN_Button1Down            00408a80 f   cl_input.obj
 0001:00007a90       _IN_Button1Up              00408a90 f   cl_input.obj
 0001:00007aa0       _IN_Button2Down            00408aa0 f   cl_input.obj
 0001:00007ab0       _IN_Button2Up              00408ab0 f   cl_input.obj
 0001:00007ac0       _IN_Button3Down            00408ac0 f   cl_input.obj
 0001:00007ad0       _IN_Button3Up              00408ad0 f   cl_input.obj
 0001:00007ae0       _IN_Button4Down            00408ae0 f   cl_input.obj
 0001:00007af0       _IN_Button4Up              00408af0 f   cl_input.obj
 0001:00007b00       _IN_Button5Down            00408b00 f   cl_input.obj
 0001:00007b10       _IN_Button5Up              00408b10 f   cl_input.obj
 0001:00007b20       _IN_Button6Down            00408b20 f   cl_input.obj
 0001:00007b30       _IN_Button6Up              00408b30 f   cl_input.obj
 0001:00007b40       _IN_Button7Down            00408b40 f   cl_input.obj
 0001:00007b50       _IN_Button7Up              00408b50 f   cl_input.obj
 0001:00007b60       _IN_Button8Down            00408b60 f   cl_input.obj
 0001:00007b70       _IN_Button8Up              00408b70 f   cl_input.obj
 0001:00007b80       _IN_Button9Down            00408b80 f   cl_input.obj
 0001:00007b90       _IN_Button9Up              00408b90 f   cl_input.obj
 0001:00007ba0       _IN_Button10Down           00408ba0 f   cl_input.obj
 0001:00007bb0       _IN_Button10Up             00408bb0 f   cl_input.obj
 0001:00007bc0       _IN_Button11Down           00408bc0 f   cl_input.obj
 0001:00007bd0       _IN_Button11Up             00408bd0 f   cl_input.obj
 0001:00007be0       _IN_Button12Down           00408be0 f   cl_input.obj
 0001:00007bf0       _IN_Button12Up             00408bf0 f   cl_input.obj
 0001:00007c00       _IN_Button13Down           00408c00 f   cl_input.obj
 0001:00007c10       _IN_Button13Up             00408c10 f   cl_input.obj
 0001:00007c20       _IN_Button14Down           00408c20 f   cl_input.obj
 0001:00007c30       _IN_Button14Up             00408c30 f   cl_input.obj
 0001:00007c40       _IN_CenterView             00408c40 f   cl_input.obj
 0001:00007c60       _CL_AdjustAngles           00408c60 f   cl_input.obj
 0001:00007d30       _CL_KeyMove                00408d30 f   cl_input.obj
 0001:00007e90       _CL_MouseEvent             00408e90 f   cl_input.obj
 0001:00007f00       _CL_JoystickEvent          00408f00 f   cl_input.obj
 0001:00007f50       _CL_JoystickMove           00408f50 f   cl_input.obj
 0001:00008030       _CL_MouseMove              00409030 f   cl_input.obj
 0001:00008380       _CL_CmdButtons             00409380 f   cl_input.obj
 0001:00008420       _CL_CreateCmd              00409420 f   cl_input.obj
 0001:00008580       _CL_CreateNewCommands      00409580 f   cl_input.obj
 0001:00008610       _CL_ReadyToSendPacket      00409610 f   cl_input.obj
 0001:00008720       _CL_WritePacket            00409720 f   cl_input.obj
 0001:00008d60       _CL_SendCmd                00409d60 f   cl_input.obj
 0001:00008dc0       _IN_MLookUp                00409dc0 f   cl_input.obj
 0001:00008df0       _CL_InitInput              00409df0 f   cl_input.obj
 0001:000091d0       _Field_VariableSizeDraw    0040a1d0 f   cl_keys.obj
 0001:00009390       _Field_Draw                0040a390 f   cl_keys.obj
 0001:000093c0       _Field_BigDraw             0040a3c0 f   cl_keys.obj
 0001:000093f0       _Field_CharEvent           0040a3f0 f   cl_keys.obj
 0001:00009500       _Key_GetOverstrikeMode     0040a500 f   cl_keys.obj
 0001:00009510       _Key_SetOverstrikeMode     0040a510 f   cl_keys.obj
 0001:00009520       _Key_IsDown                0040a520 f   cl_keys.obj
 0001:00009540       _Key_StringToKeynum        0040a540 f   cl_keys.obj
 0001:000095c0       _Key_KeynumToString        0040a5c0 f   cl_keys.obj
 0001:00009670       _Key_SetBinding            0040a670 f   cl_keys.obj
 0001:000096c0       _Key_GetBinding            0040a6c0 f   cl_keys.obj
 0001:000096e0       _Key_GetKey                0040a6e0 f   cl_keys.obj
 0001:00009730       _Key_Unbind_f              0040a730 f   cl_keys.obj
 0001:000097b0       _Key_Unbindall_f           0040a7b0 f   cl_keys.obj
 0001:00009800       _Key_Bind_f                0040a800 f   cl_keys.obj
 0001:000099b0       _Key_WriteBindings         0040a9b0 f   cl_keys.obj
 0001:00009ac0       _Key_Bindlist_f            0040aac0 f   cl_keys.obj
 0001:00009bb0       _Key_KeynameCompletion     0040abb0 f   cl_keys.obj
 0001:00009c70       _CL_InitKeyCommands        0040ac70 f   cl_keys.obj
 0001:00009cd0       _CL_ParseBinding           0040acd0 f   cl_keys.obj
 0001:00009dd0       _Key_GetCatcher            0040add0 f   cl_keys.obj
 0001:00009de0       _CL_LoadConsoleHistory     0040ade0 f   cl_keys.obj
 0001:00009fc0       _CL_SaveConsoleHistory     0040afc0 f   cl_keys.obj
 0001:0000a110       _Field_Paste               0040b110 f   cl_keys.obj
 0001:0000a270       _Field_KeyDownEvent        0040b270 f   cl_keys.obj
 0001:0000a370       _Console_Key               0040b370 f   cl_keys.obj
 0001:0000a700       _Message_Key               0040b700 f   cl_keys.obj
 0001:0000a810       _CL_KeyDownEvent           0040b810 f   cl_keys.obj
 0001:0000aa40       _CL_KeyUpEvent             0040ba40 f   cl_keys.obj
 0001:0000aaf0       _CL_KeyEvent               0040baf0 f   cl_keys.obj
 0001:0000ab20       _CL_CharEvent              0040bb20 f   cl_keys.obj
 0001:0000ab90       _Key_ClearStates           0040bb90 f   cl_keys.obj
 0001:0000abd0       _Key_SetCatcher            0040bbd0 f   cl_keys.obj
 0001:0000abf0       _CL_CDDialog               0040bbf0 f   cl_main.obj
 0001:0000af90       _CL_AddReliableCommand     0040bf90 f   cl_main.obj
 0001:0000b000       _CL_WriteDemoMessage       0040c000 f   cl_main.obj
 0001:0000b060       _CL_StopRecord_f           0040c060 f   cl_main.obj
 0001:0000b0f0       _CL_DemoFilename           0040c0f0 f   cl_main.obj
 0001:0000b180       _CL_Record_f               0040c180 f   cl_main.obj
 0001:0000b770       _CL_NextDemo               0040c770 f   cl_main.obj
 0001:0000b800       _CL_ShutdownAll            0040c800 f   cl_main.obj
 0001:0000b840       _CL_ClearState             0040c840 f   cl_main.obj
 0001:0000b8d0       _CL_Disconnect             0040c8d0 f   cl_main.obj
 0001:0000bb00       _CL_ForwardCommandToServer 0040cb00 f   cl_main.obj
 0001:0000bb70       _CL_RequestMotd            0040cb70 f   cl_main.obj
 0001:0000bce0       _CL_RequestAuthorization   0040cce0 f   cl_main.obj
 0001:0000be50       _CL_ForwardToServer_f      0040ce50 f   cl_main.obj
 0001:0000bee0       _CL_Disconnect_f           0040cee0 f   cl_main.obj
 0001:0000bf20       _CL_Reconnect_f            0040cf20 f   cl_main.obj
 0001:0000bfa0       _CL_Connect_f              0040cfa0 f   cl_main.obj
 0001:0000c270       _CL_Rcon_f                 0040d270 f   cl_main.obj
 0001:0000c400       _CL_SendPureChecksums      0040d400 f   cl_main.obj
 0001:0000c4a0       _CL_ResetPureClientAtServer 0040d4a0 f   cl_main.obj
 0001:0000c500       _CL_Snd_Restart            0040d500 f   cl_main.obj
 0001:0000c510       _CL_OpenedPK3List_f        0040d510 f   cl_main.obj
 0001:0000c530       _CL_ReferencedPK3List_f    0040d530 f   cl_main.obj
 0001:0000c550       _CL_Configstrings_f        0040d550 f   cl_main.obj
 0001:0000c5a0       _CL_Clientinfo_f           0040d5a0 f   cl_main.obj
 0001:0000c5f0       _CL_BeginDownload          0040d5f0 f   cl_main.obj
 0001:0000c6e0       _CL_CheckForResend         0040d6e0 f   cl_main.obj
 0001:0000c940       _CL_DisconnectPacket       0040d940 f   cl_main.obj
 0001:0000c9c0       _CL_MotdPacket             0040d9c0 f   cl_main.obj
 0001:0000ca70       _CL_InitServerInfo         0040da70 f   cl_main.obj
 0001:0000cad0       _CL_ServersResponsePacket  0040dad0 f   cl_main.obj
 0001:0000cd30       _CL_CheckPaused            0040dd30 f   cl_main.obj
 0001:0000cd50       _CL_CheckUserinfo          0040dd50 f   cl_main.obj
 0001:0000cdf0       _CL_RefPrintf              0040ddf0 f   cl_main.obj
 0001:0000cea0       _CL_InitRenderer           0040dea0 f   cl_main.obj
 0001:0000cf00       _CL_StartHunkUsers         0040df00 f   cl_main.obj
 0001:0000cf80       _CL_RefMalloc              0040df80 f   cl_main.obj
 0001:0000cfa0       _CL_ScaledMilliseconds     0040dfa0 f   cl_main.obj
 0001:0000cfd0       _CL_InitRef                0040dfd0 f   cl_main.obj
 0001:0000d100       _CL_SetModel_f             0040e100 f   cl_main.obj
 0001:0000d190       _CL_Video_f                0040e190 f   cl_main.obj
 0001:0000d2f0       _CL_StopVideo_f            0040e2f0 f   cl_main.obj
 0001:0000d400       _CL_Shutdown               0040e400 f   cl_main.obj
 0001:0000d8b0       _CL_ServerInfoPacket       0040e8b0 f   cl_main.obj
 0001:0000dc00       _CL_GetServerStatus        0040ec00 f   cl_main.obj
 0001:0000dd20       _CL_ServerStatus           0040ed20 f   cl_main.obj
 0001:0000def0       _CL_ServerStatusResponse   0040eef0 f   cl_main.obj
 0001:0000e1e0       _CL_LocalServers_f         0040f1e0 f   cl_main.obj
 0001:0000e2d0       _CL_GlobalServers_f        0040f2d0 f   cl_main.obj
 0001:0000e490       _CL_GetPing                0040f490 f   cl_main.obj
 0001:0000e570       _CL_GetPingInfo            0040f570 f   cl_main.obj
 0001:0000e5c0       _CL_ClearPing              0040f5c0 f   cl_main.obj
 0001:0000e5e0       _CL_GetPingQueueCount      0040f5e0 f   cl_main.obj
 0001:0000e630       _CL_GetFreePing            0040f630 f   cl_main.obj
 0001:0000e6c0       _CL_Ping_f                 0040f6c0 f   cl_main.obj
 0001:0000e840       _CL_UpdateVisiblePings_f   0040f840 f   cl_main.obj
 0001:0000eb30       _CL_ServerStatus_f         0040fb30 f   cl_main.obj
 0001:0000ecd0       _CL_ShowIP_f               0040fcd0 f   cl_main.obj
 0001:0000ece0       _CL_CDKeyValidate          0040fce0 f   cl_main.obj
 0001:0000edd0       _CL_Voip_f                 0040fdd0 f   cl_main.obj
 0001:0000f170       _CL_DemoCompleted          00410170 f   cl_main.obj
 0001:0000f320       _CL_ReadDemoMessage        00410320 f   cl_main.obj
 0001:0000f440       _CL_PlayDemo_f             00410440 f   cl_main.obj
 0001:0000f670       _CL_FlushMemory            00410670 f   cl_main.obj
 0001:0000f740       _CL_MapLoading             00410740 f   cl_main.obj
 0001:0000f850       _CL_Vid_Restart_f          00410850 f   cl_main.obj
 0001:0000f990       _CL_Snd_Restart_f          00410990 f   cl_main.obj
 0001:0000f9a0       _CL_DownloadsComplete      004109a0 f   cl_main.obj
 0001:0000fab0       _CL_NextDownload           00410ab0 f   cl_main.obj
 0001:0000fc70       _CL_InitDownloads          00410c70 f   cl_main.obj
 0001:0000fd40       _CL_ConnectionlessPacket   00410d40 f   cl_main.obj
 0001:00010110       _CL_PacketEvent            00411110 f   cl_main.obj
 0001:00010230       _CL_CheckTimeout           00411230 f   cl_main.obj
 0001:000102c0       _CL_Frame                  004112c0 f   cl_main.obj
 0001:00010590       _CL_Init                   00411590 f   cl_main.obj
 0001:00010f50       _CL_Netchan_TransmitNextFragment 00411f50 f   cl_net_chan.obj
 0001:00010f60       _CL_Netchan_Transmit       00411f60 f   cl_net_chan.obj
 0001:00010f90       _CL_Netchan_Process        00411f90 f   cl_net_chan.obj
 0001:00010fd0       _CL_ParsePacketEntities    00411fd0 f   cl_parse.obj
 0001:00011320       _CL_ParseSnapshot          00412320 f   cl_parse.obj
 0001:000115f0       _CL_SystemInfoChanged      004125f0 f   cl_parse.obj
 0001:00011870       _CL_ParseGamestate         00412870 f   cl_parse.obj
 0001:00011aa0       _CL_ParseDownload          00412aa0 f   cl_parse.obj
 0001:000120d0       _CL_ParseServerMessage     004130d0 f   cl_parse.obj
 0001:000122e0       _SCR_AdjustFrom640         004132e0 f   cl_scrn.obj
 0001:00012350       _SCR_FillRect              00413350 f   cl_scrn.obj
 0001:00012400       _SCR_DrawPic               00413400 f   cl_scrn.obj
 0001:00012580       _SCR_DrawSmallChar         00413580 f   cl_scrn.obj
 0001:00012630       _SCR_DrawStringExt         00413630 f   cl_scrn.obj
 0001:000127b0       _SCR_DrawBigString         004137b0 f   cl_scrn.obj
 0001:00012810       _SCR_DrawSmallStringExt    00413810 f   cl_scrn.obj
 0001:00012990       _SCR_DrawDemoRecording     00413990 f   cl_scrn.obj
 0001:00012a40       _SCR_DrawVoipMeter         00413a40 f   cl_scrn.obj
 0001:00012b70       _SCR_DebugGraph            00413b70 f   cl_scrn.obj
 0001:00012bb0       _SCR_DrawDebugGraph        00413bb0 f   cl_scrn.obj
 0001:00012d10       _SCR_Init                  00413d10 f   cl_scrn.obj
 0001:00012da0       _SCR_DrawScreenField       00413da0 f   cl_scrn.obj
 0001:00012f90       _SCR_UpdateScreen          00413f90 f   cl_scrn.obj
 0001:000130b0       _LAN_LoadCachedServers     004140b0 f   cl_ui.obj
 0001:00013180       _LAN_SaveServersToCache    00414180 f   cl_ui.obj
 0001:00013b50       _CL_ShutdownUI             00414b50 f   cl_ui.obj
 0001:00013ba0       _UI_usesUniqueCDKey        00414ba0 f   cl_ui.obj
 0001:00013bc0       _UI_GameCommand            00414bc0 f   cl_ui.obj
 0001:00013d10       _CL_UISystemCalls          00414d10 f   cl_ui.obj
 0001:00014c50       _CL_InitUI                 00415c50 f   cl_ui.obj
 0001:00014d10       _CMod_LoadShaders          00415d10 f   cm_load.obj
 0001:00014da0       _CMod_LoadSubmodels        00415da0 f   cm_load.obj
 0001:00014f10       _CMod_LoadNodes            00415f10 f   cm_load.obj
 0001:00014fc0       _CMod_LoadBrushes          00415fc0 f   cm_load.obj
 0001:000150d0       _CMod_LoadLeafs            004160d0 f   cm_load.obj
 0001:000151d0       _CMod_LoadPlanes           004161d0 f   cm_load.obj
 0001:000152f0       _CMod_LoadLeafBrushes      004162f0 f   cm_load.obj
 0001:00015360       _CMod_LoadLeafSurfaces     00416360 f   cm_load.obj
 0001:000153d0       _CMod_LoadBrushSides       004163d0 f   cm_load.obj
 0001:00015480       _CMod_LoadVisibility       00416480 f   cm_load.obj
 0001:00015510       _CMod_LoadPatches          00416510 f   cm_load.obj
 0001:00015760       _CM_ClearMap               00416760 f   cm_load.obj
 0001:00015780       _CM_ClipHandleToModel      00416780 f   cm_load.obj
 0001:00015800       _CM_InlineModel            00416800 f   cm_load.obj
 0001:00015830       _CM_NumInlineModels        00416830 f   cm_load.obj
 0001:00015840       _CM_EntityString           00416840 f   cm_load.obj
 0001:00015850       _CM_LeafCluster            00416850 f   cm_load.obj
 0001:00015890       _CM_LeafArea               00416890 f   cm_load.obj
 0001:000158d0       _CM_InitBoxHull            004168d0 f   cm_load.obj
 0001:000159f0       _CM_TempBoxModel           004169f0 f   cm_load.obj
 0001:00015b30       _CM_ModelBounds            00416b30 f   cm_load.obj
 0001:00015b70       _CM_LoadMap                00416b70 f   cm_load.obj
 0001:00015e10       _CM_ClearLevelPatches      00416e10 f   cm_patch.obj
 0001:00016670       _CM_PlaneEqual             00417670 f   cm_patch.obj
 0001:00016770       _CM_SnapVector             00417770 f   cm_patch.obj
 0001:000167f0       _CM_FindPlane2             004177f0 f   cm_patch.obj
 0001:000170a0       _CM_AddFacetBevels         004180a0 f   cm_patch.obj
 0001:000180d0       _CM_GeneratePatchCollide   004190d0 f   cm_patch.obj
 0001:00018460       _CM_TracePointThroughPatchCollide 00419460 f   cm_patch.obj
 0001:00018890       _CM_CheckFacetPlane        00419890 f   cm_patch.obj
 0001:000189d0       _CM_TraceThroughPatchCollide 004199d0 f   cm_patch.obj
 0001:00018ec0       _CM_PositionTestInPatchCollide 00419ec0 f   cm_patch.obj
 0001:00019200       _CM_DrawDebugSurface       0041a200 f   cm_patch.obj
 0001:000196a0       _FreeWinding               0041a6a0 f   cm_polylib.obj
 0001:000196e0       _WindingBounds             0041a6e0 f   cm_polylib.obj
 0001:000197b0       _BaseWindingForPlane       0041a7b0 f   cm_polylib.obj
 0001:00019aa0       _CopyWinding               0041aaa0 f   cm_polylib.obj
 0001:00019b10       _ChopWindingInPlace        0041ab10 f   cm_polylib.obj
 0001:00019ea0       _CM_PointLeafnum_r         0041aea0 f   cm_test.obj
 0001:00019f10       _CM_PointLeafnum           0041af10 f   cm_test.obj
 0001:00019f30       _CM_StoreLeafs             0041af30 f   cm_test.obj
 0001:00019f70       _CM_BoxLeafnums_r          0041af70 f   cm_test.obj
 0001:00019ff0       _CM_BoxLeafnums            0041aff0 f   cm_test.obj
 0001:0001a080       _CM_ClusterPVS             0041b080 f   cm_test.obj
 0001:0001a0c0       _CM_FloodArea_r            0041b0c0 f   cm_test.obj
 0001:0001a140       _CM_FloodAreaConnections   0041b140 f   cm_test.obj
 0001:0001a1f0       _CM_AdjustAreaPortalState  0041b1f0 f   cm_test.obj
 0001:0001a2b0       _CM_AreasConnected         0041b2b0 f   cm_test.obj
 0001:0001a310       _CM_WriteAreaBits          0041b310 f   cm_test.obj
 0001:0001a3a0       _CM_BoundsIntersect        0041b3a0 f   cm_test.obj
 0001:0001a430       _CM_BoundsIntersectPoint   0041b430 f   cm_test.obj
 0001:0001a4c0       _CM_PointContents          0041b4c0 f   cm_test.obj
 0001:0001a6a0       _CM_TransformedPointContents 0041b6a0 f   cm_test.obj
 0001:0001a7b0       _CM_ProjectPointOntoVector 0041b7b0 f   cm_trace.obj
 0001:0001a840       _CM_DistanceFromLineSquared 0041b840 f   cm_trace.obj
 0001:0001a9b0       _SquareRootFloat           0041b9b0 f   cm_trace.obj
 0001:0001aa20       _CM_TestBoxInBrush         0041ba20 f   cm_trace.obj
 0001:0001ac40       _CM_TestInLeaf             0041bc40 f   cm_trace.obj
 0001:0001ad40       _CM_TestCapsuleInCapsule   0041bd40 f   cm_trace.obj
 0001:0001b080       _CM_TestBoundingBoxInCapsule 0041c080 f   cm_trace.obj
 0001:0001b1b0       _CM_PositionTest           0041c1b0 f   cm_trace.obj
 0001:0001b320       _CM_TraceThroughBrush      0041c320 f   cm_trace.obj
 0001:0001b7f0       _CM_TraceThroughLeaf       0041c7f0 f   cm_trace.obj
 0001:0001b940       _CM_TraceThroughSphere     0041c940 f   cm_trace.obj
 0001:0001bcb0       _CM_TraceThroughVerticalCylinder 0041ccb0 f   cm_trace.obj
 0001:0001c0c0       _CM_TraceCapsuleThroughCapsule 0041d0c0 f   cm_trace.obj
 0001:0001c3b0       _CM_TraceBoundingBoxThroughCapsule 0041d3b0 f   cm_trace.obj
 0001:0001c4e0       _CM_TraceThroughTree       0041d4e0 f   cm_trace.obj
 0001:0001c850       _CM_Trace                  0041d850 f   cm_trace.obj
 0001:0001ce70       _CM_BoxTrace               0041de70 f   cm_trace.obj
 0001:0001ceb0       _CM_TransformedBoxTrace    0041deb0 f   cm_trace.obj
 0001:0001d260       _Cbuf_Init                 0041e260 f   cmd.obj
 0001:0001d280       _Cbuf_AddText              0041e280 f   cmd.obj
 0001:0001d2e0       _Cbuf_InsertText           0041e2e0 f   cmd.obj
 0001:0001d360       _Cmd_Argc                  0041e360 f   cmd.obj
 0001:0001d370       _Cmd_Argv                  0041e370 f   cmd.obj
 0001:0001d390       _Cmd_ArgvBuffer            0041e390 f   cmd.obj
 0001:0001d3d0       _Cmd_Args                  0041e3d0 f   cmd.obj
 0001:0001d460       _Cmd_ArgsFrom              0041e460 f   cmd.obj
 0001:0001d4f0       _Cmd_ArgsBuffer            0041e4f0 f   cmd.obj
 0001:0001d510       _Cmd_Cmd                   0041e510 f   cmd.obj
 0001:0001d520       _Cmd_Args_Sanitize         0041e520 f   cmd.obj
 0001:0001d6d0       _Cmd_TokenizeString        0041e6d0 f   cmd.obj
 0001:0001d6f0       _Cmd_TokenizeStringIgnoreQuotes 0041e6f0 f   cmd.obj
 0001:0001d710       _Cmd_AddCommand            0041e710 f   cmd.obj
 0001:0001d7b0       _Cmd_SetCommandCompletionFunc 0041e7b0 f   cmd.obj
 0001:0001d7f0       _Cmd_RemoveCommand         0041e7f0 f   cmd.obj
 0001:0001d870       _Cmd_CommandCompletion     0041e870 f   cmd.obj
 0001:0001d8a0       _Cmd_CompleteArgument      0041e8a0 f   cmd.obj
 0001:0001d8f0       _Cmd_ExecuteString         0041e8f0 f   cmd.obj
 0001:0001d9d0       _Cmd_List_f                0041e9d0 f   cmd.obj
 0001:0001da50       _Cmd_CompleteCfgName       0041ea50 f   cmd.obj
 0001:0001da70       _Cmd_Wait_f                0041ea70 f   cmd.obj
 0001:0001daa0       _Cbuf_Execute              0041eaa0 f   cmd.obj
 0001:0001dc70       _Cmd_Exec_f                0041ec70 f   cmd.obj
 0001:0001dd50       _Cmd_Vstr_f                0041ed50 f   cmd.obj
 0001:0001dd90       _Cmd_Echo_f                0041ed90 f   cmd.obj
 0001:0001ddb0       _Cmd_Init                  0041edb0 f   cmd.obj
 0001:0001de70       _Cbuf_ExecuteText          0041ee70 f   cmd.obj
 0001:0001df00       _Com_BeginRedirect         0041ef00 f   common.obj
 0001:0001df30       _Com_EndRedirect           0041ef30 f   common.obj
 0001:0001df70       _Com_Printf                0041ef70 f   common.obj
 0001:0001e150       _Com_DPrintf               0041f150 f   common.obj
 0001:0001e1c0       _Com_ParseCommandLine      0041f1c0 f   common.obj
 0001:0001e230       _Com_SafeMode              0041f230 f   common.obj
 0001:0001e2b0       _Com_StartupVariable       0041f2b0 f   common.obj
 0001:0001e390       _Com_AddStartupCommands    0041f390 f   common.obj
 0001:0001e400       _Info_Print                0041f400 f   common.obj
 0001:0001e510       _Com_StringContains        0041f510 f   common.obj
 0001:0001e5d0       _Com_Filter                0041f5d0 f   common.obj
 0001:0001e820       _Com_FilterPath            0041f820 f   common.obj
 0001:0001eaf0       _Com_RealTime              0041faf0 f   common.obj
 0001:0001eb60       _Z_AvailableMemory         0041fb60 f   common.obj
 0001:0001eb70       _Com_Meminfo_f             0041fb70 f   common.obj
 0001:0001ede0       _Hunk_MemoryRemaining      0041fde0 f   common.obj
 0001:0001ee10       _Hunk_SetMark              0041fe10 f   common.obj
 0001:0001ee30       _Hunk_ClearToMark          0041fe30 f   common.obj
 0001:0001ee50       _Hunk_CheckMark            0041fe50 f   common.obj
 0001:0001ee70       _Hunk_Clear                0041fe70 f   common.obj
 0001:0001ef20       _Hunk_ClearTempMemory      0041ff20 f   common.obj
 0001:0001ef40       _Com_InitJournaling        0041ff40 f   common.obj
 0001:0001f020       _Com_RunAndTimeServerPacket 00420020 f   common.obj
 0001:0001f0a0       _Com_Setenv_f              004200a0 f   common.obj
 0001:0001f100       _Com_ExecuteCfg            00420100 f   common.obj
 0001:0001f150       _Com_GameRestart           00420150 f   common.obj
 0001:0001f1e0       _Com_GameRestart_f         004201e0 f   common.obj
 0001:0001f270       _Com_AppendCDKey           00420270 f   common.obj
 0001:0001f490       _Com_WriteConfigToFile     00420490 f   common.obj
 0001:0001f4e0       _Com_WriteConfiguration    004204e0 f   common.obj
 0001:0001f570       _Com_WriteConfig_f         00420570 f   common.obj
 0001:0001f640       _Com_ModifyMsec            00420640 f   common.obj
 0001:0001f710       _Com_Shutdown              00420710 f   common.obj
 0001:0001f750       _Q_acos                    00420750 f   common.obj
 0001:0001f790       _Field_Clear               00420790 f   common.obj
 0001:0001fa60       _Field_CompleteKeyname     00420a60 f   common.obj
 0001:0001fa90       _Field_CompleteFilename    00420a90 f   common.obj
 0001:0001fae0       _Field_CompleteCommand     00420ae0 f   common.obj
 0001:0001fc90       _Field_AutoComplete        00420c90 f   common.obj
 0001:0001fcb0       _Com_RandomBytes           00420cb0 f   common.obj
 0001:0001fd00       _Com_Error                 00420d00 f   common.obj
 0001:0001ff50       _Com_Quit_f                00420f50 f   common.obj
 0001:0001ffd0       _Z_Free                    00420fd0 f   common.obj
 0001:000200c0       _Z_TagMalloc               004210c0 f   common.obj
 0001:000201a0       _Z_Malloc                  004211a0 f   common.obj
 0001:000201d0       _S_Malloc                  004211d0 f   common.obj
 0001:000201f0       _Z_CheckHeap               004211f0 f   common.obj
 0001:00020270       _CopyString                00421270 f   common.obj
 0001:000202e0       _Com_TouchMemory           004212e0 f   common.obj
 0001:00020320       _Com_InitSmallZoneMemory   00421320 f   common.obj
 0001:000203b0       _Com_InitZoneMemory        004213b0 f   common.obj
 0001:00020470       _Com_InitHunkMemory        00421470 f   common.obj
 0001:00020560       _Hunk_Alloc                00421560 f   common.obj
 0001:00020680       _Hunk_AllocateTempMemory   00421680 f   common.obj
 0001:00020760       _Hunk_FreeTempMemory       00421760 f   common.obj
 0001:000207e0       _Com_QueueEvent            004217e0 f   common.obj
 0001:00020870       _Com_GetSystemEvent        00421870 f   common.obj
 0001:00020af0       _Com_GetRealEvent          00421af0 f   common.obj
 0001:00020c20       _Com_PushEvent             00421c20 f   common.obj
 0001:00020cc0       _Com_GetEvent              00421cc0 f   common.obj
 0001:00020d60       _Com_EventLoop             00421d60 f   common.obj
 0001:00021090       _Com_Milliseconds          00422090 f   common.obj
 0001:000211c0       _Com_Init                  004221c0 f   common.obj
 0001:00021810       _Com_Frame                 00422810 f   common.obj
 0001:00021aa0       _CON_LogSize               00422aa0 f   con_log.obj
 0001:00021af0       _CON_LogWrite              00422af0 f   con_log.obj
 0001:00021bf0       _CON_LogRead               00422bf0 f   con_log.obj
 0001:00021c80       _CON_Print                 00422c80 f   con_passive.obj
 0001:00021cf0       _Cvar_VariableValue        00422cf0 f   cvar.obj
 0001:00021d40       _Cvar_VariableIntegerValue 00422d40 f   cvar.obj
 0001:00021d90       _Cvar_VariableString       00422d90 f   cvar.obj
 0001:00021de0       _Cvar_VariableStringBuffer 00422de0 f   cvar.obj
 0001:00021e40       _Cvar_Flags                00422e40 f   cvar.obj
 0001:00021e90       _Cvar_CommandCompletion    00422e90 f   cvar.obj
 0001:00022130       _Cvar_Print                00423130 f   cvar.obj
 0001:000221b0       _Cvar_Set2                 004231b0 f   cvar.obj
 0001:000224f0       _Cvar_Set                  004234f0 f   cvar.obj
 0001:00022510       _Cvar_SetLatched           00423510 f   cvar.obj
 0001:00022530       _Cvar_SetValue             00423530 f   cvar.obj
 0001:000225b0       _Cvar_Reset                004235b0 f   cvar.obj
 0001:000225d0       _Cvar_SetCheatState        004235d0 f   cvar.obj
 0001:00022650       _Cvar_Command              00423650 f   cvar.obj
 0001:000226d0       _Cvar_Print_f              004236d0 f   cvar.obj
 0001:00022740       _Cvar_Toggle_f             00423740 f   cvar.obj
 0001:00022850       _Cvar_Set_f                00423850 f   cvar.obj
 0001:00022910       _Cvar_Reset_f              00423910 f   cvar.obj
 0001:00022940       _Cvar_WriteVariables       00423940 f   cvar.obj
 0001:00022aa0       _Cvar_List_f               00423aa0 f   cvar.obj
 0001:00022c30       _Cvar_Unset                00423c30 f   cvar.obj
 0001:00022ce0       _Cvar_Unset_f              00423ce0 f   cvar.obj
 0001:00022d70       _Cvar_Restart              00423d70 f   cvar.obj
 0001:00022dd0       _Cvar_Restart_f            00423dd0 f   cvar.obj
 0001:00022de0       _Cvar_InfoString           00423de0 f   cvar.obj
 0001:00022e30       _Cvar_InfoString_Big       00423e30 f   cvar.obj
 0001:00022e80       _Cvar_InfoStringBuffer     00423e80 f   cvar.obj
 0001:00022eb0       _Cvar_CheckRange           00423eb0 f   cvar.obj
 0001:00022ef0       _Cvar_Update               00423ef0 f   cvar.obj
 0001:00022fa0       _Cvar_CompleteCvarName     00423fa0 f   cvar.obj
 0001:00022fe0       _Cvar_Get                  00423fe0 f   cvar.obj
 0001:00023300       _Cvar_Register             00424300 f   cvar.obj
 0001:00023370       _Cvar_Init                 00424370 f   cvar.obj
 0001:000234c0       _FS_Initialized            004244c0 f   files.obj
 0001:000234d0       _FS_PakIsPure              004244d0 f   files.obj
 0001:00023510       _FS_LoadStack              00424510 f   files.obj
 0001:00023620       _FS_ForceFlush             00424620 f   files.obj
 0001:00023640       _FS_filelength             00424640 f   files.obj
 0001:000236e0       _FS_BuildOSPath            004246e0 f   files.obj
 0001:00023780       _FS_CreatePath             00424780 f   files.obj
 0001:000239c0       _FS_HomeRemove             004249c0 f   files.obj
 0001:00023a20       _FS_FileExists             00424a20 f   files.obj
 0001:00023a70       _FS_SV_FileExists          00424a70 f   files.obj
 0001:00023ad0       _FS_SV_FOpenFileWrite      00424ad0 f   files.obj
 0001:00023c20       _FS_SV_FOpenFileRead       00424c20 f   files.obj
 0001:00023df0       _FS_SV_Rename              00424df0 f   files.obj
 0001:00023f20       _FS_FCloseFile             00424f20 f   files.obj
 0001:00023fc0       _FS_FOpenFileWrite         00424fc0 f   files.obj
 0001:000240e0       _FS_FOpenFileAppend        004250e0 f   files.obj
 0001:00024200       _FS_FilenameCompare        00425200 f   files.obj
 0001:00024270       _FS_FOpenFileRead          00425270 f   files.obj
 0001:00024860       _FS_Read                   00425860 f   files.obj
 0001:00024940       _FS_Write                  00425940 f   files.obj
 0001:00024a00       _FS_Printf                 00425a00 f   files.obj
 0001:00024a70       _FS_Seek                   00425a70 f   files.obj
 0001:00024c50       _FS_FileIsInPAK            00425c50 f   files.obj
 0001:00024d70       _FS_FreeFile               00425d70 f   files.obj
 0001:00024dd0       _FS_WriteFile              00425dd0 f   files.obj
 0001:00025270       _FS_CompareZipChecksum     00426270 f   files.obj
 0001:00025330       _FS_ListFilteredFiles      00426330 f   files.obj
 0001:00025740       _FS_ListFiles              00426740 f   files.obj
 0001:00025760       _FS_FreeFileList           00426760 f   files.obj
 0001:00025860       _FS_GetModList             00426860 f   files.obj
 0001:00025ca0       _FS_Dir_f                  00426ca0 f   files.obj
 0001:00025d60       _FS_PathCmp                00426d60 f   files.obj
 0001:00025dd0       _FS_SortFileList           00426dd0 f   files.obj
 0001:00025ed0       _FS_NewDir_f               00426ed0 f   files.obj
 0001:00025fd0       _FS_Path_f                 00426fd0 f   files.obj
 0001:000260c0       _FS_TouchFile_f            004270c0 f   files.obj
 0001:00026130       _FS_AddGameDirectory       00427130 f   files.obj
 0001:000263c0       _FS_idPak                  004273c0 f   files.obj
 0001:00026440       _FS_CheckDirTraversal      00427440 f   files.obj
 0001:00026480       _FS_ComparePaks            00427480 f   files.obj
 0001:00026740       _FS_Shutdown               00427740 f   files.obj
 0001:00026b10       _FS_LoadedPakChecksums     00427b10 f   files.obj
 0001:00026b60       _FS_LoadedPakNames         00427b60 f   files.obj
 0001:00026bc0       _FS_LoadedPakPureChecksums 00427bc0 f   files.obj
 0001:00026c10       _FS_ReferencedPakChecksums 00427c10 f   files.obj
 0001:00026c80       _FS_ReferencedPakPureChecksums 00427c80 f   files.obj
 0001:00026da0       _FS_ReferencedPakNames     00427da0 f   files.obj
 0001:00026e70       _FS_ClearPakReferences     00427e70 f   files.obj
 0001:00026eb0       _FS_PureServerSetLoadedPaks 00427eb0 f   files.obj
 0001:00026fd0       _FS_PureServerSetReferencedPaks 00427fd0 f   files.obj
 0001:000270a0       _FS_FOpenFileByMode        004280a0 f   files.obj
 0001:000271c0       _FS_FTell                  004281c0 f   files.obj
 0001:00027200       _FS_Flush                  00428200 f   files.obj
 0001:00027220       _FS_FilenameCompletion     00428220 f   files.obj
 0001:00027330       _FS_Read2                  00428330 f   files.obj
 0001:000273a0       _FS_ReadFile               004283a0 f   files.obj
 0001:00027630       _FS_GetFileList            00428630 f   files.obj
 0001:00027730       _FS_InitFilesystem         00428730 f   files.obj
 0001:000277c0       _FS_Restart                004287c0 f   files.obj
 0001:00027900       _FS_ConditionalRestart     00428900 f   files.obj
 0001:00027950       _Huff_putBit               00428950 f   huffman.obj
 0001:00027990       _Huff_getBloc              00428990 f   huffman.obj
 0001:000279a0       _Huff_setBloc              004289a0 f   huffman.obj
 0001:000279b0       _Huff_getBit               004289b0 f   huffman.obj
 0001:00027b60       _Huff_addRef               00428b60 f   huffman.obj
 0001:00027d00       _Huff_Receive              00428d00 f   huffman.obj
 0001:00027d60       _Huff_offsetReceive        00428d60 f   huffman.obj
 0001:00027e70       _Huff_transmit             00428e70 f   huffman.obj
 0001:00028000       _Huff_offsetTransmit       00429000 f   huffman.obj
 0001:00028040       _Huff_Decompress           00429040 f   huffman.obj
 0001:000282d0       _Huff_Compress             004292d0 f   huffman.obj
 0001:00028440       _Huff_Init                 00429440 f   huffman.obj
 0001:00028e10       _Com_BlockChecksum         00429e10 f   md4.obj
 0001:00029660       _Com_MD5File               0042a660 f   md5.obj
 0001:00029820       _MSG_Clear                 0042a820 f   msg.obj
 0001:00029840       _MSG_Bitstream             0042a840 f   msg.obj
 0001:00029850       _MSG_BeginReadingOOB       0042a850 f   msg.obj
 0001:00029870       _MSG_Copy                  0042a870 f   msg.obj
 0001:000298c0       _MSG_WriteBits             0042a8c0 f   msg.obj
 0001:00029a40       _MSG_ReadBits              0042aa40 f   msg.obj
 0001:00029b90       _MSG_WriteByte             0042ab90 f   msg.obj
 0001:00029bb0       _MSG_WriteData             0042abb0 f   msg.obj
 0001:00029be0       _MSG_WriteShort            0042abe0 f   msg.obj
 0001:00029c00       _MSG_WriteLong             0042ac00 f   msg.obj
 0001:00029c20       _MSG_WriteString           0042ac20 f   msg.obj
 0001:00029d10       _MSG_WriteBigString        0042ad10 f   msg.obj
 0001:00029e00       _MSG_ReadByte              0042ae00 f   msg.obj
 0001:00029e30       _MSG_LookaheadByte         0042ae30 f   msg.obj
 0001:00029e90       _MSG_ReadShort             0042ae90 f   msg.obj
 0001:00029ec0       _MSG_ReadLong              0042aec0 f   msg.obj
 0001:00029ee0       _MSG_ReadString            0042aee0 f   msg.obj
 0001:00029f40       _MSG_ReadBigString         0042af40 f   msg.obj
 0001:00029fb0       _MSG_ReadStringLine        0042afb0 f   msg.obj
 0001:0002a020       _MSG_ReadData              0042b020 f   msg.obj
 0001:0002a060       _MSG_HashKey               0042b060 f   msg.obj
 0001:0002a0c0       _MSG_WriteDeltaUsercmdKey  0042b0c0 f   msg.obj
 0001:0002a330       _MSG_ReadDeltaUsercmdKey   0042b330 f   msg.obj
 0001:0002a570       _MSG_ReportChangeVectors_f 0042b570 f   msg.obj
 0001:0002a5a0       _MSG_WriteDeltaEntity      0042b5a0 f   msg.obj
 0001:0002a910       _MSG_ReadDeltaEntity       0042b910 f   msg.obj
 0001:0002abc0       _MSG_WriteDeltaPlayerstate 0042bbc0 f   msg.obj
 0001:0002b5a0       _MSG_ReadDeltaPlayerstate  0042c5a0 f   msg.obj
 0001:0002ba30       _MSG_initHuffman           0042ca30 f   msg.obj
 0001:0002ba90       _MSG_Init                  0042ca90 f   msg.obj
 0001:0002bad0       _MSG_InitOOB               0042cad0 f   msg.obj
 0001:0002bb10       _Netchan_Init              0042cb10 f   net_chan.obj
 0001:0002bb80       _Netchan_Setup             0042cb80 f   net_chan.obj
 0001:0002bbd0       _Netchan_Process           0042cbd0 f   net_chan.obj
 0001:0002beb0       _NET_GetLoopPacket         0042ceb0 f   net_chan.obj
 0001:0002c000       _NET_FlushPacketQueue      0042d000 f   net_chan.obj
 0001:0002c070       _NET_SendPacket            0042d070 f   net_chan.obj
 0001:0002c190       _NET_OutOfBandPrint        0042d190 f   net_chan.obj
 0001:0002c230       _NET_OutOfBandData         0042d230 f   net_chan.obj
 0001:0002c3f0       _NET_StringToAdr           0042d3f0 f   net_chan.obj
 0001:0002c570       _Netchan_TransmitNextFragment 0042d570 f   net_chan.obj
 0001:0002c6e0       _Netchan_Transmit          0042d6e0 f   net_chan.obj
 0001:0002c830       _IN6_IS_ADDR_UNSPECIFIED   0042d830 f i net_ip.obj
 0001:0002c880       _NET_ErrorString           0042d880 f   net_ip.obj
 0001:0002cd80       _Sys_StringToAdr           0042dd80 f   net_ip.obj
 0001:0002ce00       _NET_CompareBaseAdrMask    0042de00 f   net_ip.obj
 0001:0002cf40       _NET_CompareBaseAdr        0042df40 f   net_ip.obj
 0001:0002cf80       _NET_AdrToString           0042df80 f   net_ip.obj
 0001:0002d050       _NET_AdrToStringwPort      0042e050 f   net_ip.obj
 0001:0002d120       _NET_CompareAdr            0042e120 f   net_ip.obj
 0001:0002d180       _NET_IsLocalAddress        0042e180 f   net_ip.obj
 0001:0002d190       _Sys_GetPacket             0042e190 f   net_ip.obj
 0001:0002d4d0       _Sys_SendPacket            0042e4d0 f   net_ip.obj
 0001:0002d670       _Sys_IsLANAddress          0042e670 f   net_ip.obj
 0001:0002d800       _Sys_ShowIP                0042e800 f   net_ip.obj
 0001:0002d8b0       _NET_IPSocket              0042e8b0 f   net_ip.obj
 0001:0002da60       _NET_IP6Socket             0042ea60 f   net_ip.obj
 0001:0002dc70       _NET_SetMulticast6         0042ec70 f   net_ip.obj
 0001:0002dd50       _NET_JoinMulticast6        0042ed50 f   net_ip.obj
 0001:0002de70       _NET_LeaveMulticast6       0042ee70 f   net_ip.obj
 0001:0002dec0       _NET_OpenSocks             0042eec0 f   net_ip.obj
 0001:0002e540       _NET_OpenIP                0042f540 f   net_ip.obj
 0001:0002e820       _NET_Config                0042f820 f   net_ip.obj
 0001:0002e900       _NET_Sleep                 0042f900 f   net_ip.obj
 0001:0002ea00       _NET_Restart_f             0042fa00 f   net_ip.obj
 0001:0002ea10       _NET_Init                  0042fa10 f   net_ip.obj
 0001:0002f3f0       _puff                      004303f0 f   puff.obj
 0001:0002f560       _Q_random                  00430560 f   q_math.obj
 0001:0002f590       _ClampChar                 00430590 f   q_math.obj
 0001:0002f5b0       _ColorBytes4               004305b0 f   q_math.obj
 0001:0002f650       _vectoangles               00430650 f   q_math.obj
 0001:0002f770       _AxisClear                 00430770 f   q_math.obj
 0001:0002f7a0       _AxisCopy                  004307a0 f   q_math.obj
 0001:0002f7e0       _ProjectPointOnPlane       004307e0 f   q_math.obj
 0001:0002f880       _VectorRotate              00430880 f   q_math.obj
 0001:0002f8e0       _Q_rsqrt                   004308e0 f   q_math.obj
 0001:0002f930       _Q_fabs                    00430930 f   q_math.obj
 0001:0002f950       _SetPlaneSignbits          00430950 f   q_math.obj
 0001:0002f990       _BoxOnPlaneSide            00430990 f   q_math.obj
 0001:0002fa80       _RadiusFromBounds          00430a80 f   q_math.obj
 0001:0002fb50       _ClearBounds               00430b50 f   q_math.obj
 0001:0002fb80       _AddPointToBounds          00430b80 f   q_math.obj
 0001:0002fc10       _VectorNormalize           00430c10 f   q_math.obj
 0001:0002fc80       _VectorNormalize2          00430c80 f   q_math.obj
 0001:0002fd00       _MatrixMultiply            00430d00 f   q_math.obj
 0001:0002fdf0       _AngleVectors              00430df0 f   q_math.obj
 0001:0002ff50       _PerpendicularVector       00430f50 f   q_math.obj
 0001:00030050       _Q_isnan                   00431050 f   q_math.obj
 0001:00030070       _PlaneFromPoints           00431070 f   q_math.obj
 0001:00030140       _RotatePointAroundVector   00431140 f   q_math.obj
 0001:00030310       _MakeNormalVectors         00431310 f   q_math.obj
 0001:000303c0       _Com_Clamp                 004313c0 f   q_shared.obj
 0001:000303f0       _COM_SkipPath              004313f0 f   q_shared.obj
 0001:00030420       _COM_GetExtension          00431420 f   q_shared.obj
 0001:00030470       _ShortSwap                 00431470 f   q_shared.obj
 0001:00030490       _LongSwap                  00431490 f   q_shared.obj
 0001:000304c0       _COM_Compress              004314c0 f   q_shared.obj
 0001:000305c0       _COM_ParseExt              004315c0 f   q_shared.obj
 0001:00030720       _SkipBracedSection         00431720 f   q_shared.obj
 0001:00030860       _SkipRestOfLine            00431860 f   q_shared.obj
 0001:00030890       _Com_HexStrToInt           00431890 f   q_shared.obj
 0001:00030920       _Q_strrchr                 00431920 f   q_shared.obj
 0001:00030950       _Q_isanumber               00431950 f   q_shared.obj
 0001:00030980       _Q_isintegral              00431980 f   q_shared.obj
 0001:000309b0       _Q_strncpyz                004319b0 f   q_shared.obj
 0001:00030a10       _Q_stricmpn                00431a10 f   q_shared.obj
 0001:00030a90       _Q_strncmp                 00431a90 f   q_shared.obj
 0001:00030ad0       _Q_stricmp                 00431ad0 f   q_shared.obj
 0001:00030b00       _Q_strlwr                  00431b00 f   q_shared.obj
 0001:00030b30       _Q_strcat                  00431b30 f   q_shared.obj
 0001:00030b80       _Q_stristr                 00431b80 f   q_shared.obj
 0001:00030c60       _Q_CleanStr                00431c60 f   q_shared.obj
 0001:00030cc0       _Q_CountChar               00431cc0 f   q_shared.obj
 0001:00030cf0       _Com_sprintf               00431cf0 f   q_shared.obj
 0001:00030db0       _va                        00431db0 f   q_shared.obj
 0001:00030df0       _Com_TruncateLongString    00431df0 f   q_shared.obj
 0001:00030f40       _Info_ValueForKey          00431f40 f   q_shared.obj
 0001:00031060       _Info_NextPair             00432060 f   q_shared.obj
 0001:000310c0       _Info_RemoveKey_Big        004320c0 f   q_shared.obj
 0001:000311e0       _Info_SetValueForKey       004321e0 f   q_shared.obj
 0001:00031450       _Info_SetValueForKey_Big   00432450 f   q_shared.obj
 0001:000315d0       _Com_SkipCharset           004325d0 f   q_shared.obj
 0001:00031640       _Com_SkipTokens            00432640 f   q_shared.obj
 0001:00031730       _COM_StripExtension        00432730 f   q_shared.obj
 0001:00031780       _COM_DefaultExtension      00432780 f   q_shared.obj
 0001:00031820       _COM_Parse                 00432820 f   q_shared.obj
 0001:00031890       _QAL_Shutdown              00432890 f   qal.obj
 0001:00031a70       _QAL_Init                  00432a70 f   qal.obj
 0001:00031f30       _GLimp_SetGamma            00432f30 f   sdl_gamma.obj
 0001:000320a0       _GLimp_Shutdown            004330a0 f   sdl_glimp.obj
 0001:00032cf0       _GLimp_Init                00433cf0 f   sdl_glimp.obj
 0001:00032f70       _GLimp_EndFrame            00433f70 f   sdl_glimp.obj
 0001:00033050       _GLimp_SpawnRenderThread   00434050 f   sdl_glimp.obj
 0001:00034320       _IN_Frame                  00435320 f   sdl_input.obj
 0001:000343c0       _IN_Init                   004353c0 f   sdl_input.obj
 0001:00034530       _IN_Shutdown               00435530 f   sdl_input.obj
 0001:00034570       _IN_Restart                00435570 f   sdl_input.obj
 0001:00034710       _SNDDMA_Init               00435710 f   sdl_snd.obj
 0001:00034b10       _SNDDMA_GetDMAPos          00435b10 f   sdl_snd.obj
 0001:00034b20       _SNDDMA_Shutdown           00435b20 f   sdl_snd.obj
 0001:00034b70       _SNDDMA_Submit             00435b70 f   sdl_snd.obj
 0001:00034b80       _SNDDMA_BeginPainting      00435b80 f   sdl_snd.obj
 0001:00034b90       _S_AdpcmDecode             00435b90 f   snd_adpcm.obj
 0001:00034ca0       _S_AdpcmGetSamples         00435ca0 f   snd_adpcm.obj
 0001:00034ce0       _S_AdpcmEncodeSound        00435ce0 f   snd_adpcm.obj
 0001:00034f60       _S_CodecShutdown           00435f60 f   snd_codec.obj
 0001:00034f70       _S_CodecLoad               00435f70 f   snd_codec.obj
 0001:00034ff0       _S_CodecOpenStream         00435ff0 f   snd_codec.obj
 0001:00035070       _S_CodecCloseStream        00436070 f   snd_codec.obj
 0001:00035090       _S_CodecReadStream         00436090 f   snd_codec.obj
 0001:000350b0       _S_CodecUtilOpen           004360b0 f   snd_codec.obj
 0001:00035120       _S_CodecUtilClose          00436120 f   snd_codec.obj
 0001:00035150       _S_CodecInit               00436150 f   snd_codec.obj
 0001:00035170       _S_OGG_Callback_read       00436170 f   snd_codec_ogg.obj
 0001:000351f0       _S_OGG_Callback_seek       004361f0 f   snd_codec_ogg.obj
 0001:000352b0       _S_OGG_Callback_tell       004362b0 f   snd_codec_ogg.obj
 0001:000352e0       _S_OGG_CodecOpenStream     004362e0 f   snd_codec_ogg.obj
 0001:00035470       _S_OGG_CodecCloseStream    00436470 f   snd_codec_ogg.obj
 0001:000354a0       _S_OGG_CodecReadStream     004364a0 f   snd_codec_ogg.obj
 0001:00035520       _S_OGG_CodecLoad           00436520 f   snd_codec_ogg.obj
 0001:000357c0       _S_WAV_CodecLoad           004367c0 f   snd_codec_wav.obj
 0001:00035880       _S_WAV_CodecOpenStream     00436880 f   snd_codec_wav.obj
 0001:000358d0       _S_WAV_CodecCloseStream    004368d0 f   snd_codec_wav.obj
 0001:000358f0       _S_WAV_CodecReadStream     004368f0 f   snd_codec_wav.obj
 0001:00035980       _S_Base_SoundInfo          00436980 f   snd_dma.obj
 0001:00035a60       _CON_Input                 00436a60 f   con_passive.obj
 0001:00035a60       _jpeg_mem_init             00436a60 f   jmemnobs.obj
 0001:00035a60       _GLimp_RendererSleep       00436a60 f   sdl_glimp.obj
 0001:00035a60       _AAS_BSPLinkEntity         00436a60 f   be_aas_bspq3.obj
 0001:00035a60       _S_OGG_Callback_close      00436a60 f   snd_codec_ogg.obj
 0001:00035a60       _BotExportTest             00436a60 f   be_interface.obj
 0001:00035a70       _S_Base_SoundList          00436a70 f   snd_dma.obj
 0001:00035b80       _S_ChannelSetup            00436b80 f   snd_dma.obj
 0001:00035d30       _S_memoryLoad              00436d30 f   snd_dma.obj
 0001:00035d60       _S_SpatializeOrigin        00436d60 f   snd_dma.obj
 0001:00035ea0       _S_Base_StartSound         00436ea0 f   snd_dma.obj
 0001:000362c0       _S_Base_StartLocalSound    004372c0 f   snd_dma.obj
 0001:00036310       _S_Base_ClearSoundBuffer   00437310 f   snd_dma.obj
 0001:000363b0       _S_Base_StopLoopingSound   004373b0 f   snd_dma.obj
 0001:000363e0       _S_Base_ClearLoopingSounds 004373e0 f   snd_dma.obj
 0001:00036490       _S_Base_AddLoopingSound    00437490 f   snd_dma.obj
 0001:000366b0       _S_Base_AddRealLoopingSound 004376b0 f   snd_dma.obj
 0001:000367a0       _S_AddLoopSounds           004377a0 f   snd_dma.obj
 0001:00036900       _S_Base_RawSamples         00437900 f   snd_dma.obj
 0001:00036c20       _S_Base_UpdateEntityPosition 00437c20 f   snd_dma.obj
 0001:00036c80       _S_Base_Respatialize       00437c80 f   snd_dma.obj
 0001:00036db0       _S_ScanChannelStarts       00437db0 f   snd_dma.obj
 0001:00036f50       _S_Base_StopBackgroundTrack 00437f50 f   snd_dma.obj
 0001:00036f80       _S_Base_StartBackgroundTrack 00437f80 f   snd_dma.obj
 0001:00037060       _S_UpdateBackgroundTrack   00438060 f   snd_dma.obj
 0001:000371e0       _S_FreeOldestSound         004381e0 f   snd_dma.obj
 0001:00037260       _S_Base_Shutdown           00438260 f   snd_dma.obj
 0001:00037290       _S_Base_RegisterSound      00438290 f   snd_dma.obj
 0001:00037340       _S_Base_BeginRegistration  00438340 f   snd_dma.obj
 0001:000373a0       _S_Base_StopAllSounds      004383a0 f   snd_dma.obj
 0001:000373e0       _S_GetSoundtime            004383e0 f   snd_dma.obj
 0001:000374c0       _S_Update_                 004384c0 f   snd_dma.obj
 0001:000375f0       _S_Base_DisableSounds      004385f0 f   snd_dma.obj
 0001:00037630       _S_Base_Update             00438630 f   snd_dma.obj
 0001:000376c0       _S_Base_Init               004386c0 f   snd_dma.obj
 0001:00037920       _S_StartSound              00438920 f   snd_main.obj
 0001:00037940       _S_StartLocalSound         00438940 f   snd_main.obj
 0001:00037960       _S_StartBackgroundTrack    00438960 f   snd_main.obj
 0001:00037980       _S_StopMusic_f             00438980 f   snd_main.obj
 0001:00037980       _S_StopBackgroundTrack     00438980 f   snd_main.obj
 0001:00037990       _S_RawSamples              00438990 f   snd_main.obj
 0001:000379d0       _S_StopAllSounds           004389d0 f   snd_main.obj
 0001:000379e0       _S_ClearLoopingSounds      004389e0 f   snd_main.obj
 0001:00037a00       _S_AddLoopingSound         00438a00 f   snd_main.obj
 0001:00037a20       _S_AddRealLoopingSound     00438a20 f   snd_main.obj
 0001:00037a40       _S_StopLoopingSound        00438a40 f   snd_main.obj
 0001:00037a60       _S_Respatialize            00438a60 f   snd_main.obj
 0001:00037a80       _S_UpdateEntityPosition    00438a80 f   snd_main.obj
 0001:00037aa0       _S_Update                  00438aa0 f   snd_main.obj
 0001:00037b40       _S_DisableSounds           00438b40 f   snd_main.obj
 0001:00037b50       _S_BeginRegistration       00438b50 f   snd_main.obj
 0001:00037b60       _S_RegisterSound           00438b60 f   snd_main.obj
 0001:00037b80       _S_ClearSoundBuffer        00438b80 f   snd_main.obj
 0001:00037b90       _S_SoundInfo               00438b90 f   snd_main.obj
 0001:00037ba0       _S_SoundList               00438ba0 f   snd_main.obj
 0001:00037bb0       _S_StartCapture            00438bb0 f   snd_main.obj
 0001:00037bc0       _S_AvailableCaptureSamples 00438bc0 f   snd_main.obj
 0001:00037bd0       _S_Capture                 00438bd0 f   snd_main.obj
 0001:00037bf0       _S_StopCapture             00438bf0 f   snd_main.obj
 0001:00037c00       _S_MasterGain              00438c00 f   snd_main.obj
 0001:00037c20       _S_Play_f                  00438c20 f   snd_main.obj
 0001:00037d00       _S_Music_f                 00438d00 f   snd_main.obj
 0001:00037d60       _S_Init                    00438d60 f   snd_main.obj
 0001:00037f40       _S_Shutdown                00438f40 f   snd_main.obj
 0001:00037fa0       _SND_free                  00438fa0 f   snd_mem.obj
 0001:00037fc0       _SND_malloc                00438fc0 f   snd_mem.obj
 0001:00038010       _SND_setup                 00439010 f   snd_mem.obj
 0001:00038210       _S_LoadSound               00439210 f   snd_mem.obj
 0001:00038340       _S_DisplayFreeMemory       00439340 f   snd_mem.obj
 0001:00038360       _S_WriteLinearBlastStereo16 00439360 f   snd_mix.obj
 0001:000383e0       _S_TransferStereo16        004393e0 f   snd_mix.obj
 0001:00038480       _S_TransferPaintBuffer     00439480 f   snd_mix.obj
 0001:00038900       _S_PaintChannelFromWavelet 00439900 f   snd_mix.obj
 0001:00038a10       _S_PaintChannelFromADPCM   00439a10 f   snd_mix.obj
 0001:00038b40       _S_PaintChannelFromMuLaw   00439b40 f   snd_mix.obj
 0001:00038cc0       _S_PaintChannels           00439cc0 f   snd_mix.obj
 0001:0003b650       _S_AL_StopCapture          0043c650 f   snd_openal.obj
 0001:0003b670       _S_AL_MasterGain           0043c670 f   snd_openal.obj
 0001:0003b810       _S_AL_Init                 0043c810 f   snd_openal.obj
 0001:0003bd20       _daub4                     0043cd20 f   snd_wavelet.obj
 0001:0003c0e0       _decodeWavelet             0043d0e0 f   snd_wavelet.obj
 0001:0003c220       _SV_BotAllocateClient      0043d220 f   sv_bot.obj
 0001:0003c290       _SV_BotFreeClient          0043d290 f   sv_bot.obj
 0001:0003c2f0       _BotDrawDebugPolygons      0043d2f0 f   sv_bot.obj
 0001:0003c890       _BotImport_DebugPolygonCreate 0043d890 f   sv_bot.obj
 0001:0003c930       _BotImport_DebugPolygonDelete 0043d930 f   sv_bot.obj
 0001:0003cb40       _SV_BotFrame               0043db40 f   sv_bot.obj
 0001:0003cb70       _SV_BotLibSetup            0043db70 f   sv_bot.obj
 0001:0003cba0       _SV_BotLibShutdown         0043dba0 f   sv_bot.obj
 0001:0003cbc0       _SV_BotInitCvars           0043dbc0 f   sv_bot.obj
 0001:0003ce00       _SV_BotInitBotLib          0043de00 f   sv_bot.obj
 0001:0003cef0       _SV_BotGetConsoleMessage   0043def0 f   sv_bot.obj
 0001:0003cf60       _SV_BotGetSnapshotEntity   0043df60 f   sv_bot.obj
 0001:0003e9f0       _SV_Heartbeat_f            0043f9f0 f   sv_ccmds.obj
 0001:0003ead0       _SV_AddOperatorCommands    0043fad0 f   sv_ccmds.obj
 0001:0003ecc0       _CON_Shutdown              0043fcc0 f   con_passive.obj
 0001:0003ecc0       _CON_Init                  0043fcc0 f   con_passive.obj
 0001:0003ecc0       _EA_EndRegular             0043fcc0 f   be_ea.obj
 0001:0003ecc0       _PrintUsedMemorySize       0043fcc0 f   l_memory.obj
 0001:0003ecc0       _GLimp_WakeRenderer        0043fcc0 f   sdl_glimp.obj
 0001:0003ecc0       _jpeg_mem_term             0043fcc0 f   jmemnobs.obj
 0001:0003ecc0       _AAS_UnlinkFromBSPLeaves   0043fcc0 f   be_aas_bspq3.obj
 0001:0003ecc0       _vbr_destroy               0043fcc0 f   vbr.obj
 0001:0003ecc0       _PrintMemoryLabels         0043fcc0 f   l_memory.obj
 0001:0003ecc0       _SV_RemoveOperatorCommands 0043fcc0 f   sv_ccmds.obj
 0001:0003ecc0       _GLimp_LogComment          0043fcc0 f   sdl_glimp.obj
 0001:0003ecc0       _GLimp_FrontEndSleep       0043fcc0 f   sdl_glimp.obj
 0001:0003ecd0       _SV_GetChallenge           0043fcd0 f   sv_client.obj
 0001:0003f050       _SV_AuthorizeIpPacket      00440050 f   sv_client.obj
 0001:0003f480       _SV_ClientEnterWorld       00440480 f   sv_client.obj
 0001:0003f680       _SV_WriteDownloadToClient  00440680 f   sv_client.obj
 0001:0003fcf0       _SV_WriteVoipToClient      00440cf0 f   sv_client.obj
 0001:0003ff90       _SV_ExecuteClientCommand   00440f90 f   sv_client.obj
 0001:00040090       _SV_ClientThink            00441090 f   sv_client.obj
 0001:000403c0       _SV_DropClient             004413c0 f   sv_client.obj
 0001:00040930       _SV_UserinfoChanged        00441930 f   sv_client.obj
 0001:00040f90       _SV_ExecuteClientMessage   00441f90 f   sv_client.obj
 0001:00041170       _SV_DirectConnect          00442170 f   sv_client.obj
 0001:00041ab0       _SV_GentityNum             00442ab0 f   sv_game.obj
 0001:00041ad0       _SV_GameClientNum          00442ad0 f   sv_game.obj
 0001:00041af0       _SV_SvEntityForGentity     00442af0 f   sv_game.obj
 0001:00041b30       _SV_GEntityForSvEntity     00442b30 f   sv_game.obj
 0001:00041b60       _SV_GameSendServerCommand  00442b60 f   sv_game.obj
 0001:00041bb0       _SV_GameDropClient         00442bb0 f   sv_game.obj
 0001:00041be0       _SV_SetBrushModel          00442be0 f   sv_game.obj
 0001:00041cb0       _SV_inPVS                  00442cb0 f   sv_game.obj
 0001:00041d40       _SV_inPVSIgnorePortals     00442d40 f   sv_game.obj
 0001:00041da0       _SV_AdjustAreaPortalState  00442da0 f   sv_game.obj
 0001:00041e00       _SV_EntityContact          00442e00 f   sv_game.obj
 0001:00041e70       _SV_GetServerinfo          00442e70 f   sv_game.obj
 0001:00041eb0       _SV_LocateGameData         00442eb0 f   sv_game.obj
 0001:00041ee0       _SV_GetUsercmd             00442ee0 f   sv_game.obj
 0001:00041f50       _SV_GameSystemCalls        00442f50 f   sv_game.obj
 0001:00044300       _SV_ShutdownGameProgs      00445300 f   sv_game.obj
 0001:000443a0       _SV_RestartGameProgs       004453a0 f   sv_game.obj
 0001:000443f0       _SV_InitGameProgs          004453f0 f   sv_game.obj
 0001:00044460       _SV_GameCommand            00445460 f   sv_game.obj
 0001:00044580       _SV_UpdateConfigstrings    00445580 f   sv_init.obj
 0001:000446c0       _SV_SetConfigstring        004456c0 f   sv_init.obj
 0001:000447c0       _SV_GetConfigstring        004457c0 f   sv_init.obj
 0001:00044830       _SV_SetUserinfo            00445830 f   sv_init.obj
 0001:000448b0       _SV_GetUserinfo            004458b0 f   sv_init.obj
 0001:00044a70       _SV_ChangeMaxClients       00445a70 f   sv_init.obj
 0001:00044c80       _SV_SpawnServer            00445c80 f   sv_init.obj
 0001:00045180       _SV_Init                   00446180 f   sv_init.obj
 0001:00045560       _SV_FinalMessage           00446560 f   sv_init.obj
 0001:000455f0       _SV_Shutdown               004465f0 f   sv_init.obj
 0001:00045710       _SV_AddServerCommand       00446710 f   sv_main.obj
 0001:000457c0       _SV_SendServerCommand      004467c0 f   sv_main.obj
 0001:000458d0       _SV_MasterHeartbeat        004468d0 f   sv_main.obj
 0001:00045b30       _SV_MasterShutdown         00446b30 f   sv_main.obj
 0001:000460a0       _SVC_Info                  004470a0 f   sv_main.obj
 0001:000467e0       _SV_PacketEvent            004477e0 f   sv_main.obj
 0001:00046bd0       _SV_Frame                  00447bd0 f   sv_main.obj
 0001:00046fa0       _SV_Netchan_TransmitNextFragment 00447fa0 f   sv_net_chan.obj
 0001:00047070       _SV_Netchan_Transmit       00448070 f   sv_net_chan.obj
 0001:00047110       _SV_Netchan_Process        00448110 f   sv_net_chan.obj
 0001:000473d0       _SV_UpdateServerCommandsToClient 004483d0 f   sv_snapshot.obj
 0001:00047a60       _SV_SendMessageToClient    00448a60 f   sv_snapshot.obj
 0001:00047bd0       _SV_SendClientSnapshot     00448bd0 f   sv_snapshot.obj
 0001:00047cc0       _SV_SendClientMessages     00448cc0 f   sv_snapshot.obj
 0001:00047d40       _SV_ClipHandleForEntity    00448d40 f   sv_world.obj
 0001:00047da0       _SV_SectorList_f           00448da0 f   sv_world.obj
 0001:00047f00       _SV_ClearWorld             00448f00 f   sv_world.obj
 0001:00047f60       _SV_UnlinkEntity           00448f60 f   sv_world.obj
 0001:00047fd0       _SV_LinkEntity             00448fd0 f   sv_world.obj
 0001:00048550       _SV_AreaEntities           00449550 f   sv_world.obj
 0001:00048590       _SV_ClipToEntity           00449590 f   sv_world.obj
 0001:00048810       _SV_Trace                  00449810 f   sv_world.obj
 0001:000489a0       _SV_PointContents          004499a0 f   sv_world.obj
 0001:00048ae0       _Sys_DefaultInstallPath    00449ae0 f   sys_main.obj
 0001:00048b00       _Sys_In_Restart_f          00449b00 f   sys_main.obj
 0001:00048b10       _Sys_ConsoleInput          00449b10 f   sys_main.obj
 0001:00048b20       _Sys_WritePIDFile          00449b20 f   sys_main.obj
 0001:00048c20       _Sys_Quit                  00449c20 f   sys_main.obj
 0001:00048c50       _Sys_GetProcessorFeatures  00449c50 f   sys_main.obj
 0001:00048cc0       _Sys_Init                  00449cc0 f   sys_main.obj
 0001:00048d00       _Sys_AnsiColorPrint        00449d00 f   sys_main.obj
 0001:00048e00       _Sys_Print                 00449e00 f   sys_main.obj
 0001:00048e20       _Sys_Error                 00449e20 f   sys_main.obj
 0001:00048e80       _Sys_UnloadDll             00449e80 f   sys_main.obj
 0001:00048f30       _Sys_LoadDll               00449f30 f   sys_main.obj
 0001:000490a0       _Sys_ParseArgs             0044a0a0 f   sys_main.obj
 0001:00049170       _Sys_SigHandler            0044a170 f   sys_main.obj
 0001:00049220       _SDL_main                  0044a220 f   sys_main.obj
 0001:00049410       _Sys_DefaultHomePath       0044a410 f   sys_win32.obj
 0001:00049500       _Sys_TempPath              0044a500 f   sys_win32.obj
 0001:00049530       _Sys_Milliseconds          0044a530 f   sys_win32.obj
 0001:00049560       _Sys_SnapVector            0044a560 f   sys_win32.obj
 0001:000495a0       _Sys_RandomBytes           0044a5a0 f   sys_win32.obj
 0001:00049600       _Sys_GetCurrentUser        0044a600 f   sys_win32.obj
 0001:00049670       _Sys_GetClipboardData      0044a670 f   sys_win32.obj
 0001:000496f0       _Sys_LowPhysicalMemory     0044a6f0 f   sys_win32.obj
 0001:00049730       _Sys_Dirname               0044a730 f   sys_win32.obj
 0001:00049780       _Sys_Mkdir                 0044a780 f   sys_win32.obj
 0001:000497b0       _Sys_Cwd                   0044a7b0 f   sys_win32.obj
 0001:000497d0       _Sys_ListFilteredFiles     0044a7d0 f   sys_win32.obj
 0001:00049a40       _Sys_ListFiles             0044aa40 f   sys_win32.obj
 0001:00049cb0       _Sys_FreeFileList          0044acb0 f   sys_win32.obj
 0001:00049cf0       _Sys_Sleep                 0044acf0 f   sys_win32.obj
 0001:00049d10       _Sys_Dialog                0044ad10 f   sys_win32.obj
 0001:00049d80       _Sys_GLimpSafeInit         0044ad80 f   sys_win32.obj
 0001:00049da0       _Sys_GLimpInit             0044ada0 f   sys_win32.obj
 0001:00049de0       _Sys_PlatformInit          0044ade0 f   sys_win32.obj
 0001:00049e70       _Sys_SetEnv                0044ae70 f   sys_win32.obj
 0001:00049e90       _Sys_PID                   0044ae90 f   sys_win32.obj
 0001:00049ea0       _Sys_PIDIsRunning          0044aea0 f   sys_win32.obj
 0001:00049f20       _Sys_ErrorDialog           0044af20 f   sys_win32.obj
 0001:0004a320       _unzGetGlobalInfo          0044b320 f   unzip.obj
 0001:0004a700       _unzGetCurrentFileInfo     0044b700 f   unzip.obj
 0001:0004a730       _unzGoToFirstFile          0044b730 f   unzip.obj
 0001:0004a780       _unzGoToNextFile           0044b780 f   unzip.obj
 0001:0004aa20       _unzReadCurrentFile        0044ba20 f   unzip.obj
 0001:0004ac00       _unztell                   0044bc00 f   unzip.obj
 0001:0004ac20       _unzCloseCurrentFile       0044bc20 f   unzip.obj
 0001:0004acc0       _unzGetOffset              0044bcc0 f   unzip.obj
 0001:0004ad00       _unzSetOffset              0044bd00 f   unzip.obj
 0001:0004ad50       _unzOpen2                  0044bd50 f   unzip.obj
 0001:0004aff0       _unzOpen                   0044bff0 f   unzip.obj
 0001:0004b010       _unzClose                  0044c010 f   unzip.obj
 0001:0004b050       _unzOpenCurrentFile3       0044c050 f   unzip.obj
 0001:0004b210       _unzOpenCurrentFile        0044c210 f   unzip.obj
 0001:0004b230       _fopen_file_func           0044c230 f   ioapi.obj
 0001:0004b280       _fread_file_func           0044c280 f   ioapi.obj
 0001:0004b2a0       _fwrite_file_func          0044c2a0 f   ioapi.obj
 0001:0004b2c0       _ftell_file_func           0044c2c0 f   ioapi.obj
 0001:0004b2e0       _fseek_file_func           0044c2e0 f   ioapi.obj
 0001:0004b320       _fclose_file_func          0044c320 f   ioapi.obj
 0001:0004b340       _ferror_file_func          0044c340 f   ioapi.obj
 0001:0004b360       _fill_fopen_filefunc       0044c360 f   ioapi.obj
 0001:0004b3a0       _VM_Debug                  0044c3a0 f   vm.obj
 0001:0004b3b0       _ParseHex                  0044c3b0 f   vm.obj
 0001:0004b400       _VM_LoadSymbols            0044c400 f   vm.obj
 0001:0004b610       _VM_DllSyscall             0044c610 f   vm.obj
 0001:0004b630       _VM_Free                   0044c630 f   vm.obj
 0001:0004b6d0       _VM_Clear                  0044c6d0 f   vm.obj
 0001:0004b780       _VM_Forced_Unload_Start    0044c780 f   vm.obj
 0001:0004b790       _VM_Forced_Unload_Done     0044c790 f   vm.obj
 0001:0004b7a0       _VM_ArgPtr                 0044c7a0 f   vm.obj
 0001:0004b7d0       _VM_ExplicitArgPtr         0044c7d0 f   vm.obj
 0001:0004b810       _VM_Call                   0044c810 f   vm.obj
 0001:0004b910       _VM_VmProfile_f            0044c910 f   vm.obj
 0001:0004ba00       _VM_VmInfo_f               0044ca00 f   vm.obj
 0001:0004baa0       _VM_Init                   0044caa0 f   vm.obj
 0001:0004bb10       _VM_LoadQVM                0044cb10 f   vm.obj
 0001:0004bd40       _VM_Create                 0044cd40 f   vm.obj
 0001:0004bef0       _VM_Restart                0044cef0 f   vm.obj
 0001:0004bfa0       _VM_PrepareInterpreter     0044cfa0 f   vm_interpreted.obj
 0001:0004c0e0       _VM_CallInterpreted        0044d0e0 f   vm_interpreted.obj
 0001:0004c860       _AsmCall                   0044d860 f   vm_x86.obj
 0001:0004caa0       _EmitMovEBXEDI             0044daa0 f   vm_x86.obj
 0001:0004cb90       _VM_CallCompiled           0044db90 f   vm_x86.obj
 0001:0004cd30       _VM_Compile                0044dd30 f   vm_x86.obj
 0001:0004ee80       _jpeg_CreateCompress       0044fe80 f   jcapimin.obj
 0001:0004ef50       _jpeg_suppress_tables      0044ff50 f   jcapimin.obj
 0001:0004efc0       _jpeg_finish_compress      0044ffc0 f   jcapimin.obj
 0001:0004f0e0       _jpeg_start_compress       004500e0 f   jcapistd.obj
 0001:0004f160       _jpeg_write_scanlines      00450160 f   jcapistd.obj
 0001:0004f980       _jinit_c_coef_controller   00450980 f   jccoefct.obj
 0001:0004ff60       _jinit_color_converter     00450f60 f   jccolor.obj
 0001:00050a30       _jinit_forward_dct         00451a30 f   jcdctmgr.obj
 0001:00050ab0       _jpeg_make_c_derived_tbl   00451ab0 f   jchuff.obj
 0001:00051440       _jpeg_gen_optimal_table    00452440 f   jchuff.obj
 0001:00051bc0       _jinit_huff_encoder        00452bc0 f   jchuff.obj
 0001:00051c20       _jinit_compress_master     00452c20 f   jcinit.obj
 0001:00051dd0       _jinit_c_main_controller   00452dd0 f   jcmainct.obj
 0001:00052e50       _jinit_marker_writer       00453e50 f   jcmarker.obj
 0001:000539c0       _jinit_c_master_control    004549c0 f   jcmaster.obj
 0001:00053a80       _jpeg_abort                00454a80 f   jcomapi.obj
 0001:00053ac0       _jpeg_destroy              00454ac0 f   jcomapi.obj
 0001:00053af0       _jpeg_alloc_quant_table    00454af0 f   jcomapi.obj
 0001:00053b20       _jpeg_alloc_huff_table     00454b20 f   jcomapi.obj
 0001:00053b50       _jpeg_add_quant_table      00454b50 f   jcparam.obj
 0001:00053d30       _jpeg_set_quality          00454d30 f   jcparam.obj
 0001:00053ec0       _jpeg_set_colorspace       00454ec0 f   jcparam.obj
 0001:000541e0       _jpeg_default_colorspace   004551e0 f   jcparam.obj
 0001:00054370       _jpeg_set_defaults         00455370 f   jcparam.obj
 0001:000551e0       _jinit_phuff_encoder       004561e0 f   jcphuff.obj
 0001:00055760       _jinit_c_prep_controller   00456760 f   jcprepct.obj
 0001:000560c0       _jinit_downsampler         004570c0 f   jcsample.obj
 0001:00056240       _jpeg_CreateDecompress     00457240 f   jdapimin.obj
 0001:00056340       _jpeg_destroy_decompress   00457340 f   jdapimin.obj
 0001:00056340       _jpeg_destroy_compress     00457340 f   jcapimin.obj
 0001:00056520       _jpeg_consume_input        00457520 f   jdapimin.obj
 0001:000565f0       _jpeg_finish_decompress    004575f0 f   jdapimin.obj
 0001:000566c0       _jpeg_read_header          004576c0 f   jdapimin.obj
 0001:000567b0       _jpeg_read_scanlines       004577b0 f   jdapistd.obj
 0001:00056850       _jpeg_start_decompress     00457850 f   jdapistd.obj
 0001:00056a40       _jpeg_mem_src              00457a40 f   jdatasrc.obj
 0001:00056d90       _jinit_d_coef_controller   00457d90 f   jdcoefct.obj
 0001:000572a0       _jinit_color_deconverter   004582a0 f   jdcolor.obj
 0001:000575e0       _jinit_inverse_dct         004585e0 f   jddctmgr.obj
 0001:00057660       _jpeg_make_d_derived_tbl   00458660 f   jdhuff.obj
 0001:000579b0       _jpeg_fill_bit_buffer      004589b0 f   jdhuff.obj
 0001:00057ac0       _jpeg_huff_decode          00458ac0 f   jdhuff.obj
 0001:000581a0       _jinit_huff_decoder        004591a0 f   jdhuff.obj
 0001:000587a0       _jinit_input_controller    004597a0 f   jdinput.obj
 0001:00058d80       _jinit_d_main_controller   00459d80 f   jdmainct.obj
 0001:0005a750       _jpeg_resync_to_restart    0045b750 f   jdmarker.obj
 0001:0005a9a0       _jinit_marker_reader       0045b9a0 f   jdmarker.obj
 0001:0005aa30       _jpeg_calc_output_dimensions 0045ba30 f   jdmaster.obj
 0001:0005ae50       _jinit_master_decompress   0045be50 f   jdmaster.obj
 0001:0005af90       _jinit_d_post_controller   0045bf90 f   jdpostct.obj
 0001:0005b4c0       _jinit_upsampler           0045c4c0 f   jdsample.obj
 0001:0005b860       _jpeg_std_error            0045c860 f   jerror.obj
 0001:0005b8b0       _jpeg_fdct_float           0045c8b0 f   jfdctflt.obj
 0001:0005bb90       _jpeg_idct_float           0045cb90 f   jidctflt.obj
 0001:0005ce60       _jinit_memory_mgr          0045de60 f   jmemmgr.obj
 0001:0005cf90       _jpeg_get_large            0045df90 f   jmemnobs.obj
 0001:0005cf90       _jpeg_get_small            0045df90 f   jmemnobs.obj
 0001:0005cfb0       _jpeg_free_large           0045dfb0 f   jmemnobs.obj
 0001:0005cfb0       _jpeg_free_small           0045dfb0 f   jmemnobs.obj
 0001:0005cfd0       _jpeg_mem_available        0045dfd0 f   jmemnobs.obj
 0001:0005cfe0       _jpeg_open_backing_store   0045dfe0 f   jmemnobs.obj
 0001:0005d000       _jdiv_round_up             0045e000 f   jutils.obj
 0001:0005d020       _jround_up                 0045e020 f   jutils.obj
 0001:0005d040       _jcopy_sample_rows         0045e040 f   jutils.obj
 0001:0005d090       _jzero_far                 0045e090 f   jutils.obj
 0001:0005d0b0       _AAS_Trace                 0045e0b0 f   be_aas_bspq3.obj
 0001:0005d0e0       _AAS_PointContents         0045e0e0 f   be_aas_bspq3.obj
 0001:0005d0f0       _AAS_EntityCollision       0045e0f0 f   be_aas_bspq3.obj
 0001:0005d170       _AAS_BSPModelMinsMaxsOrigin 0045e170 f   be_aas_bspq3.obj
 0001:0005d180       _AAS_NextBSPEntity         0045e180 f   be_aas_bspq3.obj
 0001:0005d1a0       _AAS_ValueForBSPEpairKey   0045e1a0 f   be_aas_bspq3.obj
 0001:0005d240       _AAS_VectorForBSPEpairKey  0045e240 f   be_aas_bspq3.obj
 0001:0005d300       _AAS_FloatForBSPEpairKey   0045e300 f   be_aas_bspq3.obj
 0001:0005d370       _AAS_IntForBSPEpairKey     0045e370 f   be_aas_bspq3.obj
 0001:0005d3f0       _AAS_FreeBSPEntities       0045e3f0 f   be_aas_bspq3.obj
 0001:0005d460       _AAS_ParseBSPEntities      0045e460 f   be_aas_bspq3.obj
 0001:0005d790       _AAS_DumpBSPData           0045e790 f   be_aas_bspq3.obj
 0001:0005d7c0       _AAS_LoadBSPFile           0045e7c0 f   be_aas_bspq3.obj
 0001:0005d840       _AAS_UpdatePortal          0045e840 f   be_aas_cluster.obj
 0001:0005d950       _AAS_FloodClusterAreas_r   0045e950 f   be_aas_cluster.obj
 0001:0005dad0       _AAS_FloodClusterAreasUsingReachabilities 0045ead0 f   be_aas_cluster.obj
 0001:0005dca0       _AAS_NumberClusterAreas    0045eca0 f   be_aas_cluster.obj
 0001:0005de50       _AAS_FindClusters          0045ee50 f   be_aas_cluster.obj
 0001:0005df60       _AAS_CreatePortals         0045ef60 f   be_aas_cluster.obj
 0001:0005dfe0       _AAS_ConnectedAreas_r      0045efe0 f   be_aas_cluster.obj
 0001:0005e090       _AAS_ConnectedAreas        0045f090 f   be_aas_cluster.obj
 0001:0005e130       _AAS_GetAdjacentAreasWithLessPresenceTypes_r 0045f130 f   be_aas_cluster.obj
[...]
 0001:000568f0       _init_source               004578f0 f   jdatasrc.obj
 0001:00056900       _fill_input_buffer         00457900 f   jdatasrc.obj
 0001:00056990       _skip_input_data           00457990 f   jdatasrc.obj
 0001:00056ac0       _start_input_pass          00457ac0 f   jdcoefct.obj
 0001:00056b20       _start_output_pass         00457b20 f   jdcoefct.obj
 0001:00056b40       _decompress_onepass        00457b40 f   jdcoefct.obj
 0001:00056e60       _build_ycc_rgb_table       00457e60 f   jdcolor.obj
 0001:00056f30       _ycc_rgb_convert           00457f30 f   jdcolor.obj
 0001:00057050       _null_convert              00458050 f   jdcolor.obj
 0001:000570d0       _grayscale_convert         004580d0 f   jdcolor.obj
 0001:00057100       _gray_rgb_convert          00458100 f   jdcolor.obj
 0001:00057160       _ycck_cmyk_convert         00458160 f   jdcolor.obj
 0001:00057420       _start_pass                00458420 f   jddctmgr.obj
 0001:00057bb0       _process_restart           00458bb0 f   jdhuff.obj
 0001:00057c30       _decode_mcu                00458c30 f   jdhuff.obj
 0001:00058050       _start_pass_huff_decoder   00459050 f   jdhuff.obj
 0001:000581f0       _initial_setup             004591f0 f   jdinput.obj
 0001:000583f0       _per_scan_setup            004593f0 f   jdinput.obj
 0001:00058590       _latch_quant_tables        00459590 f   jdinput.obj
 0001:00058630       _start_input_pass          00459630 f   jdinput.obj
 0001:00058680       _consume_markers           00459680 f   jdinput.obj
 0001:00058740       _reset_input_controller    00459740 f   jdinput.obj
 0001:00058780       _finish_input_pass         00459780 f   jdinput.obj
 0001:000587f0       _alloc_funny_pointers      004597f0 f   jdmainct.obj
 0001:000588a0       _make_funny_pointers       004598a0 f   jdmainct.obj
 0001:000589d0       _set_wraparound_pointers   004599d0 f   jdmainct.obj
 0001:00058ab0       _set_bottom_pointers       00459ab0 f   jdmainct.obj
 0001:00058b60       _process_data_simple_main  00459b60 f   jdmainct.obj
 0001:00058be0       _process_data_context_main 00459be0 f   jdmainct.obj
 0001:00058d10       _start_pass_main           00459d10 f   jdmainct.obj
 0001:00058e70       _get_soi                   00459e70 f   jdmarker.obj
 0001:00058f00       _get_sof                   00459f00 f   jdmarker.obj
 0001:00059200       _get_sos                   0045a200 f   jdmarker.obj
 0001:000594e0       _get_dht                   0045a4e0 f   jdmarker.obj
 0001:00059860       _get_dqt                   0045a860 f   jdmarker.obj
 0001:00059ad0       _get_dri                   0045aad0 f   jdmarker.obj
 0001:00059bd0       _examine_app0              0045abd0 f   jdmarker.obj
 0001:00059e30       _examine_app14             0045ae30 f   jdmarker.obj
 0001:00059ef0       _get_interesting_appn      0045aef0 f   jdmarker.obj
 0001:0005a070       _skip_variable             0045b070 f   jdmarker.obj
 0001:0005a130       _next_marker               0045b130 f   jdmarker.obj
 0001:0005a250       _first_marker              0045b250 f   jdmarker.obj
 0001:0005a300       _read_markers              0045b300 f   jdmarker.obj
 0001:0005a6c0       _read_restart_marker       0045b6c0 f   jdmarker.obj
 0001:0005a970       _reset_marker_reader       0045b970 f   jdmarker.obj
 0001:0005aac0       _prepare_range_limit_table 0045bac0 f   jdmaster.obj
 0001:0005ab50       _master_selection          0045bb50 f   jdmaster.obj
 0001:0005ace0       _prepare_for_output_pass   0045bce0 f   jdmaster.obj
 0001:0005ae20       _finish_output_pass        0045be20 f   jdmaster.obj
 0001:0005ae90       _post_process_1pass        0045be90 f   jdpostct.obj
 0001:0005af10       _start_pass_dpost          0045bf10 f   jdpostct.obj
 0001:0005b010       _start_pass_upsample       0045c010 f   jdsample.obj
 0001:0005b030       _sep_upsample              0045c030 f   jdsample.obj
 0001:0005b100       _fullsize_upsample         0045c100 f   jdsample.obj
 0001:0005b110       _noop_upsample             0045c110 f   jdsample.obj
 0001:0005b120       _int_upsample              0045c120 f   jdsample.obj
 0001:0005b1f0       _h2v1_upsample             0045c1f0 f   jdsample.obj
 0001:0005b250       _h2v2_upsample             0045c250 f   jdsample.obj
 0001:0005b2d0       _h2v1_fancy_upsample       0045c2d0 f   jdsample.obj
 0001:0005b390       _h2v2_fancy_upsample       0045c390 f   jdsample.obj
 0001:0005b6a0       _error_exit                0045c6a0 f   jerror.obj
 0001:0005b700       _output_message            0045c700 f   jerror.obj
 0001:0005b750       _emit_message              0045c750 f   jerror.obj
 0001:0005b790       _format_message            0045c790 f   jerror.obj
 0001:0005b840       _reset_error_mgr           0045c840 f   jerror.obj
 0001:0005c230       _alloc_small               0045d230 f   jmemmgr.obj
 0001:0005c380       _alloc_large               0045d380 f   jmemmgr.obj
 0001:0005c450       _alloc_sarray              0045d450 f   jmemmgr.obj
 0001:0005c500       _alloc_barray              0045d500 f   jmemmgr.obj
 0001:0005c5b0       _request_virt_sarray       0045d5b0 f   jmemmgr.obj
 0001:0005c620       _request_virt_barray       0045d620 f   jmemmgr.obj
 0001:0005c690       _realize_virt_arrays       0045d690 f   jmemmgr.obj
 0001:0005c830       _do_sarray_io              0045d830 f   jmemmgr.obj
 0001:0005c8d0       _do_barray_io              0045d8d0 f   jmemmgr.obj
 0001:0005c970       _access_virt_sarray        0045d970 f   jmemmgr.obj
 0001:0005cac0       _access_virt_barray        0045dac0 f   jmemmgr.obj
 0001:0005cc10       _free_pool                 0045dc10 f   jmemmgr.obj
 0001:0005cd20       _self_destruct             0045dd20 f   jmemmgr.obj
 0001:0005eba0       _VectorCompare             0045fba0 f   be_aas_entity.obj
 0001:00062730       _CrossProduct              00463730 f   be_aas_reach.obj
 0001:00079630       _VectorLength              0047a630 f   be_ai_move.obj
 0001:00079630       _VectorLength              0047a630 f   be_ai_move.obj
 0001:00079630       _VectorLength              0047a630 f   be_ai_move.obj
 0001:00081e70       _Init_AAS_Export           00482e70 f   be_interface.obj
 0001:00081f10       _Init_EA_Export            00482f10 f   be_interface.obj
 0001:00081fc0       _Init_AI_Export            00482fc0 f   be_interface.obj
 0001:00089880       _RB_Hyperspace             0048a880 f   tr_backend.obj
 0001:000898e0       _SetViewportAndScissor     0048a8e0 f   tr_backend.obj
 0001:0008ae70       _HSVtoRGB                  0048be70 f   tr_bsp.obj
 0001:0008af70       _R_ColorShiftLightingBytes 0048bf70 f   tr_bsp.obj
 0001:0008b010       _R_LoadLightmaps           0048c010 f   tr_bsp.obj
 0001:0008b380       _R_LoadVisibility          0048c380 f   tr_bsp.obj
 0001:0008b410       _ShaderForShaderNum        0048c410 f   tr_bsp.obj
 0001:0008b480       _ParseFace                 0048c480 f   tr_bsp.obj
 0001:0008b730       _ParseMesh                 0048c730 f   tr_bsp.obj
 0001:0008baf0       _ParseTriSurf              0048caf0 f   tr_bsp.obj
 0001:0008bdb0       _ParseFlare                0048cdb0 f   tr_bsp.obj
 0001:0008d640       _R_LoadSurfaces            0048e640 f   tr_bsp.obj
 0001:0008d7d0       _R_LoadSubmodels           0048e7d0 f   tr_bsp.obj
 0001:0008d8e0       _R_SetParent               0048e8e0 f   tr_bsp.obj
 0001:0008d910       _R_LoadNodesAndLeafs       0048e910 f   tr_bsp.obj
 0001:0008dce0       _R_LoadShaders             0048ece0 f   tr_bsp.obj
 0001:0008dd70       _R_LoadMarksurfaces        0048ed70 f   tr_bsp.obj
 0001:0008dde0       _R_LoadPlanes              0048ede0 f   tr_bsp.obj
 0001:0008def0       _R_LoadFogs                0048eef0 f   tr_bsp.obj
 0001:0008f330       _LerpDrawVert              00490330 f   tr_curve.obj
 0001:0008f3d0       _Transpose                 004903d0 f   tr_curve.obj
 0001:0008f520       _MakeMeshNormals           00490520 f   tr_curve.obj
 0001:0008fcf0       _InvertCtrl                00490cf0 f   tr_curve.obj
 0001:0008fd80       _InvertErrorTable          00490d80 f   tr_curve.obj
 0001:0008fe80       _PutPointsOnCurve          00490e80 f   tr_curve.obj
 0001:00092000       _generateHashValue         00493000 f   tr_image.obj
 0001:00092330       _ResampleTexture           00493330 f   tr_image.obj
 0001:00092650       _R_MipMap2                 00493650 f   tr_image.obj
 0001:000928d0       _R_MipMap                  004938d0 f   tr_image.obj
 0001:00092aa0       _R_BlendOverTexture        00493aa0 f   tr_image.obj
 0001:00092b20       _Upload32                  00493b20 f   tr_image.obj
 0001:00093450       _R_CreateDlightImage       00494450 f   tr_image.obj
 0001:000937a0       _R_CreateFogImage          004947a0 f   tr_image.obj
 0001:000938e0       _R_CreateDefaultImage      004948e0 f   tr_image.obj
 0001:00093d40       _CommaParse                00494d40 f   tr_image.obj
 0001:00094950       _init_destination          00495950 f   tr_image_jpg.obj
 0001:00094970       _empty_output_buffer       00495970 f   tr_image_jpg.obj
 0001:00094980       _term_destination          00495980 f   tr_image_jpg.obj
 0001:00094f80       _ReadBufferedFile          00495f80 f   tr_image_png.obj
 0001:00095000       _CloseBufferedFile         00496000 f   tr_image_png.obj
 0001:00095020       _BufferedFileRead          00496020 f   tr_image_png.obj
 0001:00095050       _BufferedFileRewind        00496050 f   tr_image_png.obj
 0001:00095090       _BufferedFileSkip          00496090 f   tr_image_png.obj
 0001:000950b0       _FindChunk                 004960b0 f   tr_image_png.obj
 0001:00095140       _DecompressIDATs           00496140 f   tr_image_png.obj
 0001:000953c0       _UnfilterImage             004963c0 f   tr_image_png.obj
 0001:000955f0       _ConvertPixel              004965f0 f   tr_image_png.obj
 0001:000958c0       _DecodeImageNonInterlaced  004968c0 f   tr_image_png.obj
 0001:00095bc0       _DecodeImageInterlaced     00496bc0 f   tr_image_png.obj
 0001:00097040       _R_ModeList_f              00498040 f   tr_init.obj
 0001:00097c20       _GfxInfo_f                 00498c20 f   tr_init.obj
 0001:00098c20       _InitOpenGL                00499c20 f   tr_init.obj
 0001:000992f0       _R_SetupEntityLightingGrid 0049a2f0 f   tr_light.obj
 0001:000996c0       _LogLight                  0049a6c0 f   tr_light.obj
 0001:0009a600       _R_SetFarClip              0049b600 f   tr_main.obj
 0001:0009b4e0       _IsMirror                  0049c4e0 f   tr_main.obj
 0001:0009b6e0       _R_Radix                   0049c6e0 f   tr_main.obj
 0001:0009bc40       _SurfIsOffscreen           0049cc40 f   tr_main.obj
 0001:0009d3a0       _ProjectRadius             0049e3a0 f   tr_mesh.obj
 0001:0009d4a0       _R_CullModel               0049e4a0 f   tr_mesh.obj
 0001:0009dc00       _R_LoadMD3                 0049ec00 f   tr_model.obj
 0001:0009de10       _R_LoadMD4                 0049ee10 f   tr_model.obj
 0001:0009e170       _R_GetTag                  0049f170 f   tr_model.obj
 0001:0009f520       _R_ArrayElementDiscrete@4  004a0520 f   tr_shade.obj
 0001:0009f5b0       _R_DrawStripElements       004a05b0 f   tr_shade.obj
 0001:0009f6e0       _R_DrawElements            004a06e0 f   tr_shade.obj
 0001:0009f750       _R_BindAnimatedImage       004a0750 f   tr_shade.obj
 0001:0009f7d0       _DrawTris                  004a07d0 f   tr_shade.obj
 0001:0009f8a0       _DrawNormals               004a08a0 f   tr_shade.obj
 0001:0009fa30       _DrawMultitextured         004a0a30 f   tr_shade.obj
 0001:0009fb20       _ProjectDlightTexture_scalar 004a0b20 f   tr_shade.obj
 0001:000a0040       _RB_FogPass                004a1040 f   tr_shade.obj
 0001:000a0180       _ComputeColors             004a1180 f   tr_shade.obj
 0001:000a0810       _ComputeTexCoords          004a1810 f   tr_shade.obj
 0001:000a0a40       _RB_IterateStagesGeneric   004a1a40 f   tr_shade.obj
 0001:000a16e0       _GlobalVectorToLocal       004a26e0 f   tr_shade_calc.obj
 0001:000a1750       _AutospriteDeform          004a2750 f   tr_shade_calc.obj
 0001:000a19d0       _Autosprite2Deform         004a29d0 f   tr_shade_calc.obj
 0001:000a2980       _RB_CalcDiffuseColor_scalar 004a3980 f   tr_shade_calc.obj
 0001:000a2ad0       _EvalWaveForm              004a3ad0 f   tr_shade_calc.obj
 0001:000a34a0       _ParseVector               004a44a0 f   tr_shader.obj
 0001:000a35a0       _NameToAFunc               004a45a0 f   tr_shader.obj
 0001:000a3610       _NameToSrcBlendMode        004a4610 f   tr_shader.obj
 0001:000a3710       _NameToDstBlendMode        004a4710 f   tr_shader.obj
 0001:000a37f0       _NameToGenFunc             004a47f0 f   tr_shader.obj
 0001:000a38a0       _ParseWaveForm             004a48a0 f   tr_shader.obj
 0001:000a3940       _ParseTexMod               004a4940 f   tr_shader.obj
 0001:000a3d60       _ParseStage                004a4d60 f   tr_shader.obj
 0001:000a4ac0       _ParseDeform               004a5ac0 f   tr_shader.obj
 0001:000a4db0       _ParseSkyParms             004a5db0 f   tr_shader.obj
 0001:000a5110       _ParseSurfaceParm          004a6110 f   tr_shader.obj
 0001:000a5170       _ParseShader               004a6170 f   tr_shader.obj
 0001:000a56f0       _ComputeStageIteratorFunc  004a66f0 f   tr_shader.obj
 0001:000a57c0       _CollapseMultitexture      004a67c0 f   tr_shader.obj
 0001:000a59b0       _SortNewShader             004a69b0 f   tr_shader.obj
 0001:000a5ba0       _GeneratePermanentShader   004a6ba0 f   tr_shader.obj
 0001:000a5d50       _VertexLightingCollapse    004a6d50 f   tr_shader.obj
 0001:000a5fc0       _FinishShader              004a6fc0 f   tr_shader.obj
 0001:000a6280       _FindShaderInShaderText    004a7280 f   tr_shader.obj
 0001:000a6970       _ScanAndLoadShaderFiles    004a7970 f   tr_shader.obj
 0001:000a6e00       _CreateInternalShaders     004a7e00 f   tr_shader.obj
 0001:000a6ea0       _CreateExternalShaders     004a7ea0 f   tr_shader.obj
 0001:000a7b60       _AddSkyPolygon             004a8b60 f   tr_sky.obj
 0001:000a7e00       _ClipSkyPolygon            004a8e00 f   tr_sky.obj
 0001:000a8250       _ClearSkyBox               004a9250 f   tr_sky.obj
 0001:000a8400       _MakeSkyVec                004a9400 f   tr_sky.obj
 0001:000a8560       _DrawSkySide               004a9560 f   tr_sky.obj
 0001:000a8630       _DrawSkyBox                004a9630 f   tr_sky.obj
 0001:000a88b0       _FillCloudySkySide         004a98b0 f   tr_sky.obj
 0001:000a9460       _RB_SurfaceSprite          004aa460 f   tr_surface.obj
 0001:000a9610       _RB_SurfacePolychain       004aa610 f   tr_surface.obj
 0001:000a9730       _RB_SurfaceTriangles       004aa730 f   tr_surface.obj
 0001:000a98f0       _RB_SurfaceBeam            004aa8f0 f   tr_surface.obj
 0001:000a9ad0       _DoRailCore                004aaad0 f   tr_surface.obj
 0001:000a9ed0       _DoRailDiscs               004aaed0 f   tr_surface.obj
 0001:000aa3f0       _RB_SurfaceRailRings       004ab3f0 f   tr_surface.obj
 0001:000aa4d0       _RB_SurfaceRailCore        004ab4d0 f   tr_surface.obj
 0001:000aa620       _RB_SurfaceLightningBolt   004ab620 f   tr_surface.obj
 0001:000aa7b0       _VectorArrayNormalize      004ab7b0 f   tr_surface.obj
 0001:000aa820       _LerpMeshVertexes_scalar   004ab820 f   tr_surface.obj
 0001:000aadb0       _RB_SurfaceMesh            004abdb0 f   tr_surface.obj
 0001:000aaf20       _RB_SurfaceFace            004abf20 f   tr_surface.obj
 0001:000ab100       _LodErrorForVolume         004ac100 f   tr_surface.obj
 0001:000ab230       _RB_SurfaceGrid            004ac230 f   tr_surface.obj
 0001:000ab710       _RB_SurfaceAxis            004ac710 f   tr_surface.obj
 0001:000ab810       _RB_SurfaceEntity          004ac810 f   tr_surface.obj
 0001:000ab860       _RB_SurfaceBad             004ac860 f   tr_surface.obj
 0001:000ab880       _RB_SurfaceFlare           004ac880 f   tr_surface.obj
 0001:000ab8b0       _RB_SurfaceDisplayList     004ac8b0 f   tr_surface.obj
 0001:000ab8d0       _R_CullGrid                004ac8d0 f   tr_world.obj
 0001:000ab970       _R_CullSurface             004ac970 f   tr_world.obj
 0001:000aba30       _R_DlightFace              004aca30 f   tr_world.obj
 0001:000abc40       _R_DlightGrid              004acc40 f   tr_world.obj
 0001:000ac020       _R_RecursiveWorldNode      004ad020 f   tr_world.obj
 0001:000ac320       _R_PointInLeaf             004ad320 f   tr_world.obj
 0001:000ac390       _R_ClusterPVS              004ad390 f   tr_world.obj
 0001:000ac420       _R_MarkLeaves              004ad420 f   tr_world.obj
 0001:000acad0       _compute_weighted_codebook 004adad0 f   cb_search.obj
 0001:000acca0       _target_update             004adca0 f   cb_search.obj
 0001:000acd50       _split_cb_search_shape_sign_N1 004add50 f   cb_search.obj
 0001:000b0310       _cheb_poly_eva             004b1310 f   lsp.obj
 0001:000b1640       _pitch_gain_search_3tap_vq 004b2640 f   ltp.obj
 0001:000b1790       _pitch_gain_search_3tap    004b2790 f   ltp.obj
 0001:000b2b30       __speex_fatal              004b3b30 f   nb_celp.obj
 0001:000b2b60       _speex_notify              004b3b60 f   nb_celp.obj
 0001:000b4340       _nb_decode_lost            004b5340 f   nb_celp.obj
 0001:000b5d60       _conj_window               004b6d60 f   preprocess.obj
 0001:000b5e50       _hypergeom_gain            004b6e50 f   preprocess.obj
 0001:000b5ef0       _compute_gain_floor        004b6ef0 f   preprocess.obj
 0001:000b6630       _speex_compute_agc         004b7630 f   preprocess.obj
 0001:000b6950       _preprocess_analysis       004b7950 f   preprocess.obj
 0001:000b6c30       _update_noise_prob         004b7c30 f   preprocess.obj
 0001:000b8660       _compute_quant_weights     004b9660 f   quant_lsp.obj
 0001:000b8850       _lsp_quant                 004b9850 f   quant_lsp.obj
 0001:000b8a10       _lsp_weight_quant          004b9a10 f   quant_lsp.obj
 0001:000bae60       _sb_decode_lost            004bbe60 f   sb_celp.obj
 0001:000bc270       _drfti1                    004bd270 f   smallft.obj
 0001:000bc400       _dradf2                    004bd400 f   smallft.obj
 0001:000bc730       _dradf4                    004bd730 f   smallft.obj
 0001:000bcf80       _dradfg                    004bdf80 f   smallft.obj
 0001:000be3a0       _drftf1                    004bf3a0 f   smallft.obj
 0001:000be570       _dradb2                    004bf570 f   smallft.obj
 0001:000be8f0       _dradb3                    004bf8f0 f   smallft.obj
 0001:000bed50       _dradb4                    004bfd50 f   smallft.obj
 0001:000bf690       _dradbg                    004c0690 f   smallft.obj
 0001:000c0a70       _drftb1                    004c1a70 f   smallft.obj
 0001:000c2030       _crc32_little              004c3030 f   crc32.obj
 0001:000c2860       _updatewindow              004c3860 f   inflate.obj
 0001:000c47be       _pre_cpp_init              004c57be f   msvcrt:crtexew.obj
 0001:000c4809       ___tmainCRTStartup         004c5809 f   msvcrt:crtexew.obj
 0001:000c49e2       _pre_c_init                004c59e2 f   msvcrt:crtexew.obj
 0001:000c5160       _ShowError                 004c6160 f   SDLmain:SDL_win32_main.obj
 0001:000c5190       _OutOfMemory               004c6190 f   SDLmain:SDL_win32_main.obj
 0001:000c51b0       _cleanup                   004c61b0 f   SDLmain:SDL_win32_main.obj
 0001:000c51c0       _cleanup_output            004c61c0 f   SDLmain:SDL_win32_main.obj
 0001:000c53e0       _ParseCommandLine          004c63e0 f   SDLmain:SDL_win32_main.obj
 0001:000c5560       _UnEscapeQuotes            004c6560 f   SDLmain:SDL_win32_main.obj
 0001:000c55e0       _redirect_output           004c65e0 f   SDLmain:SDL_win32_main.obj
