 qagamex86

 Timestamp is 4467cfb0 (Sun May 14 17:47:44 2006)

 Preferred load address is 20000000

 Start         Length     Name                   Class
 0001:00000000 0003a5a0H .text                   CODE
 0002:00000000 000000b0H .idata$5                DATA
 0002:000000b0 000008b7H .rdata                  DATA
 0002:00000968 00000014H .idata$2                DATA
 0002:0000097c 00000014H .idata$3                DATA
 0002:00000990 000000b0H .idata$4                DATA
 0002:00000a40 000002f0H .idata$6                DATA
 0002:00000d30 0000005aH .edata                  DATA
 0003:00000000 00000004H .CRT$XCA                DATA
 0003:00000004 00000004H .CRT$XCZ                DATA
 0003:00000008 00000004H .CRT$XIA                DATA
 0003:0000000c 00000008H .CRT$XIC                DATA
 0003:00000014 00000004H .CRT$XIZ                DATA
 0003:00000018 00000004H .CRT$XPA                DATA
 0003:0000001c 00000004H .CRT$XPX                DATA
 0003:00000020 00000004H .CRT$XPZ                DATA
 0003:00000024 00000004H .CRT$XTA                DATA
 0003:00000028 00000004H .CRT$XTZ                DATA
 0003:00000030 0000862cH .data                   DATA
 0003:00008660 00174ce0H .bss                    DATA

  Address         Publics by Value              Rva+Base     Lib:Object

 0001:00000000       _BotNumActivePlayers       20001000 f   ai_chat.obj
 0001:000000b0       _BotIsFirstInRankings      200010b0 f   ai_chat.obj
 0001:000001b0       _BotIsLastInRankings       200011b0 f   ai_chat.obj
 0001:000002b0       _BotFirstClientInRankings  200012b0 f   ai_chat.obj
 0001:000003b0       _BotLastClientInRankings   200013b0 f   ai_chat.obj
 0001:000004b0       _BotRandomOpponentName     200014b0 f   ai_chat.obj
 0001:00000610       _BotMapTitle               20001610 f   ai_chat.obj
 0001:00000660       _BotWeaponNameForMeansOfDeath 20001660 f   ai_chat.obj
 0001:00000700       _BotRandomWeaponName       20001700 f   ai_chat.obj
 0001:00000790       _BotVisibleEnemies         20001790 f   ai_chat.obj
 0001:00000860       _BotValidChatPosition      20001860 f   ai_chat.obj
 0001:000009f0       _BotChat_EnterGame         200019f0 f   ai_chat.obj
 0001:00000b20       _BotChat_ExitGame          20001b20 f   ai_chat.obj
 0001:00000c40       _BotChat_StartLevel        20001c40 f   ai_chat.obj
 0001:00000d70       _BotChat_EndLevel          20001d70 f   ai_chat.obj
 0001:00000f50       _BotChat_Death             20001f50 f   ai_chat.obj
 0001:000012f0       _BotChat_Kill              200022f0 f   ai_chat.obj
 0001:00001510       _BotChat_EnemySuicide      20002510 f   ai_chat.obj
 0001:00001650       _BotChat_HitTalking        20002650 f   ai_chat.obj
 0001:000017d0       _BotChat_HitNoDeath        200027d0 f   ai_chat.obj
 0001:00001980       _BotChat_HitNoKill         20002980 f   ai_chat.obj
 0001:00001b20       _BotChat_Random            20002b20 f   ai_chat.obj
 0001:00001d90       _BotChatTime               20002d90 f   ai_chat.obj
 0001:00001dc0       _BotChatTest               20002dc0 f   ai_chat.obj
 0001:00002740       _BotGetItemTeamGoal        20003740 f   ai_cmd.obj
 0001:00002780       _BotGetMessageTeamGoal     20003780 f   ai_cmd.obj
 0001:000027d0       _BotGetTime                200037d0 f   ai_cmd.obj
 0001:000028f0       _FindClientByName          200038f0 f   ai_cmd.obj
 0001:000029a0       _FindEnemyByName           200039a0 f   ai_cmd.obj
 0001:00002a80       _NumPlayersOnSameTeam      20003a80 f   ai_cmd.obj
 0001:00002b10       _BotGetPatrolWaypoints     20003b10 f   ai_cmd.obj
 0001:00002cd0       _BotAddressedToBot         20003cd0 f   ai_cmd.obj
 0001:00002f40       _BotMatch_HelpAccompany    20003f40 f   ai_cmd.obj
 0001:000032b0       _BotMatch_DefendKeyArea    200042b0 f   ai_cmd.obj
 0001:000033e0       _BotMatch_GetItem          200043e0 f   ai_cmd.obj
 0001:000034e0       _BotMatch_Camp             200044e0 f   ai_cmd.obj
 0001:000037b0       _BotMatch_Patrol           200047b0 f   ai_cmd.obj
 0001:000038b0       _BotMatch_GetFlag          200048b0 f   ai_cmd.obj
 0001:000039b0       _BotMatch_RushBase         200049b0 f   ai_cmd.obj
 0001:00003aa0       _BotMatch_TaskPreference   20004aa0 f   ai_cmd.obj
 0001:00003ba0       _BotMatch_ReturnFlag       20004ba0 f   ai_cmd.obj
 0001:00003c70       _BotMatch_JoinSubteam      20004c70 f   ai_cmd.obj
 0001:00003d20       _BotMatch_LeaveSubteam     20004d20 f   ai_cmd.obj
 0001:00003db0       _BotMatch_WhichTeam        20004db0 f   ai_cmd.obj
 0001:00003e20       _BotMatch_CheckPoint       20004e20 f   ai_cmd.obj
 0001:00004010       _BotMatch_FormationSpace   20005010 f   ai_cmd.obj
 0001:000040c0       _BotMatch_Dismiss          200050c0 f   ai_cmd.obj
 0001:00004160       _BotMatch_Suicide          20005160 f   ai_cmd.obj
 0001:000041e0       _BotMatch_StartTeamLeaderShip 200051e0 f   ai_cmd.obj
 0001:00004290       _BotMatch_StopTeamLeaderShip 20005290 f   ai_cmd.obj
 0001:00004350       _BotMatch_WhoIsTeamLeader  20005350 f   ai_cmd.obj
 0001:000043b0       _BotMatch_WhatAreYouDoing  200053b0 f   ai_cmd.obj
 0001:00004590       _BotMatch_WhatIsMyCommand  20005590 f   ai_cmd.obj
 0001:000045d0       _BotNearestVisibleItem     200055d0 f   ai_cmd.obj
 0001:000046e0       _BotMatch_WhereAreYou      200056e0 f   ai_cmd.obj
 0001:00004920       _BotMatch_LeadTheWay       20005920 f   ai_cmd.obj
 0001:00004b40       _BotMatch_Kill             20005b40 f   ai_cmd.obj
 0001:00004c50       _BotMatch_CTF              20005c50 f   ai_cmd.obj
 0001:00004db0       _BotMatch_EnterGame        20005db0 f   ai_cmd.obj
 0001:00004df0       _BotMatch_NewLeader        20005df0 f   ai_cmd.obj
 0001:00004e40       _BotMatchMessage           20005e40 f   ai_cmd.obj
 0001:00005310       _BotResetNodeSwitches      20006310 f   ai_dmnet.obj
 0001:00005320       _BotDumpNodeSwitches       20006320 f   ai_dmnet.obj
 0001:000053a0       _BotRecordNodeSwitch       200063a0 f   ai_dmnet.obj
 0001:00005410       _BotGetAirGoal             20006410 f   ai_dmnet.obj
 0001:00005570       _BotGoForAir               20006570 f   ai_dmnet.obj
 0001:00005670       _BotNearbyGoal             20006670 f   ai_dmnet.obj
 0001:00005710       _BotReachedGoal            20006710 f   ai_dmnet.obj
 0001:00005870       _BotGetItemLongTermGoal    20006870 f   ai_dmnet.obj
 0001:00005940       _BotGetLongTermGoal        20006940 f   ai_dmnet.obj
 0001:000070e0       _BotLongTermGoal           200080e0 f   ai_dmnet.obj
 0001:00007510       _AIEnter_Intermission      20008510 f   ai_dmnet.obj
 0001:00007570       _AINode_Intermission       20008570 f   ai_dmnet.obj
 0001:000075d0       _AIEnter_Observer          200085d0 f   ai_dmnet.obj
 0001:00007600       _AINode_Observer           20008600 f   ai_dmnet.obj
 0001:00007630       _AIEnter_Stand             20008630 f   ai_dmnet.obj
 0001:00007670       _AINode_Stand              20008670 f   ai_dmnet.obj
 0001:00007760       _AIEnter_Respawn           20008760 f   ai_dmnet.obj
 0001:00007840       _AINode_Respawn            20008840 f   ai_dmnet.obj
 0001:00007920       _BotSelectActivateWeapon   20008920 f   ai_dmnet.obj
 0001:000079e0       _BotClearPath              200089e0 f   ai_dmnet.obj
 0001:00007d50       _AIEnter_Seek_ActivateEntity 20008d50 f   ai_dmnet.obj
 0001:00007d80       _AINode_Seek_ActivateEntity 20008d80 f   ai_dmnet.obj
 0001:00008360       _AIEnter_Seek_NBG          20009360 f   ai_dmnet.obj
 0001:00008400       _AINode_Seek_NBG           20009400 f   ai_dmnet.obj
 0001:000087d0       _AIEnter_Seek_LTG          200097d0 f   ai_dmnet.obj
 0001:00008870       _AINode_Seek_LTG           20009870 f   ai_dmnet.obj
 0001:00008dd0       _AIEnter_Battle_Fight      20009dd0 f   ai_dmnet.obj
 0001:00008e10       _AIEnter_Battle_SuicidalFight 20009e10 f   ai_dmnet.obj
 0001:00008e60       _AINode_Battle_Fight       20009e60 f   ai_dmnet.obj
 0001:000092b0       _AIEnter_Battle_Chase      2000a2b0 f   ai_dmnet.obj
 0001:000092f0       _AINode_Battle_Chase       2000a2f0 f   ai_dmnet.obj
 0001:00009760       _AIEnter_Battle_Retreat    2000a760 f   ai_dmnet.obj
 0001:00009790       _AINode_Battle_Retreat     2000a790 f   ai_dmnet.obj
 0001:00009c70       _AIEnter_Battle_NBG        2000ac70 f   ai_dmnet.obj
 0001:00009ca0       _AINode_Battle_NBG         2000aca0 f   ai_dmnet.obj
 0001:0000a090       _BotSetUserInfo            2000b090 f   ai_dmq3.obj
 0001:0000a0f0       _BotCTFCarryingFlag        2000b0f0 f   ai_dmq3.obj
 0001:0000a130       _BotTeam                   2000b130 f   ai_dmq3.obj
 0001:0000a1c0       _BotOppositeTeam           2000b1c0 f   ai_dmq3.obj
 0001:0000a1f0       _BotEnemyFlag              2000b1f0 f   ai_dmq3.obj
 0001:0000a210       _BotTeamFlag               2000b210 f   ai_dmq3.obj
 0001:0000a230       _EntityIsDead              2000b230 f   ai_dmq3.obj
 0001:0000a280       _EntityCarriesFlag         2000b280 f   ai_dmq3.obj
 0001:0000a2a0       _EntityIsInvisible         2000b2a0 f   ai_dmq3.obj
 0001:0000a2d0       _EntityIsShooting          2000b2d0 f   ai_dmq3.obj
 0001:0000a2e0       _EntityIsChatting          2000b2e0 f   ai_dmq3.obj
 0001:0000a2f0       _BotRememberLastOrderedTask 2000b2f0 f   ai_dmq3.obj
 0001:0000a340       _BotSetLastOrderedTask     2000b340 f   ai_dmq3.obj
 0001:0000a470       _BotRefuseOrder            2000b470 f   ai_dmq3.obj
 0001:0000a4e0       _BotCTFSeekGoals           2000b4e0 f   ai_dmq3.obj
 0001:0000ac50       _BotCTFRetreatGoals        2000bc50 f   ai_dmq3.obj
 0001:0000acb0       _BotTeamGoals              2000bcb0 f   ai_dmq3.obj
 0001:0000ad20       _BotPointAreaNum           2000bd20 f   ai_dmq3.obj
 0001:0000ad80       _ClientName                2000bd80 f   ai_dmq3.obj
 0001:0000ae10       _ClientFromName            2000be10 f   ai_dmq3.obj
 0001:0000aeb0       _ClientOnSameTeamFromName  2000beb0 f   ai_dmq3.obj
 0001:0000af70       _stristr                   2000bf70 f   ai_dmq3.obj
 0001:0000aff0       _EasyClientName            2000bff0 f   ai_dmq3.obj
 0001:0000b1b0       _BotSynonymContext         2000c1b0 f   ai_dmq3.obj
 0001:0000b1e0       _BotChooseWeapon           2000c1e0 f   ai_dmq3.obj
 0001:0000b250       _BotSetupForMovement       2000c250 f   ai_dmq3.obj
 0001:0000b360       _BotUpdateInventory        2000c360 f   ai_dmq3.obj
 0001:0000b580       _BotUpdateBattleInventory  2000c580 f   ai_dmq3.obj
 0001:0000b5f0       _BotBattleUseItems         2000c5f0 f   ai_dmq3.obj
 0001:0000b650       _BotSetTeleportTime        2000c650 f   ai_dmq3.obj
 0001:0000b680       _BotIsDead                 2000c680 f   ai_dmq3.obj
 0001:0000b690       _BotIsObserver             2000c690 f   ai_dmq3.obj
 0001:0000b6f0       _BotIntermission           2000c6f0 f   ai_dmq3.obj
 0001:0000b720       _BotInLavaOrSlime          2000c720 f   ai_dmq3.obj
 0001:0000b760       _BotCreateWayPoint         2000c760 f   ai_dmq3.obj
 0001:0000b7f0       _BotFindWayPoint           2000c7f0 f   ai_dmq3.obj
 0001:0000b820       _BotFreeWaypoints          2000c820 f   ai_dmq3.obj
 0001:0000b850       _BotInitWaypoints          2000c850 f   ai_dmq3.obj
 0001:0000b870       _TeamPlayIsOn              2000c870 f   ai_dmq3.obj
 0001:0000b880       _BotAggression             2000c880 f   ai_dmq3.obj
 0001:0000b9b0       _BotWantsToRetreat         2000c9b0 f   ai_dmq3.obj
 0001:0000ba50       _BotWantsToChase           2000ca50 f   ai_dmq3.obj
 0001:0000bae0       _BotCanAndWantsToRocketJump 2000cae0 f   ai_dmq3.obj
 0001:0000bb70       _BotHasPersistantPowerupAndWeapon 2000cb70 f   ai_dmq3.obj
 0001:0000bc70       _BotGoCamp                 2000cc70 f   ai_dmq3.obj
 0001:0000bd40       _BotWantsToCamp            2000cd40 f   ai_dmq3.obj
 0001:0000bf00       _BotDontAvoid              2000cf00 f   ai_dmq3.obj
 0001:0000bf60       _BotGoForPowerups          2000cf60 f   ai_dmq3.obj
 0001:0000bfb0       _BotRoamGoal               2000cfb0 f   ai_dmq3.obj
 0001:0000c290       _BotAttackMove             2000d290 f   ai_dmq3.obj
 0001:0000c7d0       _BotSameTeam               2000d7d0 f   ai_dmq3.obj
 0001:0000c890       _InFieldOfVision           2000d890 f   ai_dmq3.obj
 0001:0000c960       _BotEntityVisible          2000d960 f   ai_dmq3.obj
 0001:0000cd60       _BotFindEnemy              2000dd60 f   ai_dmq3.obj
 0001:0000d1d0       _BotTeamFlagCarrierVisible 2000e1d0 f   ai_dmq3.obj
 0001:0000d280       _BotTeamFlagCarrier        2000e280 f   ai_dmq3.obj
 0001:0000d300       _BotEnemyFlagCarrierVisible 2000e300 f   ai_dmq3.obj
 0001:0000d3b0       _BotAimAtEnemy             2000e3b0 f   ai_dmq3.obj
 0001:0000e340       _BotCheckAttack            2000f340 f   ai_dmq3.obj
 0001:0000e7e0       _BotMapScripts             2000f7e0 f   ai_dmq3.obj
 0001:0000eb00       _BotSetMovedir             2000fb00 f   ai_dmq3.obj
 0001:0000ebc0       _BotModelMinsMaxs          2000fbc0 f   ai_dmq3.obj
 0001:0000ecb0       _BotFuncButtonActivateGoal 2000fcb0 f   ai_dmq3.obj
 0001:0000f360       _BotFuncDoorActivateGoal   20010360 f   ai_dmq3.obj
 0001:0000f490       _BotTriggerMultipleActivateGoal 20010490 f   ai_dmq3.obj
 0001:0000f650       _BotPopFromActivateGoalStack 20010650 f   ai_dmq3.obj
 0001:0000f6a0       _BotPushOntoActivateGoalStack 200106a0 f   ai_dmq3.obj
 0001:0000f730       _BotClearActivateGoalStack 20010730 f   ai_dmq3.obj
 0001:0000f760       _BotEnableActivateGoalAreas 20010760 f   ai_dmq3.obj
 0001:0000f7c0       _BotIsGoingToActivateEntity 200107c0 f   ai_dmq3.obj
 0001:0000f840       _BotGetActivateGoal        20010840 f   ai_dmq3.obj
 0001:000100c0       _BotGoForActivateGoal      200110c0 f   ai_dmq3.obj
 0001:00010170       _BotRandomMove             20011170 f   ai_dmq3.obj
 0001:00010200       _BotAIBlocked              20011200 f   ai_dmq3.obj
 0001:000104a0       _BotAIPredictObstacles     200114a0 f   ai_dmq3.obj
 0001:000105e0       _BotCheckConsoleMessages   200115e0 f   ai_dmq3.obj
 0001:00010950       _BotCheckForGrenades       20011950 f   ai_dmq3.obj
 0001:00010990       _BotCheckEvents            20011990 f   ai_dmq3.obj
 0001:00010d30       _BotCheckSnapshot          20011d30 f   ai_dmq3.obj
 0001:00010df0       _BotCheckAir               20011df0 f   ai_dmq3.obj
 0001:00010e20       _BotAlternateRoute         20011e20 f   ai_dmq3.obj
 0001:00010ea0       _BotGetAlternateRouteGoal  20011ea0 f   ai_dmq3.obj
 0001:00010f80       _BotSetupAlternativeRouteGoals 20011f80 f   ai_dmq3.obj
 0001:00010fa0       _BotDeathmatchAI           20011fa0 f   ai_dmq3.obj
 0001:00011270       _BotSetupDeathmatchAI      20012270 f   ai_dmq3.obj
 0001:00011420       _BotAI_Print               20012420 f   ai_main.obj
 0001:00011500       _BotAI_Trace               20012500 f   ai_main.obj
 0001:000115a0       _BotAI_GetClientState      200125a0 f   ai_main.obj
 0001:000115f0       _BotAI_GetEntityState      200125f0 f   ai_main.obj
 0001:00011660       _BotAI_GetSnapshotEntity   20012660 f   ai_main.obj
 0001:000116a0       _BotAI_BotInitialChat      200126a0 f   ai_main.obj
 0001:00011730       _BotTestAAS                20012730 f   ai_main.obj
 0001:00011800       _BotSetInfoConfigString    20012800 f   ai_main.obj
 0001:00011b10       _BotUpdateInfoConfigStrings 20012b10 f   ai_main.obj
 0001:00011bb0       _BotInterbreedBots         20012bb0 f   ai_main.obj
 0001:00011cb0       _BotWriteInterbreeded      20012cb0 f   ai_main.obj
 0001:00011d40       _BotInterbreedEndMatch     20012d40 f   ai_main.obj
 0001:00011db0       _BotInterbreeding          20012db0 f   ai_main.obj
 0001:00011ea0       _BotEntityInfo             20012ea0 f   ai_main.obj
 0001:00011ec0       _NumBots                   20012ec0 f   ai_main.obj
 0001:00011ed0       _BotTeamLeader             20012ed0 f   ai_main.obj
 0001:00011f00       _AngleDifference           20012f00 f   ai_main.obj
 0001:00011f40       _BotChangeViewAngle        20012f40 f   ai_main.obj
 0001:00012010       _BotChangeViewAngles       20013010 f   ai_main.obj
 0001:00012220       _BotInputToUserCommand     20013220 f   ai_main.obj
 0001:00012470       _BotUpdateInput            20013470 f   ai_main.obj
 0001:00012550       _BotAIRegularUpdate        20013550 f   ai_main.obj
 0001:00012580       _RemoveColorEscapeSequences 20013580 f   ai_main.obj
 0001:000125d0       _BotAI                     200135d0 f   ai_main.obj
 0001:000128a0       _BotScheduleBotThink       200138a0 f   ai_main.obj
 0001:000128e0       _BotWriteSessionData       200138e0 f   ai_main.obj
 0001:000129c0       _BotReadSessionData        200139c0 f   ai_main.obj
 0001:00012a80       _BotAISetupClient          20013a80 f   ai_main.obj
 0001:00012dd0       _BotAIShutdownClient       20013dd0 f   ai_main.obj
 0001:00012eb0       _BotResetState             20013eb0 f   ai_main.obj
 0001:00013020       _BotAILoadMap              20014020 f   ai_main.obj
 0001:000130a0       _BotAIStartFrame           200140a0 f   ai_main.obj
 0001:00013550       _BotInitLibrary            20014550 f   ai_main.obj
 0001:00013960       _BotAISetup                20014960 f   ai_main.obj
 0001:00013ac0       _BotAIShutdown             20014ac0 f   ai_main.obj
 0001:00013b10       _BotValidTeamLeader        20014b10 f   ai_team.obj
 0001:00013b40       _BotNumTeamMates           20014b40 f   ai_team.obj
 0001:00013c20       _BotClientTravelTimeToGoal 20014c20 f   ai_team.obj
 0001:00013c80       _BotSortTeamMatesByBaseTravelTime 20014c80 f   ai_team.obj
 0001:00013e40       _BotSetTeamMateTaskPreference 20014e40 f   ai_team.obj
 0001:00013ea0       _BotGetTeamMateTaskPreference 20014ea0 f   ai_team.obj
 0001:00013f00       _BotSortTeamMatesByTaskPreference 20014f00 f   ai_team.obj
 0001:00014000       _BotSayTeamOrderAlways     20015000 f   ai_team.obj
 0001:000140a0       _BotSayTeamOrder           200150a0 f   ai_team.obj
 0001:000140c0       _BotCTFOrders_BothFlagsNotAtBase 200150c0 f   ai_team.obj
 0001:00014410       _BotCTFOrders_FlagNotAtBase 20015410 f   ai_team.obj
 0001:00014930       _BotCTFOrders_EnemyFlagNotAtBase 20015930 f   ai_team.obj
 0001:00014c00       _BotCTFOrders_BothFlagsAtBase 20015c00 f   ai_team.obj
 0001:00015110       _BotCTFOrders              20016110 f   ai_team.obj
 0001:00015190       _BotCreateGroup            20016190 f   ai_team.obj
 0001:00015230       _BotTeamOrders             20016230 f   ai_team.obj
 0001:000153f0       _FindHumanTeamLeader       200163f0 f   ai_team.obj
 0001:00015470       _BotTeamAI                 20016470 f   ai_team.obj
 0001:00015810       _BotVoiceChat_GetFlag      20016810 f   ai_vcmd.obj
 0001:000158d0       _BotVoiceChat_Offense      200168d0 f   ai_vcmd.obj
 0001:00015980       _BotVoiceChat_Defend       20016980 f   ai_vcmd.obj
 0001:00015a50       _BotVoiceChat_DefendFlag   20016a50 f   ai_vcmd.obj
 0001:00015a70       _BotVoiceChat_Patrol       20016a70 f   ai_vcmd.obj
 0001:00015ad0       _BotVoiceChat_Camp         20016ad0 f   ai_vcmd.obj
 0001:00015c40       _BotVoiceChat_FollowMe     20016c40 f   ai_vcmd.obj
 0001:00015dd0       _BotVoiceChat_FollowFlagCarrier 20016dd0 f   ai_vcmd.obj
 0001:00015e00       _BotVoiceChat_ReturnFlag   20016e00 f   ai_vcmd.obj
 0001:00015e90       _BotVoiceChat_StartLeader  20016e90 f   ai_vcmd.obj
 0001:00015eb0       _BotVoiceChat_StopLeader   20016eb0 f   ai_vcmd.obj
 0001:00015f00       _BotVoiceChat_WhoIsLeader  20016f00 f   ai_vcmd.obj
 0001:00015f80       _BotVoiceChat_WantOnDefense 20016f80 f   ai_vcmd.obj
 0001:00016000       _BotVoiceChat_WantOnOffense 20017000 f   ai_vcmd.obj
 0001:00016080       _BG_FindItemForPowerup     20017080 f   bg_misc.obj
 0001:000160d0       _BG_FindItemForWeapon      200170d0 f   bg_misc.obj
 0001:00016110       _BG_FindItem               20017110 f   bg_misc.obj
 0001:00016150       _BG_PlayerTouchesItem      20017150 f   bg_misc.obj
 0001:000161f0       _BG_CanItemBeGrabbed       200171f0 f   bg_misc.obj
 0001:00016390       _BG_EvaluateTrajectory     20017390 f   bg_misc.obj
 0001:000164d0       _BG_EvaluateTrajectoryDelta 200174d0 f   bg_misc.obj
 0001:000165c0       _BG_AddPredictableEventToPlayerstate 200175c0 f   bg_misc.obj
 0001:000165f0       _BG_TouchJumpPad           200175f0 f   bg_misc.obj
 0001:00016690       _BG_PlayerStateToEntityState 20017690 f   bg_misc.obj
 0001:00016880       _PM_AddEvent               20017880 f   bg_pmove.obj
 0001:000168a0       _PM_AddTouchEnt            200178a0 f   bg_pmove.obj
 0001:000168e0       _PM_ClipVelocity           200178e0 f   bg_pmove.obj
 0001:00016940       _PM_UpdateViewAngles       20017940 f   bg_pmove.obj
 0001:000169d0       _CheckLadder               200179d0 f   bg_pmove.obj
 0001:00016a90       _PmoveSingle               20017a90 f   bg_pmove.obj
 0001:00019330       _Pmove                     2001a330 f   bg_pmove.obj
 0001:000193c0       _PM_SlideMove              2001a3c0 f   bg_slidemove.obj
 0001:00019aa0       _PM_StepSlideMove          2001aaa0 f   bg_slidemove.obj
 0001:00019de0       _P_DamageFeedback          2001ade0 f   g_active.obj
 0001:00019f10       _P_WorldEffects            2001af10 f   g_active.obj
 0001:0001a0d0       _G_SetClientSound          2001b0d0 f   g_active.obj
 0001:0001a110       _ClientImpacts             2001b110 f   g_active.obj
 0001:0001a1c0       _G_TouchTriggers           2001b1c0 f   g_active.obj
 0001:0001a3d0       _SpectatorThink            2001b3d0 f   g_active.obj
 0001:0001a4b0       _ClientInactivityTimer     2001b4b0 f   g_active.obj
 0001:0001a5e0       _ClientTimerActions        2001b5e0 f   g_active.obj
 0001:0001a6f0       _ClientIntermissionThink   2001b6f0 f   g_active.obj
 0001:0001a730       _ClientEvents              2001b730 f   g_active.obj
 0001:0001a940       _SendPendingPredictableEvents 2001b940 f   g_active.obj
 0001:0001a9e0       _ClientThink_real          2001b9e0 f   g_active.obj
 0001:0001b070       _ClientThink               2001c070 f   g_active.obj
 0001:0001b0c0       _G_RunClient               2001c0c0 f   g_active.obj
 0001:0001b100       _SpectatorClientEndFrame   2001c100 f   g_active.obj
 0001:0001b200       _ClientEndFrame            2001c200 f   g_active.obj
 0001:0001b340       _UpdateTournamentInfo      2001c340 f   g_arenas.obj
 0001:0001b530       _SpawnModelsOnVictoryPads  2001c530 f   g_arenas.obj
 0001:0001bf50       _Svcmd_AbortPodium_f       2001cf50 f   g_arenas.obj
 0001:0001bf80       _trap_Cvar_VariableValue   2001cf80 f   g_bot.obj
 0001:0001bfb0       _G_ParseInfos              2001cfb0 f   g_bot.obj
 0001:0001c1a0       _G_GetArenaInfoByMap       2001d1a0 f   g_bot.obj
 0001:0001c200       _G_AddRandomBot            2001d200 f   g_bot.obj
 0001:0001c460       _G_RemoveRandomBot         2001d460 f   g_bot.obj
 0001:0001c520       _G_CountHumanPlayers       2001d520 f   g_bot.obj
 0001:0001c590       _G_CountBotPlayers         2001d590 f   g_bot.obj
 0001:0001c610       _G_CheckMinimumPlayers     2001d610 f   g_bot.obj
 0001:0001c790       _G_CheckBotSpawn           2001d790 f   g_bot.obj
 0001:0001c880       _G_RemoveQueuedBotBegin    2001d880 f   g_bot.obj
 0001:0001c8b0       _G_BotConnect              2001d8b0 f   g_bot.obj
 0001:0001c990       _Svcmd_AddBot_f            2001d990 f   g_bot.obj
 0001:0001cef0       _Svcmd_BotList_f           2001def0 f   g_bot.obj
 0001:0001d120       _G_GetBotInfoByName        2001e120 f   g_bot.obj
 0001:0001d170       _G_InitBots                2001e170 f   g_bot.obj
 0001:0001d850       _SP_info_player_deathmatch 2001e850 f   g_client.obj
 0001:0001d8b0       _SP_info_player_start      2001e8b0 f   g_client.obj
 0001:0001d8d0       _SpotWouldTelefrag         2001e8d0 f   g_client.obj
 0001:0001d990       _SelectRandomFurthestSpawnPoint 2001e990 f   g_client.obj
 0001:0001db80       _SelectSpawnPoint          2001eb80 f   g_client.obj
 0001:0001dba0       _SelectInitialSpawnPoint   2001eba0 f   g_client.obj
 0001:0001dc40       _SelectSpectatorSpawnPoint 2001ec40 f   g_client.obj
 0001:0001dc90       _InitBodyQue               2001ec90 f   g_client.obj
 0001:0001dcd0       _BodySink                  2001ecd0 f   g_client.obj
 0001:0001dd20       _CopyToBodyQue             2001ed20 f   g_client.obj
 0001:0001df80       _SetClientViewAngle        2001ef80 f   g_client.obj
 0001:0001e030       _respawn                   2001f030 f   g_client.obj
 0001:0001e070       _TeamCount                 2001f070 f   g_client.obj
 0001:0001e0c0       _TeamLeader                2001f0c0 f   g_client.obj
 0001:0001e110       _PickTeam                  2001f110 f   g_client.obj
 0001:0001e160       _ClientUserinfoChanged     2001f160 f   g_client.obj
 0001:0001e880       _ClientConnect             2001f880 f   g_client.obj
 0001:0001ea90       _ClientBegin               2001fa90 f   g_client.obj
 0001:0001eb90       _ClientSpawn               2001fb90 f   g_client.obj
 0001:0001f110       _ClientDisconnect          20020110 f   g_client.obj
 0001:0001f2b0       _DeathmatchScoreboardMessage 200202b0 f   g_cmds.obj
 0001:0001f490       _Cmd_Score_f               20020490 f   g_cmds.obj
 0001:0001f4a0       _CheatsOk                  200204a0 f   g_cmds.obj
 0001:0001f530       _ConcatArgs                20020530 f   g_cmds.obj
 0001:0001f5d0       _SanitizeString            200205d0 f   g_cmds.obj
 0001:0001f620       _ClientNumberFromString    20020620 f   g_cmds.obj
 0001:0001f780       _Cmd_Give_f                20020780 f   g_cmds.obj
 0001:0001f9e0       _Cmd_God_f                 200209e0 f   g_cmds.obj
 0001:0001fa40       _Cmd_Notarget_f            20020a40 f   g_cmds.obj
 0001:0001faa0       _Cmd_Noclip_f              20020aa0 f   g_cmds.obj
 0001:0001fb10       _Cmd_LevelShot_f           20020b10 f   g_cmds.obj
 0001:0001fb80       _Cmd_TeamTask_f            20020b80 f   g_cmds.obj
 0001:0001fc20       _Cmd_Kill_f                20020c20 f   g_cmds.obj
 0001:0001fc70       _BroadcastTeamChange       20020c70 f   g_cmds.obj
 0001:0001fd10       _SetTeam                   20020d10 f   g_cmds.obj
 0001:00020050       _StopFollowing             20021050 f   g_cmds.obj
 0001:000200c0       _Cmd_Team_f                200210c0 f   g_cmds.obj
 0001:00020230       _Cmd_Follow_f              20021230 f   g_cmds.obj
 0001:00020330       _Cmd_FollowCycle_f         20021330 f   g_cmds.obj
 0001:00020410       _G_Say                     20021410 f   g_cmds.obj
 0001:00020760       _G_Voice                   20021760 f   g_cmds.obj
 0001:000208d0       _Cmd_GameCommand_f         200218d0 f   g_cmds.obj
 0001:00020970       _Cmd_Where_f               20021970 f   g_cmds.obj
 0001:000209b0       _Cmd_CallVote_f            200219b0 f   g_cmds.obj
 0001:00020f10       _Cmd_Vote_f                20021f10 f   g_cmds.obj
 0001:00021050       _Cmd_CallTeamVote_f        20022050 f   g_cmds.obj
 0001:00021580       _Cmd_TeamVote_f            20022580 f   g_cmds.obj
 0001:000216e0       _Cmd_SetViewpos_f          200226e0 f   g_cmds.obj
 0001:00021800       _ClientCommand             20022800 f   g_cmds.obj
 0001:00022190       _ScorePlum                 20023190 f   g_combat.obj
 0001:000221d0       _AddScore                  200231d0 f   g_combat.obj
 0001:00022230       _TossClientItems           20023230 f   g_combat.obj
 0001:00022350       _LookAtKiller              20023350 f   g_combat.obj
 0001:000223e0       _GibEntity                 200233e0 f   g_combat.obj
 0001:00022490       _body_die                  20023490 f   g_combat.obj
 0001:000224c0       _CheckAlmostCapture        200234c0 f   g_combat.obj
 0001:000225b0       _CheckAlmostScored         200235b0 f   g_combat.obj
 0001:00022660       _player_die                20023660 f   g_combat.obj
 0001:00022b50       _CheckArmor                20023b50 f   g_combat.obj
 0001:00022bc0       _G_Damage                  20023bc0 f   g_combat.obj
 0001:00023030       _CanDamage                 20024030 f   g_combat.obj
 0001:00023270       _G_RadiusDamage            20024270 f   g_combat.obj
 0001:00023490       _Pickup_Powerup            20024490 f   g_items.obj
 0001:00023660       _Pickup_Holdable           20024660 f   g_items.obj
 0001:000236c0       _Add_Ammo                  200246c0 f   g_items.obj
 0001:00023700       _Pickup_Ammo               20024700 f   g_items.obj
 0001:00023740       _Pickup_Weapon             20024740 f   g_items.obj
 0001:00023810       _Pickup_Health             20024810 f   g_items.obj
 0001:00023890       _Pickup_Armor              20024890 f   g_items.obj
 0001:000238e0       _RespawnItem               200248e0 f   g_items.obj
 0001:00023a40       _Touch_Item                20024a40 f   g_items.obj
 0001:00023d30       _LaunchItem                20024d30 f   g_items.obj
 0001:00023e70       _Drop_Item                 20024e70 f   g_items.obj
 0001:00023f20       _Use_Item                  20024f20 f   g_items.obj
 0001:00023f30       _FinishSpawningItem        20024f30 f   g_items.obj
 0001:00024120       _G_CheckTeamItems          20025120 f   g_items.obj
 0001:000241c0       _ClearRegisteredItems      200251c0 f   g_items.obj
 0001:00024220       _RegisterItem              20025220 f   g_items.obj
 0001:00024260       _SaveRegisteredItems       20025260 f   g_items.obj
 0001:000242c0       _G_ItemDisabled            200252c0 f   g_items.obj
 0001:00024300       _G_SpawnItem               20025300 f   g_items.obj
 0001:000243c0       _G_BounceItem              200253c0 f   g_items.obj
 0001:00024530       _G_RunItem                 20025530 f   g_items.obj
 0001:00024670       _vmMain                    20025670 f   g_main.obj
 0001:00024770       _G_Printf                  20025770 f   g_main.obj
 0001:000247a0       _G_Error                   200257a0 f   g_main.obj
 0001:000247d0       _G_FindTeams               200257d0 f   g_main.obj
 0001:00024950       _G_RegisterCvars           20025950 f   g_main.obj
 0001:00024a00       _G_UpdateCvars             20025a00 f   g_main.obj
 0001:00024a90       _G_InitGame                20025a90 f   g_main.obj
 0001:00024cd0       _G_ShutdownGame            20025cd0 f   g_main.obj
 0001:00024d30       _Com_Error                 20025d30 f   g_main.obj
 0001:00024d70       _Com_Printf                20025d70 f   g_main.obj
 0001:00024db0       _AddTournamentPlayer       20025db0 f   g_main.obj
 0001:00024e70       _RemoveTournamentLoser     20025e70 f   g_main.obj
 0001:00024ec0       _AdjustTournamentScores    20025ec0 f   g_main.obj
 0001:00024f30       _SortRanks                 20025f30 f   g_main.obj
 0001:00025020       _CalculateRanks            20026020 f   g_main.obj
 0001:00025380       _SendScoreboardMessageToAllClients 20026380 f   g_main.obj
 0001:000253d0       _MoveClientToIntermission  200263d0 f   g_main.obj
 0001:000254c0       _FindIntermissionPoint     200264c0 f   g_main.obj
 0001:00025580       _BeginIntermission         20026580 f   g_main.obj
 0001:00025610       _ExitLevel                 20026610 f   g_main.obj
 0001:00025710       _G_LogPrintf               20026710 f   g_main.obj
 0001:000257f0       _LogExit                   200267f0 f   g_main.obj
 0001:000258c0       _CheckIntermissionExit     200268c0 f   g_main.obj
 0001:000259e0       _ScoreIsTied               200269e0 f   g_main.obj
 0001:00025a50       _CheckExitRules            20026a50 f   g_main.obj
 0001:00025c00       _CheckTournament           20026c00 f   g_main.obj
 0001:00025db0       _CheckVote                 20026db0 f   g_main.obj
 0001:00025e70       _PrintTeam                 20026e70 f   g_main.obj
 0001:00025ec0       _SetLeader                 20026ec0 f   g_main.obj
 0001:00025fc0       _CheckTeamLeader           20026fc0 f   g_main.obj
 0001:00026090       _CheckTeamVote             20027090 f   g_main.obj
 0001:00026180       _CheckCvars                20027180 f   g_main.obj
 0001:000261e0       _G_RunThink                200271e0 f   g_main.obj
 0001:00026240       _G_RunFrame                20027240 f   g_main.obj
 0001:00026490       _G_Alloc                   20027490 f   g_mem.obj
 0001:00026500       _G_InitMemory              20027500 f   g_mem.obj
 0001:00026510       _Svcmd_GameMem_f           20027510 f   g_mem.obj
 0001:00026530       _SP_info_camp              20027530 f   g_misc.obj
 0001:00026530       _SP_info_notnull           20027530 f   g_misc.obj
 0001:00026530       _SP_target_position        20027530 f   g_misc.obj
 0001:00026550       _SP_misc_model             20027550 f   g_misc.obj
 0001:00026550       _SP_info_null              20027550 f   g_misc.obj
 0001:00026550       _SP_light                  20027550 f   g_misc.obj
 0001:00026560       _TeleportPlayer            20027560 f   g_misc.obj
 0001:000266d0       _locateCamera              200276d0 f   g_misc.obj
 0001:000267e0       _SP_misc_portal_surface    200277e0 f   g_misc.obj
 0001:00026860       _SP_misc_portal_camera     20027860 f   g_misc.obj
 0001:000268c0       _Use_Shooter               200278c0 f   g_misc.obj
 0001:00026a90       _InitShooter               20027a90 f   g_misc.obj
 0001:00026b60       _SP_shooter_rocket         20027b60 f   g_misc.obj
 0001:00026b70       _SP_shooter_plasma         20027b70 f   g_misc.obj
 0001:00026b80       _SP_shooter_grenade        20027b80 f   g_misc.obj
 0001:00026b90       _G_BounceMissile           20027b90 f   g_missile.obj
 0001:00026cf0       _G_ExplodeMissile          20027cf0 f   g_missile.obj
 0001:00026df0       _G_MissileImpact           20027df0 f   g_missile.obj
 0001:00027200       _G_RunMissile              20028200 f   g_missile.obj
 0001:00027340       _fire_plasma               20028340 f   g_missile.obj
 0001:00027480       _fire_grenade              20028480 f   g_missile.obj
 0001:000275d0       _fire_flame                200285d0 f   g_missile.obj
 0001:00027720       _fire_altgrenade           20028720 f   g_missile.obj
 0001:00027860       _fire_bfg                  20028860 f   g_missile.obj
 0001:000279b0       _fire_rocket               200289b0 f   g_missile.obj
 0001:00027b00       _G_HomingMissile           20028b00 f   g_missile.obj
 0001:00027e30       _fire_alt_rocket           20028e30 f   g_missile.obj
 0001:00027f90       _fire_grapple              20028f90 f   g_missile.obj
 0001:000280e0       _G_TestEntityPosition      200290e0 f   g_mover.obj
 0001:00028150       _G_CreateRotationMatrix    20029150 f   g_mover.obj
 0001:00028190       _G_TransposeMatrix         20029190 f   g_mover.obj
 0001:000281c0       _G_RotatePoint             200291c0 f   g_mover.obj
 0001:00028210       _G_TryPushingEntity        20029210 f   g_mover.obj
 0001:000285a0       _G_MoverPush               200295a0 f   g_mover.obj
 0001:000289e0       _G_MoverTeam               200299e0 f   g_mover.obj
 0001:00028b80       _G_RunMover                20029b80 f   g_mover.obj
 0001:00028bc0       _SetMoverState             20029bc0 f   g_mover.obj
 0001:00028d30       _MatchTeam                 20029d30 f   g_mover.obj
 0001:00028d60       _ReturnToPos1              20029d60 f   g_mover.obj
 0001:00028da0       _Reached_BinaryMover       20029da0 f   g_mover.obj
 0001:00028e80       _Use_BinaryMover           20029e80 f   g_mover.obj
 0001:00028fc0       _InitMover                 20029fc0 f   g_mover.obj
 0001:00029210       _Blocked_Door              2002a210 f   g_mover.obj
 0001:00029290       _Touch_DoorTrigger         2002a290 f   g_mover.obj
 0001:000293d0       _Think_SpawnNewDoorTrigger 2002a3d0 f   g_mover.obj
 0001:00029550       _Think_MatchTeam           2002a550 f   g_mover.obj
 0001:00029570       _SP_func_door              2002a570 f   g_mover.obj
 0001:000297d0       _Touch_Plat                2002a7d0 f   g_mover.obj
 0001:00029810       _Touch_PlatCenterTrigger   2002a810 f   g_mover.obj
 0001:00029840       _SpawnPlatTrigger          2002a840 f   g_mover.obj
 0001:000299a0       _SP_func_plat              2002a9a0 f   g_mover.obj
 0001:00029b10       _Touch_Button              2002ab10 f   g_mover.obj
 0001:00029b40       _SP_func_button            2002ab40 f   g_mover.obj
 0001:00029cc0       _Think_BeginMoving         2002acc0 f   g_mover.obj
 0001:00029ce0       _Reached_Train             2002ace0 f   g_mover.obj
 0001:00029e50       _Think_SetupTrainTargets   2002ae50 f   g_mover.obj
 0001:00029f60       _SP_path_corner            2002af60 f   g_mover.obj
 0001:00029f90       _SP_func_train             2002af90 f   g_mover.obj
 0001:0002a050       _SP_func_static            2002b050 f   g_mover.obj
 0001:0002a0a0       _SP_func_rotating          2002b0a0 f   g_mover.obj
 0001:0002a180       _SP_func_bobbing           2002b180 f   g_mover.obj
 0001:0002a280       _SP_func_pendulum          2002b280 f   g_mover.obj
 0001:0002a390       _G_WriteClientSessionData  2002b390 f   g_session.obj
 0001:0002a410       _G_ReadSessionData         2002b410 f   g_session.obj
 0001:0002a4c0       _G_InitSessionData         2002b4c0 f   g_session.obj
 0001:0002a580       _G_InitWorldSession        2002b580 f   g_session.obj
 0001:0002a5d0       _G_WriteSessionData        2002b5d0 f   g_session.obj
 0001:0002a630       _G_SpawnString             2002b630 f   g_spawn.obj
 0001:0002a6a0       _G_SpawnFloat              2002b6a0 f   g_spawn.obj
 0001:0002a6d0       _G_SpawnInt                2002b6d0 f   g_spawn.obj
 0001:0002a700       _G_SpawnVector             2002b700 f   g_spawn.obj
 0001:0002a740       _G_CallSpawn               2002b740 f   g_spawn.obj
 0001:0002a830       _G_NewString               2002b830 f   g_spawn.obj
 0001:0002a890       _G_ParseField              2002b890 f   g_spawn.obj
 0001:0002a9d0       _G_SpawnGEntityFromSpawnVars 2002b9d0 f   g_spawn.obj
 0001:0002ab40       _G_AddSpawnVarToken        2002bb40 f   g_spawn.obj
 0001:0002abb0       _G_ParseSpawnVars          2002bbb0 f   g_spawn.obj
 0001:0002acd0       _SP_worldspawn             2002bcd0 f   g_spawn.obj
 0001:0002ae70       _G_SpawnEntitiesFromString 2002be70 f   g_spawn.obj
 0001:0002aec0       _G_FilterPacket            2002bec0 f   g_svcmds.obj
 0001:0002af60       _G_ProcessIPBans           2002bf60 f   g_svcmds.obj
 0001:0002b210       _Svcmd_AddIP_f             2002c210 f   g_svcmds.obj
 0001:0002b260       _Svcmd_RemoveIP_f          2002c260 f   g_svcmds.obj
 0001:0002b320       _Svcmd_EntityList_f        2002c320 f   g_svcmds.obj
 0001:0002b4b0       _ClientForString           2002c4b0 f   g_svcmds.obj
 0001:0002b590       _Svcmd_ForceTeam_f         2002c590 f   g_svcmds.obj
 0001:0002b610       _ConsoleCommand            2002c610 f   g_svcmds.obj
 0001:0002b7f0       _dllEntry                  2002c7f0 f   g_syscalls.obj
 0001:0002b800       _PASSFLOAT                 2002c800 f   g_syscalls.obj
 0001:0002b810       _trap_Printf               2002c810 f   g_syscalls.obj
 0001:0002b830       _trap_Error                2002c830 f   g_syscalls.obj
 0001:0002b850       _trap_Milliseconds         2002c850 f   g_syscalls.obj
 0001:0002b860       _trap_Argc                 2002c860 f   g_syscalls.obj
 0001:0002b870       _trap_Argv                 2002c870 f   g_syscalls.obj
 0001:0002b890       _trap_FS_FOpenFile         2002c890 f   g_syscalls.obj
 0001:0002b8b0       _trap_FS_Read              2002c8b0 f   g_syscalls.obj
 0001:0002b8d0       _trap_FS_Write             2002c8d0 f   g_syscalls.obj
 0001:0002b8f0       _trap_FS_FCloseFile        2002c8f0 f   g_syscalls.obj
 0001:0002b910       _trap_FS_GetFileList       2002c910 f   g_syscalls.obj
 0001:0002b930       _trap_SendConsoleCommand   2002c930 f   g_syscalls.obj
 0001:0002b950       _trap_Cvar_Register        2002c950 f   g_syscalls.obj
 0001:0002b970       _trap_Cvar_Update          2002c970 f   g_syscalls.obj
 0001:0002b990       _trap_Cvar_Set             2002c990 f   g_syscalls.obj
 0001:0002b9b0       _trap_Cvar_VariableIntegerValue 2002c9b0 f   g_syscalls.obj
 0001:0002b9d0       _trap_Cvar_VariableStringBuffer 2002c9d0 f   g_syscalls.obj
 0001:0002b9f0       _trap_LocateGameData       2002c9f0 f   g_syscalls.obj
 0001:0002ba20       _trap_DropClient           2002ca20 f   g_syscalls.obj
 0001:0002ba40       _trap_SendServerCommand    2002ca40 f   g_syscalls.obj
 0001:0002ba60       _trap_SetConfigstring      2002ca60 f   g_syscalls.obj
 0001:0002ba80       _trap_GetConfigstring      2002ca80 f   g_syscalls.obj
 0001:0002baa0       _trap_GetUserinfo          2002caa0 f   g_syscalls.obj
 0001:0002bac0       _trap_SetUserinfo          2002cac0 f   g_syscalls.obj
 0001:0002bae0       _trap_GetServerinfo        2002cae0 f   g_syscalls.obj
 0001:0002bb00       _trap_SetBrushModel        2002cb00 f   g_syscalls.obj
 0001:0002bb20       _trap_Trace                2002cb20 f   g_syscalls.obj
 0001:0002bb50       _trap_PointContents        2002cb50 f   g_syscalls.obj
 0001:0002bb70       _trap_InPVS                2002cb70 f   g_syscalls.obj
 0001:0002bb90       _trap_AdjustAreaPortalState 2002cb90 f   g_syscalls.obj
 0001:0002bbb0       _trap_LinkEntity           2002cbb0 f   g_syscalls.obj
 0001:0002bbd0       _trap_UnlinkEntity         2002cbd0 f   g_syscalls.obj
 0001:0002bbf0       _trap_EntitiesInBox        2002cbf0 f   g_syscalls.obj
 0001:0002bc10       _trap_EntityContact        2002cc10 f   g_syscalls.obj
 0001:0002bc30       _trap_BotAllocateClient    2002cc30 f   g_syscalls.obj
 0001:0002bc40       _trap_GetUsercmd           2002cc40 f   g_syscalls.obj
 0001:0002bc60       _trap_GetEntityToken       2002cc60 f   g_syscalls.obj
 0001:0002bc80       _trap_SnapVector           2002cc80 f   g_syscalls.obj
 0001:0002bca0       _trap_BotLibSetup          2002cca0 f   g_syscalls.obj
 0001:0002bcb0       _trap_BotLibShutdown       2002ccb0 f   g_syscalls.obj
 0001:0002bcc0       _trap_BotLibVarSet         2002ccc0 f   g_syscalls.obj
 0001:0002bce0       _trap_BotLibStartFrame     2002cce0 f   g_syscalls.obj
 0001:0002bd00       _trap_BotLibLoadMap        2002cd00 f   g_syscalls.obj
 0001:0002bd20       _trap_BotLibUpdateEntity   2002cd20 f   g_syscalls.obj
 0001:0002bd40       _trap_BotGetSnapshotEntity 2002cd40 f   g_syscalls.obj
 0001:0002bd60       _trap_BotGetServerCommand  2002cd60 f   g_syscalls.obj
 0001:0002bd80       _trap_BotUserCommand       2002cd80 f   g_syscalls.obj
 0001:0002bda0       _trap_AAS_EntityInfo       2002cda0 f   g_syscalls.obj
 0001:0002bdc0       _trap_AAS_Initialized      2002cdc0 f   g_syscalls.obj
 0001:0002bdd0       _trap_AAS_PresenceTypeBoundingBox 2002cdd0 f   g_syscalls.obj
 0001:0002bdf0       _trap_AAS_Time             2002cdf0 f   g_syscalls.obj
 0001:0002be10       _trap_AAS_PointAreaNum     2002ce10 f   g_syscalls.obj
 0001:0002be30       _trap_AAS_TraceAreas       2002ce30 f   g_syscalls.obj
 0001:0002be60       _trap_AAS_BBoxAreas        2002ce60 f   g_syscalls.obj
 0001:0002be90       _trap_AAS_AreaInfo         2002ce90 f   g_syscalls.obj
 0001:0002beb0       _trap_AAS_PointContents    2002ceb0 f   g_syscalls.obj
 0001:0002bed0       _trap_AAS_NextBSPEntity    2002ced0 f   g_syscalls.obj
 0001:0002bef0       _trap_AAS_ValueForBSPEpairKey 2002cef0 f   g_syscalls.obj
 0001:0002bf20       _trap_AAS_VectorForBSPEpairKey 2002cf20 f   g_syscalls.obj
 0001:0002bf40       _trap_AAS_FloatForBSPEpairKey 2002cf40 f   g_syscalls.obj
 0001:0002bf60       _trap_AAS_IntForBSPEpairKey 2002cf60 f   g_syscalls.obj
 0001:0002bf80       _trap_AAS_AreaReachability 2002cf80 f   g_syscalls.obj
 0001:0002bfa0       _trap_AAS_AreaTravelTimeToGoalArea 2002cfa0 f   g_syscalls.obj
 0001:0002bfd0       _trap_AAS_EnableRoutingArea 2002cfd0 f   g_syscalls.obj
 0001:0002bff0       _trap_AAS_PredictRoute     2002cff0 f   g_syscalls.obj
 0001:0002c040       _trap_AAS_Swimming         2002d040 f   g_syscalls.obj
 0001:0002c060       _trap_AAS_PredictClientMovement 2002d060 f   g_syscalls.obj
 0001:0002c0c0       _trap_EA_SayTeam           2002d0c0 f   g_syscalls.obj
 0001:0002c0e0       _trap_EA_Command           2002d0e0 f   g_syscalls.obj
 0001:0002c100       _trap_EA_Action            2002d100 f   g_syscalls.obj
 0001:0002c120       _trap_EA_Gesture           2002d120 f   g_syscalls.obj
 0001:0002c140       _trap_EA_Talk              2002d140 f   g_syscalls.obj
 0001:0002c160       _trap_EA_Attack            2002d160 f   g_syscalls.obj
 0001:0002c180       _trap_EA_Use               2002d180 f   g_syscalls.obj
 0001:0002c1a0       _trap_EA_Respawn           2002d1a0 f   g_syscalls.obj
 0001:0002c1c0       _trap_EA_Crouch            2002d1c0 f   g_syscalls.obj
 0001:0002c1e0       _trap_EA_SelectWeapon      2002d1e0 f   g_syscalls.obj
 0001:0002c210       _trap_EA_View              2002d210 f   g_syscalls.obj
 0001:0002c230       _trap_EA_GetInput          2002d230 f   g_syscalls.obj
 0001:0002c260       _trap_EA_ResetInput        2002d260 f   g_syscalls.obj
 0001:0002c280       _trap_BotLoadCharacter     2002d280 f   g_syscalls.obj
 0001:0002c2a0       _trap_BotFreeCharacter     2002d2a0 f   g_syscalls.obj
 0001:0002c2c0       _trap_Characteristic_BFloat 2002d2c0 f   g_syscalls.obj
 0001:0002c300       _trap_Characteristic_BInteger 2002d300 f   g_syscalls.obj
 0001:0002c330       _trap_Characteristic_String 2002d330 f   g_syscalls.obj
 0001:0002c360       _trap_BotAllocChatState    2002d360 f   g_syscalls.obj
 0001:0002c370       _trap_BotFreeChatState     2002d370 f   g_syscalls.obj
 0001:0002c390       _trap_BotQueueConsoleMessage 2002d390 f   g_syscalls.obj
 0001:0002c3b0       _trap_BotRemoveConsoleMessage 2002d3b0 f   g_syscalls.obj
 0001:0002c3d0       _trap_BotNextConsoleMessage 2002d3d0 f   g_syscalls.obj
 0001:0002c3f0       _trap_BotNumConsoleMessages 2002d3f0 f   g_syscalls.obj
 0001:0002c410       _trap_BotInitialChat       2002d410 f   g_syscalls.obj
 0001:0002c460       _trap_BotNumInitialChats   2002d460 f   g_syscalls.obj
 0001:0002c480       _trap_BotReplyChat         2002d480 f   g_syscalls.obj
 0001:0002c4d0       _trap_BotEnterChat         2002d4d0 f   g_syscalls.obj
 0001:0002c4f0       _trap_BotGetChatMessage    2002d4f0 f   g_syscalls.obj
 0001:0002c510       _trap_BotFindMatch         2002d510 f   g_syscalls.obj
 0001:0002c530       _trap_BotMatchVariable     2002d530 f   g_syscalls.obj
 0001:0002c560       _trap_UnifyWhiteSpaces     2002d560 f   g_syscalls.obj
 0001:0002c580       _trap_BotReplaceSynonyms   2002d580 f   g_syscalls.obj
 0001:0002c5a0       _trap_BotLoadChatFile      2002d5a0 f   g_syscalls.obj
 0001:0002c5c0       _trap_BotSetChatGender     2002d5c0 f   g_syscalls.obj
 0001:0002c5e0       _trap_BotSetChatName       2002d5e0 f   g_syscalls.obj
 0001:0002c600       _trap_BotResetGoalState    2002d600 f   g_syscalls.obj
 0001:0002c620       _trap_BotResetAvoidGoals   2002d620 f   g_syscalls.obj
 0001:0002c640       _trap_BotRemoveFromAvoidGoals 2002d640 f   g_syscalls.obj
 0001:0002c660       _trap_BotPushGoal          2002d660 f   g_syscalls.obj
 0001:0002c680       _trap_BotPopGoal           2002d680 f   g_syscalls.obj
 0001:0002c6a0       _trap_BotEmptyGoalStack    2002d6a0 f   g_syscalls.obj
 0001:0002c6c0       _trap_BotDumpAvoidGoals    2002d6c0 f   g_syscalls.obj
 0001:0002c6e0       _trap_BotDumpGoalStack     2002d6e0 f   g_syscalls.obj
 0001:0002c700       _trap_BotGoalName          2002d700 f   g_syscalls.obj
 0001:0002c720       _trap_BotGetTopGoal        2002d720 f   g_syscalls.obj
 0001:0002c740       _trap_BotGetSecondGoal     2002d740 f   g_syscalls.obj
 0001:0002c760       _trap_BotChooseLTGItem     2002d760 f   g_syscalls.obj
 0001:0002c790       _trap_BotChooseNBGItem     2002d790 f   g_syscalls.obj
 0001:0002c7d0       _trap_BotTouchingGoal      2002d7d0 f   g_syscalls.obj
 0001:0002c7f0       _trap_BotItemGoalInVisButNotVisible 2002d7f0 f   g_syscalls.obj
 0001:0002c820       _trap_BotGetLevelItemGoal  2002d820 f   g_syscalls.obj
 0001:0002c840       _trap_BotGetNextCampSpotGoal 2002d840 f   g_syscalls.obj
 0001:0002c860       _trap_BotSetAvoidGoalTime  2002d860 f   g_syscalls.obj
 0001:0002c890       _trap_BotUpdateEntityItems 2002d890 f   g_syscalls.obj
 0001:0002c8a0       _trap_BotLoadItemWeights   2002d8a0 f   g_syscalls.obj
 0001:0002c8c0       _trap_BotInterbreedGoalFuzzyLogic 2002d8c0 f   g_syscalls.obj
 0001:0002c8e0       _trap_BotSaveGoalFuzzyLogic 2002d8e0 f   g_syscalls.obj
 0001:0002c900       _trap_BotMutateGoalFuzzyLogic 2002d900 f   g_syscalls.obj
 0001:0002c920       _trap_BotAllocGoalState    2002d920 f   g_syscalls.obj
 0001:0002c940       _trap_BotFreeGoalState     2002d940 f   g_syscalls.obj
 0001:0002c960       _trap_BotResetMoveState    2002d960 f   g_syscalls.obj
 0001:0002c980       _trap_BotAddAvoidSpot      2002d980 f   g_syscalls.obj
 0001:0002c9b0       _trap_BotMoveToGoal        2002d9b0 f   g_syscalls.obj
 0001:0002c9e0       _trap_BotMoveInDirection   2002d9e0 f   g_syscalls.obj
 0001:0002ca10       _trap_BotResetAvoidReach   2002da10 f   g_syscalls.obj
 0001:0002ca30       _trap_BotResetLastAvoidReach 2002da30 f   g_syscalls.obj
 0001:0002ca50       _trap_BotMovementViewTarget 2002da50 f   g_syscalls.obj
 0001:0002ca90       _trap_BotPredictVisiblePosition 2002da90 f   g_syscalls.obj
 0001:0002cac0       _trap_BotAllocMoveState    2002dac0 f   g_syscalls.obj
 0001:0002cad0       _trap_BotFreeMoveState     2002dad0 f   g_syscalls.obj
 0001:0002caf0       _trap_BotInitMoveState     2002daf0 f   g_syscalls.obj
 0001:0002cb10       _trap_BotChooseBestFightWeapon 2002db10 f   g_syscalls.obj
 0001:0002cb30       _trap_BotGetWeaponInfo     2002db30 f   g_syscalls.obj
 0001:0002cb50       _trap_BotLoadWeaponWeights 2002db50 f   g_syscalls.obj
 0001:0002cb70       _trap_BotAllocWeaponState  2002db70 f   g_syscalls.obj
 0001:0002cb80       _trap_BotFreeWeaponState   2002db80 f   g_syscalls.obj
 0001:0002cba0       _trap_BotResetWeaponState  2002dba0 f   g_syscalls.obj
 0001:0002cbc0       _trap_GeneticParentsAndChildSelection 2002dbc0 f   g_syscalls.obj
 0001:0002cbf0       _Use_Target_Give           2002dbf0 f   g_target.obj
 0001:0002cc90       _SP_target_give            2002dc90 f   g_target.obj
 0001:0002cca0       _Use_target_remove_powerups 2002dca0 f   g_target.obj
 0001:0002cd00       _SP_target_remove_powerups 2002dd00 f   g_target.obj
 0001:0002cd10       _Think_Target_Delay        2002dd10 f   g_target.obj
 0001:0002cd30       _Use_Target_Delay          2002dd30 f   g_target.obj
 0001:0002cd90       _SP_target_delay           2002dd90 f   g_target.obj
 0001:0002cdf0       _Use_Target_Score          2002ddf0 f   g_target.obj
 0001:0002ce10       _SP_target_score           2002de10 f   g_target.obj
 0001:0002ce40       _Use_Target_Print          2002de40 f   g_target.obj
 0001:0002cf10       _SP_target_print           2002df10 f   g_target.obj
 0001:0002cf20       _Use_Target_Speaker        2002df20 f   g_target.obj
 0001:0002cfa0       _SP_target_speaker         2002dfa0 f   g_target.obj
 0001:0002d0f0       _target_laser_think        2002e0f0 f   g_target.obj
 0001:0002d280       _target_laser_on           2002e280 f   g_target.obj
 0001:0002d2a0       _target_laser_off          2002e2a0 f   g_target.obj
 0001:0002d2c0       _target_laser_use          2002e2c0 f   g_target.obj
 0001:0002d2f0       _target_laser_start        2002e2f0 f   g_target.obj
 0001:0002d3b0       _SP_target_laser           2002e3b0 f   g_target.obj
 0001:0002d3d0       _target_teleporter_use     2002e3d0 f   g_target.obj
 0001:0002d420       _SP_target_teleporter      2002e420 f   g_target.obj
 0001:0002d460       _target_relay_use          2002e460 f   g_target.obj
 0001:0002d4e0       _SP_target_relay           2002e4e0 f   g_target.obj
 0001:0002d4f0       _target_kill_use           2002e4f0 f   g_target.obj
 0001:0002d510       _SP_target_kill            2002e510 f   g_target.obj
 0001:0002d520       _SP_target_location        2002e520 f   g_target.obj
 0001:0002d600       _Team_InitGame             2002e600 f   g_team.obj
 0001:0002d640       _OtherTeam                 2002e640 f   g_team.obj
 0001:0002d660       _TeamName                  2002e660 f   g_team.obj
 0001:0002d690       _PrintMsg                  2002e690 f   g_team.obj
 0001:0002d740       _AddTeamScore              2002e740 f   g_team.obj
 0001:0002d860       _OnSameTeam                2002e860 f   g_team.obj
 0001:0002d8a0       _Team_SetFlagStatus        2002e8a0 f   g_team.obj
 0001:0002d950       _Team_CheckDroppedItem     2002e950 f   g_team.obj
 0001:0002d9a0       _Team_ForceGesture         2002e9a0 f   g_team.obj
 0001:0002d9e0       _Team_FragBonuses          2002e9e0 f   g_team.obj
 0001:0002df50       _Team_CheckHurtCarrier     2002ef50 f   g_team.obj
 0001:0002dfe0       _Team_ResetFlag            2002efe0 f   g_team.obj
 0001:0002e070       _Team_ResetFlags           2002f070 f   g_team.obj
 0001:0002e090       _Team_ReturnFlagSound      2002f090 f   g_team.obj
 0001:0002e0f0       _Team_TakeFlagSound        2002f0f0 f   g_team.obj
 0001:0002e1b0       _Team_CaptureFlagSound     2002f1b0 f   g_team.obj
 0001:0002e220       _Team_ReturnFlag           2002f220 f   g_team.obj
 0001:0002e270       _Team_FreeEntity           2002f270 f   g_team.obj
 0001:0002e2b0       _Team_DroppedFlagThink     2002f2b0 f   g_team.obj
 0001:0002e320       _Team_TouchOurFlag         2002f320 f   g_team.obj
 0001:0002e5d0       _Team_TouchEnemyFlag       2002f5d0 f   g_team.obj
 0001:0002e660       _Pickup_Team               2002f660 f   g_team.obj
 0001:0002e730       _Team_GetLocation          2002f730 f   g_team.obj
 0001:0002e7e0       _Team_GetLocationMsg       2002f7e0 f   g_team.obj
 0001:0002e880       _SelectRandomTeamSpawnPoint 2002f880 f   g_team.obj
 0001:0002e960       _SelectCTFSpawnPoint       2002f960 f   g_team.obj
 0001:0002e9c0       _TeamplayInfoMessage       2002f9c0 f   g_team.obj
 0001:0002ebd0       _CheckTeamStatus           2002fbd0 f   g_team.obj
 0001:0002ecc0       _Weapon_Gauntlet           2002fcc0 f   g_team.obj
 0001:0002ecc0       _SP_team_CTF_blueplayer    2002fcc0 f   g_team.obj
 0001:0002ecc0       _BotVoiceChat              2002fcc0 f   g_team.obj
 0001:0002ecc0       _BotVoiceChat_Dummy        2002fcc0 f   g_team.obj
 0001:0002ecc0       _SP_team_CTF_bluespawn     2002fcc0 f   g_team.obj
 0001:0002ecc0       _Cmd_Stats_f               2002fcc0 f   g_team.obj
 0001:0002ecc0       _SP_info_player_intermission 2002fcc0 f   g_team.obj
 0001:0002ecc0       _BotCheckItemPickup        2002fcc0 f   g_team.obj
 0001:0002ecc0       _SP_misc_teleporter_dest   2002fcc0 f   g_team.obj
 0001:0002ecc0       _G_RemapTeamShaders        2002fcc0 f   g_team.obj
 0001:0002ecc0       _BotVoiceChatOnly          2002fcc0 f   g_team.obj
 0001:0002ecc0       _SP_team_CTF_redplayer     2002fcc0 f   g_team.obj
 0001:0002ecc0       _SP_team_CTF_redspawn      2002fcc0 f   g_team.obj
 0001:0002ecc0       _BotSayVoiceTeamOrder      2002fcc0 f   g_team.obj
 0001:0002ecc0       _BotSetTeamStatus          2002fcc0 f   g_team.obj
 0001:0002ecc0       _SP_item_botroam           2002fcc0 f   g_team.obj
 0001:0002ecd0       _InitTrigger               2002fcd0 f   g_trigger.obj
 0001:0002ed40       _multi_wait                2002fd40 f   g_trigger.obj
 0001:0002ed50       _multi_trigger             2002fd50 f   g_trigger.obj
 0001:0002ee40       _Use_Multi                 2002fe40 f   g_trigger.obj
 0001:0002ee60       _Touch_Multi               2002fe60 f   g_trigger.obj
 0001:0002ee80       _SP_trigger_multiple       2002fe80 f   g_trigger.obj
 0001:0002ef10       _trigger_always_think      2002ff10 f   g_trigger.obj
 0001:0002ef30       _SP_trigger_always         2002ff30 f   g_trigger.obj
 0001:0002ef50       _trigger_push_touch        2002ff50 f   g_trigger.obj
 0001:0002ef70       _AimAtTarget               2002ff70 f   g_trigger.obj
 0001:0002f080       _SP_trigger_push           20030080 f   g_trigger.obj
 0001:0002f0e0       _Use_target_push           200300e0 f   g_trigger.obj
 0001:0002f160       _SP_target_push            20030160 f   g_trigger.obj
 0001:0002f240       _trigger_teleporter_touch  20030240 f   g_trigger.obj
 0001:0002f2b0       _SP_trigger_teleport       200302b0 f   g_trigger.obj
 0001:0002f310       _hurt_use                  20030310 f   g_trigger.obj
 0001:0002f330       _hurt_touch                20030330 f   g_trigger.obj
 0001:0002f3b0       _SP_trigger_hurt           200303b0 f   g_trigger.obj
 0001:0002f420       _func_timer_think          20030420 f   g_trigger.obj
 0001:0002f480       _func_timer_use            20030480 f   g_trigger.obj
 0001:0002f4b0       _SP_func_timer             200304b0 f   g_trigger.obj
 0001:0002f560       _G_ResetHistory            20030560 f   g_unlagged.obj
 0001:0002f670       _G_StoreHistory            20030670 f   g_unlagged.obj
 0001:0002f7d0       _G_TimeShiftClient         200307d0 f   g_unlagged.obj
 0001:0002fcc0       _G_TimeShiftAllClients     20030cc0 f   g_unlagged.obj
 0001:0002fd50       _G_DoTimeShiftFor          20030d50 f   g_unlagged.obj
 0001:0002fe10       _G_UnTimeShiftClient       20030e10 f   g_unlagged.obj
 0001:0002feb0       _G_UnTimeShiftAllClients   20030eb0 f   g_unlagged.obj
 0001:0002ff00       _G_UndoTimeShiftFor        20030f00 f   g_unlagged.obj
 0001:0002ff30       _G_PredictPlayerClipVelocity 20030f30 f   g_unlagged.obj
 0001:0002ff90       _G_PredictPlayerSlideMove  20030f90 f   g_unlagged.obj
 0001:000304c0       _G_PredictPlayerStepSlideMove 200314c0 f   g_unlagged.obj
 0001:00030640       _G_PredictPlayerMove       20031640 f   g_unlagged.obj
 0001:00030660       _AddRemap                  20031660 f   g_utils.obj
 0001:00030760       _BuildShaderStateConfig    20031760 f   g_utils.obj
 0001:000307e0       _findradius                200317e0 f   g_utils.obj
 0001:000308b0       _visible                   200318b0 f   g_utils.obj
 0001:000308f0       _G_FindConfigstringIndex   200318f0 f   g_utils.obj
 0001:000309d0       _G_ModelIndex              200319d0 f   g_utils.obj
 0001:000309f0       _G_SoundIndex              200319f0 f   g_utils.obj
 0001:00030a10       _G_TeamCommand             20031a10 f   g_utils.obj
 0001:00030a80       _G_Find                    20031a80 f   g_utils.obj
 0001:00030b20       _G_PickTarget              20031b20 f   g_utils.obj
 0001:00030bb0       _G_UseTargets              20031bb0 f   g_utils.obj
 0001:00030c80       _vtos                      20031c80 f   g_utils.obj
 0001:00030cd0       _G_SetMovedir              20031cd0 f   g_utils.obj
 0001:00030da0       _vectoyaw                  20031da0 f   g_utils.obj
 0001:00030e20       _G_InitGentity             20031e20 f   g_utils.obj
 0001:00030e60       _G_Spawn                   20031e60 f   g_utils.obj
 0001:00030f60       _G_FreeEntity              20031f60 f   g_utils.obj
 0001:00030fb0       _G_TempEntity              20031fb0 f   g_utils.obj
 0001:00031050       _G_KillBox                 20032050 f   g_utils.obj
 0001:00031130       _G_AddPredictableEvent     20032130 f   g_utils.obj
 0001:00031160       _G_AddEvent                20032160 f   g_utils.obj
 0001:00031210       _G_Sound                   20032210 f   g_utils.obj
 0001:00031230       _G_SetOrigin               20032230 f   g_utils.obj
 0001:00031280       _CheckGauntletAttack       20032280 f   g_weapon.obj
 0001:00031420       _Weapon_fire_flame         20032420 f   g_weapon.obj
 0001:00031470       _Bullet_Fire               20032470 f   g_weapon.obj
 0001:000316b0       _BFG_Fire                  200326b0 f   g_weapon.obj
 0001:00031700       _ShotgunPellet             20032700 f   g_weapon.obj
 0001:000317d0       _ShotgunPattern            200327d0 f   g_weapon.obj
 0001:00031940       _weapon_supershotgun_fire  20032940 f   g_weapon.obj
 0001:000319f0       _weapon_grenadelauncher_fire 200329f0 f   g_weapon.obj
 0001:00031a60       _weapon_altgrenadelauncher_fire 20032a60 f   g_weapon.obj
 0001:00031ad0       _Weapon_RocketLauncher_Fire 20032ad0 f   g_weapon.obj
 0001:00031b20       _Weapon_RocketLauncher_AltFire 20032b20 f   g_weapon.obj
 0001:00031b70       _Weapon_Plasmagun_Fire     20032b70 f   g_weapon.obj
 0001:00031bc0       _weapon_railgun_fire       20032bc0 f   g_weapon.obj
 0001:00031ec0       _Weapon_GrapplingHook_Fire 20032ec0 f   g_weapon.obj
 0001:00031f30       _Weapon_HookFree           20032f30 f   g_weapon.obj
 0001:00031f70       _Weapon_HookThink          20032f70 f   g_weapon.obj
 0001:00032060       _LogAccuracyHit            20033060 f   g_weapon.obj
 0001:000320c0       _CalcMuzzlePoint           200330c0 f   g_weapon.obj
 0001:00032150       _CalcMuzzlePointOrigin     20033150 f   g_weapon.obj
 0001:000321e0       _FireWeapon                200331e0 f   g_weapon.obj
 0001:00032350       _FireWeapon2               20033350 f   g_weapon.obj
 0001:00032480       _Q_rand                    20033480 f   q_math.obj
 0001:000324a0       _Q_random                  200334a0 f   q_math.obj
 0001:000324d0       _Q_crandom                 200334d0 f   q_math.obj
 0001:000324f0       _DirToByte                 200334f0 f   q_math.obj
 0001:00032550       _tonextint                 20033550 f   q_math.obj
 0001:000325c0       _vectoangles               200335c0 f   q_math.obj
 0001:000326d0       _ProjectPointOnPlane       200336d0 f   q_math.obj
 0001:00032760       _AngleMod                  20033760 f   q_math.obj
 0001:00032760       _AngleNormalize360         20033760 f   q_math.obj
 0001:00032790       _AngleNormalize180         20033790 f   q_math.obj
 0001:000327c0       _RadiusFromBounds          200337c0 f   q_math.obj
 0001:00032830       _AddPointToBounds          20033830 f   q_math.obj
 0001:000328b0       _VectorNormalize           200338b0 f   q_math.obj
 0001:00032900       _VectorNormalize2          20033900 f   q_math.obj
 0001:00032970       _AngleVectors              20033970 f   q_math.obj
 0001:00032ac0       _PerpendicularVector       20033ac0 f   q_math.obj
 0001:00032b40       _COM_Parse                 20033b40 f   q_shared.obj
 0001:00032b50       _COM_ParseExt              20033b50 f   q_shared.obj
 0001:00032cc0       _Q_strrchr                 20033cc0 f   q_shared.obj
 0001:00032cf0       _Q_strncpyz                20033cf0 f   q_shared.obj
 0001:00032d50       _Q_stricmpn                20033d50 f   q_shared.obj
 0001:00032de0       _Q_strncmp                 20033de0 f   q_shared.obj
 0001:00032e30       _Q_stricmp                 20033e30 f   q_shared.obj
 0001:00032e60       _Q_strcat                  20033e60 f   q_shared.obj
 0001:00032eb0       _Q_CleanStr                20033eb0 f   q_shared.obj
 0001:00032f00       _Com_sprintf               20033f00 f   q_shared.obj
 0001:00032f80       _va                        20033f80 f   q_shared.obj
 0001:00032fc0       _Info_ValueForKey          20033fc0 f   q_shared.obj
 0001:000330b0       _Info_RemoveKey            200340b0 f   q_shared.obj
 0001:000331b0       _Info_Validate             200341b0 f   q_shared.obj
 0001:000331e0       _Info_SetValueForKey       200341e0 f   q_shared.obj
 0001:000333b0       _SnapVectorTowards         200343b0 f   q_shared.obj
 0001:00033400       _atol                      20034400 f   LIBC:atox.obj
 0001:0003348b       _atoi                      2003448b f   LIBC:atox.obj
 0001:00033496       _srand                     20034496 f   LIBC:rand.obj
 0001:000334a0       _rand                      200344a0 f   LIBC:rand.obj
 0001:000334be       __fpmath                   200344be f   LIBC:fpinit.obj
 0001:000334d5       __fpclear                  200344d5 f   LIBC:fpinit.obj
 0001:000334d6       __cfltcvt_init             200344d6 f   LIBC:fpinit.obj
 0001:00033510       __ftol                     20034510 f   LIBC:ftol.obj
 0001:00033540       _strncpy                   20034540 f   LIBC:strncpy.obj
 0001:0003363e       _atof                      2003463e f   LIBC:atof.obj
 0001:0003368b       _sscanf                    2003468b f   LIBC:sscanf.obj
 0001:000336bf       _toupper                   200346bf f   LIBC:toupper.obj
 0001:00033790       _memmove                   20034790 f   LIBC:memmove.obj
 0001:00033ad0       _strstr                    20034ad0 f   LIBC:strstr.obj
 0001:00033b50       _vsprintf                  20034b50 f   LIBC:vsprintf.obj
 0001:00033bc0       _strchr                    20034bc0 f   LIBC:strchr.obj
 0001:00033bc6       ___from_strstr_to_strchr   20034bc6 f   LIBC:strchr.obj
 0001:00033c80       __alloca_probe             20034c80 f   LIBC:chkstk.obj
 0001:00033c80       __chkstk                   20034c80 f   LIBC:chkstk.obj
 0001:00033caf       _tolower                   20034caf f   LIBC:tolower.obj
 0001:00033d7a       _ceil                      20034d7a f   LIBC:ceil.obj
 0001:00033e49       _qsort                     20034e49 f   LIBC:qsort.obj
 0001:00034017       __CRT_INIT@12              20035017 f   LIBC:dllcrt0.obj
 0001:000340cf       __DllMainCRTStartup@12     200350cf f   LIBC:dllcrt0.obj
 0001:0003416c       __amsg_exit                2003516c f   LIBC:dllcrt0.obj
 0001:0003419f       __isctype                  2003519f f   LIBC:isctype.obj
 0001:00034220       __allmul                   20035220 f   LIBC:llmul.obj
 0001:00034254       __setdefaultprecision      20035254 f   LIBC:fp8.obj
 0001:00034266       __ms_p5_test_fdiv          20035266 f   LIBC:testfdiv.obj
 0001:000342a4       __ms_p5_mp_test_fdiv       200352a4 f   LIBC:testfdiv.obj
 0001:000342cd       __forcdecpt                200352cd f   LIBC:cvt.obj
 0001:00034327       __cropzeros                20035327 f   LIBC:cvt.obj
 0001:00034375       __positive                 20035375 f   LIBC:cvt.obj
 0001:0003438d       __fassign                  2003538d f   LIBC:cvt.obj
 0001:000343cb       __cftoe                    200353cb f   LIBC:cvt.obj
 0001:000344cf       __cftof                    200354cf f   LIBC:cvt.obj
 0001:000345ad       __cftog                    200355ad f   LIBC:cvt.obj
 0001:00034692       __cfltcvt                  20035692 f   LIBC:cvt.obj
 0001:00034708       __fltin                    20035708 f   LIBC:cfin.obj
 0001:000347a0       _strlen                    200357a0 f   LIBC:strlen.obj
 0001:0003481b       __input                    2003581b f   LIBC:input.obj
 0001:000352cc       ___crtLCMapStringA         200362cc f   LIBC:a_map.obj
 0001:0003551b       __flsbuf                   2003651b f   LIBC:_flsbuf.obj
 0001:00035630       __output                   20036630 f   LIBC:output.obj
 0001:00035e3a       __handle_qnan1             20036e3a f   LIBC:fpexcept.obj
 0001:00035e8d       __except1                  20036e8d f   LIBC:fpexcept.obj
 0001:00035f25       __raise_exc                20036f25 f   LIBC:fpexcept.obj
 0001:000361d8       __handle_exc               200371d8 f   LIBC:fpexcept.obj
 0001:000363ef       __umatherr                 200373ef f   LIBC:fpexcept.obj
 0001:00036477       __set_errno                20037477 f   LIBC:fpexcept.obj
 0001:000364c2       __errcode                  200374c2 f   LIBC:fpexcept.obj
 0001:000364ef       __frnd                     200374ef f   LIBC:frnd.obj
 0001:00036501       __set_exp                  20037501 f   LIBC:util.obj
 0001:0003652a       __sptype                   2003752a f   LIBC:util.obj
 0001:00036584       __decomp                   20037584 f   LIBC:util.obj
 0001:00036645       __statfp                   20037645 f   LIBC:fpctrl.obj
 0001:00036653       __clrfp                    20037653 f   LIBC:fpctrl.obj
 0001:00036662       __ctrlfp                   20037662 f   LIBC:fpctrl.obj
 0001:00036685       __set_statfp               20037685 f   LIBC:fpctrl.obj
 0001:000366db       __cinit                    200376db f   LIBC:crt0dat.obj
 0001:00036708       __exit                     20037708 f   LIBC:crt0dat.obj
 0001:00036719       __cexit                    20037719 f   LIBC:crt0dat.obj
 0001:000367db       __heap_init                200377db f   LIBC:heapinit.obj
 0001:00036817       __heap_term                20037817 f   LIBC:heapinit.obj
 0001:0003688c       __ioinit                   2003788c f   LIBC:ioinit.obj
 0001:00036a37       __ioterm                   20037a37 f   LIBC:ioinit.obj
 0001:00036a5a       __setenvp                  20037a5a f   LIBC:stdenvp.obj
 0001:00036b13       __setargv                  20037b13 f   LIBC:stdargv.obj
 0001:00036d60       ___crtGetEnvironmentStringsA 20037d60 f   LIBC:a_env.obj
 0001:00036e92       _DllMain@12                20037e92 f   LIBC:dllmain.obj
 0001:00036eb2       __FF_MSGBANNER             20037eb2 f   LIBC:crt0msg.obj
 0001:00036eeb       __NMSG_WRITE               20037eeb f   LIBC:crt0msg.obj
 0001:0003703e       ___crtGetStringTypeA       2003803e f   LIBC:a_str.obj
 0001:00037187       __control87                20038187 f   LIBC:ieee87.obj
 0001:000371bc       __controlfp                200381bc f   LIBC:ieee87.obj
 0001:000372ed       __ZeroTail                 200382ed f   LIBC:intrncvt.obj
 0001:00037336       __IncMan                   20038336 f   LIBC:intrncvt.obj
 0001:0003738c       __RoundMan                 2003838c f   LIBC:intrncvt.obj
 0001:00037418       __CopyMan                  20038418 f   LIBC:intrncvt.obj
 0001:00037433       __FillZeroMan              20038433 f   LIBC:intrncvt.obj
 0001:0003743f       __IsZeroMan                2003843f f   LIBC:intrncvt.obj
 0001:0003745a       __ShrMan                   2003845a f   LIBC:intrncvt.obj
 0001:000374e7       __ld12cvt                  200384e7 f   LIBC:intrncvt.obj
 0001:00037653       __ld12tod                  20038653 f   LIBC:intrncvt.obj
 0001:00037669       __ld12tof                  20038669 f   LIBC:intrncvt.obj
 0001:0003767f       __atodbl                   2003867f f   LIBC:intrncvt.obj
 0001:000376ac       __atoflt                   200386ac f   LIBC:intrncvt.obj
 0001:000376e0       _strcpy                    200386e0 f   LIBC:strcat.obj
 0001:000376f0       _strcat                    200386f0 f   LIBC:strcat.obj
 0001:000377d0       __fptostr                  200387d0 f   LIBC:_fptostr.obj
 0001:00037847       __fltout                   20038847 f   LIBC:cfout.obj
 0001:000378ab       ___dtold                   200388ab f   LIBC:cfout.obj
 0001:00037970       _memset                    20038970 f   LIBC:memset.obj
 0001:000379c8       __fptrap                   200389c8 f   LIBC:crt0fp.obj
 0001:000379d1       ___strgtold12              200389d1 f   LIBC:strgtold.obj
 0001:00037ea2       _mbtowc                    20038ea2 f   LIBC:mbtowc.obj
 0001:00037f6a       _isspace                   20038f6a f   LIBC:_ctype.obj
 0001:00037fa0       __allshl                   20038fa0 f   LIBC:llshl.obj
 0001:00037fbf       __filbuf                   20038fbf f   LIBC:_filbuf.obj
 0001:00038098       _ungetc                    20039098 f   LIBC:ungetc.obj
 0001:00038108       __global_unwind2           20039108 f   LIBC:exsup.obj
 0001:0003814a       __local_unwind2            2003914a f   LIBC:exsup.obj
 0001:000381a2       __NLG_Return2              200391a2 f   LIBC:exsup.obj
 0001:000381b2       __abnormal_termination     200391b2 f   LIBC:exsup.obj
 0001:000381d5       __NLG_Notify1              200391d5 f   LIBC:exsup.obj
 0001:000381de       __NLG_Notify               200391de f   LIBC:exsup.obj
 0001:000381f1       __NLG_Dispatch             200391f1 f   LIBC:exsup.obj
 0001:00038200       __except_handler3          20039200 f   LIBC:exsup3.obj
 0001:000382bd       __seh_longjmp_unwind@4     200392bd f   LIBC:exsup3.obj
 0001:000382d8       __lseek                    200392d8 f   LIBC:lseek.obj
 0001:00038372       __write                    20039372 f   LIBC:write.obj
 0001:0003851f       __getbuf                   2003951f f   LIBC:_getbuf.obj
 0001:00038563       __isatty                   20039563 f   LIBC:isatty.obj
 0001:00038589       ___initstdio               20039589 f   LIBC:_file.obj
 0001:0003862e       ___endstdio                2003962e f   LIBC:_file.obj
 0001:00038642       _wctomb                    20039642 f   LIBC:wctomb.obj
 0001:000386b0       __aulldiv                  200396b0 f   LIBC:ulldiv.obj
 0001:00038720       __aullrem                  20039720 f   LIBC:ullrem.obj
 0001:00038795       __matherr                  20039795 f   LIBC:matherr.obj
 0001:00038798       ___sbh_heap_init           20039798 f   LIBC:sbheap.obj
 0001:000387d6       ___sbh_find_block          200397d6 f   LIBC:sbheap.obj
 0001:00038801       ___sbh_free_block          20039801 f   LIBC:sbheap.obj
 0001:00038b2c       ___sbh_alloc_block         20039b2c f   LIBC:sbheap.obj
 0001:00038e35       ___sbh_alloc_new_region    20039e35 f   LIBC:sbheap.obj
 0001:00038ee6       ___sbh_alloc_new_group     20039ee6 f   LIBC:sbheap.obj
 0001:00038fe1       _malloc                    20039fe1 f   LIBC:malloc.obj
 0001:00038ff3       __nh_malloc                20039ff3 f   LIBC:malloc.obj
 0001:0003901f       __heap_alloc               2003a01f f   LIBC:malloc.obj
 0001:00039055       _free                      2003a055 f   LIBC:free.obj
 0001:00039084       __setmbcp                  2003a084 f   LIBC:mbctype.obj
 0001:00039448       ___initmbctable            2003a448 f   LIBC:mbctype.obj
 0001:00039470       _memcpy                    2003a470 f   LIBC:memcpy.obj
 0001:000397a5       ___crtMessageBoxA          2003a7a5 f   LIBC:crtmbox.obj
 0001:0003982e       ___addl                    2003a82e f   LIBC:mantold.obj
 0001:0003984f       ___add_12                  2003a84f f   LIBC:mantold.obj
 0001:000398ad       ___shl_12                  2003a8ad f   LIBC:mantold.obj
 0001:000398db       ___shr_12                  2003a8db f   LIBC:mantold.obj
 0001:00039908       ___mtold12                 2003a908 f   LIBC:mantold.obj
 0001:000399cf       _$I10_OUTPUT               2003a9cf f   LIBC:x10fout.obj
 0001:00039c62       ___ld12mul                 2003ac62 f   LIBC:tenpow.obj
 0001:00039e82       ___multtenpow12            2003ae82 f   LIBC:tenpow.obj
 0001:00039efe       __read                     2003aefe f   LIBC:read.obj
 0001:0003a0f4       __dosmaperr                2003b0f4 f   LIBC:dosmap.obj
 0001:0003a15b       __free_osfhnd              2003b15b f   LIBC:osfinfo.obj
 0001:0003a1d5       __get_osfhandle            2003b1d5 f   LIBC:osfinfo.obj
 0001:0003a212       _calloc                    2003b212 f   LIBC:calloc.obj
 0001:0003a28f       __fcloseall                2003b28f f   LIBC:closeall.obj
 0001:0003a2e7       _fflush                    2003b2e7 f   LIBC:fflush.obj
 0001:0003a322       __flush                    2003b322 f   LIBC:fflush.obj
 0001:0003a37e       __flushall                 2003b37e f   LIBC:fflush.obj
 0001:0003a3f4       __callnewh                 2003b3f4 f   LIBC:handler.obj
 0001:0003a40f       _fclose                    2003b40f f   LIBC:fclose.obj
 0001:0003a465       __commit                   2003b465 f   LIBC:commit.obj
 0001:0003a4bc       __close                    2003b4bc f   LIBC:close.obj
 0001:0003a56f       __freebuf                  2003b56f f   LIBC:_freebuf.obj
 0001:0003a59a       _RtlUnwind@16              2003b59a f   kernel32:KERNEL32.dll
 0002:00000000       __imp__GetEnvironmentStrings@0 2003c000     kernel32:KERNEL32.dll
 0002:00000004       __imp__GetVersion@0        2003c004     kernel32:KERNEL32.dll
 0002:00000008       __imp__GetProcAddress@8    2003c008     kernel32:KERNEL32.dll
 0002:0000000c       __imp__GetModuleHandleA@4  2003c00c     kernel32:KERNEL32.dll
 0002:00000010       __imp__WideCharToMultiByte@32 2003c010     kernel32:KERNEL32.dll
 0002:00000014       __imp__MultiByteToWideChar@24 2003c014     kernel32:KERNEL32.dll
 0002:00000018       __imp__LCMapStringA@24     2003c018     kernel32:KERNEL32.dll
 0002:0000001c       __imp__LCMapStringW@24     2003c01c     kernel32:KERNEL32.dll
 0002:00000020       __imp__RaiseException@16   2003c020     kernel32:KERNEL32.dll
 0002:00000024       __imp__ExitProcess@4       2003c024     kernel32:KERNEL32.dll
 0002:00000028       __imp__TerminateProcess@8  2003c028     kernel32:KERNEL32.dll
 0002:0000002c       __imp__GetCurrentProcess@0 2003c02c     kernel32:KERNEL32.dll
 0002:00000030       __imp__HeapDestroy@4       2003c030     kernel32:KERNEL32.dll
 0002:00000034       __imp__HeapCreate@12       2003c034     kernel32:KERNEL32.dll
 0002:00000038       __imp__VirtualFree@12      2003c038     kernel32:KERNEL32.dll
 0002:0000003c       __imp__HeapFree@12         2003c03c     kernel32:KERNEL32.dll
 0002:00000040       __imp__SetHandleCount@4    2003c040     kernel32:KERNEL32.dll
 0002:00000044       __imp__GetStdHandle@4      2003c044     kernel32:KERNEL32.dll
 0002:00000048       __imp__GetFileType@4       2003c048     kernel32:KERNEL32.dll
 0002:0000004c       __imp__GetStartupInfoA@4   2003c04c     kernel32:KERNEL32.dll
 0002:00000050       __imp__GetModuleFileNameA@12 2003c050     kernel32:KERNEL32.dll
 0002:00000054       __imp__FreeEnvironmentStringsA@4 2003c054     kernel32:KERNEL32.dll
 0002:00000058       __imp__FreeEnvironmentStringsW@4 2003c058     kernel32:KERNEL32.dll
 0002:0000005c       __imp__GetCommandLineA@0   2003c05c     kernel32:KERNEL32.dll
 0002:00000060       __imp__GetEnvironmentStringsW@0 2003c060     kernel32:KERNEL32.dll
 0002:00000064       __imp__DisableThreadLibraryCalls@4 2003c064     kernel32:KERNEL32.dll
 0002:00000068       __imp__WriteFile@20        2003c068     kernel32:KERNEL32.dll
 0002:0000006c       __imp__GetStringTypeA@20   2003c06c     kernel32:KERNEL32.dll
 0002:00000070       __imp__GetStringTypeW@16   2003c070     kernel32:KERNEL32.dll
 0002:00000074       __imp__RtlUnwind@16        2003c074     kernel32:KERNEL32.dll
 0002:00000078       __imp__GetLastError@0      2003c078     kernel32:KERNEL32.dll
 0002:0000007c       __imp__SetFilePointer@16   2003c07c     kernel32:KERNEL32.dll
 0002:00000080       __imp__HeapAlloc@12        2003c080     kernel32:KERNEL32.dll
 0002:00000084       __imp__VirtualAlloc@16     2003c084     kernel32:KERNEL32.dll
 0002:00000088       __imp__HeapReAlloc@16      2003c088     kernel32:KERNEL32.dll
 0002:0000008c       __imp__GetCPInfo@8         2003c08c     kernel32:KERNEL32.dll
 0002:00000090       __imp__GetACP@0            2003c090     kernel32:KERNEL32.dll
 0002:00000094       __imp__GetOEMCP@0          2003c094     kernel32:KERNEL32.dll
 0002:00000098       __imp__LoadLibraryA@4      2003c098     kernel32:KERNEL32.dll
 0002:0000009c       __imp__ReadFile@20         2003c09c     kernel32:KERNEL32.dll
 0002:000000a0       __imp__SetStdHandle@8      2003c0a0     kernel32:KERNEL32.dll
 0002:000000a4       __imp__FlushFileBuffers@4  2003c0a4     kernel32:KERNEL32.dll
 0002:000000a8       __imp__CloseHandle@4       2003c0a8     kernel32:KERNEL32.dll
 0002:000000ac       \177KERNEL32_NULL_THUNK_DATA 2003c0ac     kernel32:KERNEL32.dll
 0002:000000b0       __real@4@3ff08001000200040000 2003c0b0     ai_chat.obj
 0002:000000b8       __real@8@40028e66666666666800 2003c0b8     ai_chat.obj
 0002:000000c0       __real@4@00000000000000000000 2003c0c0     ai_chat.obj
[...]
 0003:00071440       _g_teamForceBalance        200ae440     <common>
 0003:00071560       _g_doWarmup                200ae560     <common>
 0003:00071680       _g_debugDamage             200ae680     <common>
 0003:000717a0       _g_podiumDist              200ae7a0     <common>
 0003:000718c0       _g_banIPs                  200ae8c0     <common>
 0003:000719e0       _pmove_fixed               200ae9e0     <common>
 0003:00071b00       _g_unlaggedVersion         200aeb00     <common>
 0003:00071c20       _g_rankings                200aec20     <common>
 0003:00071d40       _g_knockback               200aed40     <common>
 0003:00071e60       _g_clients                 200aee60     <common>
 0003:000a6060       _g_maxclients              200e3060     <common>
 0003:000a6180       _g_podiumDrop              200e3180     <common>
 0003:000a62a0       _g_instagib                200e32a0     <common>
 0003:000a63c0       _g_timelimit               200e33c0     <common>
 0003:000a64e0       _g_filterBan               200e34e0     <common>
 0003:000a6600       _g_smoothClients           200e3600     <common>
 0003:000a6720       _g_debugAlloc              200e3720     <common>
 0003:000a6840       _g_inactivity              200e3840     <common>
 0003:000a6960       _level                     200e3960     <common>
 0003:000a8d60       _g_restarted               200e5d60     <common>
 0003:000a8e80       _g_teamAutoJoin            200e5e80     <common>
 0003:000a8fa0       _g_blood                   200e5fa0     <common>
 0003:000a90c0       _g_truePing                200e60c0     <common>
 0003:000a91e0       _g_gravity                 200e61e0     <common>
 0003:000a9300       _g_listEntity              200e6300     <common>
 0003:000a9420       _g_allowVote               200e6420     <common>
 0003:000a9540       _g_entities                200e6540     <common>
 0003:00173540       _g_log                     201b0540     <common>
 0003:00173660       _g_friendlyFire            201b0660     <common>
 0003:00173780       _g_weaponRespawn           201b0780     <common>
 0003:001738a0       _g_debugMove               201b08a0     <common>
 0003:001739c0       _g_motd                    201b09c0     <common>
 0003:00173ae0       _g_forcerespawn            201b0ae0     <common>
 0003:00173c00       _g_warmup                  201b0c00     <common>
 0003:00173d20       _g_logSync                 201b0d20     <common>
 0003:00173e40       _sv_fps                    201b0e40     <common>
 0003:00173f60       _g_quadfactor              201b0f60     <common>
 0003:00174080       _g_dedicated               201b1080     <common>
 0003:001741a0       _itemRegistered            201b11a0     <common>
 0003:001745a0       _bot_minplayers            201b15a0     <common>
 0003:001746b0       _g_numArenas               201b16b0     <common>
 0003:001746b4       _podium2                   201b16b4     <common>
 0003:001746b8       _podium3                   201b16b8     <common>
 0003:001746bc       _podium1                   201b16bc     <common>
 0003:001746c0       _pml                       201b16c0     <common>
 0003:00174750       _pm                        201b1750     <common>
 0003:00174760       _ctftaskpreferences        201b1760     <common>
 0003:00175160       _bot_interbreedcycle       201b2160     <common>
 0003:00175270       _numbots                   201b2270     <common>
 0003:00175280       _bot_testsolid             201b2280     <common>
 0003:001753a0       _bot_interbreedwrite       201b23a0     <common>
 0003:001754c0       _bot_developer             201b24c0     <common>
 0003:001755e0       _bot_testclusters          201b25e0     <common>
 0003:001756f0       _bot_interbreedmatchcount  201b26f0     <common>
 0003:00175700       _bot_saveroutingcache      201b2700     <common>
 0003:00175820       _bot_thinktime             201b2820     <common>
 0003:00175940       _botstates                 201b2940     <common>
 0003:00175a40       _regularupdate_time        201b2a40     <common>
 0003:00175a44       _bot_interbreed            201b2a44     <common>
 0003:00175a48       _floattime                 201b2a48     <common>
 0003:00175a60       _bot_pause                 201b2a60     <common>
 0003:00175b80       _bot_interbreedbots        201b2b80     <common>
 0003:00175ca0       _bot_memorydump            201b2ca0     <common>
 0003:00175dc0       _bot_report                201b2dc0     <common>
 0003:00175ee0       _bot_interbreedchar        201b2ee0     <common>
 0003:00175ff0       _lastteleport_origin       201b2ff0     <common>
 0003:00176000       _ctf_blueflag              201b3000     <common>
 0003:00176040       _g_spSkill                 201b3040     <common>
 0003:00176160       _bot_testrchat             201b3160     <common>
 0003:00176270       _gametype                  201b3270     <common>
 0003:00176280       _bot_nochat                201b3280     <common>
 0003:00176390       _max_bspmodelindex         201b3390     <common>
 0003:001763a0       _bot_fastchat              201b33a0     <common>
 0003:001764c0       _bot_rocketjump            201b34c0     <common>
 0003:001765e0       _bot_predictobstacles      201b35e0     <common>
 0003:00176700       _bot_challenge             201b3700     <common>
 0003:00176810       _red_numaltroutegoals      201b3810     <common>
 0003:00176820       _ctf_redflag               201b3820     <common>
 0003:00176858       _botai_freewaypoints       201b3858     <common>
 0003:0017685c       _altroutegoals_setup       201b385c     <common>
 0003:00176860       _lastteleport_time         201b3860     <common>
 0003:00176880       _blue_altroutegoals        201b3880     <common>
 0003:00176b80       _blue_numaltroutegoals     201b3b80     <common>
 0003:00176ba0       _botai_waypoints           201b3ba0     <common>
 0003:00179da0       _bot_grapple               201b6da0     <common>
 0003:00179ec0       _red_altroutegoals         201b6ec0     <common>
 0003:0017a1c0       _maxclients                201b71c0     <common>
 0003:0017a1c4       _numnodeswitches           201b71c4     <common>
 0003:0017a1e0       _nodeswitch                201b71e0     <common>
 0003:0017bea0       _notleader                 201b8ea0     <common>
 0003:0017bfa0       ___mbcodepage              201b8fa0     <common>
 0003:0017bfb0       ___mbulinfo                201b8fb0     <common>
 0003:0017bfbc       ___ismbcodepage            201b8fbc     <common>
 0003:0017bfc0       __mbcasemap                201b8fc0     <common>
 0003:0017c0c0       __mbctype                  201b90c0     <common>
 0003:0017c1c4       ___mblcid                  201b91c4     <common>
 0003:0017c1c8       ___sbh_sizeHeaderList      201b91c8     <common>
 0003:0017c1cc       ___sbh_indGroupDefer       201b91cc     <common>
 0003:0017c1d0       ___sbh_pHeaderScan         201b91d0     <common>
 0003:0017c1d4       ___sbh_pHeaderDefer        201b91d4     <common>
 0003:0017c1d8       ___sbh_cntHeaderList       201b91d8     <common>
 0003:0017c1dc       ___sbh_pHeaderList         201b91dc     <common>
 0003:0017c1e0       ___piob                    201b91e0     <common>
 0003:0017c200       __bufin                    201b9200     <common>
 0003:0017d200       __nstream                  201ba200     <common>
 0003:0017d220       ___pioinfo                 201ba220     <common>
 0003:0017d320       __nhandle                  201ba320     <common>
 0003:0017d324       __crtheap                  201ba324     <common>
 0003:0017d328       ___env_initialized         201ba328     <common>
 0003:0017d32c       ___mbctype_initialized     201ba32c     <common>
 0003:0017d330       ___onexitend               201ba330     <common>
 0003:0017d334       ___onexitbegin             201ba334     <common>
 0003:0017d338       __acmdln                   201ba338     <common>
 0003:0017d33c       __pRawDllMain              201ba33c     <common>

 entry point at        0001:000340cf

 Static symbols

 0001:00032c80       _SkipWhitespace            20033c80 f   q_shared.obj
 0001:0002fc80       _TimeShiftLerp             20030c80 f   g_unlagged.obj
 0001:0002ebc0       _SortClients               2002fbc0 f   g_team.obj
 0001:0002d550       _target_location_linkup    2002e550 f   g_target.obj
 0001:0002afd0       _AddIP                     2002bfd0 f   g_svcmds.obj
 0001:0002b040       _StringToFilter            2002c040 f   g_svcmds.obj
 0001:0002b0f0       _UpdateIPBans              2002c0f0 f   g_svcmds.obj
 0001:000292f0       _Touch_DoorTriggerSpectator 2002a2f0 f   g_mover.obj
 0001:00026b30       _InitShooter_Finish        20027b30 f   g_misc.obj
 0001:00020690       _G_SayTo                   20021690 f   g_cmds.obj
 0001:00020810       _G_VoiceTo                 20021810 f   g_cmds.obj
 0001:00021d50       _Cmd_Say_f                 20022d50 f   g_cmds.obj
 0001:00021d90       _Cmd_Tell_f                20022d90 f   g_cmds.obj
 0001:00021e70       _Cmd_Voice_f               20022e70 f   g_cmds.obj
 0001:00021ec0       _Cmd_VoiceTell_f           20022ec0 f   g_cmds.obj
 0001:00021fb0       _Cmd_VoiceTaunt_f          20022fb0 f   g_cmds.obj
 0001:0001e7d0       _ClientCleanName           2001f7d0 f   g_client.obj
 0001:0001c810       _PlayerIntroSound          2001d810 f   g_bot.obj
 0001:0001cae0       _G_AddBot                  2001dae0 f   g_bot.obj
 0001:0001cea0       _AddBotToSpawnQueue        2001dea0 f   g_bot.obj
 0001:0001d2e0       _G_LoadArenas              2001e2e0 f   g_bot.obj
 0001:0001d430       _G_LoadArenasFromFile      2001e430 f   g_bot.obj
 0001:0001d510       _G_SpawnBots               2001e510 f   g_bot.obj
 0001:0001d640       _G_LoadBots                2001e640 f   g_bot.obj
 0001:0001d770       _G_LoadBotsFromFile        2001e770 f   g_bot.obj
 0001:0001b670       _SpawnModelOnVictoryPad    2001c670 f   g_arenas.obj
 0001:0001b930       _CelebrateStart            2001c930 f   g_arenas.obj
 0001:0001b980       _CelebrateStop             2001c980 f   g_arenas.obj
 0001:0001b9b0       _SpawnPodium               2001c9b0 f   g_arenas.obj
 0001:0001bb10       _PodiumPlacementThink      2001cb10 f   g_arenas.obj
 0001:00016e00       _PM_WaterJumpMove          20017e00 f   bg_pmove.obj
 0001:00016e50       _PM_WaterMove              20017e50 f   bg_pmove.obj
 0001:00017030       _PM_Friction               20018030 f   bg_pmove.obj
 0001:00017180       _PM_Accelerate             20018180 f   bg_pmove.obj
 0001:00017200       _PM_CmdScale               20018200 f   bg_pmove.obj
 0001:00017290       _PM_CheckWaterJump         20018290 f   bg_pmove.obj
 0001:000173f0       _PM_FlyMove                200183f0 f   bg_pmove.obj
 0001:000174d0       _PM_AirMove                200184d0 f   bg_pmove.obj
 0001:000175f0       _PM_SetMovementDir         200185f0 f   bg_pmove.obj
 0001:000176c0       _PM_GrappleMove            200186c0 f   bg_pmove.obj
 0001:00017800       _PM_WalkMove               20018800 f   bg_pmove.obj
 0001:00017b20       _PM_CheckJump              20018b20 f   bg_pmove.obj
 0001:00017be0       _PM_ForceLegsAnim          20018be0 f   bg_pmove.obj
 0001:00017c00       _PM_StartLegsAnim          20018c00 f   bg_pmove.obj
 0001:00017c30       _PM_DeadMove               20018c30 f   bg_pmove.obj
 0001:00017cf0       _PM_NoclipMove             20018cf0 f   bg_pmove.obj
 0001:00017ed0       _PM_GroundTrace            20018ed0 f   bg_pmove.obj
 0001:00018140       _PM_CrashLand              20019140 f   bg_pmove.obj
 0001:000182f0       _PM_FootstepForSurface     200192f0 f   bg_pmove.obj
 0001:00018310       _PM_CorrectAllSolid        20019310 f   bg_pmove.obj
 0001:000184d0       _PM_GroundTraceMissed      200194d0 f   bg_pmove.obj
 0001:000185e0       _PM_SetWaterLevel          200195e0 f   bg_pmove.obj
 0001:00018710       _PM_CheckDuck              20019710 f   bg_pmove.obj
 0001:00018920       _PM_Footsteps              20019920 f   bg_pmove.obj
 0001:00018af0       _PM_ContinueLegsAnim       20019af0 f   bg_pmove.obj
 0001:00018b20       _PM_WaterEvents            20019b20 f   bg_pmove.obj
 0001:00018bb0       _PM_TorsoAnimation         20019bb0 f   bg_pmove.obj
 0001:00018be0       _PM_ContinueTorsoAnim      20019be0 f   bg_pmove.obj
 0001:00018c10       _PM_StartTorsoAnim         20019c10 f   bg_pmove.obj
 0001:00018c40       _PM_Weapon                 20019c40 f   bg_pmove.obj
 0001:00018fc0       _PM_BeginWeaponChange      20019fc0 f   bg_pmove.obj
 0001:00019030       _PM_FinishWeaponChange     2001a030 f   bg_pmove.obj
 0001:00019090       _PM_Animate                2001a090 f   bg_pmove.obj
 0001:000190d0       _PM_DropTimers             2001a0d0 f   bg_pmove.obj
 0001:00019160       _PM_LadderMove             2001a160 f   bg_pmove.obj
 0001:0003a387       _flsall                    2003b387 f   LIBC:fflush.obj
 0001:000394e0       LeadUp1                    2003a4e0 f   LIBC:memcpy.obj
 0001:0003950c       LeadUp2                    2003a50c f   LIBC:memcpy.obj
 0001:00039530       LeadUp3                    2003a530 f   LIBC:memcpy.obj
 0001:000395af       UnwindUp0                  2003a5af f   LIBC:memcpy.obj
 0001:0003959c       UnwindUp1                  2003a59c f   LIBC:memcpy.obj
 0001:00039594       UnwindUp2                  2003a594 f   LIBC:memcpy.obj
 0001:0003958c       UnwindUp3                  2003a58c f   LIBC:memcpy.obj
 0001:00039584       UnwindUp4                  2003a584 f   LIBC:memcpy.obj
 0001:0003957c       UnwindUp5                  2003a57c f   LIBC:memcpy.obj
 0001:00039574       UnwindUp6                  2003a574 f   LIBC:memcpy.obj
 0001:0003956c       UnwindUp7                  2003a56c f   LIBC:memcpy.obj
 0001:000395c8       TrailUp0                   2003a5c8 f   LIBC:memcpy.obj
 0001:000395d0       TrailUp1                   2003a5d0 f   LIBC:memcpy.obj
 0001:000395dc       TrailUp2                   2003a5dc f   LIBC:memcpy.obj
 0001:000395f0       TrailUp3                   2003a5f0 f   LIBC:memcpy.obj
 0001:00039668       LeadDown1                  2003a668 f   LIBC:memcpy.obj
 0001:00039688       LeadDown2                  2003a688 f   LIBC:memcpy.obj
 0001:000396b0       LeadDown3                  2003a6b0 f   LIBC:memcpy.obj
 0001:00039704       UnwindDown7                2003a704 f   LIBC:memcpy.obj
 0001:0003970c       UnwindDown6                2003a70c f   LIBC:memcpy.obj
 0001:00039714       UnwindDown5                2003a714 f   LIBC:memcpy.obj
 0001:0003971c       UnwindDown4                2003a71c f   LIBC:memcpy.obj
 0001:00039724       UnwindDown3                2003a724 f   LIBC:memcpy.obj
 0001:0003972c       UnwindDown2                2003a72c f   LIBC:memcpy.obj
 0001:00039734       UnwindDown1                2003a734 f   LIBC:memcpy.obj
 0001:00039747       UnwindDown0                2003a747 f   LIBC:memcpy.obj
 0001:00039760       TrailDown0                 2003a760 f   LIBC:memcpy.obj
 0001:00039768       TrailDown1                 2003a768 f   LIBC:memcpy.obj
 0001:00039778       TrailDown2                 2003a778 f   LIBC:memcpy.obj
 0001:0003978c       TrailDown3                 2003a78c f   LIBC:memcpy.obj
 0001:0003921d       _getSystemCP               2003a21d f   LIBC:mbctype.obj
 0001:00039267       _CPtoLCID                  2003a267 f   LIBC:mbctype.obj
 0001:0003929a       _setSBCS                   2003a29a f   LIBC:mbctype.obj
 0001:000392c3       _setSBUpLow                2003a2c3 f   LIBC:mbctype.obj
 0001:00038120       _gu_return                 20039120 f   LIBC:exsup.obj
 0001:00038128       __unwind_handler           20039128 f   LIBC:exsup.obj
 0001:000371d2       __abstract_cw              200381d2 f   LIBC:ieee87.obj
 0001:00037264       __hw_cw                    20038264 f   LIBC:ieee87.obj
 0001:00036bac       _parse_cmdline             20037bac f   LIBC:stdargv.obj
 0001:00036728       _doexit                    20037728 f   LIBC:crt0dat.obj
 0001:000367c1       __initterm                 200377c1 f   LIBC:crt0dat.obj
 0001:0003649d       __get_fname                2003749d f   LIBC:fpexcept.obj
 0001:00035d71       _write_char                20036d71 f   LIBC:output.obj
 0001:00035da6       _write_multi_char          20036da6 f   LIBC:output.obj
 0001:00035dd7       _write_string              20036dd7 f   LIBC:output.obj
 0001:00035e0f       _get_int_arg               20036e0f f   LIBC:output.obj
 0001:00035e1c       _get_int64_arg             20036e1c f   LIBC:output.obj
 0001:00035e2c       _get_short_arg             20036e2c f   LIBC:output.obj
 0001:000354f0       _strncnt                   200364f0 f   LIBC:a_map.obj
 0001:00035240       __hextodec                 20036240 f   LIBC:input.obj
 0001:00035277       __inc                      20036277 f   LIBC:input.obj
 0001:00035291       __un_inc                   20036291 f   LIBC:input.obj
 0001:000352a8       __whiteout                 200362a8 f   LIBC:input.obj
 0001:00034648       __cftoe_g                  20035648 f   LIBC:cvt.obj
 0001:0003466f       __cftof_g                  2003566f f   LIBC:cvt.obj
 0001:000346e3       __shift                    200356e3 f   LIBC:cvt.obj
 0001:00033f9d       _shortsort                 20034f9d f   LIBC:qsort.obj
 0001:00033feb       _swap                      20034feb f   LIBC:qsort.obj
 0001:00033800       LeadUp1                    20034800 f   LIBC:memmove.obj
 0001:0003382c       LeadUp2                    2003482c f   LIBC:memmove.obj
 0001:00033850       LeadUp3                    20034850 f   LIBC:memmove.obj
 0001:000338cf       UnwindUp0                  200348cf f   LIBC:memmove.obj
 0001:000338bc       UnwindUp1                  200348bc f   LIBC:memmove.obj
 0001:000338b4       UnwindUp2                  200348b4 f   LIBC:memmove.obj
 0001:000338ac       UnwindUp3                  200348ac f   LIBC:memmove.obj
 0001:000338a4       UnwindUp4                  200348a4 f   LIBC:memmove.obj
 0001:0003389c       UnwindUp5                  2003489c f   LIBC:memmove.obj
 0001:00033894       UnwindUp6                  20034894 f   LIBC:memmove.obj
 0001:0003388c       UnwindUp7                  2003488c f   LIBC:memmove.obj
 0001:000338e8       TrailUp0                   200348e8 f   LIBC:memmove.obj
 0001:000338f0       TrailUp1                   200348f0 f   LIBC:memmove.obj
 0001:000338fc       TrailUp2                   200348fc f   LIBC:memmove.obj
 0001:00033910       TrailUp3                   20034910 f   LIBC:memmove.obj
 0001:00033988       LeadDown1                  20034988 f   LIBC:memmove.obj
 0001:000339a8       LeadDown2                  200349a8 f   LIBC:memmove.obj
 0001:000339d0       LeadDown3                  200349d0 f   LIBC:memmove.obj
 0001:00033a24       UnwindDown7                20034a24 f   LIBC:memmove.obj
 0001:00033a2c       UnwindDown6                20034a2c f   LIBC:memmove.obj
 0001:00033a34       UnwindDown5                20034a34 f   LIBC:memmove.obj
 0001:00033a3c       UnwindDown4                20034a3c f   LIBC:memmove.obj
 0001:00033a44       UnwindDown3                20034a44 f   LIBC:memmove.obj
 0001:00033a4c       UnwindDown2                20034a4c f   LIBC:memmove.obj
 0001:00033a54       UnwindDown1                20034a54 f   LIBC:memmove.obj
 0001:00033a67       UnwindDown0                20034a67 f   LIBC:memmove.obj
 0001:00033a80       TrailDown0                 20034a80 f   LIBC:memmove.obj
 0001:00033a88       TrailDown1                 20034a88 f   LIBC:memmove.obj
 0001:00033a98       TrailDown2                 20034a98 f   LIBC:memmove.obj
 0001:00033aac       TrailDown3                 20034aac f   LIBC:memmove.obj

 384 bytes saved through ICF

