 qagamex86

 Timestamp is 447039de (Sun May 21 02:58:54 2006)

 Preferred load address is 20000000

 Start         Length     Name                   Class
 0001:00000000 0003a7a0H .text                   CODE
 0002:00000000 000000b0H .idata$5                DATA
 0002:000000b0 000008b7H .rdata                  DATA
 0002:00000968 00000014H .idata$2                DATA
 0002:0000097c 00000014H .idata$3                DATA
 0002:00000990 000000b0H .idata$4                DATA
 0002:00000a40 000002f0H .idata$6                DATA
 0002:00000d30 0000005aH .edata                  DATA
 0003:00000000 00000004H .CRT$XCA                DATA
 0003:00000004 00000004H .CRT$XCZ                DATA
 0003:00000008 00000004H .CRT$XIA                DATA
 0003:0000000c 00000008H .CRT$XIC                DATA
 0003:00000014 00000004H .CRT$XIZ                DATA
 0003:00000018 00000004H .CRT$XPA                DATA
 0003:0000001c 00000004H .CRT$XPX                DATA
 0003:00000020 00000004H .CRT$XPZ                DATA
 0003:00000024 00000004H .CRT$XTA                DATA
 0003:00000028 00000004H .CRT$XTZ                DATA
 0003:00000030 0000863cH .data                   DATA
 0003:00008670 00174df0H .bss                    DATA

  Address         Publics by Value              Rva+Base     Lib:Object

 0001:00000000       _BotNumActivePlayers       20001000 f   ai_chat.obj
 0001:000000b0       _BotIsFirstInRankings      200010b0 f   ai_chat.obj
 0001:000001b0       _BotIsLastInRankings       200011b0 f   ai_chat.obj
 0001:000002b0       _BotFirstClientInRankings  200012b0 f   ai_chat.obj
 0001:000003b0       _BotLastClientInRankings   200013b0 f   ai_chat.obj
 0001:000004b0       _BotRandomOpponentName     200014b0 f   ai_chat.obj
 0001:00000610       _BotMapTitle               20001610 f   ai_chat.obj
 0001:00000660       _BotWeaponNameForMeansOfDeath 20001660 f   ai_chat.obj
 0001:00000700       _BotRandomWeaponName       20001700 f   ai_chat.obj
 0001:00000790       _BotVisibleEnemies         20001790 f   ai_chat.obj
 0001:00000860       _BotValidChatPosition      20001860 f   ai_chat.obj
 0001:000009f0       _BotChat_EnterGame         200019f0 f   ai_chat.obj
 0001:00000b20       _BotChat_ExitGame          20001b20 f   ai_chat.obj
 0001:00000c40       _BotChat_StartLevel        20001c40 f   ai_chat.obj
 0001:00000d70       _BotChat_EndLevel          20001d70 f   ai_chat.obj
 0001:00000f50       _BotChat_Death             20001f50 f   ai_chat.obj
 0001:000012f0       _BotChat_Kill              200022f0 f   ai_chat.obj
 0001:00001510       _BotChat_EnemySuicide      20002510 f   ai_chat.obj
 0001:00001650       _BotChat_HitTalking        20002650 f   ai_chat.obj
 0001:000017d0       _BotChat_HitNoDeath        200027d0 f   ai_chat.obj
 0001:00001980       _BotChat_HitNoKill         20002980 f   ai_chat.obj
 0001:00001b20       _BotChat_Random            20002b20 f   ai_chat.obj
 0001:00001d90       _BotChatTime               20002d90 f   ai_chat.obj
 0001:00001dc0       _BotChatTest               20002dc0 f   ai_chat.obj
 0001:00002740       _BotGetItemTeamGoal        20003740 f   ai_cmd.obj
 0001:00002780       _BotGetMessageTeamGoal     20003780 f   ai_cmd.obj
 0001:000027d0       _BotGetTime                200037d0 f   ai_cmd.obj
 0001:000028f0       _FindClientByName          200038f0 f   ai_cmd.obj
 0001:000029a0       _FindEnemyByName           200039a0 f   ai_cmd.obj
 0001:00002a80       _NumPlayersOnSameTeam      20003a80 f   ai_cmd.obj
 0001:00002b10       _BotGetPatrolWaypoints     20003b10 f   ai_cmd.obj
 0001:00002cd0       _BotAddressedToBot         20003cd0 f   ai_cmd.obj
 0001:00002f40       _BotMatch_HelpAccompany    20003f40 f   ai_cmd.obj
 0001:000032b0       _BotMatch_DefendKeyArea    200042b0 f   ai_cmd.obj
 0001:000033e0       _BotMatch_GetItem          200043e0 f   ai_cmd.obj
 0001:000034e0       _BotMatch_Camp             200044e0 f   ai_cmd.obj
 0001:000037b0       _BotMatch_Patrol           200047b0 f   ai_cmd.obj
 0001:000038b0       _BotMatch_GetFlag          200048b0 f   ai_cmd.obj
 0001:000039b0       _BotMatch_RushBase         200049b0 f   ai_cmd.obj
 0001:00003aa0       _BotMatch_TaskPreference   20004aa0 f   ai_cmd.obj
 0001:00003ba0       _BotMatch_ReturnFlag       20004ba0 f   ai_cmd.obj
 0001:00003c70       _BotMatch_JoinSubteam      20004c70 f   ai_cmd.obj
 0001:00003d20       _BotMatch_LeaveSubteam     20004d20 f   ai_cmd.obj
 0001:00003db0       _BotMatch_WhichTeam        20004db0 f   ai_cmd.obj
 0001:00003e20       _BotMatch_CheckPoint       20004e20 f   ai_cmd.obj
 0001:00004010       _BotMatch_FormationSpace   20005010 f   ai_cmd.obj
 0001:000040c0       _BotMatch_Dismiss          200050c0 f   ai_cmd.obj
 0001:00004160       _BotMatch_Suicide          20005160 f   ai_cmd.obj
 0001:000041e0       _BotMatch_StartTeamLeaderShip 200051e0 f   ai_cmd.obj
 0001:00004290       _BotMatch_StopTeamLeaderShip 20005290 f   ai_cmd.obj
 0001:00004350       _BotMatch_WhoIsTeamLeader  20005350 f   ai_cmd.obj
 0001:000043b0       _BotMatch_WhatAreYouDoing  200053b0 f   ai_cmd.obj
 0001:00004590       _BotMatch_WhatIsMyCommand  20005590 f   ai_cmd.obj
 0001:000045d0       _BotNearestVisibleItem     200055d0 f   ai_cmd.obj
 0001:000046e0       _BotMatch_WhereAreYou      200056e0 f   ai_cmd.obj
 0001:00004920       _BotMatch_LeadTheWay       20005920 f   ai_cmd.obj
 0001:00004b40       _BotMatch_Kill             20005b40 f   ai_cmd.obj
 0001:00004c50       _BotMatch_CTF              20005c50 f   ai_cmd.obj
 0001:00004db0       _BotMatch_EnterGame        20005db0 f   ai_cmd.obj
 0001:00004df0       _BotMatch_NewLeader        20005df0 f   ai_cmd.obj
 0001:00004e40       _BotMatchMessage           20005e40 f   ai_cmd.obj
 0001:00005310       _BotResetNodeSwitches      20006310 f   ai_dmnet.obj
 0001:00005320       _BotDumpNodeSwitches       20006320 f   ai_dmnet.obj
 0001:000053a0       _BotRecordNodeSwitch       200063a0 f   ai_dmnet.obj
 0001:00005410       _BotGetAirGoal             20006410 f   ai_dmnet.obj
 0001:00005570       _BotGoForAir               20006570 f   ai_dmnet.obj
 0001:00005670       _BotNearbyGoal             20006670 f   ai_dmnet.obj
 0001:00005710       _BotReachedGoal            20006710 f   ai_dmnet.obj
 0001:00005870       _BotGetItemLongTermGoal    20006870 f   ai_dmnet.obj
 0001:00005940       _BotGetLongTermGoal        20006940 f   ai_dmnet.obj
 0001:000070e0       _BotLongTermGoal           200080e0 f   ai_dmnet.obj
 0001:00007510       _AIEnter_Intermission      20008510 f   ai_dmnet.obj
 0001:00007570       _AINode_Intermission       20008570 f   ai_dmnet.obj
 0001:000075d0       _AIEnter_Observer          200085d0 f   ai_dmnet.obj
 0001:00007600       _AINode_Observer           20008600 f   ai_dmnet.obj
 0001:00007630       _AIEnter_Stand             20008630 f   ai_dmnet.obj
 0001:00007670       _AINode_Stand              20008670 f   ai_dmnet.obj
 0001:00007760       _AIEnter_Respawn           20008760 f   ai_dmnet.obj
 0001:00007840       _AINode_Respawn            20008840 f   ai_dmnet.obj
 0001:00007920       _BotSelectActivateWeapon   20008920 f   ai_dmnet.obj
 0001:000079e0       _BotClearPath              200089e0 f   ai_dmnet.obj
 0001:00007d50       _AIEnter_Seek_ActivateEntity 20008d50 f   ai_dmnet.obj
 0001:00007d80       _AINode_Seek_ActivateEntity 20008d80 f   ai_dmnet.obj
 0001:00008360       _AIEnter_Seek_NBG          20009360 f   ai_dmnet.obj
 0001:00008400       _AINode_Seek_NBG           20009400 f   ai_dmnet.obj
 0001:000087d0       _AIEnter_Seek_LTG          200097d0 f   ai_dmnet.obj
 0001:00008870       _AINode_Seek_LTG           20009870 f   ai_dmnet.obj
 0001:00008dd0       _AIEnter_Battle_Fight      20009dd0 f   ai_dmnet.obj
 0001:00008e10       _AIEnter_Battle_SuicidalFight 20009e10 f   ai_dmnet.obj
 0001:00008e60       _AINode_Battle_Fight       20009e60 f   ai_dmnet.obj
 0001:000092b0       _AIEnter_Battle_Chase      2000a2b0 f   ai_dmnet.obj
 0001:000092f0       _AINode_Battle_Chase       2000a2f0 f   ai_dmnet.obj
 0001:00009760       _AIEnter_Battle_Retreat    2000a760 f   ai_dmnet.obj
 0001:00009790       _AINode_Battle_Retreat     2000a790 f   ai_dmnet.obj
 0001:00009c70       _AIEnter_Battle_NBG        2000ac70 f   ai_dmnet.obj
 0001:00009ca0       _AINode_Battle_NBG         2000aca0 f   ai_dmnet.obj
 0001:0000a090       _BotSetUserInfo            2000b090 f   ai_dmq3.obj
 0001:0000a0f0       _BotCTFCarryingFlag        2000b0f0 f   ai_dmq3.obj
 0001:0000a130       _BotTeam                   2000b130 f   ai_dmq3.obj
 0001:0000a1c0       _BotOppositeTeam           2000b1c0 f   ai_dmq3.obj
 0001:0000a1f0       _BotEnemyFlag              2000b1f0 f   ai_dmq3.obj
 0001:0000a210       _BotTeamFlag               2000b210 f   ai_dmq3.obj
 0001:0000a230       _EntityIsDead              2000b230 f   ai_dmq3.obj
 0001:0000a280       _EntityCarriesFlag         2000b280 f   ai_dmq3.obj
 0001:0000a2a0       _EntityIsInvisible         2000b2a0 f   ai_dmq3.obj
 0001:0000a2d0       _EntityIsShooting          2000b2d0 f   ai_dmq3.obj
 0001:0000a2e0       _EntityIsChatting          2000b2e0 f   ai_dmq3.obj
 0001:0000a2f0       _BotRememberLastOrderedTask 2000b2f0 f   ai_dmq3.obj
 0001:0000a340       _BotSetLastOrderedTask     2000b340 f   ai_dmq3.obj
 0001:0000a470       _BotRefuseOrder            2000b470 f   ai_dmq3.obj
 0001:0000a4e0       _BotCTFSeekGoals           2000b4e0 f   ai_dmq3.obj
 0001:0000ac50       _BotCTFRetreatGoals        2000bc50 f   ai_dmq3.obj
 0001:0000acb0       _BotTeamGoals              2000bcb0 f   ai_dmq3.obj
 0001:0000ad20       _BotPointAreaNum           2000bd20 f   ai_dmq3.obj
 0001:0000ad80       _ClientName                2000bd80 f   ai_dmq3.obj
 0001:0000ae10       _ClientFromName            2000be10 f   ai_dmq3.obj
 0001:0000aeb0       _ClientOnSameTeamFromName  2000beb0 f   ai_dmq3.obj
 0001:0000af70       _stristr                   2000bf70 f   ai_dmq3.obj
 0001:0000aff0       _EasyClientName            2000bff0 f   ai_dmq3.obj
 0001:0000b1b0       _BotSynonymContext         2000c1b0 f   ai_dmq3.obj
 0001:0000b1e0       _BotChooseWeapon           2000c1e0 f   ai_dmq3.obj
 0001:0000b250       _BotSetupForMovement       2000c250 f   ai_dmq3.obj
 0001:0000b360       _BotUpdateInventory        2000c360 f   ai_dmq3.obj
 0001:0000b580       _BotUpdateBattleInventory  2000c580 f   ai_dmq3.obj
 0001:0000b5f0       _BotBattleUseItems         2000c5f0 f   ai_dmq3.obj
 0001:0000b650       _BotSetTeleportTime        2000c650 f   ai_dmq3.obj
 0001:0000b680       _BotIsDead                 2000c680 f   ai_dmq3.obj
 0001:0000b690       _BotIsObserver             2000c690 f   ai_dmq3.obj
 0001:0000b6f0       _BotIntermission           2000c6f0 f   ai_dmq3.obj
 0001:0000b720       _BotInLavaOrSlime          2000c720 f   ai_dmq3.obj
 0001:0000b760       _BotCreateWayPoint         2000c760 f   ai_dmq3.obj
 0001:0000b7f0       _BotFindWayPoint           2000c7f0 f   ai_dmq3.obj
 0001:0000b820       _BotFreeWaypoints          2000c820 f   ai_dmq3.obj
 0001:0000b850       _BotInitWaypoints          2000c850 f   ai_dmq3.obj
 0001:0000b870       _TeamPlayIsOn              2000c870 f   ai_dmq3.obj
 0001:0000b880       _BotAggression             2000c880 f   ai_dmq3.obj
 0001:0000b9b0       _BotWantsToRetreat         2000c9b0 f   ai_dmq3.obj
 0001:0000ba50       _BotWantsToChase           2000ca50 f   ai_dmq3.obj
 0001:0000bae0       _BotCanAndWantsToRocketJump 2000cae0 f   ai_dmq3.obj
 0001:0000bb70       _BotHasPersistantPowerupAndWeapon 2000cb70 f   ai_dmq3.obj
 0001:0000bc70       _BotGoCamp                 2000cc70 f   ai_dmq3.obj
 0001:0000bd40       _BotWantsToCamp            2000cd40 f   ai_dmq3.obj
 0001:0000bf00       _BotDontAvoid              2000cf00 f   ai_dmq3.obj
 0001:0000bf60       _BotGoForPowerups          2000cf60 f   ai_dmq3.obj
 0001:0000bfb0       _BotRoamGoal               2000cfb0 f   ai_dmq3.obj
 0001:0000c290       _BotAttackMove             2000d290 f   ai_dmq3.obj
 0001:0000c7d0       _BotSameTeam               2000d7d0 f   ai_dmq3.obj
 0001:0000c890       _InFieldOfVision           2000d890 f   ai_dmq3.obj
 0001:0000c960       _BotEntityVisible          2000d960 f   ai_dmq3.obj
 0001:0000cd60       _BotFindEnemy              2000dd60 f   ai_dmq3.obj
 0001:0000d1d0       _BotTeamFlagCarrierVisible 2000e1d0 f   ai_dmq3.obj
 0001:0000d280       _BotTeamFlagCarrier        2000e280 f   ai_dmq3.obj
 0001:0000d300       _BotEnemyFlagCarrierVisible 2000e300 f   ai_dmq3.obj
 0001:0000d3b0       _BotAimAtEnemy             2000e3b0 f   ai_dmq3.obj
 0001:0000e340       _BotCheckAttack            2000f340 f   ai_dmq3.obj
 0001:0000e7e0       _BotMapScripts             2000f7e0 f   ai_dmq3.obj
 0001:0000eb00       _BotSetMovedir             2000fb00 f   ai_dmq3.obj
 0001:0000ebc0       _BotModelMinsMaxs          2000fbc0 f   ai_dmq3.obj
 0001:0000ecb0       _BotFuncButtonActivateGoal 2000fcb0 f   ai_dmq3.obj
 0001:0000f360       _BotFuncDoorActivateGoal   20010360 f   ai_dmq3.obj
 0001:0000f490       _BotTriggerMultipleActivateGoal 20010490 f   ai_dmq3.obj
 0001:0000f650       _BotPopFromActivateGoalStack 20010650 f   ai_dmq3.obj
 0001:0000f6a0       _BotPushOntoActivateGoalStack 200106a0 f   ai_dmq3.obj
 0001:0000f730       _BotClearActivateGoalStack 20010730 f   ai_dmq3.obj
 0001:0000f760       _BotEnableActivateGoalAreas 20010760 f   ai_dmq3.obj
 0001:0000f7c0       _BotIsGoingToActivateEntity 200107c0 f   ai_dmq3.obj
 0001:0000f840       _BotGetActivateGoal        20010840 f   ai_dmq3.obj
 0001:000100c0       _BotGoForActivateGoal      200110c0 f   ai_dmq3.obj
 0001:00010170       _BotRandomMove             20011170 f   ai_dmq3.obj
 0001:00010200       _BotAIBlocked              20011200 f   ai_dmq3.obj
 0001:000104a0       _BotAIPredictObstacles     200114a0 f   ai_dmq3.obj
 0001:000105e0       _BotCheckConsoleMessages   200115e0 f   ai_dmq3.obj
 0001:00010950       _BotCheckForGrenades       20011950 f   ai_dmq3.obj
 0001:00010990       _BotCheckEvents            20011990 f   ai_dmq3.obj
 0001:00010d30       _BotCheckSnapshot          20011d30 f   ai_dmq3.obj
 0001:00010df0       _BotCheckAir               20011df0 f   ai_dmq3.obj
 0001:00010e20       _BotAlternateRoute         20011e20 f   ai_dmq3.obj
 0001:00010ea0       _BotGetAlternateRouteGoal  20011ea0 f   ai_dmq3.obj
 0001:00010f80       _BotSetupAlternativeRouteGoals 20011f80 f   ai_dmq3.obj
 0001:00010fa0       _BotDeathmatchAI           20011fa0 f   ai_dmq3.obj
 0001:00011270       _BotSetupDeathmatchAI      20012270 f   ai_dmq3.obj
 0001:00011420       _BotAI_Print               20012420 f   ai_main.obj
 0001:00011500       _BotAI_Trace               20012500 f   ai_main.obj
 0001:000115a0       _BotAI_GetClientState      200125a0 f   ai_main.obj
 0001:000115f0       _BotAI_GetEntityState      200125f0 f   ai_main.obj
 0001:00011660       _BotAI_GetSnapshotEntity   20012660 f   ai_main.obj
 0001:000116a0       _BotAI_BotInitialChat      200126a0 f   ai_main.obj
 0001:00011730       _BotTestAAS                20012730 f   ai_main.obj
 0001:00011800       _BotSetInfoConfigString    20012800 f   ai_main.obj
 0001:00011b10       _BotUpdateInfoConfigStrings 20012b10 f   ai_main.obj
 0001:00011bb0       _BotInterbreedBots         20012bb0 f   ai_main.obj
 0001:00011cb0       _BotWriteInterbreeded      20012cb0 f   ai_main.obj
 0001:00011d40       _BotInterbreedEndMatch     20012d40 f   ai_main.obj
 0001:00011db0       _BotInterbreeding          20012db0 f   ai_main.obj
 0001:00011ea0       _BotEntityInfo             20012ea0 f   ai_main.obj
 0001:00011ec0       _NumBots                   20012ec0 f   ai_main.obj
 0001:00011ed0       _BotTeamLeader             20012ed0 f   ai_main.obj
 0001:00011f00       _AngleDifference           20012f00 f   ai_main.obj
 0001:00011f40       _BotChangeViewAngle        20012f40 f   ai_main.obj
 0001:00012010       _BotChangeViewAngles       20013010 f   ai_main.obj
 0001:00012220       _BotInputToUserCommand     20013220 f   ai_main.obj
 0001:00012470       _BotUpdateInput            20013470 f   ai_main.obj
 0001:00012550       _BotAIRegularUpdate        20013550 f   ai_main.obj
 0001:00012580       _RemoveColorEscapeSequences 20013580 f   ai_main.obj
 0001:000125d0       _BotAI                     200135d0 f   ai_main.obj
 0001:000128a0       _BotScheduleBotThink       200138a0 f   ai_main.obj
 0001:000128e0       _BotWriteSessionData       200138e0 f   ai_main.obj
 0001:000129c0       _BotReadSessionData        200139c0 f   ai_main.obj
 0001:00012a80       _BotAISetupClient          20013a80 f   ai_main.obj
 0001:00012dd0       _BotAIShutdownClient       20013dd0 f   ai_main.obj
 0001:00012eb0       _BotResetState             20013eb0 f   ai_main.obj
 0001:00013020       _BotAILoadMap              20014020 f   ai_main.obj
 0001:000130a0       _BotAIStartFrame           200140a0 f   ai_main.obj
 0001:00013550       _BotInitLibrary            20014550 f   ai_main.obj
 0001:00013960       _BotAISetup                20014960 f   ai_main.obj
 0001:00013ac0       _BotAIShutdown             20014ac0 f   ai_main.obj
 0001:00013b10       _BotValidTeamLeader        20014b10 f   ai_team.obj
 0001:00013b40       _BotNumTeamMates           20014b40 f   ai_team.obj
 0001:00013c20       _BotClientTravelTimeToGoal 20014c20 f   ai_team.obj
 0001:00013c80       _BotSortTeamMatesByBaseTravelTime 20014c80 f   ai_team.obj
 0001:00013e40       _BotSetTeamMateTaskPreference 20014e40 f   ai_team.obj
 0001:00013ea0       _BotGetTeamMateTaskPreference 20014ea0 f   ai_team.obj
 0001:00013f00       _BotSortTeamMatesByTaskPreference 20014f00 f   ai_team.obj
 0001:00014000       _BotSayTeamOrderAlways     20015000 f   ai_team.obj
 0001:000140a0       _BotSayTeamOrder           200150a0 f   ai_team.obj
 0001:000140c0       _BotCTFOrders_BothFlagsNotAtBase 200150c0 f   ai_team.obj
 0001:00014410       _BotCTFOrders_FlagNotAtBase 20015410 f   ai_team.obj
 0001:00014930       _BotCTFOrders_EnemyFlagNotAtBase 20015930 f   ai_team.obj
 0001:00014c00       _BotCTFOrders_BothFlagsAtBase 20015c00 f   ai_team.obj
 0001:00015110       _BotCTFOrders              20016110 f   ai_team.obj
 0001:00015190       _BotCreateGroup            20016190 f   ai_team.obj
 0001:00015230       _BotTeamOrders             20016230 f   ai_team.obj
 0001:000153f0       _FindHumanTeamLeader       200163f0 f   ai_team.obj
 0001:00015470       _BotTeamAI                 20016470 f   ai_team.obj
 0001:00015810       _BotVoiceChat_GetFlag      20016810 f   ai_vcmd.obj
 0001:000158d0       _BotVoiceChat_Offense      200168d0 f   ai_vcmd.obj
 0001:00015980       _BotVoiceChat_Defend       20016980 f   ai_vcmd.obj
 0001:00015a50       _BotVoiceChat_DefendFlag   20016a50 f   ai_vcmd.obj
 0001:00015a70       _BotVoiceChat_Patrol       20016a70 f   ai_vcmd.obj
 0001:00015ad0       _BotVoiceChat_Camp         20016ad0 f   ai_vcmd.obj
 0001:00015c40       _BotVoiceChat_FollowMe     20016c40 f   ai_vcmd.obj
 0001:00015dd0       _BotVoiceChat_FollowFlagCarrier 20016dd0 f   ai_vcmd.obj
 0001:00015e00       _BotVoiceChat_ReturnFlag   20016e00 f   ai_vcmd.obj
 0001:00015e90       _BotVoiceChat_StartLeader  20016e90 f   ai_vcmd.obj
 0001:00015eb0       _BotVoiceChat_StopLeader   20016eb0 f   ai_vcmd.obj
 0001:00015f00       _BotVoiceChat_WhoIsLeader  20016f00 f   ai_vcmd.obj
 0001:00015f80       _BotVoiceChat_WantOnDefense 20016f80 f   ai_vcmd.obj
 0001:00016000       _BotVoiceChat_WantOnOffense 20017000 f   ai_vcmd.obj
 0001:00016080       _BG_FindItemForPowerup     20017080 f   bg_misc.obj
 0001:000160d0       _BG_FindItemForWeapon      200170d0 f   bg_misc.obj
 0001:00016110       _BG_FindItem               20017110 f   bg_misc.obj
 0001:00016150       _BG_PlayerTouchesItem      20017150 f   bg_misc.obj
 0001:000161f0       _BG_CanItemBeGrabbed       200171f0 f   bg_misc.obj
 0001:00016390       _BG_EvaluateTrajectory     20017390 f   bg_misc.obj
 0001:000164d0       _BG_EvaluateTrajectoryDelta 200174d0 f   bg_misc.obj
 0001:000165c0       _BG_AddPredictableEventToPlayerstate 200175c0 f   bg_misc.obj
 0001:000165f0       _BG_TouchJumpPad           200175f0 f   bg_misc.obj
 0001:00016690       _BG_PlayerStateToEntityState 20017690 f   bg_misc.obj
 0001:00016880       _PM_AddEvent               20017880 f   bg_pmove.obj
 0001:000168a0       _PM_AddTouchEnt            200178a0 f   bg_pmove.obj
 0001:000168e0       _PM_ClipVelocity           200178e0 f   bg_pmove.obj
 0001:00016940       _PM_UpdateViewAngles       20017940 f   bg_pmove.obj
 0001:000169d0       _CheckLadder               200179d0 f   bg_pmove.obj
 0001:00016a90       _PmoveSingle               20017a90 f   bg_pmove.obj
 0001:00019330       _Pmove                     2001a330 f   bg_pmove.obj
 0001:000193c0       _PM_SlideMove              2001a3c0 f   bg_slidemove.obj
 0001:00019aa0       _PM_StepSlideMove          2001aaa0 f   bg_slidemove.obj
 0001:00019de0       _P_DamageFeedback          2001ade0 f   g_active.obj
 0001:00019f10       _P_WorldEffects            2001af10 f   g_active.obj
 0001:0001a0d0       _G_SetClientSound          2001b0d0 f   g_active.obj
 0001:0001a110       _ClientImpacts             2001b110 f   g_active.obj
 0001:0001a1c0       _G_TouchTriggers           2001b1c0 f   g_active.obj
 0001:0001a3d0       _SpectatorThink            2001b3d0 f   g_active.obj
 0001:0001a4b0       _ClientInactivityTimer     2001b4b0 f   g_active.obj
 0001:0001a5e0       _ClientTimerActions        2001b5e0 f   g_active.obj
 0001:0001a6f0       _ClientIntermissionThink   2001b6f0 f   g_active.obj
 0001:0001a730       _ClientEvents              2001b730 f   g_active.obj
 0001:0001a940       _SendPendingPredictableEvents 2001b940 f   g_active.obj
 0001:0001a9e0       _ClientThink_real          2001b9e0 f   g_active.obj
 0001:0001b070       _ClientThink               2001c070 f   g_active.obj
 0001:0001b0c0       _G_RunClient               2001c0c0 f   g_active.obj
 0001:0001b100       _SpectatorClientEndFrame   2001c100 f   g_active.obj
 0001:0001b200       _ClientEndFrame            2001c200 f   g_active.obj
 0001:0001b340       _UpdateTournamentInfo      2001c340 f   g_arenas.obj
 0001:0001b540       _SpawnModelsOnVictoryPads  2001c540 f   g_arenas.obj
 0001:0001bf60       _Svcmd_AbortPodium_f       2001cf60 f   g_arenas.obj
 0001:0001bf90       _trap_Cvar_VariableValue   2001cf90 f   g_bot.obj
 0001:0001bfc0       _G_ParseInfos              2001cfc0 f   g_bot.obj
 0001:0001c1b0       _G_GetArenaInfoByMap       2001d1b0 f   g_bot.obj
 0001:0001c210       _G_AddRandomBot            2001d210 f   g_bot.obj
 0001:0001c470       _G_RemoveRandomBot         2001d470 f   g_bot.obj
 0001:0001c530       _G_CountHumanPlayers       2001d530 f   g_bot.obj
 0001:0001c5a0       _G_CountBotPlayers         2001d5a0 f   g_bot.obj
 0001:0001c620       _G_CheckMinimumPlayers     2001d620 f   g_bot.obj
 0001:0001c7a0       _G_CheckBotSpawn           2001d7a0 f   g_bot.obj
 0001:0001c890       _G_RemoveQueuedBotBegin    2001d890 f   g_bot.obj
 0001:0001c8c0       _G_BotConnect              2001d8c0 f   g_bot.obj
 0001:0001c9a0       _Svcmd_AddBot_f            2001d9a0 f   g_bot.obj
 0001:0001cf00       _Svcmd_BotList_f           2001df00 f   g_bot.obj
 0001:0001d130       _G_GetBotInfoByName        2001e130 f   g_bot.obj
 0001:0001d180       _G_InitBots                2001e180 f   g_bot.obj
 0001:0001d860       _SP_info_player_deathmatch 2001e860 f   g_client.obj
 0001:0001d8c0       _SP_info_player_start      2001e8c0 f   g_client.obj
 0001:0001d8e0       _SpotWouldTelefrag         2001e8e0 f   g_client.obj
 0001:0001d9a0       _SelectRandomFurthestSpawnPoint 2001e9a0 f   g_client.obj
 0001:0001db90       _SelectSpawnPoint          2001eb90 f   g_client.obj
 0001:0001dbb0       _SelectInitialSpawnPoint   2001ebb0 f   g_client.obj
 0001:0001dc50       _SelectSpectatorSpawnPoint 2001ec50 f   g_client.obj
 0001:0001dca0       _InitBodyQue               2001eca0 f   g_client.obj
 0001:0001dce0       _BodySink                  2001ece0 f   g_client.obj
 0001:0001dd30       _CopyToBodyQue             2001ed30 f   g_client.obj
 0001:0001dfb0       _SetClientViewAngle        2001efb0 f   g_client.obj
 0001:0001e060       _respawn                   2001f060 f   g_client.obj
 0001:0001e0a0       _TeamCount                 2001f0a0 f   g_client.obj
 0001:0001e0f0       _TeamLeader                2001f0f0 f   g_client.obj
 0001:0001e140       _PickTeam                  2001f140 f   g_client.obj
 0001:0001e190       _ClientUserinfoChanged     2001f190 f   g_client.obj
 0001:0001e8b0       _ClientConnect             2001f8b0 f   g_client.obj
 0001:0001eac0       _ClientBegin               2001fac0 f   g_client.obj
 0001:0001ebc0       _ClientSpawn               2001fbc0 f   g_client.obj
 0001:0001f150       _ClientDisconnect          20020150 f   g_client.obj
 0001:0001f300       _DeathmatchScoreboardMessage 20020300 f   g_cmds.obj
 0001:0001f4f0       _Cmd_Score_f               200204f0 f   g_cmds.obj
 0001:0001f500       _CheatsOk                  20020500 f   g_cmds.obj
 0001:0001f590       _ConcatArgs                20020590 f   g_cmds.obj
 0001:0001f630       _SanitizeString            20020630 f   g_cmds.obj
 0001:0001f680       _ClientNumberFromString    20020680 f   g_cmds.obj
 0001:0001f7f0       _Cmd_Give_f                200207f0 f   g_cmds.obj
 0001:0001fa50       _Cmd_God_f                 20020a50 f   g_cmds.obj
 0001:0001fab0       _Cmd_Notarget_f            20020ab0 f   g_cmds.obj
 0001:0001fb10       _Cmd_Noclip_f              20020b10 f   g_cmds.obj
 0001:0001fb80       _Cmd_LevelShot_f           20020b80 f   g_cmds.obj
 0001:0001fbf0       _Cmd_TeamTask_f            20020bf0 f   g_cmds.obj
 0001:0001fc90       _Cmd_Kill_f                20020c90 f   g_cmds.obj
 0001:0001fce0       _BroadcastTeamChange       20020ce0 f   g_cmds.obj
 0001:0001fd80       _SetTeam                   20020d80 f   g_cmds.obj
 0001:000200c0       _StopFollowing             200210c0 f   g_cmds.obj
 0001:00020130       _Cmd_Team_f                20021130 f   g_cmds.obj
 0001:000202a0       _Cmd_Follow_f              200212a0 f   g_cmds.obj
 0001:000203a0       _Cmd_FollowCycle_f         200213a0 f   g_cmds.obj
 0001:00020480       _G_Say                     20021480 f   g_cmds.obj
 0001:000207d0       _G_Voice                   200217d0 f   g_cmds.obj
 0001:00020940       _Cmd_GameCommand_f         20021940 f   g_cmds.obj
 0001:000209e0       _Cmd_Where_f               200219e0 f   g_cmds.obj
 0001:00020a20       _Cmd_CallVote_f            20021a20 f   g_cmds.obj
 0001:00020f80       _Cmd_Vote_f                20021f80 f   g_cmds.obj
 0001:000210c0       _Cmd_CallTeamVote_f        200220c0 f   g_cmds.obj
 0001:000215f0       _Cmd_TeamVote_f            200225f0 f   g_cmds.obj
 0001:00021750       _Cmd_SetViewpos_f          20022750 f   g_cmds.obj
 0001:00021870       _ClientCommand             20022870 f   g_cmds.obj
 0001:00022200       _ScorePlum                 20023200 f   g_combat.obj
 0001:00022240       _AddScore                  20023240 f   g_combat.obj
 0001:000222a0       _TossClientItems           200232a0 f   g_combat.obj
 0001:000223c0       _LookAtKiller              200233c0 f   g_combat.obj
 0001:00022450       _GibEntity                 20023450 f   g_combat.obj
 0001:00022500       _GibEntity_Headshot        20023500 f   g_combat.obj
 0001:00022530       _body_die                  20023530 f   g_combat.obj
 0001:00022560       _CheckAlmostCapture        20023560 f   g_combat.obj
 0001:00022650       _CheckAlmostScored         20023650 f   g_combat.obj
 0001:00022700       _player_die                20023700 f   g_combat.obj
 0001:00022c20       _CheckArmor                20023c20 f   g_combat.obj
 0001:00022c90       _G_Damage                  20023c90 f   g_combat.obj
 0001:000231c0       _CanDamage                 200241c0 f   g_combat.obj
 0001:00023400       _G_RadiusDamage            20024400 f   g_combat.obj
 0001:00023620       _Pickup_Powerup            20024620 f   g_items.obj
 0001:000237f0       _Pickup_Holdable           200247f0 f   g_items.obj
 0001:00023850       _Add_Ammo                  20024850 f   g_items.obj
 0001:00023890       _Pickup_Ammo               20024890 f   g_items.obj
 0001:000238d0       _Pickup_Weapon             200248d0 f   g_items.obj
 0001:000239a0       _Pickup_Health             200249a0 f   g_items.obj
 0001:00023a20       _Pickup_Armor              20024a20 f   g_items.obj
 0001:00023a70       _RespawnItem               20024a70 f   g_items.obj
 0001:00023bd0       _Touch_Item                20024bd0 f   g_items.obj
 0001:00023ec0       _LaunchItem                20024ec0 f   g_items.obj
 0001:00024000       _Drop_Item                 20025000 f   g_items.obj
 0001:000240b0       _Use_Item                  200250b0 f   g_items.obj
 0001:000240c0       _FinishSpawningItem        200250c0 f   g_items.obj
 0001:000242b0       _G_CheckTeamItems          200252b0 f   g_items.obj
 0001:00024350       _ClearRegisteredItems      20025350 f   g_items.obj
 0001:000243b0       _RegisterItem              200253b0 f   g_items.obj
 0001:000243f0       _SaveRegisteredItems       200253f0 f   g_items.obj
 0001:00024450       _G_ItemDisabled            20025450 f   g_items.obj
 0001:00024490       _G_SpawnItem               20025490 f   g_items.obj
 0001:00024550       _G_BounceItem              20025550 f   g_items.obj
 0001:000246c0       _G_RunItem                 200256c0 f   g_items.obj
 0001:00024800       _vmMain                    20025800 f   g_main.obj
 0001:00024900       _G_Printf                  20025900 f   g_main.obj
 0001:00024930       _G_Error                   20025930 f   g_main.obj
 0001:00024960       _G_FindTeams               20025960 f   g_main.obj
 0001:00024ae0       _G_RegisterCvars           20025ae0 f   g_main.obj
 0001:00024b90       _G_UpdateCvars             20025b90 f   g_main.obj
 0001:00024c20       _G_InitGame                20025c20 f   g_main.obj
 0001:00024e60       _G_ShutdownGame            20025e60 f   g_main.obj
 0001:00024ec0       _Com_Error                 20025ec0 f   g_main.obj
 0001:00024f00       _Com_Printf                20025f00 f   g_main.obj
 0001:00024f40       _AddTournamentPlayer       20025f40 f   g_main.obj
 0001:00025000       _RemoveTournamentLoser     20026000 f   g_main.obj
 0001:00025060       _AdjustTournamentScores    20026060 f   g_main.obj
 0001:000250e0       _SortRanks                 200260e0 f   g_main.obj
 0001:000251e0       _CalculateRanks            200261e0 f   g_main.obj
 0001:00025570       _SendScoreboardMessageToAllClients 20026570 f   g_main.obj
 0001:000255c0       _MoveClientToIntermission  200265c0 f   g_main.obj
 0001:000256b0       _FindIntermissionPoint     200266b0 f   g_main.obj
 0001:00025770       _BeginIntermission         20026770 f   g_main.obj
 0001:00025800       _ExitLevel                 20026800 f   g_main.obj
 0001:00025900       _G_LogPrintf               20026900 f   g_main.obj
 0001:000259e0       _LogExit                   200269e0 f   g_main.obj
 0001:00025ab0       _CheckIntermissionExit     20026ab0 f   g_main.obj
 0001:00025bd0       _ScoreIsTied               20026bd0 f   g_main.obj
 0001:00025c40       _CheckExitRules            20026c40 f   g_main.obj
 0001:00025df0       _CheckTournament           20026df0 f   g_main.obj
 0001:00025fa0       _CheckVote                 20026fa0 f   g_main.obj
 0001:00026060       _PrintTeam                 20027060 f   g_main.obj
 0001:000260b0       _SetLeader                 200270b0 f   g_main.obj
 0001:000261c0       _CheckTeamLeader           200271c0 f   g_main.obj
 0001:00026290       _CheckTeamVote             20027290 f   g_main.obj
 0001:00026380       _CheckCvars                20027380 f   g_main.obj
 0001:000263e0       _G_RunThink                200273e0 f   g_main.obj
 0001:00026440       _G_RunFrame                20027440 f   g_main.obj
 0001:00026690       _G_Alloc                   20027690 f   g_mem.obj
 0001:00026700       _G_InitMemory              20027700 f   g_mem.obj
 0001:00026710       _Svcmd_GameMem_f           20027710 f   g_mem.obj
 0001:00026730       _SP_info_null              20027730 f   g_misc.obj
 0001:00026730       _SP_light                  20027730 f   g_misc.obj
 0001:00026730       _SP_misc_model             20027730 f   g_misc.obj
 0001:00026740       _TeleportPlayer            20027740 f   g_misc.obj
 0001:000268b0       _locateCamera              200278b0 f   g_misc.obj
 0001:000269c0       _SP_misc_portal_surface    200279c0 f   g_misc.obj
 0001:00026a40       _SP_misc_portal_camera     20027a40 f   g_misc.obj
 0001:00026aa0       _Use_Shooter               20027aa0 f   g_misc.obj
 0001:00026c70       _InitShooter               20027c70 f   g_misc.obj
 0001:00026d40       _SP_shooter_rocket         20027d40 f   g_misc.obj
 0001:00026d50       _SP_shooter_plasma         20027d50 f   g_misc.obj
 0001:00026d60       _SP_shooter_grenade        20027d60 f   g_misc.obj
 0001:00026d70       _G_BounceMissile           20027d70 f   g_missile.obj
 0001:00026ed0       _G_ExplodeMissile          20027ed0 f   g_missile.obj
 0001:00026fd0       _G_MissileImpact           20027fd0 f   g_missile.obj
 0001:000273e0       _G_RunMissile              200283e0 f   g_missile.obj
 0001:00027520       _fire_plasma               20028520 f   g_missile.obj
 0001:00027660       _fire_grenade              20028660 f   g_missile.obj
 0001:000277b0       _fire_flame                200287b0 f   g_missile.obj
 0001:00027900       _fire_altgrenade           20028900 f   g_missile.obj
 0001:00027a40       _fire_bfg                  20028a40 f   g_missile.obj
 0001:00027b90       _fire_rocket               20028b90 f   g_missile.obj
 0001:00027ce0       _G_HomingMissile           20028ce0 f   g_missile.obj
 0001:00028010       _fire_alt_rocket           20029010 f   g_missile.obj
 0001:00028170       _fire_grapple              20029170 f   g_missile.obj
 0001:000282c0       _G_TestEntityPosition      200292c0 f   g_mover.obj
 0001:00028330       _G_CreateRotationMatrix    20029330 f   g_mover.obj
 0001:00028370       _G_TransposeMatrix         20029370 f   g_mover.obj
 0001:000283a0       _G_RotatePoint             200293a0 f   g_mover.obj
 0001:000283f0       _G_TryPushingEntity        200293f0 f   g_mover.obj
 0001:00028780       _G_MoverPush               20029780 f   g_mover.obj
 0001:00028bc0       _G_MoverTeam               20029bc0 f   g_mover.obj
 0001:00028d60       _G_RunMover                20029d60 f   g_mover.obj
 0001:00028da0       _SetMoverState             20029da0 f   g_mover.obj
 0001:00028f10       _MatchTeam                 20029f10 f   g_mover.obj
 0001:00028f40       _ReturnToPos1              20029f40 f   g_mover.obj
 0001:00028f80       _Reached_BinaryMover       20029f80 f   g_mover.obj
 0001:00029060       _Use_BinaryMover           2002a060 f   g_mover.obj
 0001:000291a0       _InitMover                 2002a1a0 f   g_mover.obj
 0001:000293f0       _Blocked_Door              2002a3f0 f   g_mover.obj
 0001:00029470       _Touch_DoorTrigger         2002a470 f   g_mover.obj
 0001:000295b0       _Think_SpawnNewDoorTrigger 2002a5b0 f   g_mover.obj
 0001:00029730       _Think_MatchTeam           2002a730 f   g_mover.obj
 0001:00029750       _SP_func_door              2002a750 f   g_mover.obj
 0001:000299b0       _Touch_Plat                2002a9b0 f   g_mover.obj
 0001:000299f0       _Touch_PlatCenterTrigger   2002a9f0 f   g_mover.obj
 0001:00029a20       _SpawnPlatTrigger          2002aa20 f   g_mover.obj
 0001:00029b80       _SP_func_plat              2002ab80 f   g_mover.obj
 0001:00029cf0       _Touch_Button              2002acf0 f   g_mover.obj
 0001:00029d20       _SP_func_button            2002ad20 f   g_mover.obj
 0001:00029ea0       _Think_BeginMoving         2002aea0 f   g_mover.obj
 0001:00029ec0       _Reached_Train             2002aec0 f   g_mover.obj
 0001:0002a030       _Think_SetupTrainTargets   2002b030 f   g_mover.obj
 0001:0002a140       _SP_path_corner            2002b140 f   g_mover.obj
 0001:0002a170       _SP_func_train             2002b170 f   g_mover.obj
 0001:0002a230       _SP_func_static            2002b230 f   g_mover.obj
 0001:0002a280       _SP_func_rotating          2002b280 f   g_mover.obj
 0001:0002a360       _SP_func_bobbing           2002b360 f   g_mover.obj
 0001:0002a460       _SP_func_pendulum          2002b460 f   g_mover.obj
 0001:0002a570       _G_WriteClientSessionData  2002b570 f   g_session.obj
 0001:0002a5f0       _G_ReadSessionData         2002b5f0 f   g_session.obj
 0001:0002a6a0       _G_InitSessionData         2002b6a0 f   g_session.obj
 0001:0002a760       _G_InitWorldSession        2002b760 f   g_session.obj
 0001:0002a7b0       _G_WriteSessionData        2002b7b0 f   g_session.obj
 0001:0002a810       _G_SpawnString             2002b810 f   g_spawn.obj
 0001:0002a880       _G_SpawnFloat              2002b880 f   g_spawn.obj
 0001:0002a8b0       _G_SpawnInt                2002b8b0 f   g_spawn.obj
 0001:0002a8e0       _G_SpawnVector             2002b8e0 f   g_spawn.obj
 0001:0002a920       _G_CallSpawn               2002b920 f   g_spawn.obj
 0001:0002aa10       _G_NewString               2002ba10 f   g_spawn.obj
 0001:0002aa70       _G_ParseField              2002ba70 f   g_spawn.obj
 0001:0002abb0       _G_SpawnGEntityFromSpawnVars 2002bbb0 f   g_spawn.obj
 0001:0002ad20       _G_AddSpawnVarToken        2002bd20 f   g_spawn.obj
 0001:0002ad90       _G_ParseSpawnVars          2002bd90 f   g_spawn.obj
 0001:0002aeb0       _SP_worldspawn             2002beb0 f   g_spawn.obj
 0001:0002b050       _G_SpawnEntitiesFromString 2002c050 f   g_spawn.obj
 0001:0002b0a0       _G_FilterPacket            2002c0a0 f   g_svcmds.obj
 0001:0002b140       _G_ProcessIPBans           2002c140 f   g_svcmds.obj
 0001:0002b3f0       _Svcmd_AddIP_f             2002c3f0 f   g_svcmds.obj
 0001:0002b440       _Svcmd_RemoveIP_f          2002c440 f   g_svcmds.obj
 0001:0002b500       _Svcmd_EntityList_f        2002c500 f   g_svcmds.obj
 0001:0002b690       _ClientForString           2002c690 f   g_svcmds.obj
 0001:0002b770       _Svcmd_ForceTeam_f         2002c770 f   g_svcmds.obj
 0001:0002b7f0       _ConsoleCommand            2002c7f0 f   g_svcmds.obj
 0001:0002b9d0       _dllEntry                  2002c9d0 f   g_syscalls.obj
 0001:0002b9e0       _PASSFLOAT                 2002c9e0 f   g_syscalls.obj
 0001:0002b9f0       _trap_Printf               2002c9f0 f   g_syscalls.obj
 0001:0002ba10       _trap_Error                2002ca10 f   g_syscalls.obj
 0001:0002ba30       _trap_Milliseconds         2002ca30 f   g_syscalls.obj
 0001:0002ba40       _trap_Argc                 2002ca40 f   g_syscalls.obj
 0001:0002ba50       _trap_Argv                 2002ca50 f   g_syscalls.obj
 0001:0002ba70       _trap_FS_FOpenFile         2002ca70 f   g_syscalls.obj
 0001:0002ba90       _trap_FS_Read              2002ca90 f   g_syscalls.obj
 0001:0002bab0       _trap_FS_Write             2002cab0 f   g_syscalls.obj
 0001:0002bad0       _trap_FS_FCloseFile        2002cad0 f   g_syscalls.obj
 0001:0002baf0       _trap_FS_GetFileList       2002caf0 f   g_syscalls.obj
 0001:0002bb10       _trap_SendConsoleCommand   2002cb10 f   g_syscalls.obj
 0001:0002bb30       _trap_Cvar_Register        2002cb30 f   g_syscalls.obj
 0001:0002bb50       _trap_Cvar_Update          2002cb50 f   g_syscalls.obj
 0001:0002bb70       _trap_Cvar_Set             2002cb70 f   g_syscalls.obj
 0001:0002bb90       _trap_Cvar_VariableIntegerValue 2002cb90 f   g_syscalls.obj
 0001:0002bbb0       _trap_Cvar_VariableStringBuffer 2002cbb0 f   g_syscalls.obj
 0001:0002bbd0       _trap_LocateGameData       2002cbd0 f   g_syscalls.obj
 0001:0002bc00       _trap_DropClient           2002cc00 f   g_syscalls.obj
 0001:0002bc20       _trap_SendServerCommand    2002cc20 f   g_syscalls.obj
 0001:0002bc40       _trap_SetConfigstring      2002cc40 f   g_syscalls.obj
 0001:0002bc60       _trap_GetConfigstring      2002cc60 f   g_syscalls.obj
 0001:0002bc80       _trap_GetUserinfo          2002cc80 f   g_syscalls.obj
 0001:0002bca0       _trap_SetUserinfo          2002cca0 f   g_syscalls.obj
 0001:0002bcc0       _trap_GetServerinfo        2002ccc0 f   g_syscalls.obj
 0001:0002bce0       _trap_SetBrushModel        2002cce0 f   g_syscalls.obj
 0001:0002bd00       _trap_Trace                2002cd00 f   g_syscalls.obj
 0001:0002bd30       _trap_PointContents        2002cd30 f   g_syscalls.obj
 0001:0002bd50       _trap_InPVS                2002cd50 f   g_syscalls.obj
 0001:0002bd70       _trap_AdjustAreaPortalState 2002cd70 f   g_syscalls.obj
 0001:0002bd90       _trap_LinkEntity           2002cd90 f   g_syscalls.obj
 0001:0002bdb0       _trap_UnlinkEntity         2002cdb0 f   g_syscalls.obj
 0001:0002bdd0       _trap_EntitiesInBox        2002cdd0 f   g_syscalls.obj
 0001:0002bdf0       _trap_EntityContact        2002cdf0 f   g_syscalls.obj
 0001:0002be10       _trap_BotAllocateClient    2002ce10 f   g_syscalls.obj
 0001:0002be20       _trap_GetUsercmd           2002ce20 f   g_syscalls.obj
 0001:0002be40       _trap_GetEntityToken       2002ce40 f   g_syscalls.obj
 0001:0002be60       _trap_SnapVector           2002ce60 f   g_syscalls.obj
 0001:0002be80       _trap_BotLibSetup          2002ce80 f   g_syscalls.obj
 0001:0002be90       _trap_BotLibShutdown       2002ce90 f   g_syscalls.obj
 0001:0002bea0       _trap_BotLibVarSet         2002cea0 f   g_syscalls.obj
 0001:0002bec0       _trap_BotLibStartFrame     2002cec0 f   g_syscalls.obj
 0001:0002bee0       _trap_BotLibLoadMap        2002cee0 f   g_syscalls.obj
 0001:0002bf00       _trap_BotLibUpdateEntity   2002cf00 f   g_syscalls.obj
 0001:0002bf20       _trap_BotGetSnapshotEntity 2002cf20 f   g_syscalls.obj
 0001:0002bf40       _trap_BotGetServerCommand  2002cf40 f   g_syscalls.obj
 0001:0002bf60       _trap_BotUserCommand       2002cf60 f   g_syscalls.obj
 0001:0002bf80       _trap_AAS_EntityInfo       2002cf80 f   g_syscalls.obj
 0001:0002bfa0       _trap_AAS_Initialized      2002cfa0 f   g_syscalls.obj
 0001:0002bfb0       _trap_AAS_PresenceTypeBoundingBox 2002cfb0 f   g_syscalls.obj
 0001:0002bfd0       _trap_AAS_Time             2002cfd0 f   g_syscalls.obj
 0001:0002bff0       _trap_AAS_PointAreaNum     2002cff0 f   g_syscalls.obj
 0001:0002c010       _trap_AAS_TraceAreas       2002d010 f   g_syscalls.obj
 0001:0002c040       _trap_AAS_BBoxAreas        2002d040 f   g_syscalls.obj
 0001:0002c070       _trap_AAS_AreaInfo         2002d070 f   g_syscalls.obj
 0001:0002c090       _trap_AAS_PointContents    2002d090 f   g_syscalls.obj
 0001:0002c0b0       _trap_AAS_NextBSPEntity    2002d0b0 f   g_syscalls.obj
 0001:0002c0d0       _trap_AAS_ValueForBSPEpairKey 2002d0d0 f   g_syscalls.obj
 0001:0002c100       _trap_AAS_VectorForBSPEpairKey 2002d100 f   g_syscalls.obj
 0001:0002c120       _trap_AAS_FloatForBSPEpairKey 2002d120 f   g_syscalls.obj
 0001:0002c140       _trap_AAS_IntForBSPEpairKey 2002d140 f   g_syscalls.obj
 0001:0002c160       _trap_AAS_AreaReachability 2002d160 f   g_syscalls.obj
 0001:0002c180       _trap_AAS_AreaTravelTimeToGoalArea 2002d180 f   g_syscalls.obj
 0001:0002c1b0       _trap_AAS_EnableRoutingArea 2002d1b0 f   g_syscalls.obj
 0001:0002c1d0       _trap_AAS_PredictRoute     2002d1d0 f   g_syscalls.obj
 0001:0002c220       _trap_AAS_Swimming         2002d220 f   g_syscalls.obj
 0001:0002c240       _trap_AAS_PredictClientMovement 2002d240 f   g_syscalls.obj
 0001:0002c2a0       _trap_EA_SayTeam           2002d2a0 f   g_syscalls.obj
 0001:0002c2c0       _trap_EA_Command           2002d2c0 f   g_syscalls.obj
 0001:0002c2e0       _trap_EA_Action            2002d2e0 f   g_syscalls.obj
 0001:0002c300       _trap_EA_Gesture           2002d300 f   g_syscalls.obj
 0001:0002c320       _trap_EA_Talk              2002d320 f   g_syscalls.obj
 0001:0002c340       _trap_EA_Attack            2002d340 f   g_syscalls.obj
 0001:0002c360       _trap_EA_Use               2002d360 f   g_syscalls.obj
 0001:0002c380       _trap_EA_Respawn           2002d380 f   g_syscalls.obj
 0001:0002c3a0       _trap_EA_Crouch            2002d3a0 f   g_syscalls.obj
 0001:0002c3c0       _trap_EA_SelectWeapon      2002d3c0 f   g_syscalls.obj
 0001:0002c3f0       _trap_EA_View              2002d3f0 f   g_syscalls.obj
 0001:0002c410       _trap_EA_GetInput          2002d410 f   g_syscalls.obj
 0001:0002c440       _trap_EA_ResetInput        2002d440 f   g_syscalls.obj
 0001:0002c460       _trap_BotLoadCharacter     2002d460 f   g_syscalls.obj
 0001:0002c480       _trap_BotFreeCharacter     2002d480 f   g_syscalls.obj
 0001:0002c4a0       _trap_Characteristic_BFloat 2002d4a0 f   g_syscalls.obj
 0001:0002c4e0       _trap_Characteristic_BInteger 2002d4e0 f   g_syscalls.obj
 0001:0002c510       _trap_Characteristic_String 2002d510 f   g_syscalls.obj
 0001:0002c540       _trap_BotAllocChatState    2002d540 f   g_syscalls.obj
 0001:0002c550       _trap_BotFreeChatState     2002d550 f   g_syscalls.obj
 0001:0002c570       _trap_BotQueueConsoleMessage 2002d570 f   g_syscalls.obj
 0001:0002c590       _trap_BotRemoveConsoleMessage 2002d590 f   g_syscalls.obj
 0001:0002c5b0       _trap_BotNextConsoleMessage 2002d5b0 f   g_syscalls.obj
 0001:0002c5d0       _trap_BotNumConsoleMessages 2002d5d0 f   g_syscalls.obj
 0001:0002c5f0       _trap_BotInitialChat       2002d5f0 f   g_syscalls.obj
 0001:0002c640       _trap_BotNumInitialChats   2002d640 f   g_syscalls.obj
 0001:0002c660       _trap_BotReplyChat         2002d660 f   g_syscalls.obj
 0001:0002c6b0       _trap_BotEnterChat         2002d6b0 f   g_syscalls.obj
 0001:0002c6d0       _trap_BotGetChatMessage    2002d6d0 f   g_syscalls.obj
 0001:0002c6f0       _trap_BotFindMatch         2002d6f0 f   g_syscalls.obj
 0001:0002c710       _trap_BotMatchVariable     2002d710 f   g_syscalls.obj
 0001:0002c740       _trap_UnifyWhiteSpaces     2002d740 f   g_syscalls.obj
 0001:0002c760       _trap_BotReplaceSynonyms   2002d760 f   g_syscalls.obj
 0001:0002c780       _trap_BotLoadChatFile      2002d780 f   g_syscalls.obj
 0001:0002c7a0       _trap_BotSetChatGender     2002d7a0 f   g_syscalls.obj
 0001:0002c7c0       _trap_BotSetChatName       2002d7c0 f   g_syscalls.obj
 0001:0002c7e0       _trap_BotResetGoalState    2002d7e0 f   g_syscalls.obj
 0001:0002c800       _trap_BotResetAvoidGoals   2002d800 f   g_syscalls.obj
 0001:0002c820       _trap_BotRemoveFromAvoidGoals 2002d820 f   g_syscalls.obj
 0001:0002c840       _trap_BotPushGoal          2002d840 f   g_syscalls.obj
 0001:0002c860       _trap_BotPopGoal           2002d860 f   g_syscalls.obj
 0001:0002c880       _trap_BotEmptyGoalStack    2002d880 f   g_syscalls.obj
 0001:0002c8a0       _trap_BotDumpAvoidGoals    2002d8a0 f   g_syscalls.obj
 0001:0002c8c0       _trap_BotDumpGoalStack     2002d8c0 f   g_syscalls.obj
 0001:0002c8e0       _trap_BotGoalName          2002d8e0 f   g_syscalls.obj
 0001:0002c900       _trap_BotGetTopGoal        2002d900 f   g_syscalls.obj
 0001:0002c920       _trap_BotGetSecondGoal     2002d920 f   g_syscalls.obj
 0001:0002c940       _trap_BotChooseLTGItem     2002d940 f   g_syscalls.obj
 0001:0002c970       _trap_BotChooseNBGItem     2002d970 f   g_syscalls.obj
 0001:0002c9b0       _trap_BotTouchingGoal      2002d9b0 f   g_syscalls.obj
 0001:0002c9d0       _trap_BotItemGoalInVisButNotVisible 2002d9d0 f   g_syscalls.obj
 0001:0002ca00       _trap_BotGetLevelItemGoal  2002da00 f   g_syscalls.obj
 0001:0002ca20       _trap_BotGetNextCampSpotGoal 2002da20 f   g_syscalls.obj
 0001:0002ca40       _trap_BotSetAvoidGoalTime  2002da40 f   g_syscalls.obj
 0001:0002ca70       _trap_BotUpdateEntityItems 2002da70 f   g_syscalls.obj
 0001:0002ca80       _trap_BotLoadItemWeights   2002da80 f   g_syscalls.obj
 0001:0002caa0       _trap_BotInterbreedGoalFuzzyLogic 2002daa0 f   g_syscalls.obj
 0001:0002cac0       _trap_BotSaveGoalFuzzyLogic 2002dac0 f   g_syscalls.obj
 0001:0002cae0       _trap_BotMutateGoalFuzzyLogic 2002dae0 f   g_syscalls.obj
 0001:0002cb00       _trap_BotAllocGoalState    2002db00 f   g_syscalls.obj
 0001:0002cb20       _trap_BotFreeGoalState     2002db20 f   g_syscalls.obj
 0001:0002cb40       _trap_BotResetMoveState    2002db40 f   g_syscalls.obj
 0001:0002cb60       _trap_BotAddAvoidSpot      2002db60 f   g_syscalls.obj
 0001:0002cb90       _trap_BotMoveToGoal        2002db90 f   g_syscalls.obj
 0001:0002cbc0       _trap_BotMoveInDirection   2002dbc0 f   g_syscalls.obj
 0001:0002cbf0       _trap_BotResetAvoidReach   2002dbf0 f   g_syscalls.obj
 0001:0002cc10       _trap_BotResetLastAvoidReach 2002dc10 f   g_syscalls.obj
 0001:0002cc30       _trap_BotMovementViewTarget 2002dc30 f   g_syscalls.obj
 0001:0002cc70       _trap_BotPredictVisiblePosition 2002dc70 f   g_syscalls.obj
 0001:0002cca0       _trap_BotAllocMoveState    2002dca0 f   g_syscalls.obj
 0001:0002ccb0       _trap_BotFreeMoveState     2002dcb0 f   g_syscalls.obj
 0001:0002ccd0       _trap_BotInitMoveState     2002dcd0 f   g_syscalls.obj
 0001:0002ccf0       _trap_BotChooseBestFightWeapon 2002dcf0 f   g_syscalls.obj
 0001:0002cd10       _trap_BotGetWeaponInfo     2002dd10 f   g_syscalls.obj
 0001:0002cd30       _trap_BotLoadWeaponWeights 2002dd30 f   g_syscalls.obj
 0001:0002cd50       _trap_BotAllocWeaponState  2002dd50 f   g_syscalls.obj
 0001:0002cd60       _trap_BotFreeWeaponState   2002dd60 f   g_syscalls.obj
 0001:0002cd80       _trap_BotResetWeaponState  2002dd80 f   g_syscalls.obj
 0001:0002cda0       _trap_GeneticParentsAndChildSelection 2002dda0 f   g_syscalls.obj
 0001:0002cdd0       _Use_Target_Give           2002ddd0 f   g_target.obj
 0001:0002ce70       _SP_target_give            2002de70 f   g_target.obj
 0001:0002ce80       _Use_target_remove_powerups 2002de80 f   g_target.obj
 0001:0002cee0       _SP_target_remove_powerups 2002dee0 f   g_target.obj
 0001:0002cef0       _Think_Target_Delay        2002def0 f   g_target.obj
 0001:0002cf10       _Use_Target_Delay          2002df10 f   g_target.obj
 0001:0002cf70       _SP_target_delay           2002df70 f   g_target.obj
 0001:0002cfd0       _Use_Target_Score          2002dfd0 f   g_target.obj
 0001:0002cff0       _SP_target_score           2002dff0 f   g_target.obj
 0001:0002d020       _Use_Target_Print          2002e020 f   g_target.obj
 0001:0002d0f0       _SP_target_print           2002e0f0 f   g_target.obj
 0001:0002d100       _Use_Target_Speaker        2002e100 f   g_target.obj
 0001:0002d180       _SP_target_speaker         2002e180 f   g_target.obj
 0001:0002d2d0       _target_laser_think        2002e2d0 f   g_target.obj
 0001:0002d460       _target_laser_on           2002e460 f   g_target.obj
 0001:0002d480       _target_laser_off          2002e480 f   g_target.obj
 0001:0002d4a0       _target_laser_use          2002e4a0 f   g_target.obj
 0001:0002d4d0       _target_laser_start        2002e4d0 f   g_target.obj
 0001:0002d590       _SP_target_laser           2002e590 f   g_target.obj
 0001:0002d5b0       _target_teleporter_use     2002e5b0 f   g_target.obj
 0001:0002d600       _SP_target_teleporter      2002e600 f   g_target.obj
 0001:0002d640       _target_relay_use          2002e640 f   g_target.obj
 0001:0002d6c0       _SP_target_relay           2002e6c0 f   g_target.obj
 0001:0002d6d0       _target_kill_use           2002e6d0 f   g_target.obj
 0001:0002d6f0       _SP_target_kill            2002e6f0 f   g_target.obj
 0001:0002d700       _SP_target_position        2002e700 f   g_target.obj
 0001:0002d700       _SP_info_notnull           2002e700 f   g_target.obj
 0001:0002d700       _SP_info_camp              2002e700 f   g_target.obj
 0001:0002d720       _SP_target_location        2002e720 f   g_target.obj
 0001:0002d800       _Team_InitGame             2002e800 f   g_team.obj
 0001:0002d840       _OtherTeam                 2002e840 f   g_team.obj
 0001:0002d860       _TeamName                  2002e860 f   g_team.obj
 0001:0002d890       _PrintMsg                  2002e890 f   g_team.obj
 0001:0002d940       _AddTeamScore              2002e940 f   g_team.obj
 0001:0002da60       _OnSameTeam                2002ea60 f   g_team.obj
 0001:0002daa0       _Team_SetFlagStatus        2002eaa0 f   g_team.obj
 0001:0002db50       _Team_CheckDroppedItem     2002eb50 f   g_team.obj
 0001:0002dba0       _Team_ForceGesture         2002eba0 f   g_team.obj
 0001:0002dbe0       _Team_FragBonuses          2002ebe0 f   g_team.obj
 0001:0002e150       _Team_CheckHurtCarrier     2002f150 f   g_team.obj
 0001:0002e1e0       _Team_ResetFlag            2002f1e0 f   g_team.obj
 0001:0002e270       _Team_ResetFlags           2002f270 f   g_team.obj
 0001:0002e290       _Team_ReturnFlagSound      2002f290 f   g_team.obj
 0001:0002e2f0       _Team_TakeFlagSound        2002f2f0 f   g_team.obj
 0001:0002e3b0       _Team_CaptureFlagSound     2002f3b0 f   g_team.obj
 0001:0002e420       _Team_ReturnFlag           2002f420 f   g_team.obj
 0001:0002e470       _Team_FreeEntity           2002f470 f   g_team.obj
 0001:0002e4b0       _Team_DroppedFlagThink     2002f4b0 f   g_team.obj
 0001:0002e520       _Team_TouchOurFlag         2002f520 f   g_team.obj
 0001:0002e7d0       _Team_TouchEnemyFlag       2002f7d0 f   g_team.obj
 0001:0002e860       _Pickup_Team               2002f860 f   g_team.obj
 0001:0002e930       _Team_GetLocation          2002f930 f   g_team.obj
 0001:0002e9e0       _Team_GetLocationMsg       2002f9e0 f   g_team.obj
 0001:0002ea80       _SelectRandomTeamSpawnPoint 2002fa80 f   g_team.obj
 0001:0002eb60       _SelectCTFSpawnPoint       2002fb60 f   g_team.obj
 0001:0002ebc0       _TeamplayInfoMessage       2002fbc0 f   g_team.obj
 0001:0002edd0       _CheckTeamStatus           2002fdd0 f   g_team.obj
 0001:0002eec0       _Cmd_Stats_f               2002fec0 f   g_team.obj
 0001:0002eec0       _BotVoiceChat              2002fec0 f   g_team.obj
 0001:0002eec0       _SP_item_botroam           2002fec0 f   g_team.obj
 0001:0002eec0       _BotSetTeamStatus          2002fec0 f   g_team.obj
 0001:0002eec0       _G_RemapTeamShaders        2002fec0 f   g_team.obj
 0001:0002eec0       _BotVoiceChat_Dummy        2002fec0 f   g_team.obj
 0001:0002eec0       _SP_team_CTF_blueplayer    2002fec0 f   g_team.obj
 0001:0002eec0       _BotSayVoiceTeamOrder      2002fec0 f   g_team.obj
 0001:0002eec0       _BotCheckItemPickup        2002fec0 f   g_team.obj
 0001:0002eec0       _SP_info_player_intermission 2002fec0 f   g_team.obj
 0001:0002eec0       _SP_team_CTF_redspawn      2002fec0 f   g_team.obj
 0001:0002eec0       _Weapon_Gauntlet           2002fec0 f   g_team.obj
 0001:0002eec0       _SP_misc_teleporter_dest   2002fec0 f   g_team.obj
 0001:0002eec0       _SP_team_CTF_bluespawn     2002fec0 f   g_team.obj
 0001:0002eec0       _BotVoiceChatOnly          2002fec0 f   g_team.obj
 0001:0002eec0       _SP_team_CTF_redplayer     2002fec0 f   g_team.obj
 0001:0002eed0       _InitTrigger               2002fed0 f   g_trigger.obj
 0001:0002ef40       _multi_wait                2002ff40 f   g_trigger.obj
 0001:0002ef50       _multi_trigger             2002ff50 f   g_trigger.obj
 0001:0002f040       _Use_Multi                 20030040 f   g_trigger.obj
 0001:0002f060       _Touch_Multi               20030060 f   g_trigger.obj
 0001:0002f080       _SP_trigger_multiple       20030080 f   g_trigger.obj
 0001:0002f110       _trigger_always_think      20030110 f   g_trigger.obj
 0001:0002f130       _SP_trigger_always         20030130 f   g_trigger.obj
 0001:0002f150       _trigger_push_touch        20030150 f   g_trigger.obj
 0001:0002f170       _AimAtTarget               20030170 f   g_trigger.obj
 0001:0002f280       _SP_trigger_push           20030280 f   g_trigger.obj
 0001:0002f2e0       _Use_target_push           200302e0 f   g_trigger.obj
 0001:0002f360       _SP_target_push            20030360 f   g_trigger.obj
 0001:0002f440       _trigger_teleporter_touch  20030440 f   g_trigger.obj
 0001:0002f4b0       _SP_trigger_teleport       200304b0 f   g_trigger.obj
 0001:0002f510       _hurt_use                  20030510 f   g_trigger.obj
 0001:0002f530       _hurt_touch                20030530 f   g_trigger.obj
 0001:0002f5b0       _SP_trigger_hurt           200305b0 f   g_trigger.obj
 0001:0002f620       _func_timer_think          20030620 f   g_trigger.obj
 0001:0002f680       _func_timer_use            20030680 f   g_trigger.obj
 0001:0002f6b0       _SP_func_timer             200306b0 f   g_trigger.obj
 0001:0002f760       _G_ResetHistory            20030760 f   g_unlagged.obj
 0001:0002f870       _G_StoreHistory            20030870 f   g_unlagged.obj
 0001:0002f9d0       _G_TimeShiftClient         200309d0 f   g_unlagged.obj
 0001:0002fec0       _G_TimeShiftAllClients     20030ec0 f   g_unlagged.obj
 0001:0002ff50       _G_DoTimeShiftFor          20030f50 f   g_unlagged.obj
 0001:00030010       _G_UnTimeShiftClient       20031010 f   g_unlagged.obj
 0001:000300b0       _G_UnTimeShiftAllClients   200310b0 f   g_unlagged.obj
 0001:00030100       _G_UndoTimeShiftFor        20031100 f   g_unlagged.obj
 0001:00030130       _G_PredictPlayerClipVelocity 20031130 f   g_unlagged.obj
 0001:00030190       _G_PredictPlayerSlideMove  20031190 f   g_unlagged.obj
 0001:000306c0       _G_PredictPlayerStepSlideMove 200316c0 f   g_unlagged.obj
 0001:00030840       _G_PredictPlayerMove       20031840 f   g_unlagged.obj
 0001:00030860       _AddRemap                  20031860 f   g_utils.obj
 0001:00030960       _BuildShaderStateConfig    20031960 f   g_utils.obj
 0001:000309e0       _findradius                200319e0 f   g_utils.obj
 0001:00030ab0       _visible                   20031ab0 f   g_utils.obj
 0001:00030af0       _G_FindConfigstringIndex   20031af0 f   g_utils.obj
 0001:00030bd0       _G_ModelIndex              20031bd0 f   g_utils.obj
 0001:00030bf0       _G_SoundIndex              20031bf0 f   g_utils.obj
 0001:00030c10       _G_TeamCommand             20031c10 f   g_utils.obj
 0001:00030c80       _G_Find                    20031c80 f   g_utils.obj
 0001:00030d20       _G_PickTarget              20031d20 f   g_utils.obj
 0001:00030db0       _G_UseTargets              20031db0 f   g_utils.obj
 0001:00030e80       _vtos                      20031e80 f   g_utils.obj
 0001:00030ed0       _G_SetMovedir              20031ed0 f   g_utils.obj
 0001:00030fa0       _vectoyaw                  20031fa0 f   g_utils.obj
 0001:00031020       _G_InitGentity             20032020 f   g_utils.obj
 0001:00031060       _G_Spawn                   20032060 f   g_utils.obj
 0001:00031160       _G_FreeEntity              20032160 f   g_utils.obj
 0001:000311b0       _G_TempEntity              200321b0 f   g_utils.obj
 0001:00031250       _G_KillBox                 20032250 f   g_utils.obj
 0001:00031330       _G_AddPredictableEvent     20032330 f   g_utils.obj
 0001:00031360       _G_AddEvent                20032360 f   g_utils.obj
 0001:00031410       _G_Sound                   20032410 f   g_utils.obj
 0001:00031430       _G_SetOrigin               20032430 f   g_utils.obj
 0001:00031480       _CheckGauntletAttack       20032480 f   g_weapon.obj
 0001:00031620       _Weapon_fire_flame         20032620 f   g_weapon.obj
 0001:00031670       _Bullet_Fire               20032670 f   g_weapon.obj
 0001:000318b0       _BFG_Fire                  200328b0 f   g_weapon.obj
 0001:00031900       _ShotgunPellet             20032900 f   g_weapon.obj
 0001:000319d0       _ShotgunPattern            200329d0 f   g_weapon.obj
 0001:00031b40       _weapon_supershotgun_fire  20032b40 f   g_weapon.obj
 0001:00031bf0       _weapon_grenadelauncher_fire 20032bf0 f   g_weapon.obj
 0001:00031c60       _weapon_altgrenadelauncher_fire 20032c60 f   g_weapon.obj
 0001:00031cd0       _Weapon_RocketLauncher_Fire 20032cd0 f   g_weapon.obj
 0001:00031d20       _Weapon_RocketLauncher_AltFire 20032d20 f   g_weapon.obj
 0001:00031d70       _Weapon_Plasmagun_Fire     20032d70 f   g_weapon.obj
 0001:00031dc0       _weapon_railgun_fire       20032dc0 f   g_weapon.obj
 0001:000320c0       _Weapon_GrapplingHook_Fire 200330c0 f   g_weapon.obj
 0001:00032130       _Weapon_HookFree           20033130 f   g_weapon.obj
 0001:00032170       _Weapon_HookThink          20033170 f   g_weapon.obj
 0001:00032260       _LogAccuracyHit            20033260 f   g_weapon.obj
 0001:000322c0       _CalcMuzzlePoint           200332c0 f   g_weapon.obj
 0001:00032350       _CalcMuzzlePointOrigin     20033350 f   g_weapon.obj
 0001:000323e0       _FireWeapon                200333e0 f   g_weapon.obj
 0001:00032550       _FireWeapon2               20033550 f   g_weapon.obj
 0001:00032680       _Q_rand                    20033680 f   q_math.obj
 0001:000326a0       _Q_random                  200336a0 f   q_math.obj
 0001:000326d0       _Q_crandom                 200336d0 f   q_math.obj
 0001:000326f0       _DirToByte                 200336f0 f   q_math.obj
 0001:00032750       _tonextint                 20033750 f   q_math.obj
 0001:000327c0       _vectoangles               200337c0 f   q_math.obj
 0001:000328d0       _ProjectPointOnPlane       200338d0 f   q_math.obj
 0001:00032960       _AngleMod                  20033960 f   q_math.obj
 0001:00032960       _AngleNormalize360         20033960 f   q_math.obj
 0001:00032990       _AngleNormalize180         20033990 f   q_math.obj
 0001:000329c0       _RadiusFromBounds          200339c0 f   q_math.obj
 0001:00032a30       _AddPointToBounds          20033a30 f   q_math.obj
 0001:00032ab0       _VectorNormalize           20033ab0 f   q_math.obj
 0001:00032b00       _VectorNormalize2          20033b00 f   q_math.obj
 0001:00032b70       _AngleVectors              20033b70 f   q_math.obj
 0001:00032cc0       _PerpendicularVector       20033cc0 f   q_math.obj
 0001:00032d40       _COM_Parse                 20033d40 f   q_shared.obj
 0001:00032d50       _COM_ParseExt              20033d50 f   q_shared.obj
 0001:00032ec0       _Q_strrchr                 20033ec0 f   q_shared.obj
 0001:00032ef0       _Q_strncpyz                20033ef0 f   q_shared.obj
 0001:00032f50       _Q_stricmpn                20033f50 f   q_shared.obj
 0001:00032fe0       _Q_strncmp                 20033fe0 f   q_shared.obj
 0001:00033030       _Q_stricmp                 20034030 f   q_shared.obj
 0001:00033060       _Q_strcat                  20034060 f   q_shared.obj
 0001:000330b0       _Q_CleanStr                200340b0 f   q_shared.obj
 0001:00033100       _Com_sprintf               20034100 f   q_shared.obj
 0001:00033180       _va                        20034180 f   q_shared.obj
 0001:000331c0       _Info_ValueForKey          200341c0 f   q_shared.obj
 0001:000332b0       _Info_RemoveKey            200342b0 f   q_shared.obj
 0001:000333b0       _Info_Validate             200343b0 f   q_shared.obj
 0001:000333e0       _Info_SetValueForKey       200343e0 f   q_shared.obj
 0001:000335b0       _SnapVectorTowards         200345b0 f   q_shared.obj
 0001:00033600       _atol                      20034600 f   LIBC:atox.obj
 0001:0003368b       _atoi                      2003468b f   LIBC:atox.obj
 0001:00033696       _srand                     20034696 f   LIBC:rand.obj
 0001:000336a0       _rand                      200346a0 f   LIBC:rand.obj
 0001:000336be       __fpmath                   200346be f   LIBC:fpinit.obj
 0001:000336d5       __fpclear                  200346d5 f   LIBC:fpinit.obj
 0001:000336d6       __cfltcvt_init             200346d6 f   LIBC:fpinit.obj
 0001:00033710       __ftol                     20034710 f   LIBC:ftol.obj
 0001:00033740       _strncpy                   20034740 f   LIBC:strncpy.obj
 0001:0003383e       _atof                      2003483e f   LIBC:atof.obj
 0001:0003388b       _sscanf                    2003488b f   LIBC:sscanf.obj
 0001:000338bf       _toupper                   200348bf f   LIBC:toupper.obj
 0001:00033990       _memmove                   20034990 f   LIBC:memmove.obj
 0001:00033cd0       _strstr                    20034cd0 f   LIBC:strstr.obj
 0001:00033d50       _vsprintf                  20034d50 f   LIBC:vsprintf.obj
 0001:00033dc0       _strchr                    20034dc0 f   LIBC:strchr.obj
 0001:00033dc6       ___from_strstr_to_strchr   20034dc6 f   LIBC:strchr.obj
 0001:00033e80       __chkstk                   20034e80 f   LIBC:chkstk.obj
 0001:00033e80       __alloca_probe             20034e80 f   LIBC:chkstk.obj
 0001:00033eaf       _tolower                   20034eaf f   LIBC:tolower.obj
 0001:00033f7a       _ceil                      20034f7a f   LIBC:ceil.obj
 0001:00034049       _qsort                     20035049 f   LIBC:qsort.obj
 0001:00034217       __CRT_INIT@12              20035217 f   LIBC:dllcrt0.obj
 0001:000342cf       __DllMainCRTStartup@12     200352cf f   LIBC:dllcrt0.obj
 0001:0003436c       __amsg_exit                2003536c f   LIBC:dllcrt0.obj
 0001:0003439f       __isctype                  2003539f f   LIBC:isctype.obj
 0001:00034420       __allmul                   20035420 f   LIBC:llmul.obj
 0001:00034454       __setdefaultprecision      20035454 f   LIBC:fp8.obj
 0001:00034466       __ms_p5_test_fdiv          20035466 f   LIBC:testfdiv.obj
 0001:000344a4       __ms_p5_mp_test_fdiv       200354a4 f   LIBC:testfdiv.obj
 0001:000344cd       __forcdecpt                200354cd f   LIBC:cvt.obj
 0001:00034527       __cropzeros                20035527 f   LIBC:cvt.obj
 0001:00034575       __positive                 20035575 f   LIBC:cvt.obj
 0001:0003458d       __fassign                  2003558d f   LIBC:cvt.obj
 0001:000345cb       __cftoe                    200355cb f   LIBC:cvt.obj
 0001:000346cf       __cftof                    200356cf f   LIBC:cvt.obj
 0001:000347ad       __cftog                    200357ad f   LIBC:cvt.obj
 0001:00034892       __cfltcvt                  20035892 f   LIBC:cvt.obj
 0001:00034908       __fltin                    20035908 f   LIBC:cfin.obj
 0001:000349a0       _strlen                    200359a0 f   LIBC:strlen.obj
 0001:00034a1b       __input                    20035a1b f   LIBC:input.obj
 0001:000354cc       ___crtLCMapStringA         200364cc f   LIBC:a_map.obj
 0001:0003571b       __flsbuf                   2003671b f   LIBC:_flsbuf.obj
 0001:00035830       __output                   20036830 f   LIBC:output.obj
 0001:0003603a       __handle_qnan1             2003703a f   LIBC:fpexcept.obj
 0001:0003608d       __except1                  2003708d f   LIBC:fpexcept.obj
 0001:00036125       __raise_exc                20037125 f   LIBC:fpexcept.obj
 0001:000363d8       __handle_exc               200373d8 f   LIBC:fpexcept.obj
 0001:000365ef       __umatherr                 200375ef f   LIBC:fpexcept.obj
 0001:00036677       __set_errno                20037677 f   LIBC:fpexcept.obj
 0001:000366c2       __errcode                  200376c2 f   LIBC:fpexcept.obj
 0001:000366ef       __frnd                     200376ef f   LIBC:frnd.obj
 0001:00036701       __set_exp                  20037701 f   LIBC:util.obj
 0001:0003672a       __sptype                   2003772a f   LIBC:util.obj
 0001:00036784       __decomp                   20037784 f   LIBC:util.obj
 0001:00036845       __statfp                   20037845 f   LIBC:fpctrl.obj
 0001:00036853       __clrfp                    20037853 f   LIBC:fpctrl.obj
 0001:00036862       __ctrlfp                   20037862 f   LIBC:fpctrl.obj
 0001:00036885       __set_statfp               20037885 f   LIBC:fpctrl.obj
 0001:000368db       __cinit                    200378db f   LIBC:crt0dat.obj
 0001:00036908       __exit                     20037908 f   LIBC:crt0dat.obj
 0001:00036919       __cexit                    20037919 f   LIBC:crt0dat.obj
 0001:000369db       __heap_init                200379db f   LIBC:heapinit.obj
 0001:00036a17       __heap_term                20037a17 f   LIBC:heapinit.obj
 0001:00036a8c       __ioinit                   20037a8c f   LIBC:ioinit.obj
 0001:00036c37       __ioterm                   20037c37 f   LIBC:ioinit.obj
 0001:00036c5a       __setenvp                  20037c5a f   LIBC:stdenvp.obj
 0001:00036d13       __setargv                  20037d13 f   LIBC:stdargv.obj
 0001:00036f60       ___crtGetEnvironmentStringsA 20037f60 f   LIBC:a_env.obj
 0001:00037092       _DllMain@12                20038092 f   LIBC:dllmain.obj
 0001:000370b2       __FF_MSGBANNER             200380b2 f   LIBC:crt0msg.obj
 0001:000370eb       __NMSG_WRITE               200380eb f   LIBC:crt0msg.obj
 0001:0003723e       ___crtGetStringTypeA       2003823e f   LIBC:a_str.obj
 0001:00037387       __control87                20038387 f   LIBC:ieee87.obj
 0001:000373bc       __controlfp                200383bc f   LIBC:ieee87.obj
 0001:000374ed       __ZeroTail                 200384ed f   LIBC:intrncvt.obj
 0001:00037536       __IncMan                   20038536 f   LIBC:intrncvt.obj
 0001:0003758c       __RoundMan                 2003858c f   LIBC:intrncvt.obj
 0001:00037618       __CopyMan                  20038618 f   LIBC:intrncvt.obj
 0001:00037633       __FillZeroMan              20038633 f   LIBC:intrncvt.obj
 0001:0003763f       __IsZeroMan                2003863f f   LIBC:intrncvt.obj
 0001:0003765a       __ShrMan                   2003865a f   LIBC:intrncvt.obj
 0001:000376e7       __ld12cvt                  200386e7 f   LIBC:intrncvt.obj
 0001:00037853       __ld12tod                  20038853 f   LIBC:intrncvt.obj
 0001:00037869       __ld12tof                  20038869 f   LIBC:intrncvt.obj
 0001:0003787f       __atodbl                   2003887f f   LIBC:intrncvt.obj
 0001:000378ac       __atoflt                   200388ac f   LIBC:intrncvt.obj
 0001:000378e0       _strcpy                    200388e0 f   LIBC:strcat.obj
 0001:000378f0       _strcat                    200388f0 f   LIBC:strcat.obj
 0001:000379d0       __fptostr                  200389d0 f   LIBC:_fptostr.obj
 0001:00037a47       __fltout                   20038a47 f   LIBC:cfout.obj
 0001:00037aab       ___dtold                   20038aab f   LIBC:cfout.obj
 0001:00037b70       _memset                    20038b70 f   LIBC:memset.obj
 0001:00037bc8       __fptrap                   20038bc8 f   LIBC:crt0fp.obj
 0001:00037bd1       ___strgtold12              20038bd1 f   LIBC:strgtold.obj
 0001:000380a2       _mbtowc                    200390a2 f   LIBC:mbtowc.obj
 0001:0003816a       _isspace                   2003916a f   LIBC:_ctype.obj
 0001:000381a0       __allshl                   200391a0 f   LIBC:llshl.obj
 0001:000381bf       __filbuf                   200391bf f   LIBC:_filbuf.obj
 0001:00038298       _ungetc                    20039298 f   LIBC:ungetc.obj
 0001:00038308       __global_unwind2           20039308 f   LIBC:exsup.obj
 0001:0003834a       __local_unwind2            2003934a f   LIBC:exsup.obj
 0001:000383a2       __NLG_Return2              200393a2 f   LIBC:exsup.obj
 0001:000383b2       __abnormal_termination     200393b2 f   LIBC:exsup.obj
 0001:000383d5       __NLG_Notify1              200393d5 f   LIBC:exsup.obj
 0001:000383de       __NLG_Notify               200393de f   LIBC:exsup.obj
 0001:000383f1       __NLG_Dispatch             200393f1 f   LIBC:exsup.obj
 0001:00038400       __except_handler3          20039400 f   LIBC:exsup3.obj
 0001:000384bd       __seh_longjmp_unwind@4     200394bd f   LIBC:exsup3.obj
 0001:000384d8       __lseek                    200394d8 f   LIBC:lseek.obj
 0001:00038572       __write                    20039572 f   LIBC:write.obj
 0001:0003871f       __getbuf                   2003971f f   LIBC:_getbuf.obj
 0001:00038763       __isatty                   20039763 f   LIBC:isatty.obj
 0001:00038789       ___initstdio               20039789 f   LIBC:_file.obj
 0001:0003882e       ___endstdio                2003982e f   LIBC:_file.obj
 0001:00038842       _wctomb                    20039842 f   LIBC:wctomb.obj
 0001:000388b0       __aulldiv                  200398b0 f   LIBC:ulldiv.obj
 0001:00038920       __aullrem                  20039920 f   LIBC:ullrem.obj
 0001:00038995       __matherr                  20039995 f   LIBC:matherr.obj
 0001:00038998       ___sbh_heap_init           20039998 f   LIBC:sbheap.obj
 0001:000389d6       ___sbh_find_block          200399d6 f   LIBC:sbheap.obj
 0001:00038a01       ___sbh_free_block          20039a01 f   LIBC:sbheap.obj
 0001:00038d2c       ___sbh_alloc_block         20039d2c f   LIBC:sbheap.obj
 0001:00039035       ___sbh_alloc_new_region    2003a035 f   LIBC:sbheap.obj
 0001:000390e6       ___sbh_alloc_new_group     2003a0e6 f   LIBC:sbheap.obj
 0001:000391e1       _malloc                    2003a1e1 f   LIBC:malloc.obj
 0001:000391f3       __nh_malloc                2003a1f3 f   LIBC:malloc.obj
 0001:0003921f       __heap_alloc               2003a21f f   LIBC:malloc.obj
 0001:00039255       _free                      2003a255 f   LIBC:free.obj
 0001:00039284       __setmbcp                  2003a284 f   LIBC:mbctype.obj
 0001:00039648       ___initmbctable            2003a648 f   LIBC:mbctype.obj
 0001:00039670       _memcpy                    2003a670 f   LIBC:memcpy.obj
 0001:000399a5       ___crtMessageBoxA          2003a9a5 f   LIBC:crtmbox.obj
 0001:00039a2e       ___addl                    2003aa2e f   LIBC:mantold.obj
 0001:00039a4f       ___add_12                  2003aa4f f   LIBC:mantold.obj
 0001:00039aad       ___shl_12                  2003aaad f   LIBC:mantold.obj
 0001:00039adb       ___shr_12                  2003aadb f   LIBC:mantold.obj
 0001:00039b08       ___mtold12                 2003ab08 f   LIBC:mantold.obj
 0001:00039bcf       _$I10_OUTPUT               2003abcf f   LIBC:x10fout.obj
 0001:00039e62       ___ld12mul                 2003ae62 f   LIBC:tenpow.obj
 0001:0003a082       ___multtenpow12            2003b082 f   LIBC:tenpow.obj
 0001:0003a0fe       __read                     2003b0fe f   LIBC:read.obj
 0001:0003a2f4       __dosmaperr                2003b2f4 f   LIBC:dosmap.obj
 0001:0003a35b       __free_osfhnd              2003b35b f   LIBC:osfinfo.obj
 0001:0003a3d5       __get_osfhandle            2003b3d5 f   LIBC:osfinfo.obj
 0001:0003a412       _calloc                    2003b412 f   LIBC:calloc.obj
 0001:0003a48f       __fcloseall                2003b48f f   LIBC:closeall.obj
 0001:0003a4e7       _fflush                    2003b4e7 f   LIBC:fflush.obj
 0001:0003a522       __flush                    2003b522 f   LIBC:fflush.obj
 0001:0003a57e       __flushall                 2003b57e f   LIBC:fflush.obj
 0001:0003a5f4       __callnewh                 2003b5f4 f   LIBC:handler.obj
 0001:0003a60f       _fclose                    2003b60f f   LIBC:fclose.obj
 0001:0003a665       __commit                   2003b665 f   LIBC:commit.obj
 0001:0003a6bc       __close                    2003b6bc f   LIBC:close.obj
 0001:0003a76f       __freebuf                  2003b76f f   LIBC:_freebuf.obj
 0001:0003a79a       _RtlUnwind@16              2003b79a f   kernel32:KERNEL32.dll
 0002:00000000       __imp__GetEnvironmentStrings@0 2003c000     kernel32:KERNEL32.dll
 0002:00000004       __imp__GetVersion@0        2003c004     kernel32:KERNEL32.dll
 0002:00000008       __imp__GetProcAddress@8    2003c008     kernel32:KERNEL32.dll
 0002:0000000c       __imp__GetModuleHandleA@4  2003c00c     kernel32:KERNEL32.dll
 0002:00000010       __imp__WideCharToMultiByte@32 2003c010     kernel32:KERNEL32.dll
 0002:00000014       __imp__MultiByteToWideChar@24 2003c014     kernel32:KERNEL32.dll
 0002:00000018       __imp__LCMapStringA@24     2003c018     kernel32:KERNEL32.dll
 0002:0000001c       __imp__LCMapStringW@24     2003c01c     kernel32:KERNEL32.dll
 0002:00000020       __imp__RaiseException@16   2003c020     kernel32:KERNEL32.dll
 0002:00000024       __imp__ExitProcess@4       2003c024     kernel32:KERNEL32.dll
 0002:00000028       __imp__TerminateProcess@8  2003c028     kernel32:KERNEL32.dll
 0002:0000002c       __imp__GetCurrentProcess@0 2003c02c     kernel32:KERNEL32.dll
 0002:00000030       __imp__HeapDestroy@4       2003c030     kernel32:KERNEL32.dll
 0002:00000034       __imp__HeapCreate@12       2003c034     kernel32:KERNEL32.dll
 0002:00000038       __imp__VirtualFree@12      2003c038     kernel32:KERNEL32.dll
 0002:0000003c       __imp__HeapFree@12         2003c03c     kernel32:KERNEL32.dll
 0002:00000040       __imp__SetHandleCount@4    2003c040     kernel32:KERNEL32.dll
 0002:00000044       __imp__GetStdHandle@4      2003c044     kernel32:KERNEL32.dll
 0002:00000048       __imp__GetFileType@4       2003c048     kernel32:KERNEL32.dll
 0002:0000004c       __imp__GetStartupInfoA@4   2003c04c     kernel32:KERNEL32.dll
 0002:00000050       __imp__GetModuleFileNameA@12 2003c050     kernel32:KERNEL32.dll
 0002:00000054       __imp__FreeEnvironmentStringsA@4 2003c054     kernel32:KERNEL32.dll
 0002:00000058       __imp__FreeEnvironmentStringsW@4 2003c058     kernel32:KERNEL32.dll
 0002:0000005c       __imp__GetCommandLineA@0   2003c05c     kernel32:KERNEL32.dll
 0002:00000060       __imp__GetEnvironmentStringsW@0 2003c060     kernel32:KERNEL32.dll
 0002:00000064       __imp__DisableThreadLibraryCalls@4 2003c064     kernel32:KERNEL32.dll
 0002:00000068       __imp__WriteFile@20        2003c068     kernel32:KERNEL32.dll
 0002:0000006c       __imp__GetStringTypeA@20   2003c06c     kernel32:KERNEL32.dll
 0002:00000070       __imp__GetStringTypeW@16   2003c070     kernel32:KERNEL32.dll
 0002:00000074       __imp__RtlUnwind@16        2003c074     kernel32:KERNEL32.dll
 0002:00000078       __imp__GetLastError@0      2003c078     kernel32:KERNEL32.dll
 0002:0000007c       __imp__SetFilePointer@16   2003c07c     kernel32:KERNEL32.dll
 0002:00000080       __imp__HeapAlloc@12        2003c080     kernel32:KERNEL32.dll
 0002:00000084       __imp__VirtualAlloc@16     2003c084     kernel32:KERNEL32.dll
 0002:00000088       __imp__HeapReAlloc@16      2003c088     kernel32:KERNEL32.dll
 0002:0000008c       __imp__GetCPInfo@8         2003c08c     kernel32:KERNEL32.dll
 0002:00000090       __imp__GetACP@0            2003c090     kernel32:KERNEL32.dll
 0002:00000094       __imp__GetOEMCP@0          2003c094     kernel32:KERNEL32.dll
 0002:00000098       __imp__LoadLibraryA@4      2003c098     kernel32:KERNEL32.dll
 0002:0000009c       __imp__ReadFile@20         2003c09c     kernel32:KERNEL32.dll
 0002:000000a0       __imp__SetStdHandle@8      2003c0a0     kernel32:KERNEL32.dll
 0002:000000a4       __imp__FlushFileBuffers@4  2003c0a4     kernel32:KERNEL32.dll
 0002:000000a8       __imp__CloseHandle@4       2003c0a8     kernel32:KERNEL32.dll
 0002:000000ac       \177KERNEL32_NULL_THUNK_DATA 2003c0ac     kernel32:KERNEL32.dll
 0002:000000b0       __real@4@3ff08001000200040000 2003c0b0     ai_chat.obj
 0002:000000b8       __real@8@40028e66666666666800 2003c0b8     ai_chat.obj
[...]
 0003:00071460       _g_teamForceBalance        200ae460     <common>
 0003:00071580       _g_doWarmup                200ae580     <common>
 0003:000716a0       _g_debugDamage             200ae6a0     <common>
 0003:000717c0       _g_podiumDist              200ae7c0     <common>
 0003:000718e0       _g_banIPs                  200ae8e0     <common>
 0003:00071a00       _pmove_fixed               200aea00     <common>
 0003:00071b20       _g_unlaggedVersion         200aeb20     <common>
 0003:00071c40       _g_rankings                200aec40     <common>
 0003:00071d60       _g_knockback               200aed60     <common>
 0003:00071e80       _g_clients                 200aee80     <common>
 0003:000a6180       _g_maxclients              200e3180     <common>
 0003:000a62a0       _g_podiumDrop              200e32a0     <common>
 0003:000a63c0       _g_instagib                200e33c0     <common>
 0003:000a64e0       _g_timelimit               200e34e0     <common>
 0003:000a6600       _g_filterBan               200e3600     <common>
 0003:000a6720       _g_smoothClients           200e3720     <common>
 0003:000a6840       _g_debugAlloc              200e3840     <common>
 0003:000a6960       _g_inactivity              200e3960     <common>
 0003:000a6a80       _level                     200e3a80     <common>
 0003:000a8e80       _g_restarted               200e5e80     <common>
 0003:000a8fa0       _g_teamAutoJoin            200e5fa0     <common>
 0003:000a90c0       _g_blood                   200e60c0     <common>
 0003:000a91e0       _g_truePing                200e61e0     <common>
 0003:000a9300       _g_gravity                 200e6300     <common>
 0003:000a9420       _g_listEntity              200e6420     <common>
 0003:000a9540       _g_allowVote               200e6540     <common>
 0003:000a9660       _g_entities                200e6660     <common>
 0003:00173660       _g_log                     201b0660     <common>
 0003:00173780       _g_friendlyFire            201b0780     <common>
 0003:001738a0       _g_weaponRespawn           201b08a0     <common>
 0003:001739c0       _g_debugMove               201b09c0     <common>
 0003:00173ae0       _g_motd                    201b0ae0     <common>
 0003:00173c00       _g_forcerespawn            201b0c00     <common>
 0003:00173d20       _g_warmup                  201b0d20     <common>
 0003:00173e40       _g_logSync                 201b0e40     <common>
 0003:00173f60       _sv_fps                    201b0f60     <common>
 0003:00174080       _g_quadfactor              201b1080     <common>
 0003:001741a0       _g_dedicated               201b11a0     <common>
 0003:001742c0       _itemRegistered            201b12c0     <common>
 0003:001746c0       _bot_minplayers            201b16c0     <common>
 0003:001747d0       _g_numArenas               201b17d0     <common>
 0003:001747d4       _podium2                   201b17d4     <common>
 0003:001747d8       _podium3                   201b17d8     <common>
 0003:001747dc       _podium1                   201b17dc     <common>
 0003:001747e0       _pml                       201b17e0     <common>
 0003:00174870       _pm                        201b1870     <common>
 0003:00174880       _ctftaskpreferences        201b1880     <common>
 0003:00175280       _bot_interbreedcycle       201b2280     <common>
 0003:00175390       _numbots                   201b2390     <common>
 0003:001753a0       _bot_testsolid             201b23a0     <common>
 0003:001754c0       _bot_interbreedwrite       201b24c0     <common>
 0003:001755e0       _bot_developer             201b25e0     <common>
 0003:00175700       _bot_testclusters          201b2700     <common>
 0003:00175810       _bot_interbreedmatchcount  201b2810     <common>
 0003:00175820       _bot_saveroutingcache      201b2820     <common>
 0003:00175940       _bot_thinktime             201b2940     <common>
 0003:00175a60       _botstates                 201b2a60     <common>
 0003:00175b60       _regularupdate_time        201b2b60     <common>
 0003:00175b64       _bot_interbreed            201b2b64     <common>
 0003:00175b68       _floattime                 201b2b68     <common>
 0003:00175b80       _bot_pause                 201b2b80     <common>
 0003:00175ca0       _bot_interbreedbots        201b2ca0     <common>
 0003:00175dc0       _bot_memorydump            201b2dc0     <common>
 0003:00175ee0       _bot_report                201b2ee0     <common>
 0003:00176000       _bot_interbreedchar        201b3000     <common>
 0003:00176110       _lastteleport_origin       201b3110     <common>
 0003:00176120       _ctf_blueflag              201b3120     <common>
 0003:00176160       _g_spSkill                 201b3160     <common>
 0003:00176280       _bot_testrchat             201b3280     <common>
 0003:00176390       _gametype                  201b3390     <common>
 0003:001763a0       _bot_nochat                201b33a0     <common>
 0003:001764b0       _max_bspmodelindex         201b34b0     <common>
 0003:001764c0       _bot_fastchat              201b34c0     <common>
 0003:001765e0       _bot_rocketjump            201b35e0     <common>
 0003:00176700       _bot_predictobstacles      201b3700     <common>
 0003:00176820       _bot_challenge             201b3820     <common>
 0003:00176930       _red_numaltroutegoals      201b3930     <common>
 0003:00176940       _ctf_redflag               201b3940     <common>
 0003:00176978       _botai_freewaypoints       201b3978     <common>
 0003:0017697c       _altroutegoals_setup       201b397c     <common>
 0003:00176980       _lastteleport_time         201b3980     <common>
 0003:001769a0       _blue_altroutegoals        201b39a0     <common>
 0003:00176ca0       _blue_numaltroutegoals     201b3ca0     <common>
 0003:00176cc0       _botai_waypoints           201b3cc0     <common>
 0003:00179ec0       _bot_grapple               201b6ec0     <common>
 0003:00179fe0       _red_altroutegoals         201b6fe0     <common>
 0003:0017a2e0       _maxclients                201b72e0     <common>
 0003:0017a2e4       _numnodeswitches           201b72e4     <common>
 0003:0017a300       _nodeswitch                201b7300     <common>
 0003:0017bfc0       _notleader                 201b8fc0     <common>
 0003:0017c0c0       ___mbcodepage              201b90c0     <common>
 0003:0017c0d0       ___mbulinfo                201b90d0     <common>
 0003:0017c0dc       ___ismbcodepage            201b90dc     <common>
 0003:0017c0e0       __mbcasemap                201b90e0     <common>
 0003:0017c1e0       __mbctype                  201b91e0     <common>
 0003:0017c2e4       ___mblcid                  201b92e4     <common>
 0003:0017c2e8       ___sbh_sizeHeaderList      201b92e8     <common>
 0003:0017c2ec       ___sbh_indGroupDefer       201b92ec     <common>
 0003:0017c2f0       ___sbh_pHeaderScan         201b92f0     <common>
 0003:0017c2f4       ___sbh_pHeaderDefer        201b92f4     <common>
 0003:0017c2f8       ___sbh_cntHeaderList       201b92f8     <common>
 0003:0017c2fc       ___sbh_pHeaderList         201b92fc     <common>
 0003:0017c300       ___piob                    201b9300     <common>
 0003:0017c320       __bufin                    201b9320     <common>
 0003:0017d320       __nstream                  201ba320     <common>
 0003:0017d340       ___pioinfo                 201ba340     <common>
 0003:0017d440       __nhandle                  201ba440     <common>
 0003:0017d444       __crtheap                  201ba444     <common>
 0003:0017d448       ___env_initialized         201ba448     <common>
 0003:0017d44c       ___mbctype_initialized     201ba44c     <common>
 0003:0017d450       ___onexitend               201ba450     <common>
 0003:0017d454       ___onexitbegin             201ba454     <common>
 0003:0017d458       __acmdln                   201ba458     <common>
 0003:0017d45c       __pRawDllMain              201ba45c     <common>

 entry point at        0001:000342cf

 Static symbols

 0001:00032e80       _SkipWhitespace            20033e80 f   q_shared.obj
 0001:0002fe80       _TimeShiftLerp             20030e80 f   g_unlagged.obj
 0001:0002edc0       _SortClients               2002fdc0 f   g_team.obj
 0001:0002d750       _target_location_linkup    2002e750 f   g_target.obj
 0001:0002b1b0       _AddIP                     2002c1b0 f   g_svcmds.obj
 0001:0002b220       _StringToFilter            2002c220 f   g_svcmds.obj
 0001:0002b2d0       _UpdateIPBans              2002c2d0 f   g_svcmds.obj
 0001:000294d0       _Touch_DoorTriggerSpectator 2002a4d0 f   g_mover.obj
 0001:00026d10       _InitShooter_Finish        20027d10 f   g_misc.obj
 0001:00020700       _G_SayTo                   20021700 f   g_cmds.obj
 0001:00020880       _G_VoiceTo                 20021880 f   g_cmds.obj
 0001:00021dc0       _Cmd_Say_f                 20022dc0 f   g_cmds.obj
 0001:00021e00       _Cmd_Tell_f                20022e00 f   g_cmds.obj
 0001:00021ee0       _Cmd_Voice_f               20022ee0 f   g_cmds.obj
 0001:00021f30       _Cmd_VoiceTell_f           20022f30 f   g_cmds.obj
 0001:00022020       _Cmd_VoiceTaunt_f          20023020 f   g_cmds.obj
 0001:0001e800       _ClientCleanName           2001f800 f   g_client.obj
 0001:0001c820       _PlayerIntroSound          2001d820 f   g_bot.obj
 0001:0001caf0       _G_AddBot                  2001daf0 f   g_bot.obj
 0001:0001ceb0       _AddBotToSpawnQueue        2001deb0 f   g_bot.obj
 0001:0001d2f0       _G_LoadArenas              2001e2f0 f   g_bot.obj
 0001:0001d440       _G_LoadArenasFromFile      2001e440 f   g_bot.obj
 0001:0001d520       _G_SpawnBots               2001e520 f   g_bot.obj
 0001:0001d650       _G_LoadBots                2001e650 f   g_bot.obj
 0001:0001d780       _G_LoadBotsFromFile        2001e780 f   g_bot.obj
 0001:0001b680       _SpawnModelOnVictoryPad    2001c680 f   g_arenas.obj
 0001:0001b940       _CelebrateStart            2001c940 f   g_arenas.obj
 0001:0001b990       _CelebrateStop             2001c990 f   g_arenas.obj
 0001:0001b9c0       _SpawnPodium               2001c9c0 f   g_arenas.obj
 0001:0001bb20       _PodiumPlacementThink      2001cb20 f   g_arenas.obj
 0001:00016e00       _PM_WaterJumpMove          20017e00 f   bg_pmove.obj
 0001:00016e50       _PM_WaterMove              20017e50 f   bg_pmove.obj
 0001:00017030       _PM_Friction               20018030 f   bg_pmove.obj
 0001:00017180       _PM_Accelerate             20018180 f   bg_pmove.obj
 0001:00017200       _PM_CmdScale               20018200 f   bg_pmove.obj
 0001:00017290       _PM_CheckWaterJump         20018290 f   bg_pmove.obj
 0001:000173f0       _PM_FlyMove                200183f0 f   bg_pmove.obj
 0001:000174d0       _PM_AirMove                200184d0 f   bg_pmove.obj
 0001:000175f0       _PM_SetMovementDir         200185f0 f   bg_pmove.obj
 0001:000176c0       _PM_GrappleMove            200186c0 f   bg_pmove.obj
 0001:00017800       _PM_WalkMove               20018800 f   bg_pmove.obj
 0001:00017b20       _PM_CheckJump              20018b20 f   bg_pmove.obj
 0001:00017be0       _PM_ForceLegsAnim          20018be0 f   bg_pmove.obj
 0001:00017c00       _PM_StartLegsAnim          20018c00 f   bg_pmove.obj
 0001:00017c30       _PM_DeadMove               20018c30 f   bg_pmove.obj
 0001:00017cf0       _PM_NoclipMove             20018cf0 f   bg_pmove.obj
 0001:00017ed0       _PM_GroundTrace            20018ed0 f   bg_pmove.obj
 0001:00018140       _PM_CrashLand              20019140 f   bg_pmove.obj
 0001:000182f0       _PM_FootstepForSurface     200192f0 f   bg_pmove.obj
 0001:00018310       _PM_CorrectAllSolid        20019310 f   bg_pmove.obj
 0001:000184d0       _PM_GroundTraceMissed      200194d0 f   bg_pmove.obj
 0001:000185e0       _PM_SetWaterLevel          200195e0 f   bg_pmove.obj
 0001:00018710       _PM_CheckDuck              20019710 f   bg_pmove.obj
 0001:00018920       _PM_Footsteps              20019920 f   bg_pmove.obj
 0001:00018af0       _PM_ContinueLegsAnim       20019af0 f   bg_pmove.obj
 0001:00018b20       _PM_WaterEvents            20019b20 f   bg_pmove.obj
 0001:00018bb0       _PM_TorsoAnimation         20019bb0 f   bg_pmove.obj
 0001:00018be0       _PM_ContinueTorsoAnim      20019be0 f   bg_pmove.obj
 0001:00018c10       _PM_StartTorsoAnim         20019c10 f   bg_pmove.obj
 0001:00018c40       _PM_Weapon                 20019c40 f   bg_pmove.obj
 0001:00018fc0       _PM_BeginWeaponChange      20019fc0 f   bg_pmove.obj
 0001:00019030       _PM_FinishWeaponChange     2001a030 f   bg_pmove.obj
 0001:00019090       _PM_Animate                2001a090 f   bg_pmove.obj
 0001:000190d0       _PM_DropTimers             2001a0d0 f   bg_pmove.obj
 0001:00019160       _PM_LadderMove             2001a160 f   bg_pmove.obj
 0001:0003a587       _flsall                    2003b587 f   LIBC:fflush.obj
 0001:000396e0       LeadUp1                    2003a6e0 f   LIBC:memcpy.obj
 0001:0003970c       LeadUp2                    2003a70c f   LIBC:memcpy.obj
 0001:00039730       LeadUp3                    2003a730 f   LIBC:memcpy.obj
 0001:000397af       UnwindUp0                  2003a7af f   LIBC:memcpy.obj
 0001:0003979c       UnwindUp1                  2003a79c f   LIBC:memcpy.obj
 0001:00039794       UnwindUp2                  2003a794 f   LIBC:memcpy.obj
 0001:0003978c       UnwindUp3                  2003a78c f   LIBC:memcpy.obj
 0001:00039784       UnwindUp4                  2003a784 f   LIBC:memcpy.obj
 0001:0003977c       UnwindUp5                  2003a77c f   LIBC:memcpy.obj
 0001:00039774       UnwindUp6                  2003a774 f   LIBC:memcpy.obj
 0001:0003976c       UnwindUp7                  2003a76c f   LIBC:memcpy.obj
 0001:000397c8       TrailUp0                   2003a7c8 f   LIBC:memcpy.obj
 0001:000397d0       TrailUp1                   2003a7d0 f   LIBC:memcpy.obj
 0001:000397dc       TrailUp2                   2003a7dc f   LIBC:memcpy.obj
 0001:000397f0       TrailUp3                   2003a7f0 f   LIBC:memcpy.obj
 0001:00039868       LeadDown1                  2003a868 f   LIBC:memcpy.obj
 0001:00039888       LeadDown2                  2003a888 f   LIBC:memcpy.obj
 0001:000398b0       LeadDown3                  2003a8b0 f   LIBC:memcpy.obj
 0001:00039904       UnwindDown7                2003a904 f   LIBC:memcpy.obj
 0001:0003990c       UnwindDown6                2003a90c f   LIBC:memcpy.obj
 0001:00039914       UnwindDown5                2003a914 f   LIBC:memcpy.obj
 0001:0003991c       UnwindDown4                2003a91c f   LIBC:memcpy.obj
 0001:00039924       UnwindDown3                2003a924 f   LIBC:memcpy.obj
 0001:0003992c       UnwindDown2                2003a92c f   LIBC:memcpy.obj
 0001:00039934       UnwindDown1                2003a934 f   LIBC:memcpy.obj
 0001:00039947       UnwindDown0                2003a947 f   LIBC:memcpy.obj
 0001:00039960       TrailDown0                 2003a960 f   LIBC:memcpy.obj
 0001:00039968       TrailDown1                 2003a968 f   LIBC:memcpy.obj
 0001:00039978       TrailDown2                 2003a978 f   LIBC:memcpy.obj
 0001:0003998c       TrailDown3                 2003a98c f   LIBC:memcpy.obj
 0001:0003941d       _getSystemCP               2003a41d f   LIBC:mbctype.obj
 0001:00039467       _CPtoLCID                  2003a467 f   LIBC:mbctype.obj
 0001:0003949a       _setSBCS                   2003a49a f   LIBC:mbctype.obj
 0001:000394c3       _setSBUpLow                2003a4c3 f   LIBC:mbctype.obj
 0001:00038320       _gu_return                 20039320 f   LIBC:exsup.obj
 0001:00038328       __unwind_handler           20039328 f   LIBC:exsup.obj
 0001:000373d2       __abstract_cw              200383d2 f   LIBC:ieee87.obj
 0001:00037464       __hw_cw                    20038464 f   LIBC:ieee87.obj
 0001:00036dac       _parse_cmdline             20037dac f   LIBC:stdargv.obj
 0001:00036928       _doexit                    20037928 f   LIBC:crt0dat.obj
 0001:000369c1       __initterm                 200379c1 f   LIBC:crt0dat.obj
 0001:0003669d       __get_fname                2003769d f   LIBC:fpexcept.obj
 0001:00035f71       _write_char                20036f71 f   LIBC:output.obj
 0001:00035fa6       _write_multi_char          20036fa6 f   LIBC:output.obj
 0001:00035fd7       _write_string              20036fd7 f   LIBC:output.obj
 0001:0003600f       _get_int_arg               2003700f f   LIBC:output.obj
 0001:0003601c       _get_int64_arg             2003701c f   LIBC:output.obj
 0001:0003602c       _get_short_arg             2003702c f   LIBC:output.obj
 0001:000356f0       _strncnt                   200366f0 f   LIBC:a_map.obj
 0001:00035440       __hextodec                 20036440 f   LIBC:input.obj
 0001:00035477       __inc                      20036477 f   LIBC:input.obj
 0001:00035491       __un_inc                   20036491 f   LIBC:input.obj
 0001:000354a8       __whiteout                 200364a8 f   LIBC:input.obj
 0001:00034848       __cftoe_g                  20035848 f   LIBC:cvt.obj
 0001:0003486f       __cftof_g                  2003586f f   LIBC:cvt.obj
 0001:000348e3       __shift                    200358e3 f   LIBC:cvt.obj
 0001:0003419d       _shortsort                 2003519d f   LIBC:qsort.obj
 0001:000341eb       _swap                      200351eb f   LIBC:qsort.obj
 0001:00033a00       LeadUp1                    20034a00 f   LIBC:memmove.obj
 0001:00033a2c       LeadUp2                    20034a2c f   LIBC:memmove.obj
 0001:00033a50       LeadUp3                    20034a50 f   LIBC:memmove.obj
 0001:00033acf       UnwindUp0                  20034acf f   LIBC:memmove.obj
 0001:00033abc       UnwindUp1                  20034abc f   LIBC:memmove.obj
 0001:00033ab4       UnwindUp2                  20034ab4 f   LIBC:memmove.obj
 0001:00033aac       UnwindUp3                  20034aac f   LIBC:memmove.obj
 0001:00033aa4       UnwindUp4                  20034aa4 f   LIBC:memmove.obj
 0001:00033a9c       UnwindUp5                  20034a9c f   LIBC:memmove.obj
 0001:00033a94       UnwindUp6                  20034a94 f   LIBC:memmove.obj
 0001:00033a8c       UnwindUp7                  20034a8c f   LIBC:memmove.obj
 0001:00033ae8       TrailUp0                   20034ae8 f   LIBC:memmove.obj
 0001:00033af0       TrailUp1                   20034af0 f   LIBC:memmove.obj
 0001:00033afc       TrailUp2                   20034afc f   LIBC:memmove.obj
 0001:00033b10       TrailUp3                   20034b10 f   LIBC:memmove.obj
 0001:00033b88       LeadDown1                  20034b88 f   LIBC:memmove.obj
 0001:00033ba8       LeadDown2                  20034ba8 f   LIBC:memmove.obj
 0001:00033bd0       LeadDown3                  20034bd0 f   LIBC:memmove.obj
 0001:00033c24       UnwindDown7                20034c24 f   LIBC:memmove.obj
 0001:00033c2c       UnwindDown6                20034c2c f   LIBC:memmove.obj
 0001:00033c34       UnwindDown5                20034c34 f   LIBC:memmove.obj
 0001:00033c3c       UnwindDown4                20034c3c f   LIBC:memmove.obj
 0001:00033c44       UnwindDown3                20034c44 f   LIBC:memmove.obj
 0001:00033c4c       UnwindDown2                20034c4c f   LIBC:memmove.obj
 0001:00033c54       UnwindDown1                20034c54 f   LIBC:memmove.obj
 0001:00033c67       UnwindDown0                20034c67 f   LIBC:memmove.obj
 0001:00033c80       TrailDown0                 20034c80 f   LIBC:memmove.obj
 0001:00033c88       TrailDown1                 20034c88 f   LIBC:memmove.obj
 0001:00033c98       TrailDown2                 20034c98 f   LIBC:memmove.obj
 0001:00033cac       TrailDown3                 20034cac f   LIBC:memmove.obj

 384 bytes saved through ICF

